
______  __   __    ___ 
| ___ \ \ \ / /   /   |
| |_/ /  \ V /   / /| |
|  __/   /   \  / /_| |
| |     / /^\ \ \___  |
\_|     \/   \/     |_/

px4 starting.

INFO  [px4] startup script: /bin/sh etc/init.d-posix/rcS 0
INFO  [init] found model autostart file as SYS_AUTOSTART=4023
INFO  [param] selected parameter default file parameters.bson
INFO  [param] importing from 'parameters.bson'
INFO  [parameters] BSON document size 517 bytes, decoded 517 bytes (INT32:16, FLOAT:9)
INFO  [param] selected parameter backup file parameters_backup.bson
INFO  [dataman] data manager file './dataman' size is 7872608 bytes
INFO  [init] Gazebo simulator
INFO  [init] starting gazebo with world: /home/umran/PX4-Autopilot/Tools/simulation/gz/worlds/default.sdf
WARN  [init] PX4_GZ_MODEL_POSE not set, spawning at origin.
[1;33mWarning [Utils.cc:132][0m [/sdf/model[@name="tiltrotor_tailplane"]/link[@name="base_link"]/sensor[@name="imu_sensor"]/gz_frame_id:/home/umran/PX4-Autopilot/Tools/simulation/gz/models/tiltrotor_indi/model.sdf:L168]: XML Element[gz_frame_id], child of element[sensor], not defined in SDF. Copying[gz_frame_id] as children of [sensor].
[1;33mWarning [Utils.cc:132][0m [/sdf/model[@name="tiltrotor_tailplane"]/link[@name="base_link"]/sensor[@name="air_pressure_sensor"]/gz_frame_id:/home/umran/PX4-Autopilot/Tools/simulation/gz/models/tiltrotor_indi/model.sdf:L227]: XML Element[gz_frame_id], child of element[sensor], not defined in SDF. Copying[gz_frame_id] as children of [sensor].
[1;33mWarning [Utils.cc:132][0m [/sdf/model[@name="tiltrotor_tailplane"]/link[@name="base_link"]/sensor[@name="magnetometer_sensor"]/gz_frame_id:/home/umran/PX4-Autopilot/Tools/simulation/gz/models/tiltrotor_indi/model.sdf:L240]: XML Element[gz_frame_id], child of element[sensor], not defined in SDF. Copying[gz_frame_id] as children of [sensor].
[1;33mWarning [Utils.cc:132][0m [/sdf/model[@name="tiltrotor_tailplane"]/link[@name="base_link"]/sensor[@name="navsat_sensor"]/gz_frame_id:/home/umran/PX4-Autopilot/Tools/simulation/gz/models/tiltrotor_indi/model.sdf:L262]: XML Element[gz_frame_id], child of element[sensor], not defined in SDF. Copying[gz_frame_id] as children of [sensor].
INFO  [lockstep_scheduler] setting initial absolute time to 8000 us
INFO  [gz_bridge] world: default, model name: tiltrotor_indi_0, simulation model: tiltrotor_indi
INFO  [gz_bridge] Requested Model Position: 0,0,0,0,0,0
INFO  [gz_bridge] Model position z is less or equal 0.0, moving upwards
WARN  [vehicle_angular_velocity] no gyro selected, using sensor_gyro:0 1310988
INFO  [commander] LED: open /dev/led0 failed (22)
INFO  [tone_alarm] home set
INFO  [uxrce_dds_client] init UDP agent IP:127.0.0.1, port:8888
INFO  [mavlink] mode: Normal, data rate: 4000000 B/s on udp port 18570 remote port 14550
INFO  [mavlink] mode: Onboard, data rate: 4000000 B/s on udp port 14580 remote port 14540
INFO  [mavlink] mode: Onboard, data rate: 4000 B/s on udp port 14280 remote port 14030
INFO  [mavlink] mode: Gimbal, data rate: 400000 B/s on udp port 13030 remote port 13280
INFO  [logger] logger started (mode=all)
INFO  [logger] Start file log (type: full)
INFO  [logger] [logger] ./log/2026-07-29/06_51_48.ulg	
INFO  [logger] Opened full log file: ./log/2026-07-29/06_51_48.ulg
INFO  [mavlink] MAVLink only on localhost (set param MAV_{i}_BROADCAST = 1 to enable network)
INFO  [mavlink] MAVLink only on localhost (set param MAV_{i}_BROADCAST = 1 to enable network)
INFO  [px4] Startup script returned successfully
INFO  [commander] [32mReady for takeoff![0m
INFO  [commander] Armed by internal command	
INFO  [tone_alarm] arming warning
INFO  [mc_indi_tiltrotor] T0dbg1 G0=[-0.256 0.227 0.019 0.162 -0.987] nu_des=[0.00 0.04 -0.24 -2.96 -0.24]
INFO  [mc_indi_tiltrotor] T0dbg2 Ws34=[0.1 20.0] Wu0=1.0 du0=0.1094 dmin0=-18.3233 dmax0=26.6767
INFO  [mc_indi_tiltrotor] T2dbg1 G2=[0.000 -0.650 0.060 0.000 -1.000] G5=[-0.744 -0.868 -0.000 12.403 0.000]
INFO  [mc_indi_tiltrotor] T2dbg2 Wu25=[1.0 1000000.0] du25=[0.0364 0.0000] dmax25=[32.5965 0.0120] nu_yaw=-0.239
INFO  [mc_indi_tiltrotor] WRdbg0 Wu0=1 lo0=-18.32 du0=0.1094 pin0=0.002 a0=[-0.002 0.020 -0.000 -0.000 0.089]
INFO  [mc_indi_tiltrotor] WRdbg1 Wu1=1 lo1=-18.32 du1=0.1322 pin1=0.019 a1=[0.002 0.021 0.000 -0.000 0.091]
INFO  [mc_indi_tiltrotor] YWdbg nu2=-0.239 ach2=-0.060 r=-0.00 wsp2=-0.50 ddelta=[0.0120 -0.0000 0.0000]
INFO  [commander] Takeoff detected	
INFO  [mc_indi_tiltrotor] pos_hold: holding x=0.00 y=0.01
INFO  [mc_indi_tiltrotor] T0dbg1 G0=[-0.257 0.227 0.013 0.183 -0.983] nu_des=[0.01 0.28 -0.16 -2.74 2.44]
INFO  [mc_indi_tiltrotor] T0dbg2 Ws34=[0.1 20.0] Wu0=1.0 du0=-0.7192 dmin0=-27.8156 dmax0=17.1844
INFO  [mc_indi_tiltrotor] T2dbg1 G2=[-0.001 -0.651 0.060 0.011 -1.000] G5=[-1.179 -1.234 -0.013 19.657 0.218]
INFO  [mc_indi_tiltrotor] T2dbg2 Wu25=[1.0 9.0] du25=[-0.9016 0.0026] dmax25=[25.3422 0.0120] nu_yaw=-0.156
INFO  [mc_indi_tiltrotor] WRdbg0 Wu0=1 lo0=-27.82 du0=-0.7192 pin0=0.037 a0=[-0.012 0.171 -0.007 0.002 -0.910]
INFO  [mc_indi_tiltrotor] WRdbg1 Wu1=1 lo1=-28.51 du1=-0.7609 pin1=-0.015 a1=[0.011 0.137 0.013 -0.004 -0.903]
INFO  [mc_indi_tiltrotor] YWdbg nu2=-0.049 ach2=-0.053 r=-0.19 wsp2=-0.50 ddelta=[0.0120 0.0012 0.0002]
INFO  [mc_indi_tiltrotor] T0dbg1 G0=[-0.257 0.228 0.003 0.222 -0.975] nu_des=[0.00 -0.01 -0.05 -2.35 0.26]
INFO  [mc_indi_tiltrotor] T0dbg2 Ws34=[0.1 20.0] Wu0=1.0 du0=-0.0935 dmin0=-19.5788 dmax0=25.4212
INFO  [mc_indi_tiltrotor] T2dbg1 G2=[-0.002 -0.652 0.060 0.025 -1.000] G5=[-0.859 -0.767 -0.022 14.310 0.361]
INFO  [mc_indi_tiltrotor] T2dbg2 Wu25=[1.0 9.0] du25=[-0.0391 -0.0004] dmax25=[30.6850 0.0120] nu_yaw=-0.050
INFO  [mc_indi_tiltrotor] WRdbg0 Wu0=1 lo0=-19.58 du0=-0.0935 pin0=0.000 a0=[-0.001 -0.010 0.000 -0.017 -0.065]
INFO  [mc_indi_tiltrotor] WRdbg1 Wu1=1 lo1=-20.11 du1=-0.0864 pin1=0.000 a1=[0.002 -0.007 0.018 0.002 -0.102]
INFO  [mc_indi_tiltrotor] T0dbg1 G0=[-0.257 0.228 0.005 0.215 -0.977] nu_des=[0.00 -0.12 0.02 -1.85 0.04]
INFO  [mc_indi_tiltrotor] T0dbg2 Ws34=[0.1 20.0] Wu0=1.0 du0=-0.1122 dmin0=-18.9843 dmax0=26.0157
INFO  [mc_indi_tiltrotor] T2dbg1 G2=[-0.001 -0.651 0.060 0.023 -1.000] G5=[-0.858 -0.790 -0.020 14.307 0.325]
INFO  [mc_indi_tiltrotor] T2dbg2 Wu25=[1.0 9.0] du25=[0.1017 0.0007] dmax25=[30.6891 0.0120] nu_yaw=0.020
INFO  [mc_indi_tiltrotor] WRdbg0 Wu0=1 lo0=-18.98 du0=-0.1122 pin0=0.000 a0=[-0.003 -0.086 -0.000 -0.013 -0.010]
INFO  [mc_indi_tiltrotor] WRdbg1 Wu1=1 lo1=-19.57 du1=-0.0700 pin1=0.000 a1=[0.004 -0.054 -0.007 0.002 -0.014]
INFO  [mc_indi_tiltrotor] YWdbg nu2=0.060 ach2=0.059 r=-0.50 wsp2=-0.50 ddelta=[-0.0039 0.0101 -0.0021]
INFO  [mc_indi_tiltrotor] T0dbg1 G0=[-0.257 0.228 0.008 0.202 -0.979] nu_des=[0.00 -0.08 0.06 -1.77 0.06]
INFO  [mc_indi_tiltrotor] T0dbg2 Ws34=[0.1 20.0] Wu0=1.0 du0=-0.0947 dmin0=-19.6616 dmax0=25.3384
INFO  [mc_indi_tiltrotor] T2dbg1 G2=[-0.001 -0.651 0.060 0.020 -1.000] G5=[-0.827 -0.783 -0.017 13.778 0.280]
INFO  [mc_indi_tiltrotor] T2dbg2 Wu25=[1.0 9.0] du25=[0.0605 0.0006] dmax25=[31.2188 0.0120] nu_yaw=0.059
INFO  [mc_indi_tiltrotor] WRdbg0 Wu0=1 lo0=-19.66 du0=-0.0947 pin0=0.000 a0=[-0.007 -0.061 0.001 -0.012 -0.016]
INFO  [mc_indi_tiltrotor] WRdbg1 Wu1=1 lo1=-19.36 du1=-0.0735 pin1=0.000 a1=[0.008 -0.038 -0.022 0.002 -0.023]
INFO  [mc_indi_tiltrotor] T0dbg1 G0=[-0.257 0.227 0.012 0.189 -0.982] nu_des=[-0.02 -0.01 -0.01 -1.47 -0.01]
INFO  [mc_indi_tiltrotor] T0dbg2 Ws34=[0.1 20.0] Wu0=1.0 du0=0.0140 dmin0=-19.7188 dmax0=25.2812
INFO  [mc_indi_tiltrotor] T2dbg1 G2=[-0.001 -0.651 0.060 0.019 -1.000] G5=[-0.799 -0.767 -0.015 13.320 0.255]
INFO  [mc_indi_tiltrotor] T2dbg2 Wu25=[1.0 9.0] du25=[-0.0046 0.0004] dmax25=[31.6773 0.0120] nu_yaw=-0.010
INFO  [mc_indi_tiltrotor] WRdbg0 Wu0=1 lo0=-19.72 du0=0.0140 pin0=0.000 a0=[0.029 -0.010 -0.000 -0.009 0.004]
INFO  [mc_indi_tiltrotor] WRdbg1 Wu1=1 lo1=-18.83 du1=-0.0272 pin1=0.000 a1=[-0.032 -0.006 0.004 0.002 0.005]
INFO  [mc_indi_tiltrotor] YWdbg nu2=-0.026 ach2=0.002 r=-0.50 wsp2=-0.50 ddelta=[0.0120 0.0120 0.0031]
INFO  [mc_indi_tiltrotor] T0dbg1 G0=[-0.257 0.227 0.012 0.187 -0.982] nu_des=[0.00 -0.04 -0.02 -1.11 0.47]
INFO  [mc_indi_tiltrotor] T0dbg2 Ws34=[0.1 20.0] Wu0=1.0 du0=-0.1875 dmin0=-18.8697 dmax0=26.1303
INFO  [mc_indi_tiltrotor] T2dbg1 G2=[-0.001 -0.651 0.060 0.019 -1.000] G5=[-0.819 -0.789 -0.015 13.646 0.256]
INFO  [mc_indi_tiltrotor] T2dbg2 Wu25=[1.0 9.0] du25=[-0.0499 0.0014] dmax25=[31.3519 0.0120] nu_yaw=-0.020
INFO  [mc_indi_tiltrotor] WRdbg0 Wu0=1 lo0=-18.87 du0=-0.1875 pin0=0.024 a0=[-0.005 -0.027 -0.005 0.000 -0.174]
INFO  [mc_indi_tiltrotor] WRdbg1 Wu1=1 lo1=-18.53 du1=-0.1901 pin1=-0.008 a1=[0.005 -0.021 0.009 -0.000 -0.175]
INFO  [mc_indi_tiltrotor] T0dbg1 G0=[-0.257 0.228 0.006 0.212 -0.977] nu_des=[0.03 -0.08 0.01 -1.46 0.13]
INFO  [mc_indi_tiltrotor] T0dbg2 Ws34=[0.1 20.0] Wu0=1.0 du0=-0.1435 dmin0=-17.1283 dmax0=27.8717
INFO  [mc_indi_tiltrotor] T2dbg1 G2=[-0.001 -0.651 0.060 0.015 -1.000] G5=[-0.771 -0.776 -0.011 12.856 0.190]
INFO  [mc_indi_tiltrotor] T2dbg2 Wu25=[1.0 9.0] du25=[0.0632 -0.0006] dmax25=[32.1430 0.0120] nu_yaw=0.013
INFO  [mc_indi_tiltrotor] WRdbg0 Wu0=1 lo0=-17.13 du0=-0.1435 pin0=0.000 a0=[-0.042 -0.057 0.000 -0.009 -0.036]
INFO  [mc_indi_tiltrotor] WRdbg1 Wu1=1 lo1=-17.83 du1=-0.0461 pin1=0.000 a1=[0.047 -0.038 -0.005 0.001 -0.052]
INFO  [mc_indi_tiltrotor] YWdbg nu2=0.067 ach2=0.067 r=-0.49 wsp2=-0.27 ddelta=[-0.0063 0.0097 -0.0021]
INFO  [mc_indi_tiltrotor] T0dbg1 G0=[-0.257 0.227 0.010 0.195 -0.981] nu_des=[-0.01 0.07 0.08 -1.47 0.04]
INFO  [mc_indi_tiltrotor] T0dbg2 Ws34=[0.1 20.0] Wu0=1.0 du0=0.0496 dmin0=-17.0711 dmax0=27.9289
INFO  [mc_indi_tiltrotor] T2dbg1 G2=[-0.001 -0.651 0.060 0.010 -1.000] G5=[-0.745 -0.784 -0.008 12.412 0.130]
INFO  [mc_indi_tiltrotor] T2dbg2 Wu25=[1.0 9.0] du25=[-0.0921 -0.0005] dmax25=[32.5874 0.0120] nu_yaw=0.080
INFO  [mc_indi_tiltrotor] WRdbg0 Wu0=1 lo0=-17.07 du0=0.0496 pin0=0.000 a0=[0.015 0.050 0.005 -0.009 -0.011]
INFO  [mc_indi_tiltrotor] WRdbg1 Wu1=1 lo1=-18.21 du1=-0.0231 pin1=0.000 a1=[-0.016 0.035 -0.027 -0.000 -0.015]
INFO  [mc_indi_tiltrotor] T0dbg1 G0=[-0.257 0.227 0.016 0.171 -0.985] nu_des=[-0.02 -0.12 0.00 -1.25 0.06]
INFO  [mc_indi_tiltrotor] T0dbg2 Ws34=[0.1 20.0] Wu0=1.0 du0=-0.0757 dmin0=-17.4635 dmax0=27.5365
INFO  [mc_indi_tiltrotor] T2dbg1 G2=[-0.001 -0.651 0.060 0.009 -1.000] G5=[-0.730 -0.777 -0.007 12.169 0.114]
INFO  [mc_indi_tiltrotor] T2dbg2 Wu25=[1.0 9.0] du25=[0.0944 0.0026] dmax25=[32.8303 0.0120] nu_yaw=0.001
INFO  [mc_indi_tiltrotor] WRdbg0 Wu0=1 lo0=-17.46 du0=-0.0757 pin0=0.000 a0=[0.034 -0.085 0.000 -0.006 -0.018]
INFO  [mc_indi_tiltrotor] WRdbg1 Wu1=1 lo1=-17.95 du1=-0.1209 pin1=0.000 a1=[-0.036 -0.061 -0.000 -0.001 -0.023]
INFO  [mc_indi_tiltrotor] YWdbg nu2=-0.062 ach2=-0.061 r=-0.03 wsp2=0.08 ddelta=[0.0060 -0.0061 -0.0008]
INFO  [mc_indi_tiltrotor] T0dbg1 G0=[-0.257 0.227 0.017 0.167 -0.986] nu_des=[-0.01 -0.06 -0.06 -0.87 -0.03]
INFO  [mc_indi_tiltrotor] T0dbg2 Ws34=[0.1 20.0] Wu0=1.0 du0=-0.0196 dmin0=-18.4081 dmax0=26.5919
INFO  [mc_indi_tiltrotor] T2dbg1 G2=[-0.001 -0.651 0.060 0.011 -1.000] G5=[-0.774 -0.809 -0.009 12.898 0.144]
INFO  [mc_indi_tiltrotor] T2dbg2 Wu25=[1.0 9.0] du25=[0.0649 0.0006] dmax25=[32.1008 0.0120] nu_yaw=-0.063
INFO  [mc_indi_tiltrotor] WRdbg0 Wu0=1 lo0=-18.41 du0=-0.0196 pin0=-0.020 a0=[0.020 -0.035 0.004 0.000 0.012]
INFO  [mc_indi_tiltrotor] WRdbg1 Wu1=1 lo1=-17.59 du1=-0.0125 pin1=0.007 a1=[-0.019 -0.031 0.019 -0.001 0.012]
INFO  [mc_indi_tiltrotor] T0dbg1 G0=[-0.257 0.227 0.012 0.186 -0.983] nu_des=[0.00 -0.02 -0.03 -0.84 0.00]
INFO  [mc_indi_tiltrotor] T0dbg2 Ws34=[0.1 20.0] Wu0=1.0 du0=-0.0259 dmin0=-18.7457 dmax0=26.2543
INFO  [mc_indi_tiltrotor] T2dbg1 G2=[-0.001 -0.651 0.060 0.009 -1.000] G5=[-0.805 -0.863 -0.007 13.424 0.118]
INFO  [mc_indi_tiltrotor] T2dbg2 Wu25=[1.0 9.0] du25=[0.0183 -0.0005] dmax25=[31.5752 0.0120] nu_yaw=-0.030
INFO  [mc_indi_tiltrotor] WRdbg0 Wu0=1 lo0=-18.75 du0=-0.0259 pin0=0.000 a0=[-0.002 -0.017 -0.001 -0.005 -0.001]
INFO  [mc_indi_tiltrotor] WRdbg1 Wu1=1 lo1=-18.38 du1=0.0036 pin1=0.000 a1=[0.002 -0.010 0.012 0.002 -0.001]
INFO  [mc_indi_tiltrotor] YWdbg nu2=0.028 ach2=0.029 r=0.02 wsp2=-0.02 ddelta=[0.0045 0.0120 -0.0033]
INFO  [mc_indi_tiltrotor] T0dbg1 G0=[-0.257 0.228 0.009 0.198 -0.980] nu_des=[0.01 0.03 0.03 -1.16 0.06]
INFO  [mc_indi_tiltrotor] T0dbg2 Ws34=[0.1 20.0] Wu0=1.0 du0=-0.0208 dmin0=-17.9222 dmax0=27.0778
INFO  [mc_indi_tiltrotor] T2dbg1 G2=[-0.000 -0.650 0.060 0.003 -1.000] G5=[-0.786 -0.891 -0.002 13.099 0.039]
INFO  [mc_indi_tiltrotor] T2dbg2 Wu25=[1.0 9.0] du25=[-0.0438 -0.0014] dmax25=[31.9013 0.0120] nu_yaw=0.030
INFO  [mc_indi_tiltrotor] WRdbg0 Wu0=1 lo0=-17.92 du0=-0.0208 pin0=0.000 a0=[-0.021 0.023 0.001 -0.007 -0.017]
INFO  [mc_indi_tiltrotor] WRdbg1 Wu1=1 lo1=-19.15 du1=0.0039 pin1=0.000 a1=[0.023 0.015 -0.011 0.001 -0.024]
INFO  [mc_indi_tiltrotor] T0dbg1 G0=[-0.257 0.227 0.014 0.179 -0.984] nu_des=[-0.01 0.00 0.03 -0.99 -0.02]
INFO  [mc_indi_tiltrotor] T0dbg2 Ws34=[0.1 20.0] Wu0=1.0 du0=0.0266 dmin0=-18.0488 dmax0=26.9512
INFO  [mc_indi_tiltrotor] T2dbg1 G2=[-0.000 -0.650 0.060 0.001 -1.000] G5=[-0.782 -0.908 -0.000 13.040 0.008]
INFO  [mc_indi_tiltrotor] T2dbg2 Wu25=[1.0 9.0] du25=[-0.0127 0.0004] dmax25=[31.9604 0.0120] nu_yaw=0.027
INFO  [mc_indi_tiltrotor] WRdbg0 Wu0=1 lo0=-18.05 du0=0.0266 pin0=0.000 a0=[0.023 0.001 0.002 -0.005 0.006]
INFO  [mc_indi_tiltrotor] WRdbg1 Wu1=1 lo1=-19.68 du1=-0.0243 pin1=0.000 a1=[-0.024 0.001 -0.010 0.001 0.008]
INFO  [mc_indi_tiltrotor] YWdbg nu2=-0.015 ach2=-0.016 r=-0.01 wsp2=0.00 ddelta=[0.0025 -0.0006 0.0000]
INFO  [mc_indi_tiltrotor] T0dbg1 G0=[-0.257 0.227 0.017 0.169 -0.986] nu_des=[-0.02 0.04 -0.02 -0.64 0.04]
INFO  [mc_indi_tiltrotor] T0dbg2 Ws34=[0.1 20.0] Wu0=1.0 du0=0.0428 dmin0=-18.5940 dmax0=26.4060
INFO  [mc_indi_tiltrotor] T2dbg1 G2=[-0.000 -0.650 0.060 0.003 -1.000] G5=[-0.789 -0.897 -0.002 13.153 0.036]
INFO  [mc_indi_tiltrotor] T2dbg2 Wu25=[1.0 9.0] du25=[-0.0550 0.0001] dmax25=[31.8473 0.0120] nu_yaw=-0.024
INFO  [mc_indi_tiltrotor] WRdbg0 Wu0=1 lo0=-18.59 du0=0.0428 pin0=0.000 a0=[0.033 0.027 -0.002 -0.003 -0.012]
INFO  [mc_indi_tiltrotor] WRdbg1 Wu1=1 lo1=-18.96 du1=-0.0213 pin1=0.000 a1=[-0.033 0.017 0.009 0.001 -0.015]
INFO  [mc_indi_tiltrotor] T0dbg1 G0=[-0.257 0.227 0.014 0.179 -0.984] nu_des=[-0.00 -0.04 -0.04 -0.70 0.06]
INFO  [mc_indi_tiltrotor] T0dbg2 Ws34=[0.1 20.0] Wu0=1.0 du0=-0.0460 dmin0=-19.2805 dmax0=25.7195
INFO  [mc_indi_tiltrotor] T2dbg1 G2=[-0.000 -0.650 0.060 0.004 -1.000] G5=[-0.807 -0.903 -0.004 13.458 0.059]
INFO  [mc_indi_tiltrotor] T2dbg2 Wu25=[1.0 9.0] du25=[0.0384 0.0004] dmax25=[31.5419 0.0120] nu_yaw=-0.042
INFO  [mc_indi_tiltrotor] WRdbg0 Wu0=1 lo0=-19.28 du0=-0.0460 pin0=-0.007 a0=[0.003 -0.026 0.004 0.000 -0.021]
INFO  [mc_indi_tiltrotor] WRdbg1 Wu1=1 lo1=-18.52 du1=-0.0304 pin1=0.004 a1=[-0.003 -0.023 0.013 -0.001 -0.021]
INFO  [mc_indi_tiltrotor] YWdbg nu2=-0.001 ach2=-0.001 r=0.00 wsp2=-0.06 ddelta=[0.0018 0.0018 -0.0008]
INFO  [mc_indi_tiltrotor] T0dbg1 G0=[-0.257 0.227 0.012 0.189 -0.982] nu_des=[0.01 0.01 0.01 -0.84 0.06]
INFO  [mc_indi_tiltrotor] T0dbg2 Ws34=[0.1 20.0] Wu0=1.0 du0=-0.0363 dmin0=-19.1531 dmax0=25.8469
INFO  [mc_indi_tiltrotor] T2dbg1 G2=[-0.000 -0.650 0.060 0.002 -1.000] G5=[-0.814 -0.934 -0.001 13.568 0.025]
INFO  [mc_indi_tiltrotor] T2dbg2 Wu25=[1.0 9.0] du25=[-0.0191 -0.0012] dmax25=[31.4318 0.0120] nu_yaw=0.006
INFO  [mc_indi_tiltrotor] WRdbg0 Wu0=1 lo0=-19.15 du0=-0.0363 pin0=0.000 a0=[-0.021 0.008 0.000 -0.005 -0.018]
INFO  [mc_indi_tiltrotor] WRdbg1 Wu1=1 lo1=-18.94 du1=0.0020 pin1=0.000 a1=[0.022 0.004 -0.002 0.002 -0.024]
INFO  [mc_indi_tiltrotor] T0dbg1 G0=[-0.257 0.227 0.012 0.189 -0.982] nu_des=[0.02 -0.05 0.05 -1.16 0.02]
INFO  [mc_indi_tiltrotor] T0dbg2 Ws34=[0.1 20.0] Wu0=1.0 du0=-0.0754 dmin0=-18.1744 dmax0=26.8256
INFO  [mc_indi_tiltrotor] T2dbg1 G2=[-0.000 -0.650 0.060 0.000 -1.000] G5=[-0.795 -0.927 -0.000 13.252 0.001]
INFO  [mc_indi_tiltrotor] T2dbg2 Wu25=[1.0 1000000.0] du25=[0.0431 -0.0001] dmax25=[31.7478 0.0120] nu_yaw=0.050
INFO  [mc_indi_tiltrotor] WRdbg0 Wu0=1 lo0=-18.17 du0=-0.0754 pin0=0.000 a0=[-0.030 -0.035 0.003 -0.007 -0.006]
INFO  [mc_indi_tiltrotor] WRdbg1 Wu1=1 lo1=-19.56 du1=-0.0158 pin1=-0.000 a1=[0.034 -0.024 -0.019 0.002 -0.009]
INFO  [mc_indi_tiltrotor] YWdbg nu2=0.004 ach2=0.003 r=-0.05 wsp2=0.03 ddelta=[-0.0011 -0.0000 -0.0004]
INFO  [mc_indi_tiltrotor] T0dbg1 G0=[-0.257 0.227 0.016 0.172 -0.985] nu_des=[-0.02 -0.11 -0.01 -0.88 0.06]
INFO  [mc_indi_tiltrotor] T0dbg2 Ws34=[0.1 20.0] Wu0=1.0 du0=-0.0707 dmin0=-18.3815 dmax0=26.6185
INFO  [mc_indi_tiltrotor] T2dbg1 G2=[-0.000 -0.650 0.060 0.001 -1.000] G5=[-0.802 -0.930 -0.000 13.362 0.008]
INFO  [mc_indi_tiltrotor] T2dbg2 Wu25=[1.0 9.0] du25=[0.0818 0.0026] dmax25=[31.6378 0.0120] nu_yaw=-0.007
INFO  [mc_indi_tiltrotor] WRdbg0 Wu0=1 lo0=-18.38 du0=-0.0707 pin0=-0.024 a0=[0.037 -0.065 0.001 0.000 -0.021]
INFO  [mc_indi_tiltrotor] WRdbg1 Wu1=1 lo1=-19.84 du1=-0.1022 pin1=0.008 a1=[-0.035 -0.057 0.002 -0.001 -0.020]
INFO  [mc_indi_tiltrotor] T0dbg1 G0=[-0.257 0.227 0.017 0.170 -0.985] nu_des=[-0.02 0.03 -0.03 -0.62 0.06]
INFO  [mc_indi_tiltrotor] T0dbg2 Ws34=[0.1 20.0] Wu0=1.0 du0=0.0300 dmin0=-18.5302 dmax0=26.4698
INFO  [mc_indi_tiltrotor] T2dbg1 G2=[-0.000 -0.650 0.060 0.004 -1.000] G5=[-0.794 -0.896 -0.003 13.241 0.048]
INFO  [mc_indi_tiltrotor] T2dbg2 Wu25=[1.0 9.0] du25=[-0.0508 0.0002] dmax25=[31.7594 0.0120] nu_yaw=-0.027
INFO  [mc_indi_tiltrotor] WRdbg0 Wu0=1 lo0=-18.53 du0=0.0300 pin0=0.000 a0=[0.031 0.022 -0.002 -0.003 -0.018]
INFO  [mc_indi_tiltrotor] WRdbg1 Wu1=1 lo1=-18.67 du1=-0.0282 pin1=0.000 a1=[-0.031 0.014 0.010 0.001 -0.022]
INFO  [mc_indi_tiltrotor] YWdbg nu2=-0.054 ach2=-0.052 r=0.08 wsp2=0.03 ddelta=[0.0104 0.0015 -0.0019]
INFO  [mc_indi_tiltrotor] T0dbg1 G0=[-0.257 0.227 0.014 0.180 -0.984] nu_des=[0.00 -0.02 -0.03 -0.67 -0.01]
INFO  [mc_indi_tiltrotor] T0dbg2 Ws34=[0.1 20.0] Wu0=1.0 du0=-0.0148 dmin0=-19.2500 dmax0=25.7500
INFO  [mc_indi_tiltrotor] T2dbg1 G2=[-0.000 -0.650 0.060 0.004 -1.000] G5=[-0.808 -0.908 -0.003 13.474 0.055]
INFO  [mc_indi_tiltrotor] T2dbg2 Wu25=[1.0 9.0] du25=[0.0318 -0.0002] dmax25=[31.5263 0.0120] nu_yaw=-0.034
INFO  [mc_indi_tiltrotor] WRdbg0 Wu0=1 lo0=-19.25 du0=-0.0148 pin0=-0.004 a0=[-0.005 -0.013 0.004 0.000 0.003]
INFO  [mc_indi_tiltrotor] WRdbg1 Wu1=1 lo1=-18.63 du1=0.0086 pin1=0.002 a1=[0.005 -0.011 0.010 -0.001 0.003]
INFO  [mc_indi_tiltrotor] T0dbg1 G0=[-0.257 0.227 0.011 0.192 -0.981] nu_des=[0.01 0.01 0.02 -0.85 0.02]
INFO  [mc_indi_tiltrotor] T0dbg2 Ws34=[0.1 20.0] Wu0=1.0 du0=-0.0167 dmin0=-19.0521 dmax0=25.9479
INFO  [mc_indi_tiltrotor] T2dbg1 G2=[-0.000 -0.650 0.060 0.001 -1.000] G5=[-0.799 -0.923 -0.001 13.316 0.014]
INFO  [mc_indi_tiltrotor] T2dbg2 Wu25=[1.0 9.0] du25=[-0.0151 -0.0011] dmax25=[31.6843 0.0120] nu_yaw=0.015
INFO  [mc_indi_tiltrotor] WRdbg0 Wu0=1 lo0=-19.05 du0=-0.0167 pin0=0.000 a0=[-0.016 0.009 0.000 -0.005 -0.005]
INFO  [mc_indi_tiltrotor] WRdbg1 Wu1=1 lo1=-19.05 du1=0.0112 pin1=0.000 a1=[0.017 0.005 -0.006 0.002 -0.006]
INFO  [mc_indi_tiltrotor] YWdbg nu2=0.059 ach2=0.058 r=-0.03 wsp2=-0.01 ddelta=[-0.0074 0.0049 -0.0001]
INFO  [mc_indi_tiltrotor] T0dbg1 G0=[-0.257 0.227 0.013 0.184 -0.983] nu_des=[0.03 -0.01 0.06 -0.95 -0.03]
INFO  [mc_indi_tiltrotor] T0dbg2 Ws34=[0.1 20.0] Wu0=1.0 du0=-0.0438 dmin0=-18.3354 dmax0=26.6646
INFO  [mc_indi_tiltrotor] T2dbg1 G2=[-0.000 -0.650 0.060 0.000 -1.000] G5=[-0.793 -0.925 -0.000 13.225 0.000]
INFO  [mc_indi_tiltrotor] T2dbg2 Wu25=[1.0 1000000.0] du25=[0.0174 -0.0000] dmax25=[31.7751 0.0120] nu_yaw=0.063
INFO  [mc_indi_tiltrotor] WRdbg0 Wu0=1 lo0=-18.34 du0=-0.0438 pin0=0.000 a0=[-0.044 -0.007 0.004 -0.006 0.008]
INFO  [mc_indi_tiltrotor] WRdbg1 Wu1=1 lo1=-19.65 du1=0.0325 pin1=-0.000 a1=[0.048 -0.005 -0.024 0.002 0.011]
INFO  [mc_indi_tiltrotor] T0dbg1 G0=[-0.257 0.227 0.017 0.168 -0.986] nu_des=[-0.03 -0.06 0.01 -0.73 0.02]
INFO  [mc_indi_tiltrotor] T0dbg2 Ws34=[0.1 20.0] Wu0=1.0 du0=-0.0104 dmin0=-18.3055 dmax0=26.6945
INFO  [mc_indi_tiltrotor] T2dbg1 G2=[-0.000 -0.650 0.060 0.000 -1.000] G5=[-0.806 -0.937 -0.000 13.437 0.006]
INFO  [mc_indi_tiltrotor] T2dbg2 Wu25=[1.0 9.0] du25=[0.0379 0.0023] dmax25=[31.5625 0.0120] nu_yaw=0.010
INFO  [mc_indi_tiltrotor] WRdbg0 Wu0=1 lo0=-18.31 du0=-0.0104 pin0=0.000 a0=[0.043 -0.045 0.001 -0.004 -0.006]
INFO  [mc_indi_tiltrotor] WRdbg1 Wu1=1 lo1=-19.73 du1=-0.0828 pin1=0.000 a1=[-0.044 -0.028 -0.003 0.001 -0.007]
INFO  [mc_indi_tiltrotor] YWdbg nu2=-0.036 ach2=-0.037 r=0.04 wsp2=0.07 ddelta=[0.0076 0.0008 -0.0004]
INFO  [mc_indi_tiltrotor] T0dbg1 G0=[-0.256 0.227 0.018 0.165 -0.986] nu_des=[-0.02 0.01 -0.03 -0.42 0.07]
INFO  [mc_indi_tiltrotor] T0dbg2 Ws34=[0.1 20.0] Wu0=1.0 du0=0.0085 dmin0=-18.5407 dmax0=26.4593
INFO  [mc_indi_tiltrotor] T2dbg1 G2=[-0.000 -0.650 0.060 0.003 -1.000] G5=[-0.804 -0.908 -0.003 13.404 0.046]
INFO  [mc_indi_tiltrotor] T2dbg2 Wu25=[1.0 9.0] du25=[-0.0308 0.0006] dmax25=[31.5962 0.0120] nu_yaw=-0.026
INFO  [mc_indi_tiltrotor] WRdbg0 Wu0=1 lo0=-18.54 du0=0.0085 pin0=0.000 a0=[0.029 0.006 -0.002 -0.002 -0.023]
INFO  [mc_indi_tiltrotor] WRdbg1 Wu1=1 lo1=-18.76 du1=-0.0422 pin1=0.000 a1=[-0.029 0.004 0.010 0.001 -0.028]
INFO  [mc_indi_tiltrotor] T0dbg1 G0=[-0.257 0.227 0.014 0.180 -0.984] nu_des=[-0.02 0.01 -0.03 -0.64 0.03]
INFO  [mc_indi_tiltrotor] T0dbg2 Ws34=[0.1 20.0] Wu0=1.0 du0=0.0272 dmin0=-19.0382 dmax0=25.9618
INFO  [mc_indi_tiltrotor] T2dbg1 G2=[-0.000 -0.650 0.060 0.004 -1.000] G5=[-0.796 -0.893 -0.003 13.263 0.055]
INFO  [mc_indi_tiltrotor] T2dbg2 Wu25=[1.0 9.0] du25=[-0.0109 0.0007] dmax25=[31.7367 0.0120] nu_yaw=-0.028
INFO  [mc_indi_tiltrotor] WRdbg0 Wu0=1 lo0=-19.04 du0=0.0272 pin0=-0.004 a0=[0.035 0.003 0.003 0.000 -0.010]
INFO  [mc_indi_tiltrotor] WRdbg1 Wu1=1 lo1=-18.41 du1=-0.0287 pin1=0.002 a1=[-0.032 0.003 0.009 -0.001 -0.010]
INFO  [mc_indi_tiltrotor] YWdbg nu2=0.022 ach2=0.022 r=0.06 wsp2=0.01 ddelta=[-0.0021 0.0029 -0.0011]
INFO  [mc_indi_tiltrotor] T0dbg1 G0=[-0.257 0.227 0.012 0.187 -0.982] nu_des=[0.03 -0.00 0.03 -0.77 -0.00]
INFO  [mc_indi_tiltrotor] T0dbg2 Ws34=[0.1 20.0] Wu0=1.0 du0=-0.0509 dmin0=-18.8734 dmax0=26.1266
INFO  [mc_indi_tiltrotor] T2dbg1 G2=[-0.000 -0.650 0.060 0.001 -1.000] G5=[-0.782 -0.903 -0.001 13.031 0.014]
INFO  [mc_indi_tiltrotor] T2dbg2 Wu25=[1.0 1000000.0] du25=[0.0120 -0.0010] dmax25=[31.9692 0.0120] nu_yaw=0.033
INFO  [mc_indi_tiltrotor] WRdbg0 Wu0=1 lo0=-18.87 du0=-0.0509 pin0=0.001 a0=[-0.047 -0.002 0.002 -0.005 0.001]
INFO  [mc_indi_tiltrotor] WRdbg1 Wu1=1 lo1=-18.97 du1=0.0387 pin1=-0.002 a1=[0.051 -0.001 -0.013 0.002 0.002]
INFO  [mc_indi_tiltrotor] T0dbg1 G0=[-0.257 0.227 0.015 0.175 -0.985] nu_des=[0.00 -0.14 0.03 -0.76 0.02]
INFO  [mc_indi_tiltrotor] T0dbg2 Ws34=[0.1 20.0] Wu0=1.0 du0=-0.1132 dmin0=-18.3037 dmax0=26.6963
INFO  [mc_indi_tiltrotor] T2dbg1 G2=[-0.000 -0.650 0.060 0.000 -1.000] G5=[-0.796 -0.927 -0.000 13.260 0.002]
INFO  [mc_indi_tiltrotor] T2dbg2 Wu25=[1.0 9.0] du25=[0.1304 0.0023] dmax25=[31.7399 0.0120] nu_yaw=0.030
INFO  [mc_indi_tiltrotor] WRdbg0 Wu0=1 lo0=-18.30 du0=-0.1132 pin0=-0.021 a0=[-0.001 -0.091 0.008 0.000 -0.009]
INFO  [mc_indi_tiltrotor] WRdbg1 Wu1=1 lo1=-19.62 du1=-0.0854 pin1=0.006 a1=[0.001 -0.070 -0.013 -0.000 -0.009]
INFO  [mc_indi_tiltrotor] YWdbg nu2=0.003 ach2=0.002 r=-0.01 wsp2=0.05 ddelta=[-0.0010 -0.0008 0.0004]
INFO  [mc_indi_tiltrotor] T0dbg1 G0=[-0.256 0.227 0.018 0.165 -0.986] nu_des=[-0.02 -0.02 -0.01 -0.46 0.03]
INFO  [mc_indi_tiltrotor] T0dbg2 Ws34=[0.1 20.0] Wu0=1.0 du0=0.0033 dmin0=-18.2866 dmax0=26.7134
INFO  [mc_indi_tiltrotor] T2dbg1 G2=[-0.000 -0.650 0.060 0.001 -1.000] G5=[-0.811 -0.938 -0.001 13.516 0.013]
INFO  [mc_indi_tiltrotor] T2dbg2 Wu25=[1.0 9.0] du25=[0.0032 0.0012] dmax25=[31.4841 0.0120] nu_yaw=-0.007
INFO  [mc_indi_tiltrotor] WRdbg0 Wu0=1 lo0=-18.29 du0=0.0033 pin0=0.000 a0=[0.032 -0.016 -0.001 -0.002 -0.010]
INFO  [mc_indi_tiltrotor] WRdbg1 Wu1=1 lo1=-19.57 du1=-0.0500 pin1=0.000 a1=[-0.032 -0.010 0.003 0.001 -0.012]
INFO  [mc_indi_tiltrotor] T0dbg1 G0=[-0.257 0.227 0.017 0.169 -0.986] nu_des=[-0.02 0.00 -0.04 -0.39 0.00]
INFO  [mc_indi_tiltrotor] T0dbg2 Ws34=[0.1 20.0] Wu0=1.0 du0=0.0384 dmin0=-18.7908 dmax0=26.2092
INFO  [mc_indi_tiltrotor] T2dbg1 G2=[-0.000 -0.650 0.060 0.003 -1.000] G5=[-0.809 -0.914 -0.003 13.484 0.046]
INFO  [mc_indi_tiltrotor] T2dbg2 Wu25=[1.0 9.0] du25=[-0.0003 0.0009] dmax25=[31.5155 0.0120] nu_yaw=-0.042
INFO  [mc_indi_tiltrotor] WRdbg0 Wu0=1 lo0=-18.79 du0=0.0384 pin0=-0.005 a0=[0.041 0.001 0.003 0.000 -0.001]
INFO  [mc_indi_tiltrotor] WRdbg1 Wu1=1 lo1=-18.84 du1=-0.0223 pin1=0.003 a1=[-0.038 0.001 0.013 -0.000 -0.001]
INFO  [mc_indi_tiltrotor] YWdbg nu2=-0.006 ach2=-0.006 r=0.07 wsp2=0.01 ddelta=[-0.0007 -0.0023 0.0001]
INFO  [mc_indi_tiltrotor] T0dbg1 G0=[-0.257 0.227 0.013 0.185 -0.983] nu_des=[-0.01 0.00 -0.01 -0.72 0.01]
INFO  [mc_indi_tiltrotor] T0dbg2 Ws34=[0.1 20.0] Wu0=1.0 du0=0.0092 dmin0=-19.1046 dmax0=25.8954
INFO  [mc_indi_tiltrotor] T2dbg1 G2=[-0.000 -0.650 0.060 0.003 -1.000] G5=[-0.796 -0.905 -0.002 13.262 0.035]
INFO  [mc_indi_tiltrotor] T2dbg2 Wu25=[1.0 9.0] du25=[-0.0090 -0.0001] dmax25=[31.7378 0.0120] nu_yaw=-0.006
INFO  [mc_indi_tiltrotor] WRdbg0 Wu0=1 lo0=-19.10 du0=0.0092 pin0=-0.003 a0=[0.011 0.003 0.001 0.000 -0.002]
INFO  [mc_indi_tiltrotor] WRdbg1 Wu1=1 lo1=-18.75 du1=-0.0076 pin1=0.002 a1=[-0.010 0.002 0.002 -0.001 -0.002]
INFO  [mc_indi_tiltrotor] T0dbg1 G0=[-0.257 0.227 0.015 0.176 -0.984] nu_des=[0.02 -0.04 0.05 -0.67 0.01]
INFO  [mc_indi_tiltrotor] T0dbg2 Ws34=[0.1 20.0] Wu0=1.0 du0=-0.0651 dmin0=-18.8758 dmax0=26.1242
INFO  [mc_indi_tiltrotor] T2dbg1 G2=[-0.000 -0.650 0.060 0.000 -1.000] G5=[-0.786 -0.914 -0.000 13.093 0.004]
INFO  [mc_indi_tiltrotor] T2dbg2 Wu25=[1.0 1000000.0] du25=[0.0360 -0.0003] dmax25=[31.9067 0.0120] nu_yaw=0.054
INFO  [mc_indi_tiltrotor] WRdbg0 Wu0=1 lo0=-18.88 du0=-0.0651 pin0=0.000 a0=[-0.037 -0.026 0.004 -0.004 -0.003]
INFO  [mc_indi_tiltrotor] WRdbg1 Wu1=1 lo1=-19.21 du1=-0.0007 pin1=-0.001 a1=[0.039 -0.017 -0.021 0.002 -0.003]
INFO  [mc_indi_tiltrotor] YWdbg nu2=0.034 ach2=0.033 r=-0.04 wsp2=0.02 ddelta=[-0.0059 0.0013 -0.0001]
INFO  [mc_indi_tiltrotor] T0dbg1 G0=[-0.257 0.227 0.017 0.170 -0.985] nu_des=[-0.00 -0.01 -0.01 -0.71 0.01]
INFO  [mc_indi_tiltrotor] T0dbg2 Ws34=[0.1 20.0] Wu0=1.0 du0=-0.0084 dmin0=-18.3274 dmax0=26.6726
INFO  [mc_indi_tiltrotor] T2dbg1 G2=[-0.000 -0.650 0.060 0.000 -1.000] G5=[-0.799 -0.930 -0.000 13.313 0.003]
INFO  [mc_indi_tiltrotor] T2dbg2 Wu25=[1.0 9.0] du25=[0.0020 -0.0001] dmax25=[31.6870 0.0120] nu_yaw=-0.011
INFO  [mc_indi_tiltrotor] WRdbg0 Wu0=1 lo0=-18.33 du0=-0.0084 pin0=0.000 a0=[0.006 -0.007 -0.001 -0.004 -0.002]
INFO  [mc_indi_tiltrotor] WRdbg1 Wu1=1 lo1=-19.59 du1=-0.0084 pin1=0.000 a1=[-0.006 -0.005 0.004 0.001 -0.003]
INFO  [mc_indi_tiltrotor] T0dbg1 G0=[-0.256 0.227 0.018 0.166 -0.986] nu_des=[-0.02 -0.13 -0.01 -0.39 0.01]
INFO  [mc_indi_tiltrotor] T0dbg2 Ws34=[0.1 20.0] Wu0=1.0 du0=-0.0553 dmin0=-18.4617 dmax0=26.5383
INFO  [mc_indi_tiltrotor] T2dbg1 G2=[-0.000 -0.650 0.060 0.001 -1.000] G5=[-0.808 -0.933 -0.001 13.459 0.013]
INFO  [mc_indi_tiltrotor] T2dbg2 Wu25=[1.0 9.0] du25=[0.1175 0.0032] dmax25=[31.5412 0.0120] nu_yaw=-0.009
INFO  [mc_indi_tiltrotor] WRdbg0 Wu0=1 lo0=-18.46 du0=-0.0553 pin0=-0.018 a0=[0.039 -0.073 0.001 0.000 -0.003]
INFO  [mc_indi_tiltrotor] WRdbg1 Wu1=1 lo1=-19.31 du1=-0.0903 pin1=0.010 a1=[-0.036 -0.064 0.003 -0.000 -0.003]
INFO  [mc_indi_tiltrotor] YWdbg nu2=-0.040 ach2=-0.038 r=0.05 wsp2=0.00 ddelta=[0.0070 -0.0012 0.0005]
INFO  [mc_indi_tiltrotor] T0dbg1 G0=[-0.257 0.227 0.015 0.177 -0.984] nu_des=[-0.01 0.08 -0.03 -0.57 0.13]
INFO  [mc_indi_tiltrotor] T0dbg2 Ws34=[0.1 20.0] Wu0=1.0 du0=0.0315 dmin0=-19.0910 dmax0=25.9090
INFO  [mc_indi_tiltrotor] T2dbg1 G2=[-0.000 -0.650 0.060 0.002 -1.000] G5=[-0.810 -0.924 -0.002 13.494 0.032]
INFO  [mc_indi_tiltrotor] T2dbg2 Wu25=[1.0 9.0] du25=[-0.1092 -0.0009] dmax25=[31.5055 0.0120] nu_yaw=-0.028
INFO  [mc_indi_tiltrotor] WRdbg0 Wu0=1 lo0=-19.09 du0=0.0315 pin0=0.000 a0=[0.014 0.062 -0.002 -0.003 -0.039]
INFO  [mc_indi_tiltrotor] WRdbg1 Wu1=1 lo1=-19.01 du1=-0.0165 pin1=0.000 a1=[-0.014 0.036 0.011 0.001 -0.050]
INFO  [mc_indi_tiltrotor] T0dbg1 G0=[-0.257 0.227 0.012 0.187 -0.982] nu_des=[0.00 -0.02 0.00 -0.69 0.03]
INFO  [mc_indi_tiltrotor] T0dbg2 Ws34=[0.1 20.0] Wu0=1.0 du0=-0.0314 dmin0=-18.9397 dmax0=26.0603
INFO  [mc_indi_tiltrotor] T2dbg1 G2=[-0.000 -0.650 0.060 0.001 -1.000] G5=[-0.791 -0.913 -0.001 13.183 0.016]
INFO  [mc_indi_tiltrotor] T2dbg2 Wu25=[1.0 9.0] du25=[0.0091 -0.0002] dmax25=[31.8166 0.0120] nu_yaw=0.000
INFO  [mc_indi_tiltrotor] WRdbg0 Wu0=1 lo0=-18.94 du0=-0.0314 pin0=-0.001 a0=[-0.008 -0.010 -0.000 0.000 -0.012]
INFO  [mc_indi_tiltrotor] WRdbg1 Wu1=1 lo1=-18.84 du1=-0.0135 pin1=0.001 a1=[0.007 -0.009 -0.000 -0.001 -0.012]
INFO  [mc_indi_tiltrotor] YWdbg nu2=0.037 ach2=0.037 r=-0.02 wsp2=-0.02 ddelta=[-0.0035 0.0045 -0.0001]
INFO  [mc_indi_tiltrotor] T0dbg1 G0=[-0.257 0.227 0.014 0.181 -0.984] nu_des=[0.01 0.01 0.05 -0.66 0.01]
INFO  [mc_indi_tiltrotor] T0dbg2 Ws34=[0.1 20.0] Wu0=1.0 du0=-0.0172 dmin0=-18.4903 dmax0=26.5097
INFO  [mc_indi_tiltrotor] T2dbg1 G2=[-0.000 -0.650 0.060 0.000 -1.000] G5=[-0.786 -0.917 -0.000 13.105 0.001]
INFO  [mc_indi_tiltrotor] T2dbg2 Wu25=[1.0 1000000.0] du25=[-0.0102 -0.0000] dmax25=[31.8950 0.0120] nu_yaw=0.047
INFO  [mc_indi_tiltrotor] WRdbg0 Wu0=1 lo0=-18.49 du0=-0.0172 pin0=0.000 a0=[-0.017 0.005 0.003 -0.004 -0.004]
INFO  [mc_indi_tiltrotor] WRdbg1 Wu1=1 lo1=-19.14 du1=-0.0008 pin1=-0.000 a1=[0.018 0.003 -0.019 0.002 -0.005]
INFO  [mc_indi_tiltrotor] T0dbg1 G0=[-0.256 0.227 0.018 0.166 -0.986] nu_des=[-0.00 -0.01 0.03 -0.56 -0.02]
INFO  [mc_indi_tiltrotor] T0dbg2 Ws34=[0.1 20.0] Wu0=1.0 du0=0.0072 dmin0=-18.4081 dmax0=26.5919
INFO  [mc_indi_tiltrotor] T2dbg1 G2=[-0.000 -0.650 0.060 0.000 -1.000] G5=[-0.799 -0.931 -0.000 13.322 0.002]
INFO  [mc_indi_tiltrotor] T2dbg2 Wu25=[1.0 9.0] du25=[0.0020 0.0003] dmax25=[31.6783 0.0120] nu_yaw=0.026
INFO  [mc_indi_tiltrotor] WRdbg0 Wu0=1 lo0=-18.41 du0=0.0072 pin0=0.000 a0=[0.007 -0.005 0.002 -0.003 0.005]
INFO  [mc_indi_tiltrotor] WRdbg1 Wu1=1 lo1=-19.48 du1=-0.0129 pin1=0.000 a1=[-0.008 -0.003 -0.009 0.001 0.006]
INFO  [mc_indi_tiltrotor] YWdbg nu2=-0.006 ach2=-0.008 r=-0.01 wsp2=0.05 ddelta=[-0.0041 -0.0063 0.0012]
INFO  [mc_indi_tiltrotor] T0dbg1 G0=[-0.256 0.227 0.020 0.159 -0.987] nu_des=[-0.02 0.01 -0.02 -0.30 0.04]
INFO  [mc_indi_tiltrotor] T0dbg2 Ws34=[0.1 20.0] Wu0=1.0 du0=0.0235 dmin0=-18.4610 dmax0=26.5390
INFO  [mc_indi_tiltrotor] T2dbg1 G2=[-0.000 -0.650 0.060 0.001 -1.000] G5=[-0.801 -0.923 -0.001 13.346 0.018]
INFO  [mc_indi_tiltrotor] T2dbg2 Wu25=[1.0 9.0] du25=[-0.0243 0.0007] dmax25=[31.6536 0.0120] nu_yaw=-0.025
INFO  [mc_indi_tiltrotor] WRdbg0 Wu0=1 lo0=-18.46 du0=0.0235 pin0=0.000 a0=[0.033 0.006 -0.003 -0.001 -0.011]
INFO  [mc_indi_tiltrotor] WRdbg1 Wu1=1 lo1=-19.08 du1=-0.0322 pin1=0.000 a1=[-0.032 0.004 0.009 0.001 -0.014]
INFO  [mc_indi_tiltrotor] T0dbg1 G0=[-0.257 0.227 0.015 0.176 -0.984] nu_des=[-0.01 -0.04 -0.04 -0.46 0.05]
INFO  [mc_indi_tiltrotor] T0dbg2 Ws34=[0.1 20.0] Wu0=1.0 du0=-0.0259 dmin0=-18.6755 dmax0=26.3245
INFO  [mc_indi_tiltrotor] T2dbg1 G2=[-0.000 -0.650 0.060 0.002 -1.000] G5=[-0.797 -0.909 -0.002 13.276 0.032]
INFO  [mc_indi_tiltrotor] T2dbg2 Wu25=[1.0 9.0] du25=[0.0377 0.0010] dmax25=[31.7240 0.0120] nu_yaw=-0.037
INFO  [mc_indi_tiltrotor] WRdbg0 Wu0=1 lo0=-18.68 du0=-0.0259 pin0=-0.003 a0=[0.016 -0.023 0.003 0.000 -0.019]
INFO  [mc_indi_tiltrotor] WRdbg1 Wu1=1 lo1=-18.65 du1=-0.0413 pin1=0.002 a1=[-0.014 -0.020 0.011 -0.000 -0.019]
INFO  [mc_indi_tiltrotor] YWdbg nu2=-0.011 ach2=-0.011 r=0.06 wsp2=-0.01 ddelta=[0.0016 -0.0005 -0.0005]
INFO  [mc_indi_tiltrotor] T0dbg1 G0=[-0.257 0.227 0.013 0.185 -0.983] nu_des=[0.00 0.01 -0.00 -0.62 0.01]
INFO  [mc_indi_tiltrotor] T0dbg2 Ws34=[0.1 20.0] Wu0=1.0 du0=-0.0053 dmin0=-18.8583 dmax0=26.1417
INFO  [mc_indi_tiltrotor] T2dbg1 G2=[-0.000 -0.650 0.060 0.001 -1.000] G5=[-0.789 -0.913 -0.001 13.150 0.011]
INFO  [mc_indi_tiltrotor] T2dbg2 Wu25=[1.0 9.0] du25=[-0.0153 -0.0008] dmax25=[31.8503 0.0120] nu_yaw=-0.005
INFO  [mc_indi_tiltrotor] WRdbg0 Wu0=1 lo0=-18.86 du0=-0.0053 pin0=0.000 a0=[-0.007 0.009 -0.000 -0.004 -0.004]
INFO  [mc_indi_tiltrotor] WRdbg1 Wu1=1 lo1=-18.88 du1=0.0100 pin1=0.000 a1=[0.007 0.005 0.002 0.001 -0.005]
INFO  [mc_indi_tiltrotor] T0dbg1 G0=[-0.257 0.227 0.013 0.184 -0.983] nu_des=[0.01 0.01 0.03 -0.67 -0.03]
INFO  [mc_indi_tiltrotor] T0dbg2 Ws34=[0.1 20.0] Wu0=1.0 du0=0.0040 dmin0=-18.1124 dmax0=26.8876
INFO  [mc_indi_tiltrotor] T2dbg1 G2=[-0.000 -0.650 0.060 0.000 -1.000] G5=[-0.808 -0.941 -0.000 13.474 0.004]
INFO  [mc_indi_tiltrotor] T2dbg2 Wu25=[1.0 1000000.0] du25=[-0.0107 -0.0003] dmax25=[31.5262 0.0120] nu_yaw=0.033
INFO  [mc_indi_tiltrotor] WRdbg0 Wu0=1 lo0=-18.11 du0=0.0040 pin0=0.000 a0=[-0.013 0.010 0.002 -0.004 0.009]
INFO  [mc_indi_tiltrotor] WRdbg1 Wu1=1 lo1=-18.77 du1=0.0201 pin1=-0.001 a1=[0.014 0.007 -0.013 0.002 0.012]
INFO  [mc_indi_tiltrotor] YWdbg nu2=0.009 ach2=0.008 r=-0.04 wsp2=-0.01 ddelta=[-0.0039 -0.0023 0.0000]
INFO  [mc_indi_tiltrotor] T0dbg1 G0=[-0.257 0.227 0.016 0.173 -0.985] nu_des=[-0.01 -0.01 -0.00 -0.46 0.00]
INFO  [mc_indi_tiltrotor] T0dbg2 Ws34=[0.1 20.0] Wu0=1.0 du0=0.0007 dmin0=-18.0312 dmax0=26.9688
INFO  [mc_indi_tiltrotor] T2dbg1 G2=[-0.000 -0.650 0.060 0.000 -1.000] G5=[-0.824 -0.960 -0.000 13.737 0.003]
INFO  [mc_indi_tiltrotor] T2dbg2 Wu25=[1.0 9.0] du25=[0.0033 0.0004] dmax25=[31.2632 0.0120] nu_yaw=-0.004
INFO  [mc_indi_tiltrotor] WRdbg0 Wu0=1 lo0=-18.03 du0=0.0007 pin0=0.000 a0=[0.013 -0.009 -0.000 -0.002 -0.002]
INFO  [mc_indi_tiltrotor] WRdbg1 Wu1=1 lo1=-19.00 du1=-0.0182 pin1=0.000 a1=[-0.014 -0.005 0.002 0.001 -0.002]
INFO  [mc_indi_tiltrotor] T0dbg1 G0=[-0.257 0.227 0.011 0.193 -0.981] nu_des=[-0.01 0.21 -0.05 -0.64 0.11]
INFO  [mc_indi_tiltrotor] T0dbg2 Ws34=[0.1 20.0] Wu0=1.0 du0=0.1210 dmin0=-17.9445 dmax0=27.0555
INFO  [mc_indi_tiltrotor] T2dbg1 G2=[-0.000 -0.650 0.060 0.003 -1.000] G5=[-0.881 -1.004 -0.002 14.681 0.037]
INFO  [mc_indi_tiltrotor] T2dbg2 Wu25=[1.0 1000000.0] du25=[-0.2495 -0.0025] dmax25=[30.3185 0.0120] nu_yaw=-0.052
INFO  [mc_indi_tiltrotor] WRdbg0 Wu0=1 lo0=-17.94 du0=0.1210 pin0=0.027 a0=[0.019 0.131 -0.015 -0.000 -0.042]
INFO  [mc_indi_tiltrotor] WRdbg1 Wu1=1 lo1=-18.55 du1=0.0587 pin1=-0.016 a1=[-0.019 0.109 0.027 0.000 -0.043]
INFO  [mc_indi_tiltrotor] YWdbg nu2=0.019 ach2=0.017 r=0.02 wsp2=-0.02 ddelta=[-0.0042 -0.0013 0.0007]
INFO  [mc_indi_tiltrotor] T0dbg1 G0=[-0.257 0.227 0.012 0.187 -0.982] nu_des=[-0.00 -0.06 0.03 -0.65 0.03]
INFO  [mc_indi_tiltrotor] T0dbg2 Ws34=[0.1 20.0] Wu0=1.0 du0=-0.0501 dmin0=-18.4338 dmax0=26.5662
INFO  [mc_indi_tiltrotor] T2dbg1 G2=[-0.000 -0.650 0.060 0.002 -1.000] G5=[-0.855 -0.979 -0.002 14.255 0.028]
INFO  [mc_indi_tiltrotor] T2dbg2 Wu25=[1.0 9.0] du25=[0.0491 0.0012] dmax25=[30.7449 0.0120] nu_yaw=0.028
INFO  [mc_indi_tiltrotor] WRdbg0 Wu0=1 lo0=-18.43 du0=-0.0501 pin0=-0.007 a0=[0.006 -0.036 -0.004 0.000 -0.009]
INFO  [mc_indi_tiltrotor] WRdbg1 Wu1=1 lo1=-18.41 du1=-0.0518 pin1=0.004 a1=[-0.005 -0.031 -0.008 -0.001 -0.009]
INFO  [mc_indi_tiltrotor] T0dbg1 G0=[-0.257 0.227 0.014 0.181 -0.983] nu_des=[-0.01 0.01 -0.00 -0.60 0.01]
INFO  [mc_indi_tiltrotor] T0dbg2 Ws34=[0.1 20.0] Wu0=1.0 du0=0.0075 dmin0=-18.2947 dmax0=26.7053
INFO  [mc_indi_tiltrotor] T2dbg1 G2=[-0.000 -0.650 0.060 0.001 -1.000] G5=[-0.867 -1.002 -0.001 14.456 0.015]
INFO  [mc_indi_tiltrotor] T2dbg2 Wu25=[1.0 9.0] du25=[-0.0152 -0.0001] dmax25=[30.5442 0.0120] nu_yaw=-0.000
INFO  [mc_indi_tiltrotor] WRdbg0 Wu0=1 lo0=-18.29 du0=0.0075 pin0=0.000 a0=[0.009 0.005 -0.000 -0.003 -0.003]
INFO  [mc_indi_tiltrotor] WRdbg1 Wu1=1 lo1=-18.38 du1=-0.0087 pin1=0.000 a1=[-0.009 0.003 0.000 0.001 -0.004]
INFO  [mc_indi_tiltrotor] YWdbg nu2=-0.034 ach2=-0.033 r=0.01 wsp2=0.01 ddelta=[0.0020 -0.0053 -0.0001]
INFO  [mc_indi_tiltrotor] T0dbg1 G0=[-0.257 0.227 0.011 0.193 -0.981] nu_des=[0.00 -0.02 -0.03 -0.67 0.03]
INFO  [mc_indi_tiltrotor] T0dbg2 Ws34=[0.1 20.0] Wu0=1.0 du0=-0.0311 dmin0=-17.9215 dmax0=27.0785
INFO  [mc_indi_tiltrotor] T2dbg1 G2=[-0.000 -0.650 0.060 0.000 -1.000] G5=[-0.863 -1.005 -0.000 14.389 0.003]
INFO  [mc_indi_tiltrotor] T2dbg2 Wu25=[1.0 1000000.0] du25=[0.0131 -0.0002] dmax25=[30.6109 0.0120] nu_yaw=-0.033
INFO  [mc_indi_tiltrotor] WRdbg0 Wu0=1 lo0=-17.92 du0=-0.0311 pin0=-0.011 a0=[-0.001 -0.012 0.005 -0.000 -0.011]
INFO  [mc_indi_tiltrotor] WRdbg1 Wu1=1 lo1=-18.54 du1=-0.0072 pin1=0.006 a1=[0.001 -0.012 0.010 -0.000 -0.012]
INFO  [mc_indi_tiltrotor] T0dbg1 G0=[-0.257 0.228 0.003 0.220 -0.975] nu_des=[-0.00 0.12 -0.08 -1.04 0.09]
INFO  [mc_indi_tiltrotor] T0dbg2 Ws34=[0.1 20.0] Wu0=1.0 du0=0.0567 dmin0=-17.5560 dmax0=27.4440
INFO  [mc_indi_tiltrotor] T2dbg1 G2=[-0.000 -0.650 0.060 0.003 -1.000] G5=[-0.910 -1.035 -0.002 15.159 0.040]
INFO  [mc_indi_tiltrotor] T2dbg2 Wu25=[1.0 1000000.0] du25=[-0.1491 -0.0026] dmax25=[29.8408 0.0120] nu_yaw=-0.078
INFO  [mc_indi_tiltrotor] WRdbg0 Wu0=1 lo0=-17.56 du0=0.0567 pin0=0.016 a0=[0.004 0.071 0.000 -0.000 -0.034]
INFO  [mc_indi_tiltrotor] WRdbg1 Wu1=1 lo1=-18.18 du1=0.0481 pin1=0.015 a1=[-0.004 0.073 0.000 -0.000 -0.035]
INFO  [mc_indi_tiltrotor] YWdbg nu2=-0.009 ach2=-0.009 r=0.05 wsp2=-0.06 ddelta=[0.0006 -0.0016 0.0003]
INFO  [mc_indi_tiltrotor] T0dbg1 G0=[-0.257 0.228 0.001 0.230 -0.973] nu_des=[0.00 -0.05 0.03 -1.26 0.03]
INFO  [mc_indi_tiltrotor] T0dbg2 Ws34=[0.1 20.0] Wu0=1.0 du0=-0.0537 dmin0=-17.7276 dmax0=27.2724
INFO  [mc_indi_tiltrotor] T2dbg1 G2=[-0.000 -0.650 0.060 0.002 -1.000] G5=[-0.913 -1.043 -0.002 15.224 0.034]
INFO  [mc_indi_tiltrotor] T2dbg2 Wu25=[1.0 9.0] du25=[0.0413 0.0004] dmax25=[29.7763 0.0120] nu_yaw=0.026
INFO  [mc_indi_tiltrotor] WRdbg0 Wu0=1 lo0=-17.73 du0=-0.0537 pin0=-0.003 a0=[-0.005 -0.028 -0.007 0.000 -0.011]
INFO  [mc_indi_tiltrotor] WRdbg1 Wu1=1 lo1=-17.86 du1=-0.0401 pin1=0.001 a1=[0.004 -0.025 -0.008 -0.002 -0.011]
INFO  [mc_indi_tiltrotor] T0dbg1 G0=[-0.257 0.228 0.006 0.211 -0.977] nu_des=[0.00 0.04 0.06 -1.05 -0.03]
INFO  [mc_indi_tiltrotor] T0dbg2 Ws34=[0.1 20.0] Wu0=1.0 du0=0.0284 dmin0=-17.7365 dmax0=27.2635
INFO  [mc_indi_tiltrotor] T2dbg1 G2=[-0.000 -0.650 0.060 0.002 -1.000] G5=[-0.941 -1.081 -0.002 15.682 0.026]
INFO  [mc_indi_tiltrotor] T2dbg2 Wu25=[1.0 9.0] du25=[-0.0465 -0.0012] dmax25=[29.3176 0.0120] nu_yaw=0.062
INFO  [mc_indi_tiltrotor] WRdbg0 Wu0=1 lo0=-17.74 du0=0.0284 pin0=0.000 a0=[-0.005 0.032 -0.000 -0.006 0.008]
INFO  [mc_indi_tiltrotor] WRdbg1 Wu1=1 lo1=-17.55 du1=0.0127 pin1=0.000 a1=[0.005 0.020 -0.024 0.001 0.011]
INFO  [mc_indi_tiltrotor] YWdbg nu2=0.055 ach2=0.054 r=-0.09 wsp2=0.02 ddelta=[-0.0060 0.0064 -0.0005]
INFO  [mc_indi_tiltrotor] T0dbg1 G0=[-0.257 0.228 0.009 0.199 -0.980] nu_des=[0.00 0.00 0.02 -1.07 0.01]
INFO  [mc_indi_tiltrotor] T0dbg2 Ws34=[0.1 20.0] Wu0=1.0 du0=-0.0049 dmin0=-17.3779 dmax0=27.6221
INFO  [mc_indi_tiltrotor] T2dbg1 G2=[-0.000 -0.650 0.060 0.000 -1.000] G5=[-0.929 -1.081 -0.000 15.489 0.005]
INFO  [mc_indi_tiltrotor] T2dbg2 Wu25=[1.0 1000000.0] du25=[-0.0120 -0.0003] dmax25=[29.5105 0.0120] nu_yaw=0.018
INFO  [mc_indi_tiltrotor] WRdbg0 Wu0=1 lo0=-17.38 du0=-0.0049 pin0=0.000 a0=[-0.001 0.003 0.001 -0.007 -0.002]
INFO  [mc_indi_tiltrotor] WRdbg1 Wu1=1 lo1=-17.78 du1=-0.0050 pin1=-0.001 a1=[0.001 0.002 -0.007 0.002 -0.002]
INFO  [mc_indi_tiltrotor] T0dbg1 G0=[-0.257 0.228 0.009 0.201 -0.980] nu_des=[-0.01 -0.12 -0.05 -0.80 0.04]
INFO  [mc_indi_tiltrotor] T0dbg2 Ws34=[0.1 20.0] Wu0=1.0 du0=-0.0888 dmin0=-17.3030 dmax0=27.6970
INFO  [mc_indi_tiltrotor] T2dbg1 G2=[-0.000 -0.650 0.060 0.001 -1.000] G5=[-0.949 -1.102 -0.000 15.815 0.008]
INFO  [mc_indi_tiltrotor] T2dbg2 Wu25=[1.0 9.0] du25=[0.1082 0.0019] dmax25=[29.1851 0.0120] nu_yaw=-0.054
INFO  [mc_indi_tiltrotor] WRdbg0 Wu0=1 lo0=-17.30 du0=-0.0888 pin0=-0.025 a0=[0.011 -0.068 0.010 0.000 -0.016]
INFO  [mc_indi_tiltrotor] WRdbg1 Wu1=1 lo1=-17.95 du1=-0.0596 pin1=0.010 a1=[-0.010 -0.058 0.016 -0.001 -0.016]
INFO  [mc_indi_tiltrotor] YWdbg nu2=-0.051 ach2=-0.049 r=0.09 wsp2=0.02 ddelta=[0.0072 -0.0040 0.0002]
INFO  [mc_indi_tiltrotor] T0dbg1 G0=[-0.257 0.228 0.002 0.225 -0.974] nu_des=[-0.00 -0.14 -0.06 -1.08 0.18]
INFO  [mc_indi_tiltrotor] T0dbg2 Ws34=[0.1 20.0] Wu0=1.0 du0=-0.1244 dmin0=-17.3364 dmax0=27.6636
INFO  [mc_indi_tiltrotor] T2dbg1 G2=[-0.000 -0.650 0.060 0.002 -1.000] G5=[-0.971 -1.115 -0.002 16.190 0.028]
INFO  [mc_indi_tiltrotor] T2dbg2 Wu25=[1.0 9.0] du25=[0.1177 0.0035] dmax25=[28.8105 0.0120] nu_yaw=-0.056
INFO  [mc_indi_tiltrotor] WRdbg0 Wu0=1 lo0=-17.34 du0=-0.1244 pin0=0.015 a0=[0.009 -0.082 -0.002 0.001 -0.065]
INFO  [mc_indi_tiltrotor] WRdbg1 Wu1=1 lo1=-17.62 du1=-0.1245 pin1=0.017 a1=[-0.008 -0.070 0.003 -0.001 -0.066]
INFO  [mc_indi_tiltrotor] T0dbg1 G0=[-0.257 0.228 -0.004 0.249 -0.969] nu_des=[0.01 -0.02 -0.01 -1.55 0.14]
INFO  [mc_indi_tiltrotor] T0dbg2 Ws34=[0.1 20.0] Wu0=1.0 du0=-0.0684 dmin0=-17.3571 dmax0=27.6429
INFO  [mc_indi_tiltrotor] T2dbg1 G2=[-0.000 -0.650 0.060 0.003 -1.000] G5=[-0.974 -1.109 -0.003 16.231 0.042]
INFO  [mc_indi_tiltrotor] T2dbg2 Wu25=[1.0 9.0] du25=[-0.0064 -0.0004] dmax25=[28.7689 0.0120] nu_yaw=-0.011
INFO  [mc_indi_tiltrotor] WRdbg0 Wu0=1 lo0=-17.36 du0=-0.0684 pin0=0.000 a0=[-0.007 -0.015 0.001 -0.011 -0.036]
INFO  [mc_indi_tiltrotor] WRdbg1 Wu1=1 lo1=-17.05 du1=-0.0518 pin1=0.000 a1=[0.008 -0.010 0.004 0.001 -0.056]
INFO  [mc_indi_tiltrotor] YWdbg nu2=0.000 ach2=0.002 r=0.00 wsp2=-0.08 ddelta=[-0.0008 -0.0006 -0.0000]
INFO  [mc_indi_tiltrotor] T0dbg1 G0=[-0.257 0.228 -0.003 0.246 -0.969] nu_des=[-0.00 0.01 0.02 -1.40 -0.05]
INFO  [mc_indi_tiltrotor] T0dbg2 Ws34=[0.1 20.0] Wu0=1.0 du0=0.0163 dmin0=-17.2974 dmax0=27.7026
INFO  [mc_indi_tiltrotor] T2dbg1 G2=[-0.000 -0.650 0.060 0.001 -1.000] G5=[-0.987 -1.142 -0.001 16.443 0.013]
INFO  [mc_indi_tiltrotor] T2dbg2 Wu25=[1.0 1000000.0] du25=[0.0005 -0.0008] dmax25=[28.5567 0.0120] nu_yaw=0.021
INFO  [mc_indi_tiltrotor] WRdbg0 Wu0=1 lo0=-17.30 du0=0.0163 pin0=0.001 a0=[0.001 0.003 -0.007 -0.001 0.018]
INFO  [mc_indi_tiltrotor] WRdbg1 Wu1=1 lo1=-16.95 du1=0.0127 pin1=-0.002 a1=[-0.001 0.004 -0.006 -0.000 0.019]
INFO  [mc_indi_tiltrotor] T0dbg1 G0=[-0.257 0.228 -0.004 0.249 -0.969] nu_des=[-0.01 0.01 -0.03 -1.41 0.01]
INFO  [mc_indi_tiltrotor] T0dbg2 Ws34=[0.1 20.0] Wu0=1.0 du0=0.0255 dmin0=-17.0600 dmax0=27.9400
INFO  [mc_indi_tiltrotor] T2dbg1 G2=[-0.000 -0.650 0.060 0.001 -1.000] G5=[-1.029 -1.188 -0.001 17.144 0.019]
INFO  [mc_indi_tiltrotor] T2dbg2 Wu25=[1.0 1000000.0] du25=[-0.0136 -0.0011] dmax25=[27.8564 0.0120] nu_yaw=-0.033
INFO  [mc_indi_tiltrotor] WRdbg0 Wu0=1 lo0=-17.06 du0=0.0255 pin0=-0.003 a0=[0.014 0.008 0.012 -0.001 -0.004]
INFO  [mc_indi_tiltrotor] WRdbg1 Wu1=1 lo1=-16.95 du1=-0.0008 pin1=-0.001 a1=[-0.013 0.008 0.010 -0.000 -0.004]
INFO  [mc_indi_tiltrotor] YWdbg nu2=-0.011 ach2=-0.010 r=-0.02 wsp2=-0.03 ddelta=[-0.0005 -0.0025 -0.0003]
INFO  [mc_indi_tiltrotor] T0dbg1 G0=[-0.257 0.228 -0.006 0.255 -0.967] nu_des=[-0.00 0.00 -0.00 -1.48 0.03]
INFO  [mc_indi_tiltrotor] T0dbg2 Ws34=[0.1 20.0] Wu0=1.0 du0=-0.0092 dmin0=-16.9996 dmax0=28.0004
INFO  [mc_indi_tiltrotor] T2dbg1 G2=[-0.000 -0.650 0.060 0.000 -1.000] G5=[-1.019 -1.188 -0.000 16.981 0.001]
INFO  [mc_indi_tiltrotor] T2dbg2 Wu25=[1.0 1000000.0] du25=[-0.0135 -0.0001] dmax25=[28.0189 0.0120] nu_yaw=-0.003
INFO  [mc_indi_tiltrotor] WRdbg0 Wu0=1 lo0=-17.00 du0=-0.0092 pin0=-0.002 a0=[0.001 0.002 0.001 -0.001 -0.010]
INFO  [mc_indi_tiltrotor] WRdbg1 Wu1=1 lo1=-17.10 du1=-0.0078 pin1=0.001 a1=[-0.000 0.002 0.001 -0.000 -0.011]
INFO  [mc_indi_tiltrotor] T0dbg1 G0=[-0.257 0.228 -0.004 0.250 -0.968] nu_des=[-0.01 0.01 0.02 -1.33 -0.01]
INFO  [mc_indi_tiltrotor] T0dbg2 Ws34=[0.1 20.0] Wu0=1.0 du0=0.0248 dmin0=-16.7801 dmax0=28.2199
INFO  [mc_indi_tiltrotor] T2dbg1 G2=[-0.000 -0.650 0.060 0.000 -1.000] G5=[-1.032 -1.201 -0.000 17.203 0.005]
INFO  [mc_indi_tiltrotor] T2dbg2 Wu25=[1.0 9.0] du25=[-0.0108 0.0003] dmax25=[27.7969 0.0120] nu_yaw=0.020
INFO  [mc_indi_tiltrotor] WRdbg0 Wu0=1 lo0=-16.78 du0=0.0248 pin0=-0.000 a0=[0.024 0.004 -0.007 0.000 0.004]
INFO  [mc_indi_tiltrotor] WRdbg1 Wu1=1 lo1=-16.98 du1=-0.0221 pin1=0.000 a1=[-0.022 0.003 -0.006 -0.002 0.004]
INFO  [mc_indi_tiltrotor] YWdbg nu2=0.053 ach2=0.054 r=-0.05 wsp2=0.00 ddelta=[-0.0055 0.0102 -0.0004]
INFO  [mc_indi_tiltrotor] T0dbg1 G0=[-0.257 0.228 0.000 0.233 -0.973] nu_des=[0.01 0.04 0.04 -1.20 -0.00]
INFO  [mc_indi_tiltrotor] T0dbg2 Ws34=[0.1 20.0] Wu0=1.0 du0=0.0056 dmin0=-16.7105 dmax0=28.2895
INFO  [mc_indi_tiltrotor] T2dbg1 G2=[-0.000 -0.650 0.060 0.000 -1.000] G5=[-1.040 -1.210 -0.000 17.339 0.006]
INFO  [mc_indi_tiltrotor] T2dbg2 Wu25=[1.0 1000000.0] du25=[-0.0414 -0.0003] dmax25=[27.6609 0.0120] nu_yaw=0.045
INFO  [mc_indi_tiltrotor] WRdbg0 Wu0=1 lo0=-16.71 du0=0.0056 pin0=0.000 a0=[-0.012 0.026 -0.001 -0.008 0.001]
INFO  [mc_indi_tiltrotor] WRdbg1 Wu1=1 lo1=-17.00 du1=0.0184 pin1=-0.001 a1=[0.015 0.018 -0.018 0.003 0.001]
INFO  [mc_indi_tiltrotor] T0dbg1 G0=[-0.257 0.228 0.001 0.229 -0.973] nu_des=[-0.01 -0.01 -0.04 -1.06 -0.02]
INFO  [mc_indi_tiltrotor] T0dbg2 Ws34=[0.1 20.0] Wu0=1.0 du0=0.0026 dmin0=-16.2223 dmax0=28.7777
INFO  [mc_indi_tiltrotor] T2dbg1 G2=[-0.000 -0.650 0.060 0.001 -1.000] G5=[-1.072 -1.244 -0.001 17.874 0.011]
INFO  [mc_indi_tiltrotor] T2dbg2 Wu25=[1.0 9.0] du25=[0.0090 -0.0002] dmax25=[27.1256 0.0120] nu_yaw=-0.036
INFO  [mc_indi_tiltrotor] WRdbg0 Wu0=1 lo0=-16.22 du0=0.0026 pin0=0.000 a0=[0.014 -0.011 0.001 -0.006 0.005]
INFO  [mc_indi_tiltrotor] WRdbg1 Wu1=1 lo1=-16.88 du1=-0.0009 pin1=0.000 a1=[-0.015 -0.007 0.013 0.000 0.007]
INFO  [mc_indi_tiltrotor] YWdbg nu2=-0.057 ach2=-0.054 r=0.06 wsp2=0.03 ddelta=[0.0082 -0.0043 -0.0008]
INFO  [mc_indi_tiltrotor] T0dbg1 G0=[-0.257 0.228 -0.006 0.255 -0.967] nu_des=[0.00 -0.04 -0.05 -1.43 0.09]
INFO  [mc_indi_tiltrotor] T0dbg2 Ws34=[0.1 20.0] Wu0=1.0 du0=-0.0457 dmin0=-16.6537 dmax0=28.3463
INFO  [mc_indi_tiltrotor] T2dbg1 G2=[-0.000 -0.650 0.060 0.001 -1.000] G5=[-1.069 -1.235 -0.001 17.814 0.018]
INFO  [mc_indi_tiltrotor] T2dbg2 Wu25=[1.0 9.0] du25=[0.0267 -0.0000] dmax25=[27.1862 0.0120] nu_yaw=-0.051
INFO  [mc_indi_tiltrotor] WRdbg0 Wu0=1 lo0=-16.65 du0=-0.0457 pin0=-0.007 a0=[-0.005 -0.021 0.019 0.000 -0.033]
INFO  [mc_indi_tiltrotor] WRdbg1 Wu1=1 lo1=-16.90 du1=-0.0317 pin1=0.002 a1=[0.004 -0.018 0.015 -0.002 -0.034]
INFO  [mc_indi_tiltrotor] T0dbg1 G0=[-0.257 0.228 -0.016 0.292 -0.956] nu_des=[0.01 -0.05 -0.09 -2.03 0.12]
INFO  [mc_indi_tiltrotor] T0dbg2 Ws34=[0.1 20.0] Wu0=1.0 du0=-0.0744 dmin0=-16.5854 dmax0=28.4146
INFO  [mc_indi_tiltrotor] T2dbg1 G2=[-0.000 -0.650 0.060 0.003 -1.000] G5=[-1.103 -1.253 -0.003 18.377 0.051]
INFO  [mc_indi_tiltrotor] T2dbg2 Wu25=[1.0 8.9] du25=[0.0404 0.0005] dmax25=[26.6231 0.0120] nu_yaw=-0.088
INFO  [mc_indi_tiltrotor] WRdbg0 Wu0=1 lo0=-16.59 du0=-0.0744 pin0=0.030 a0=[-0.024 -0.033 -0.003 0.001 -0.046]
INFO  [mc_indi_tiltrotor] WRdbg1 Wu1=1 lo1=-16.14 du1=-0.0340 pin1=0.014 a1=[0.022 -0.027 0.006 -0.003 -0.046]
INFO  [mc_indi_tiltrotor] YWdbg nu2=-0.035 ach2=-0.030 r=0.07 wsp2=-0.11 ddelta=[0.0071 -0.0000 -0.0005]
INFO  [mc_indi_tiltrotor] T0dbg1 G0=[-0.256 0.228 -0.020 0.310 -0.951] nu_des=[-0.00 -0.18 0.02 -2.43 0.05]
INFO  [mc_indi_tiltrotor] T0dbg2 Ws34=[0.1 20.0] Wu0=1.0 du0=-0.1297 dmin0=-16.8720 dmax0=28.1280
INFO  [mc_indi_tiltrotor] T2dbg1 G2=[-0.000 -0.650 0.060 0.001 -1.000] G5=[-1.100 -1.267 -0.002 18.340 0.025]
INFO  [mc_indi_tiltrotor] T2dbg2 Wu25=[1.0 8.9] du25=[0.1776 0.0035] dmax25=[26.6604 0.0120] nu_yaw=0.020
INFO  [mc_indi_tiltrotor] WRdbg0 Wu0=1 lo0=-16.87 du0=-0.1297 pin0=-0.010 a0=[0.002 -0.095 -0.011 0.000 -0.017]
INFO  [mc_indi_tiltrotor] WRdbg1 Wu1=1 lo1=-15.79 du1=-0.1101 pin1=0.002 a1=[-0.002 -0.083 -0.006 -0.004 -0.018]
INFO  [mc_indi_tiltrotor] T0dbg1 G0=[-0.257 0.228 -0.015 0.290 -0.957] nu_des=[0.02 0.01 0.05 -2.17 0.05]
INFO  [mc_indi_tiltrotor] T0dbg2 Ws34=[0.1 20.0] Wu0=1.0 du0=-0.0494 dmin0=-16.3362 dmax0=28.6638
INFO  [mc_indi_tiltrotor] T2dbg1 G2=[-0.000 -0.650 0.060 0.001 -1.000] G5=[-1.131 -1.308 -0.001 18.843 0.018]
INFO  [mc_indi_tiltrotor] T2dbg2 Wu25=[1.0 1000000.0] du25=[-0.0169 -0.0009] dmax25=[26.1569 0.0120] nu_yaw=0.046
INFO  [mc_indi_tiltrotor] WRdbg0 Wu0=1 lo0=-16.34 du0=-0.0494 pin0=0.001 a0=[-0.024 0.006 -0.005 -0.016 -0.010]
INFO  [mc_indi_tiltrotor] WRdbg1 Wu1=1 lo1=-15.64 du1=0.0026 pin1=-0.002 a1=[0.035 0.004 -0.019 0.003 -0.019]
INFO  [mc_indi_tiltrotor] YWdbg nu2=0.047 ach2=0.047 r=-0.13 wsp2=-0.01 ddelta=[-0.0059 0.0073 -0.0003]
INFO  [mc_indi_tiltrotor] T0dbg1 G0=[-0.257 0.228 -0.011 0.274 -0.962] nu_des=[0.01 -0.00 0.02 -2.02 0.05]
INFO  [mc_indi_tiltrotor] T0dbg2 Ws34=[0.1 20.0] Wu0=1.0 du0=-0.0454 dmin0=-15.6532 dmax0=29.3468
INFO  [mc_indi_tiltrotor] T2dbg1 G2=[-0.000 -0.650 0.060 0.000 -1.000] G5=[-1.128 -1.315 -0.000 18.805 0.002]
INFO  [mc_indi_tiltrotor] T2dbg2 Wu25=[1.0 1000000.0] du25=[-0.0106 -0.0001] dmax25=[26.1945 0.0120] nu_yaw=0.025
INFO  [mc_indi_tiltrotor] WRdbg0 Wu0=1 lo0=-15.65 du0=-0.0454 pin0=0.000 a0=[-0.018 -0.001 -0.002 -0.015 -0.011]
INFO  [mc_indi_tiltrotor] WRdbg1 Wu1=1 lo1=-16.15 du1=-0.0025 pin1=-0.000 a1=[0.025 -0.000 -0.009 0.002 -0.019]
INFO  [mc_indi_tiltrotor] T0dbg1 G0=[-0.257 0.228 -0.009 0.268 -0.963] nu_des=[-0.01 -0.05 -0.02 -1.62 0.01]
INFO  [mc_indi_tiltrotor] T0dbg2 Ws34=[0.1 20.0] Wu0=1.0 du0=-0.0369 dmin0=-15.3753 dmax0=29.6247
INFO  [mc_indi_tiltrotor] T2dbg1 G2=[-0.000 -0.650 0.060 0.000 -1.000] G5=[-1.144 -1.331 -0.000 19.073 0.006]
INFO  [mc_indi_tiltrotor] T2dbg2 Wu25=[1.0 8.9] du25=[0.0430 0.0006] dmax25=[25.9270 0.0120] nu_yaw=-0.023
INFO  [mc_indi_tiltrotor] WRdbg0 Wu0=1 lo0=-15.38 du0=-0.0369 pin0=0.000 a0=[0.012 -0.037 0.002 -0.011 -0.003]
INFO  [mc_indi_tiltrotor] WRdbg1 Wu1=1 lo1=-16.30 du1=-0.0361 pin1=0.000 a1=[-0.015 -0.024 0.008 -0.001 -0.005]
INFO  [mc_indi_tiltrotor] YWdbg nu2=-0.027 ach2=-0.026 r=0.06 wsp2=0.05 ddelta=[0.0016 -0.0041 -0.0004]
INFO  [mc_indi_tiltrotor] T0dbg1 G0=[-0.257 0.228 -0.009 0.268 -0.964] nu_des=[0.00 0.01 -0.03 -1.39 0.01]
INFO  [mc_indi_tiltrotor] T0dbg2 Ws34=[0.1 20.0] Wu0=1.0 du0=0.0045 dmin0=-15.7586 dmax0=29.2414
INFO  [mc_indi_tiltrotor] T2dbg1 G2=[-0.000 -0.650 0.060 0.000 -1.000] G5=[-1.138 -1.324 -0.000 18.967 0.006]
INFO  [mc_indi_tiltrotor] T2dbg2 Wu25=[1.0 1000000.0] du25=[-0.0060 -0.0003] dmax25=[26.0328 0.0120] nu_yaw=-0.035
INFO  [mc_indi_tiltrotor] WRdbg0 Wu0=1 lo0=-15.76 du0=0.0045 pin0=-0.007 a0=[-0.000 0.003 0.014 -0.001 -0.005]
INFO  [mc_indi_tiltrotor] WRdbg1 Wu1=1 lo1=-16.14 du1=0.0091 pin1=0.002 a1=[0.000 0.003 0.010 -0.000 -0.005]
INFO  [mc_indi_tiltrotor] T0dbg1 G0=[-0.256 0.228 -0.018 0.301 -0.953] nu_des=[-0.01 0.13 -0.09 -2.02 0.10]
INFO  [mc_indi_tiltrotor] T0dbg2 Ws34=[0.1 20.0] Wu0=1.0 du0=0.1028 dmin0=-15.9937 dmax0=29.0063
INFO  [mc_indi_tiltrotor] T2dbg1 G2=[-0.000 -0.650 0.060 0.003 -1.000] G5=[-1.182 -1.342 -0.003 19.703 0.057]
INFO  [mc_indi_tiltrotor] T2dbg2 Wu25=[1.0 1000000.0] du25=[-0.1592 -0.0029] dmax25=[25.2974 0.0120] nu_yaw=-0.095
INFO  [mc_indi_tiltrotor] WRdbg0 Wu0=1 lo0=-15.99 du0=0.1028 pin0=0.034 a0=[0.029 0.077 0.000 -0.000 -0.037]
INFO  [mc_indi_tiltrotor] WRdbg1 Wu1=1 lo1=-15.40 du1=0.0196 pin1=0.008 a1=[-0.028 0.079 0.000 -0.000 -0.038]
INFO  [mc_indi_tiltrotor] YWdbg nu2=-0.086 ach2=-0.058 r=0.12 wsp2=-0.08 ddelta=[0.0120 -0.0000 -0.0027]
INFO  [mc_indi_tiltrotor] T0dbg1 G0=[-0.256 0.227 -0.028 0.339 -0.941] nu_des=[0.00 -0.13 -0.05 -2.88 0.14]
INFO  [mc_indi_tiltrotor] T0dbg2 Ws34=[0.1 20.0] Wu0=1.0 du0=-0.0942 dmin0=-16.7851 dmax0=28.2149
INFO  [mc_indi_tiltrotor] T2dbg1 G2=[-0.000 -0.650 0.060 0.002 -1.000] G5=[-1.198 -1.371 -0.003 19.973 0.042]
INFO  [mc_indi_tiltrotor] T2dbg2 Wu25=[1.0 8.9] du25=[0.1146 0.0029] dmax25=[25.0273 0.0120] nu_yaw=-0.053
INFO  [mc_indi_tiltrotor] WRdbg0 Wu0=1 lo0=-16.79 du0=-0.0942 pin0=0.041 a0=[-0.003 -0.079 -0.002 0.002 -0.053]
INFO  [mc_indi_tiltrotor] WRdbg1 Wu1=1 lo1=-14.96 du1=-0.0982 pin1=0.014 a1=[0.003 -0.062 0.004 -0.005 -0.053]
INFO  [mc_indi_tiltrotor] T0dbg1 G0=[-0.255 0.227 -0.035 0.364 -0.931] nu_des=[0.01 -0.00 -0.03 -3.29 0.02]
INFO  [mc_indi_tiltrotor] T0dbg2 Ws34=[0.1 20.0] Wu0=1.0 du0=0.0025 dmin0=-16.7677 dmax0=28.2323
INFO  [mc_indi_tiltrotor] T2dbg1 G2=[-0.000 -0.650 0.060 0.001 -1.000] G5=[-1.226 -1.412 -0.002 20.431 0.027]
INFO  [mc_indi_tiltrotor] T2dbg2 Wu25=[1.0 1000000.0] du25=[0.0087 -0.0013] dmax25=[24.5694 0.0120] nu_yaw=-0.030
INFO  [mc_indi_tiltrotor] WRdbg0 Wu0=1 lo0=-16.77 du0=0.0025 pin0=0.002 a0=[-0.012 -0.002 0.022 -0.003 -0.006]
INFO  [mc_indi_tiltrotor] WRdbg1 Wu1=1 lo1=-14.38 du1=0.0064 pin1=-0.004 a1=[0.012 -0.002 0.009 -0.001 -0.006]
INFO  [mc_indi_tiltrotor] YWdbg nu2=-0.012 ach2=-0.011 r=-0.05 wsp2=-0.13 ddelta=[0.0027 -0.0000 -0.0003]
INFO  [mc_indi_tiltrotor] T0dbg1 G0=[-0.255 0.227 -0.035 0.365 -0.931] nu_des=[0.01 0.01 0.02 -3.11 -0.00]
INFO  [mc_indi_tiltrotor] T0dbg2 Ws34=[0.1 20.0] Wu0=1.0 du0=-0.0299 dmin0=-16.3103 dmax0=28.6897
INFO  [mc_indi_tiltrotor] T2dbg1 G2=[-0.000 -0.650 0.060 0.000 -1.000] G5=[-1.220 -1.423 -0.000 20.330 0.001]
INFO  [mc_indi_tiltrotor] T2dbg2 Wu25=[1.0 1000000.0] du25=[-0.0180 -0.0000] dmax25=[24.6698 0.0120] nu_yaw=0.024
INFO  [mc_indi_tiltrotor] WRdbg0 Wu0=1 lo0=-16.31 du0=-0.0299 pin0=-0.001 a0=[-0.014 0.005 -0.018 -0.002 0.001]
INFO  [mc_indi_tiltrotor] WRdbg1 Wu1=1 lo1=-14.63 du1=0.0138 pin1=0.000 a1=[0.014 0.006 -0.007 -0.001 0.001]
INFO  [mc_indi_tiltrotor] T0dbg1 G0=[-0.255 0.227 -0.030 0.347 -0.938] nu_des=[0.02 -0.03 0.07 -2.84 0.00]
INFO  [mc_indi_tiltrotor] T0dbg2 Ws34=[0.1 20.0] Wu0=1.0 du0=-0.0675 dmin0=-15.4867 dmax0=29.5133
INFO  [mc_indi_tiltrotor] T2dbg1 G2=[-0.000 -0.650 0.060 0.000 -1.000] G5=[-1.231 -1.431 -0.001 20.522 0.009]
INFO  [mc_indi_tiltrotor] T2dbg2 Wu25=[1.0 1000000.0] du25=[0.0311 -0.0005] dmax25=[24.4778 0.0120] nu_yaw=0.068
INFO  [mc_indi_tiltrotor] WRdbg0 Wu0=1 lo0=-15.49 du0=-0.0675 pin0=0.000 a0=[-0.019 -0.016 -0.010 -0.022 -0.001]
INFO  [mc_indi_tiltrotor] WRdbg1 Wu1=1 lo1=-15.24 du1=-0.0082 pin1=-0.001 a1=[0.033 -0.014 -0.028 0.004 -0.001]
INFO  [mc_indi_tiltrotor] YWdbg nu2=0.058 ach2=0.057 r=-0.12 wsp2=0.03 ddelta=[-0.0058 0.0104 -0.0003]
INFO  [mc_indi_tiltrotor] T0dbg1 G0=[-0.256 0.228 -0.025 0.327 -0.945] nu_des=[0.02 0.09 0.05 -2.75 0.04]
INFO  [mc_indi_tiltrotor] T0dbg2 Ws34=[0.1 20.0] Wu0=1.0 du0=0.0034 dmin0=-14.8621 dmax0=30.1379
INFO  [mc_indi_tiltrotor] T2dbg1 G2=[-0.000 -0.650 0.060 0.001 -1.000] G5=[-1.235 -1.433 -0.001 20.578 0.012]
INFO  [mc_indi_tiltrotor] T2dbg2 Wu25=[1.0 1000000.0] du25=[-0.1120 -0.0006] dmax25=[24.4223 0.0120] nu_yaw=0.051
INFO  [mc_indi_tiltrotor] WRdbg0 Wu0=1 lo0=-14.86 du0=0.0034 pin0=0.000 a0=[-0.019 0.055 -0.005 -0.021 -0.007]
INFO  [mc_indi_tiltrotor] WRdbg1 Wu1=1 lo1=-15.83 du1=0.0484 pin1=-0.002 a1=[0.031 0.050 -0.018 0.002 -0.015]
INFO  [commander] Disarmed by internal command	
INFO  [tone_alarm] notify neutral
