
______  __   __    ___ 
| ___ \ \ \ / /   /   |
| |_/ /  \ V /   / /| |
|  __/   /   \  / /_| |
| |     / /^\ \ \___  |
\_|     \/   \/     |_/

px4 starting.

INFO  [px4] startup script: /bin/sh etc/init.d-posix/rcS 0
INFO  [init] found model autostart file as SYS_AUTOSTART=4023
INFO  [param] selected parameter default file parameters.bson
INFO  [param] importing from 'parameters.bson'
INFO  [parameters] BSON document size 517 bytes, decoded 517 bytes (INT32:16, FLOAT:9)
INFO  [param] selected parameter backup file parameters_backup.bson
INFO  [dataman] data manager file './dataman' size is 7872608 bytes
INFO  [init] Gazebo simulator
INFO  [init] starting gazebo with world: /home/umran/PX4-Autopilot/Tools/simulation/gz/worlds/default.sdf
WARN  [init] PX4_GZ_MODEL_POSE not set, spawning at origin.
[1;33mWarning [Utils.cc:132][0m [/sdf/model[@name="tiltrotor_tailplane"]/link[@name="base_link"]/sensor[@name="imu_sensor"]/gz_frame_id:/home/umran/PX4-Autopilot/Tools/simulation/gz/models/tiltrotor_indi/model.sdf:L168]: XML Element[gz_frame_id], child of element[sensor], not defined in SDF. Copying[gz_frame_id] as children of [sensor].
[1;33mWarning [Utils.cc:132][0m [/sdf/model[@name="tiltrotor_tailplane"]/link[@name="base_link"]/sensor[@name="air_pressure_sensor"]/gz_frame_id:/home/umran/PX4-Autopilot/Tools/simulation/gz/models/tiltrotor_indi/model.sdf:L227]: XML Element[gz_frame_id], child of element[sensor], not defined in SDF. Copying[gz_frame_id] as children of [sensor].
[1;33mWarning [Utils.cc:132][0m [/sdf/model[@name="tiltrotor_tailplane"]/link[@name="base_link"]/sensor[@name="magnetometer_sensor"]/gz_frame_id:/home/umran/PX4-Autopilot/Tools/simulation/gz/models/tiltrotor_indi/model.sdf:L240]: XML Element[gz_frame_id], child of element[sensor], not defined in SDF. Copying[gz_frame_id] as children of [sensor].
[1;33mWarning [Utils.cc:132][0m [/sdf/model[@name="tiltrotor_tailplane"]/link[@name="base_link"]/sensor[@name="navsat_sensor"]/gz_frame_id:/home/umran/PX4-Autopilot/Tools/simulation/gz/models/tiltrotor_indi/model.sdf:L262]: XML Element[gz_frame_id], child of element[sensor], not defined in SDF. Copying[gz_frame_id] as children of [sensor].
INFO  [lockstep_scheduler] setting initial absolute time to 8000 us
INFO  [gz_bridge] world: default, model name: tiltrotor_indi_0, simulation model: tiltrotor_indi
INFO  [gz_bridge] Requested Model Position: 0,0,0,0,0,0
INFO  [gz_bridge] Model position z is less or equal 0.0, moving upwards
WARN  [vehicle_angular_velocity] no gyro selected, using sensor_gyro:0 1310988
INFO  [commander] LED: open /dev/led0 failed (22)
INFO  [tone_alarm] home set
INFO  [uxrce_dds_client] init UDP agent IP:127.0.0.1, port:8888
INFO  [mavlink] mode: Normal, data rate: 4000000 B/s on udp port 18570 remote port 14550
INFO  [mavlink] mode: Onboard, data rate: 4000000 B/s on udp port 14580 remote port 14540
INFO  [mavlink] mode: Onboard, data rate: 4000 B/s on udp port 14280 remote port 14030
INFO  [mavlink] mode: Gimbal, data rate: 400000 B/s on udp port 13030 remote port 13280
INFO  [logger] logger started (mode=all)
INFO  [logger] Start file log (type: full)
INFO  [logger] [logger] ./log/2026-07-29/06_51_00.ulg	
INFO  [logger] Opened full log file: ./log/2026-07-29/06_51_00.ulg
INFO  [mavlink] MAVLink only on localhost (set param MAV_{i}_BROADCAST = 1 to enable network)
INFO  [mavlink] MAVLink only on localhost (set param MAV_{i}_BROADCAST = 1 to enable network)
INFO  [px4] Startup script returned successfully
INFO  [commander] [32mReady for takeoff![0m
INFO  [commander] Armed by internal command	
INFO  [tone_alarm] arming warning
INFO  [mc_indi_tiltrotor] T0dbg1 G0=[-0.256 0.227 0.019 0.162 -0.987] nu_des=[-0.00 0.06 -0.25 -2.96 -0.24]
INFO  [mc_indi_tiltrotor] T0dbg2 Ws34=[0.1 20.0] Wu0=1.0 du0=0.1277 dmin0=-18.3233 dmax0=26.6767
INFO  [mc_indi_tiltrotor] T2dbg1 G2=[0.000 -0.650 0.060 0.000 -1.000] G5=[-0.744 -0.868 -0.000 12.403 0.000]
INFO  [mc_indi_tiltrotor] T2dbg2 Wu25=[1.0 1000000.0] du25=[0.0114 0.0000] dmax25=[32.5965 0.0120] nu_yaw=-0.249
INFO  [mc_indi_tiltrotor] WRdbg0 Wu0=1 lo0=-18.32 du0=0.1277 pin0=0.002 a0=[0.004 0.033 -0.000 -0.000 0.089]
INFO  [mc_indi_tiltrotor] WRdbg1 Wu1=1 lo1=-18.32 du1=0.1391 pin1=0.019 a1=[-0.004 0.033 0.000 -0.000 0.091]
INFO  [mc_indi_tiltrotor] YWdbg nu2=-0.249 ach2=-0.062 r=-0.00 wsp2=-0.50 ddelta=[0.0120 -0.0000 0.0000]
INFO  [commander] Takeoff detected	
INFO  [mc_indi_tiltrotor] pos_hold: holding x=-0.03 y=0.04
INFO  [mc_indi_tiltrotor] T0dbg1 G0=[-0.257 0.227 0.014 0.181 -0.983] nu_des=[0.00 0.01 -0.17 -2.67 2.31]
INFO  [mc_indi_tiltrotor] T0dbg2 Ws34=[0.1 20.0] Wu0=1.0 du0=-0.8314 dmin0=-27.0878 dmax0=17.9122
INFO  [mc_indi_tiltrotor] T2dbg1 G2=[-0.001 -0.651 0.060 0.016 -1.000] G5=[-1.152 -1.143 -0.019 19.205 0.309]
INFO  [mc_indi_tiltrotor] T2dbg2 Wu25=[1.0 9.0] du25=[-0.5786 0.0112] dmax25=[25.7922 0.0120] nu_yaw=-0.172
INFO  [mc_indi_tiltrotor] WRdbg0 Wu0=1 lo0=-27.09 du0=-0.8314 pin0=0.035 a0=[-0.005 0.008 -0.007 0.002 -0.864]
INFO  [mc_indi_tiltrotor] WRdbg1 Wu1=1 lo1=-27.65 du1=-0.8492 pin1=-0.014 a1=[0.005 0.006 0.014 -0.004 -0.856]
INFO  [mc_indi_tiltrotor] YWdbg nu2=-0.057 ach2=-0.059 r=-0.19 wsp2=-0.50 ddelta=[0.0120 0.0003 -0.0006]
INFO  [mc_indi_tiltrotor] T0dbg1 G0=[-0.257 0.228 0.003 0.220 -0.975] nu_des=[0.00 -0.09 -0.05 -2.28 0.26]
INFO  [mc_indi_tiltrotor] T0dbg2 Ws34=[0.1 20.0] Wu0=1.0 du0=-0.1453 dmin0=-19.3356 dmax0=25.6644
INFO  [mc_indi_tiltrotor] T2dbg1 G2=[-0.002 -0.652 0.060 0.030 -1.000] G5=[-0.855 -0.722 -0.025 14.245 0.423]
INFO  [mc_indi_tiltrotor] T2dbg2 Wu25=[1.0 9.0] du25=[0.0317 0.0006] dmax25=[30.7492 0.0120] nu_yaw=-0.055
INFO  [mc_indi_tiltrotor] WRdbg0 Wu0=1 lo0=-19.34 du0=-0.1453 pin0=0.000 a0=[-0.000 -0.062 0.000 -0.017 -0.067]
INFO  [mc_indi_tiltrotor] WRdbg1 Wu1=1 lo1=-20.01 du1=-0.1208 pin1=0.000 a1=[0.000 -0.040 0.020 0.002 -0.103]
INFO  [mc_indi_tiltrotor] T0dbg1 G0=[-0.257 0.228 0.006 0.211 -0.978] nu_des=[0.00 0.05 0.04 -1.74 -0.02]
INFO  [mc_indi_tiltrotor] T0dbg2 Ws34=[0.1 20.0] Wu0=1.0 du0=0.0265 dmin0=-18.7483 dmax0=26.2517
INFO  [mc_indi_tiltrotor] T2dbg1 G2=[-0.002 -0.652 0.060 0.027 -1.000] G5=[-0.855 -0.749 -0.023 14.255 0.383]
INFO  [mc_indi_tiltrotor] T2dbg2 Wu25=[1.0 9.0] du25=[-0.0617 -0.0017] dmax25=[30.7398 0.0120] nu_yaw=0.038
INFO  [mc_indi_tiltrotor] WRdbg0 Wu0=1 lo0=-18.75 du0=0.0265 pin0=0.000 a0=[-0.006 0.040 0.000 -0.012 0.005]
INFO  [mc_indi_tiltrotor] WRdbg1 Wu1=1 lo1=-19.67 du1=0.0263 pin1=0.000 a1=[0.007 0.025 -0.015 0.002 0.007]
INFO  [mc_indi_tiltrotor] YWdbg nu2=0.086 ach2=0.077 r=-0.50 wsp2=-0.50 ddelta=[-0.0035 0.0120 0.0009]
INFO  [mc_indi_tiltrotor] T0dbg1 G0=[-0.257 0.228 0.007 0.207 -0.978] nu_des=[-0.02 0.08 0.08 -1.76 0.26]
INFO  [mc_indi_tiltrotor] T0dbg2 Ws34=[0.1 20.0] Wu0=1.0 du0=0.0025 dmin0=-18.5287 dmax0=26.4713
INFO  [mc_indi_tiltrotor] T2dbg1 G2=[-0.001 -0.651 0.060 0.024 -1.000] G5=[-0.820 -0.745 -0.020 13.673 0.326]
INFO  [mc_indi_tiltrotor] T2dbg2 Wu25=[1.0 9.0] du25=[-0.1482 0.0008] dmax25=[31.3230 0.0120] nu_yaw=0.081
INFO  [mc_indi_tiltrotor] WRdbg0 Wu0=1 lo0=-18.53 du0=0.0025 pin0=0.031 a0=[0.035 0.047 -0.016 0.000 -0.094]
INFO  [mc_indi_tiltrotor] WRdbg1 Wu1=1 lo1=-19.75 du1=-0.1196 pin1=-0.009 a1=[-0.032 0.042 -0.024 -0.002 -0.094]
INFO  [mc_indi_tiltrotor] T0dbg1 G0=[-0.257 0.227 0.012 0.188 -0.982] nu_des=[0.02 0.01 -0.02 -1.70 0.09]
INFO  [mc_indi_tiltrotor] T0dbg2 Ws34=[0.1 20.0] Wu0=1.0 du0=-0.0560 dmin0=-19.7850 dmax0=25.2150
INFO  [mc_indi_tiltrotor] T2dbg1 G2=[-0.002 -0.652 0.060 0.026 -1.000] G5=[-0.784 -0.697 -0.020 13.064 0.334]
INFO  [mc_indi_tiltrotor] T2dbg2 Wu25=[1.0 9.0] du25=[-0.0307 -0.0021] dmax25=[31.9319 0.0120] nu_yaw=-0.022
INFO  [mc_indi_tiltrotor] WRdbg0 Wu0=1 lo0=-19.78 du0=-0.0560 pin0=0.000 a0=[-0.031 0.011 -0.001 -0.010 -0.025]
INFO  [mc_indi_tiltrotor] WRdbg1 Wu1=1 lo1=-18.61 du1=0.0157 pin1=0.000 a1=[0.033 0.007 0.008 0.002 -0.034]
INFO  [mc_indi_tiltrotor] YWdbg nu2=-0.020 ach2=-0.005 r=-0.48 wsp2=-0.50 ddelta=[0.0120 0.0120 0.0012]
INFO  [mc_indi_tiltrotor] T0dbg1 G0=[-0.257 0.228 0.010 0.197 -0.981] nu_des=[0.01 0.06 -0.03 -1.51 0.40]
INFO  [mc_indi_tiltrotor] T0dbg2 Ws34=[0.1 20.0] Wu0=1.0 du0=-0.1000 dmin0=-18.7291 dmax0=26.2709
INFO  [mc_indi_tiltrotor] T2dbg1 G2=[-0.001 -0.651 0.060 0.023 -1.000] G5=[-0.802 -0.734 -0.019 13.371 0.311]
INFO  [mc_indi_tiltrotor] T2dbg2 Wu25=[1.0 9.0] du25=[-0.1413 0.0000] dmax25=[31.6259 0.0120] nu_yaw=-0.027
INFO  [mc_indi_tiltrotor] WRdbg0 Wu0=1 lo0=-18.73 du0=-0.1000 pin0=0.028 a0=[-0.013 0.035 -0.001 0.001 -0.150]
INFO  [mc_indi_tiltrotor] WRdbg1 Wu1=1 lo1=-18.45 du1=-0.1143 pin1=-0.009 a1=[0.013 0.032 0.001 -0.001 -0.151]
INFO  [mc_indi_tiltrotor] T0dbg1 G0=[-0.257 0.228 0.004 0.220 -0.976] nu_des=[0.02 0.00 0.00 -1.75 0.02]
INFO  [mc_indi_tiltrotor] T0dbg2 Ws34=[0.1 20.0] Wu0=1.0 du0=-0.0393 dmin0=-16.7864 dmax0=28.2136
INFO  [mc_indi_tiltrotor] T2dbg1 G2=[-0.001 -0.651 0.060 0.020 -1.000] G5=[-0.758 -0.724 -0.015 12.632 0.246]
INFO  [mc_indi_tiltrotor] T2dbg2 Wu25=[1.0 9.0] du25=[-0.0072 -0.0016] dmax25=[32.3659 0.0120] nu_yaw=0.001
INFO  [mc_indi_tiltrotor] WRdbg0 Wu0=1 lo0=-16.79 du0=-0.0393 pin0=0.000 a0=[-0.022 0.000 0.000 -0.011 -0.006]
INFO  [mc_indi_tiltrotor] WRdbg1 Wu1=1 lo1=-17.62 du1=0.0180 pin1=0.000 a1=[0.026 0.000 -0.000 0.000 -0.008]
INFO  [mc_indi_tiltrotor] YWdbg nu2=0.070 ach2=0.069 r=-0.44 wsp2=-0.17 ddelta=[-0.0120 0.0039 -0.0016]
INFO  [mc_indi_tiltrotor] T0dbg1 G0=[-0.257 0.227 0.010 0.195 -0.981] nu_des=[-0.01 -0.15 0.05 -1.61 0.03]
INFO  [mc_indi_tiltrotor] T0dbg2 Ws34=[0.1 20.0] Wu0=1.0 du0=-0.0962 dmin0=-17.0038 dmax0=27.9962
INFO  [mc_indi_tiltrotor] T2dbg1 G2=[-0.001 -0.651 0.060 0.016 -1.000] G5=[-0.757 -0.752 -0.012 12.619 0.202]
INFO  [mc_indi_tiltrotor] T2dbg2 Wu25=[1.0 9.0] du25=[0.1480 0.0027] dmax25=[32.3792 0.0120] nu_yaw=0.055
INFO  [mc_indi_tiltrotor] WRdbg0 Wu0=1 lo0=-17.00 du0=-0.0962 pin0=-0.024 a0=[0.018 -0.096 0.016 0.000 -0.010]
INFO  [mc_indi_tiltrotor] WRdbg1 Wu1=1 lo1=-18.02 du1=-0.1229 pin1=0.000 a1=[-0.017 -0.078 -0.018 -0.001 -0.010]
INFO  [mc_indi_tiltrotor] T0dbg1 G0=[-0.257 0.227 0.016 0.172 -0.985] nu_des=[-0.01 0.11 0.00 -1.24 0.02]
INFO  [mc_indi_tiltrotor] T0dbg2 Ws34=[0.1 20.0] Wu0=1.0 du0=0.0726 dmin0=-17.6054 dmax0=27.3946
INFO  [mc_indi_tiltrotor] T2dbg1 G2=[-0.001 -0.651 0.060 0.015 -1.000] G5=[-0.750 -0.757 -0.011 12.506 0.183]
INFO  [mc_indi_tiltrotor] T2dbg2 Wu25=[1.0 9.0] du25=[-0.1204 -0.0018] dmax25=[32.4925 0.0120] nu_yaw=0.002
INFO  [mc_indi_tiltrotor] WRdbg0 Wu0=1 lo0=-17.61 du0=0.0726 pin0=0.000 a0=[0.008 0.077 0.000 -0.006 -0.007]
INFO  [mc_indi_tiltrotor] WRdbg1 Wu1=1 lo1=-17.97 du1=0.0364 pin1=0.000 a1=[-0.009 0.054 -0.001 -0.000 -0.008]
INFO  [mc_indi_tiltrotor] YWdbg nu2=-0.035 ach2=-0.033 r=0.01 wsp2=0.08 ddelta=[-0.0015 -0.0120 0.0026]
INFO  [mc_indi_tiltrotor] T0dbg1 G0=[-0.257 0.227 0.016 0.171 -0.985] nu_des=[-0.01 0.04 -0.05 -0.93 -0.06]
INFO  [mc_indi_tiltrotor] T0dbg2 Ws34=[0.1 20.0] Wu0=1.0 du0=0.0582 dmin0=-18.4652 dmax0=26.5348
INFO  [mc_indi_tiltrotor] T2dbg1 G2=[-0.001 -0.651 0.060 0.015 -1.000] G5=[-0.774 -0.781 -0.011 12.906 0.188]
INFO  [mc_indi_tiltrotor] T2dbg2 Wu25=[1.0 9.0] du25=[-0.0370 -0.0010] dmax25=[32.0931 0.0120] nu_yaw=-0.049
INFO  [mc_indi_tiltrotor] WRdbg0 Wu0=1 lo0=-18.47 du0=0.0582 pin0=0.000 a0=[0.020 0.028 -0.004 -0.005 0.019]
INFO  [mc_indi_tiltrotor] WRdbg1 Wu1=1 lo1=-17.96 du1=0.0399 pin1=0.000 a1=[-0.020 0.018 0.017 0.001 0.023]
INFO  [mc_indi_tiltrotor] T0dbg1 G0=[-0.257 0.227 0.013 0.182 -0.983] nu_des=[0.01 -0.03 -0.03 -0.83 0.02]
INFO  [mc_indi_tiltrotor] T0dbg2 Ws34=[0.1 20.0] Wu0=1.0 du0=-0.0507 dmin0=-18.9917 dmax0=26.0083
INFO  [mc_indi_tiltrotor] T2dbg1 G2=[-0.001 -0.651 0.060 0.013 -1.000] G5=[-0.798 -0.821 -0.010 13.297 0.168]
INFO  [mc_indi_tiltrotor] T2dbg2 Wu25=[1.0 9.0] du25=[0.0264 -0.0010] dmax25=[31.7023 0.0120] nu_yaw=-0.032
INFO  [mc_indi_tiltrotor] WRdbg0 Wu0=1 lo0=-18.99 du0=-0.0507 pin0=0.000 a0=[-0.018 -0.021 -0.002 -0.005 -0.006]
INFO  [mc_indi_tiltrotor] WRdbg1 Wu1=1 lo1=-18.64 du1=0.0124 pin1=0.000 a1=[0.018 -0.013 0.012 0.002 -0.007]
INFO  [mc_indi_tiltrotor] YWdbg nu2=0.035 ach2=0.035 r=0.01 wsp2=-0.03 ddelta=[0.0027 0.0112 -0.0019]
INFO  [mc_indi_tiltrotor] T0dbg1 G0=[-0.257 0.227 0.011 0.192 -0.981] nu_des=[0.02 0.02 0.04 -1.06 0.05]
INFO  [mc_indi_tiltrotor] T0dbg2 Ws34=[0.1 20.0] Wu0=1.0 du0=-0.0368 dmin0=-18.0476 dmax0=26.9524
INFO  [mc_indi_tiltrotor] T2dbg1 G2=[-0.000 -0.651 0.060 0.008 -1.000] G5=[-0.787 -0.852 -0.006 13.108 0.100]
INFO  [mc_indi_tiltrotor] T2dbg2 Wu25=[1.0 9.0] du25=[-0.0229 -0.0014] dmax25=[31.8911 0.0120] nu_yaw=0.044
INFO  [mc_indi_tiltrotor] WRdbg0 Wu0=1 lo0=-18.05 du0=-0.0368 pin0=0.000 a0=[-0.032 0.012 0.002 -0.006 -0.013]
INFO  [mc_indi_tiltrotor] WRdbg1 Wu1=1 lo1=-19.09 du1=0.0085 pin1=0.000 a1=[0.034 0.008 -0.017 0.001 -0.018]
INFO  [mc_indi_tiltrotor] T0dbg1 G0=[-0.257 0.227 0.015 0.178 -0.984] nu_des=[-0.01 -0.00 0.00 -0.92 -0.01]
INFO  [mc_indi_tiltrotor] T0dbg2 Ws34=[0.1 20.0] Wu0=1.0 du0=0.0190 dmin0=-17.9582 dmax0=27.0418
INFO  [mc_indi_tiltrotor] T2dbg1 G2=[-0.000 -0.650 0.060 0.004 -1.000] G5=[-0.787 -0.880 -0.004 13.113 0.059]
INFO  [mc_indi_tiltrotor] T2dbg2 Wu25=[1.0 9.0] du25=[-0.0092 0.0003] dmax25=[31.8866 0.0120] nu_yaw=0.004
INFO  [mc_indi_tiltrotor] WRdbg0 Wu0=1 lo0=-17.96 du0=0.0190 pin0=0.000 a0=[0.021 -0.001 0.000 -0.005 0.004]
INFO  [mc_indi_tiltrotor] WRdbg1 Wu1=1 lo1=-19.52 du1=-0.0187 pin1=0.000 a1=[-0.022 -0.001 -0.001 0.001 0.005]
INFO  [mc_indi_tiltrotor] YWdbg nu2=-0.014 ach2=-0.016 r=-0.01 wsp2=0.01 ddelta=[-0.0002 -0.0036 0.0006]
INFO  [mc_indi_tiltrotor] T0dbg1 G0=[-0.257 0.227 0.016 0.171 -0.985] nu_des=[-0.03 0.01 -0.01 -0.66 0.02]
INFO  [mc_indi_tiltrotor] T0dbg2 Ws34=[0.1 20.0] Wu0=1.0 du0=0.0367 dmin0=-18.4971 dmax0=26.5029
INFO  [mc_indi_tiltrotor] T2dbg1 G2=[-0.000 -0.650 0.060 0.006 -1.000] G5=[-0.786 -0.870 -0.004 13.093 0.072]
INFO  [mc_indi_tiltrotor] T2dbg2 Wu25=[1.0 9.0] du25=[-0.0251 0.0010] dmax25=[31.9066 0.0120] nu_yaw=-0.015
INFO  [mc_indi_tiltrotor] WRdbg0 Wu0=1 lo0=-18.50 du0=0.0367 pin0=0.000 a0=[0.044 0.004 -0.001 -0.003 -0.006]
INFO  [mc_indi_tiltrotor] WRdbg1 Wu1=1 lo1=-19.03 du1=-0.0431 pin1=0.000 a1=[-0.044 0.002 0.005 0.001 -0.008]
INFO  [mc_indi_tiltrotor] T0dbg1 G0=[-0.257 0.227 0.016 0.174 -0.985] nu_des=[-0.01 0.01 -0.05 -0.54 0.03]
INFO  [mc_indi_tiltrotor] T0dbg2 Ws34=[0.1 20.0] Wu0=1.0 du0=0.0106 dmin0=-18.9503 dmax0=26.0497
INFO  [mc_indi_tiltrotor] T2dbg1 G2=[-0.000 -0.651 0.060 0.008 -1.000] G5=[-0.793 -0.858 -0.006 13.213 0.103]
INFO  [mc_indi_tiltrotor] T2dbg2 Wu25=[1.0 9.0] du25=[-0.0028 -0.0000] dmax25=[31.7863 0.0120] nu_yaw=-0.053
INFO  [mc_indi_tiltrotor] WRdbg0 Wu0=1 lo0=-18.95 du0=0.0106 pin0=-0.003 a0=[0.015 0.003 0.004 0.000 -0.010]
INFO  [mc_indi_tiltrotor] WRdbg1 Wu1=1 lo1=-18.39 du1=-0.0036 pin1=0.002 a1=[-0.014 0.003 0.016 -0.001 -0.010]
INFO  [mc_indi_tiltrotor] YWdbg nu2=-0.005 ach2=-0.005 r=0.02 wsp2=-0.05 ddelta=[0.0022 0.0021 -0.0010]
INFO  [mc_indi_tiltrotor] T0dbg1 G0=[-0.257 0.227 0.011 0.190 -0.982] nu_des=[0.01 -0.01 0.00 -0.85 0.02]
INFO  [mc_indi_tiltrotor] T0dbg2 Ws34=[0.1 20.0] Wu0=1.0 du0=-0.0372 dmin0=-18.9217 dmax0=26.0783
INFO  [mc_indi_tiltrotor] T2dbg1 G2=[-0.000 -0.650 0.060 0.005 -1.000] G5=[-0.801 -0.888 -0.004 13.355 0.072]
INFO  [mc_indi_tiltrotor] T2dbg2 Wu25=[1.0 9.0] du25=[0.0052 -0.0010] dmax25=[31.6452 0.0120] nu_yaw=0.004
INFO  [mc_indi_tiltrotor] WRdbg0 Wu0=1 lo0=-18.92 du0=-0.0372 pin0=0.000 a0=[-0.020 -0.006 0.000 -0.005 -0.006]
INFO  [mc_indi_tiltrotor] WRdbg1 Wu1=1 lo1=-18.77 du1=0.0100 pin1=0.000 a1=[0.021 -0.003 -0.001 0.002 -0.008]
INFO  [mc_indi_tiltrotor] T0dbg1 G0=[-0.257 0.227 0.013 0.182 -0.983] nu_des=[0.01 0.02 0.04 -0.88 0.04]
INFO  [mc_indi_tiltrotor] T0dbg2 Ws34=[0.1 20.0] Wu0=1.0 du0=-0.0237 dmin0=-18.2843 dmax0=26.7157
INFO  [mc_indi_tiltrotor] T2dbg1 G2=[-0.000 -0.650 0.060 0.001 -1.000] G5=[-0.800 -0.921 -0.001 13.339 0.019]
INFO  [mc_indi_tiltrotor] T2dbg2 Wu25=[1.0 9.0] du25=[-0.0248 -0.0010] dmax25=[31.6610 0.0120] nu_yaw=0.038
INFO  [mc_indi_tiltrotor] WRdbg0 Wu0=1 lo0=-18.28 du0=-0.0237 pin0=0.000 a0=[-0.021 0.012 0.003 -0.005 -0.013]
INFO  [mc_indi_tiltrotor] WRdbg1 Wu1=1 lo1=-19.43 du1=-0.0000 pin1=0.000 a1=[0.022 0.008 -0.014 0.001 -0.017]
INFO  [mc_indi_tiltrotor] YWdbg nu2=0.013 ach2=0.013 r=-0.06 wsp2=0.02 ddelta=[-0.0004 0.0028 -0.0004]
INFO  [mc_indi_tiltrotor] T0dbg1 G0=[-0.257 0.227 0.017 0.170 -0.985] nu_des=[-0.02 0.00 0.01 -0.77 0.00]
INFO  [mc_indi_tiltrotor] T0dbg2 Ws34=[0.1 20.0] Wu0=1.0 du0=0.0244 dmin0=-18.2208 dmax0=26.7792
INFO  [mc_indi_tiltrotor] T2dbg1 G2=[-0.000 -0.650 0.060 0.000 -1.000] G5=[-0.796 -0.925 -0.000 13.263 0.005]
INFO  [mc_indi_tiltrotor] T2dbg2 Wu25=[1.0 9.0] du25=[-0.0160 0.0006] dmax25=[31.7367 0.0120] nu_yaw=0.013
INFO  [mc_indi_tiltrotor] WRdbg0 Wu0=1 lo0=-18.22 du0=0.0244 pin0=0.000 a0=[0.027 0.002 0.001 -0.004 -0.001]
INFO  [mc_indi_tiltrotor] WRdbg1 Wu1=1 lo1=-19.58 du1=-0.0317 pin1=0.000 a1=[-0.027 0.001 -0.005 0.001 -0.001]
INFO  [mc_indi_tiltrotor] T0dbg1 G0=[-0.256 0.227 0.018 0.166 -0.986] nu_des=[-0.03 0.05 -0.03 -0.49 0.03]
INFO  [mc_indi_tiltrotor] T0dbg2 Ws34=[0.1 20.0] Wu0=1.0 du0=0.0627 dmin0=-18.5823 dmax0=26.4177
INFO  [mc_indi_tiltrotor] T2dbg1 G2=[-0.000 -0.650 0.060 0.002 -1.000] G5=[-0.788 -0.902 -0.002 13.140 0.028]
INFO  [mc_indi_tiltrotor] T2dbg2 Wu25=[1.0 9.0] du25=[-0.0663 0.0003] dmax25=[31.8595 0.0120] nu_yaw=-0.029
INFO  [mc_indi_tiltrotor] WRdbg0 Wu0=1 lo0=-18.58 du0=0.0627 pin0=0.000 a0=[0.042 0.036 -0.003 -0.002 -0.010]
INFO  [mc_indi_tiltrotor] WRdbg1 Wu1=1 lo1=-18.92 du1=-0.0209 pin1=0.000 a1=[-0.042 0.022 0.011 0.001 -0.013]
INFO  [mc_indi_tiltrotor] YWdbg nu2=-0.058 ach2=-0.055 r=0.07 wsp2=0.03 ddelta=[0.0099 -0.0017 0.0002]
INFO  [mc_indi_tiltrotor] T0dbg1 G0=[-0.257 0.227 0.015 0.176 -0.984] nu_des=[-0.00 0.01 -0.04 -0.57 0.10]
INFO  [mc_indi_tiltrotor] T0dbg2 Ws34=[0.1 20.0] Wu0=1.0 du0=-0.0273 dmin0=-19.1191 dmax0=25.8809
INFO  [mc_indi_tiltrotor] T2dbg1 G2=[-0.000 -0.650 0.060 0.003 -1.000] G5=[-0.793 -0.899 -0.002 13.223 0.041]
INFO  [mc_indi_tiltrotor] T2dbg2 Wu25=[1.0 9.0] du25=[-0.0277 -0.0003] dmax25=[31.7766 0.0120] nu_yaw=-0.035
INFO  [mc_indi_tiltrotor] WRdbg0 Wu0=1 lo0=-19.12 du0=-0.0273 pin0=0.000 a0=[0.004 0.005 -0.002 -0.003 -0.031]
INFO  [mc_indi_tiltrotor] WRdbg1 Wu1=1 lo1=-18.62 du1=-0.0261 pin1=0.000 a1=[-0.004 0.003 0.014 0.001 -0.040]
INFO  [mc_indi_tiltrotor] T0dbg1 G0=[-0.257 0.227 0.013 0.183 -0.983] nu_des=[0.01 -0.01 0.03 -0.72 0.03]
INFO  [mc_indi_tiltrotor] T0dbg2 Ws34=[0.1 20.0] Wu0=1.0 du0=-0.0279 dmin0=-19.0057 dmax0=25.9943
INFO  [mc_indi_tiltrotor] T2dbg1 G2=[-0.000 -0.650 0.060 0.001 -1.000] G5=[-0.803 -0.928 -0.001 13.389 0.014]
INFO  [mc_indi_tiltrotor] T2dbg2 Wu25=[1.0 9.0] du25=[-0.0015 -0.0003] dmax25=[31.6113 0.0120] nu_yaw=0.026
INFO  [mc_indi_tiltrotor] WRdbg0 Wu0=1 lo0=-19.01 du0=-0.0279 pin0=0.000 a0=[-0.010 -0.006 0.001 -0.004 -0.010]
INFO  [mc_indi_tiltrotor] WRdbg1 Wu1=1 lo1=-19.02 du1=-0.0142 pin1=0.000 a1=[0.010 -0.003 -0.010 0.001 -0.013]
INFO  [mc_indi_tiltrotor] YWdbg nu2=0.042 ach2=0.041 r=-0.05 wsp2=-0.02 ddelta=[-0.0065 0.0023 -0.0001]
INFO  [mc_indi_tiltrotor] T0dbg1 G0=[-0.257 0.227 0.014 0.179 -0.984] nu_des=[0.00 -0.02 0.02 -0.87 0.02]
INFO  [mc_indi_tiltrotor] T0dbg2 Ws34=[0.1 20.0] Wu0=1.0 du0=-0.0271 dmin0=-18.1902 dmax0=26.8098
INFO  [mc_indi_tiltrotor] T2dbg1 G2=[-0.000 -0.650 0.060 0.000 -1.000] G5=[-0.796 -0.928 -0.000 13.265 0.001]
INFO  [mc_indi_tiltrotor] T2dbg2 Wu25=[1.0 9.0] du25=[0.0118 0.0001] dmax25=[31.7353 0.0120] nu_yaw=0.021
INFO  [mc_indi_tiltrotor] WRdbg0 Wu0=1 lo0=-18.19 du0=-0.0271 pin0=0.000 a0=[-0.002 -0.016 0.002 -0.005 -0.006]
INFO  [mc_indi_tiltrotor] WRdbg1 Wu1=1 lo1=-19.28 du1=-0.0225 pin1=0.000 a1=[0.002 -0.010 -0.007 0.001 -0.008]
INFO  [mc_indi_tiltrotor] T0dbg1 G0=[-0.257 0.227 0.017 0.170 -0.985] nu_des=[-0.01 -0.06 -0.01 -0.64 0.03]
INFO  [mc_indi_tiltrotor] T0dbg2 Ws34=[0.1 20.0] Wu0=1.0 du0=-0.0436 dmin0=-18.1860 dmax0=26.8140
INFO  [mc_indi_tiltrotor] T2dbg1 G2=[-0.000 -0.650 0.060 0.000 -1.000] G5=[-0.799 -0.929 -0.000 13.325 0.006]
INFO  [mc_indi_tiltrotor] T2dbg2 Wu25=[1.0 9.0] du25=[0.0410 0.0008] dmax25=[31.6751 0.0120] nu_yaw=-0.012
INFO  [mc_indi_tiltrotor] WRdbg0 Wu0=1 lo0=-18.19 du0=-0.0436 pin0=0.000 a0=[0.009 -0.040 -0.001 -0.003 -0.008]
INFO  [mc_indi_tiltrotor] WRdbg1 Wu1=1 lo1=-19.38 du1=-0.0393 pin1=0.000 a1=[-0.009 -0.025 0.004 0.001 -0.010]
INFO  [mc_indi_tiltrotor] YWdbg nu2=-0.016 ach2=-0.016 r=0.02 wsp2=0.03 ddelta=[0.0054 0.0023 -0.0004]
INFO  [mc_indi_tiltrotor] T0dbg1 G0=[-0.257 0.227 0.017 0.169 -0.986] nu_des=[-0.02 -0.01 -0.02 -0.47 0.07]
INFO  [mc_indi_tiltrotor] T0dbg2 Ws34=[0.1 20.0] Wu0=1.0 du0=-0.0074 dmin0=-18.4172 dmax0=26.5828
INFO  [mc_indi_tiltrotor] T2dbg1 G2=[-0.000 -0.650 0.060 0.002 -1.000] G5=[-0.790 -0.904 -0.002 13.171 0.027]
INFO  [mc_indi_tiltrotor] T2dbg2 Wu25=[1.0 9.0] du25=[-0.0122 0.0008] dmax25=[31.8290 0.0120] nu_yaw=-0.019
INFO  [mc_indi_tiltrotor] WRdbg0 Wu0=1 lo0=-18.42 du0=-0.0074 pin0=0.000 a0=[0.025 -0.007 -0.002 -0.002 -0.021]
INFO  [mc_indi_tiltrotor] WRdbg1 Wu1=1 lo1=-18.75 du1=-0.0473 pin1=0.000 a1=[-0.025 -0.004 0.007 0.001 -0.026]
INFO  [mc_indi_tiltrotor] T0dbg1 G0=[-0.257 0.227 0.015 0.174 -0.985] nu_des=[-0.01 0.00 -0.03 -0.47 -0.02]
INFO  [mc_indi_tiltrotor] T0dbg2 Ws34=[0.1 20.0] Wu0=1.0 du0=0.0360 dmin0=-18.9483 dmax0=26.0517
INFO  [mc_indi_tiltrotor] T2dbg1 G2=[-0.000 -0.650 0.060 0.003 -1.000] G5=[-0.789 -0.896 -0.002 13.143 0.036]
INFO  [mc_indi_tiltrotor] T2dbg2 Wu25=[1.0 9.0] du25=[0.0065 0.0006] dmax25=[31.8570 0.0120] nu_yaw=-0.027
INFO  [mc_indi_tiltrotor] WRdbg0 Wu0=1 lo0=-18.95 du0=0.0360 pin0=-0.002 a0=[0.027 0.001 0.002 0.000 0.007]
INFO  [mc_indi_tiltrotor] WRdbg1 Wu1=1 lo1=-18.58 du1=-0.0082 pin1=0.001 a1=[-0.025 0.001 0.008 -0.000 0.007]
INFO  [mc_indi_tiltrotor] YWdbg nu2=0.018 ach2=0.019 r=0.02 wsp2=-0.01 ddelta=[-0.0009 0.0032 -0.0011]
INFO  [mc_indi_tiltrotor] T0dbg1 G0=[-0.257 0.227 0.014 0.179 -0.984] nu_des=[0.01 0.01 0.03 -0.63 -0.02]
INFO  [mc_indi_tiltrotor] T0dbg2 Ws34=[0.1 20.0] Wu0=1.0 du0=0.0049 dmin0=-18.9116 dmax0=26.0884
INFO  [mc_indi_tiltrotor] T2dbg1 G2=[-0.000 -0.650 0.060 0.001 -1.000] G5=[-0.795 -0.922 -0.001 13.252 0.009]
INFO  [mc_indi_tiltrotor] T2dbg2 Wu25=[1.0 1000000.0] du25=[-0.0128 -0.0007] dmax25=[31.7475 0.0120] nu_yaw=0.035
INFO  [mc_indi_tiltrotor] WRdbg0 Wu0=1 lo0=-18.91 du0=0.0049 pin0=0.000 a0=[-0.011 0.011 0.002 -0.004 0.006]
INFO  [mc_indi_tiltrotor] WRdbg1 Wu1=1 lo1=-19.07 du1=0.0136 pin1=-0.001 a1=[0.012 0.007 -0.014 0.002 0.009]
INFO  [mc_indi_tiltrotor] T0dbg1 G0=[-0.257 0.227 0.016 0.174 -0.985] nu_des=[0.01 -0.03 0.03 -0.72 0.00]
INFO  [mc_indi_tiltrotor] T0dbg2 Ws34=[0.1 20.0] Wu0=1.0 du0=-0.0465 dmin0=-18.2099 dmax0=26.7901
INFO  [mc_indi_tiltrotor] T2dbg1 G2=[-0.000 -0.650 0.060 0.000 -1.000] G5=[-0.795 -0.927 -0.000 13.257 0.001]
INFO  [mc_indi_tiltrotor] T2dbg2 Wu25=[1.0 1000000.0] du25=[0.0311 -0.0001] dmax25=[31.7426 0.0120] nu_yaw=0.029
INFO  [mc_indi_tiltrotor] WRdbg0 Wu0=1 lo0=-18.21 du0=-0.0465 pin0=0.000 a0=[-0.019 -0.025 0.003 -0.004 -0.001]
INFO  [mc_indi_tiltrotor] WRdbg1 Wu1=1 lo1=-19.29 du1=-0.0079 pin1=-0.000 a1=[0.020 -0.017 -0.011 0.002 -0.002]
INFO  [mc_indi_tiltrotor] YWdbg nu2=-0.007 ach2=-0.007 r=-0.01 wsp2=0.03 ddelta=[-0.0007 -0.0020 -0.0002]
INFO  [mc_indi_tiltrotor] T0dbg1 G0=[-0.256 0.227 0.018 0.164 -0.986] nu_des=[-0.02 -0.01 -0.02 -0.40 0.01]
INFO  [mc_indi_tiltrotor] T0dbg2 Ws34=[0.1 20.0] Wu0=1.0 du0=0.0103 dmin0=-18.4336 dmax0=26.5664
INFO  [mc_indi_tiltrotor] T2dbg1 G2=[-0.000 -0.650 0.060 0.000 -1.000] G5=[-0.810 -0.942 -0.000 13.501 0.004]
INFO  [mc_indi_tiltrotor] T2dbg2 Wu25=[1.0 9.0] du25=[-0.0031 0.0006] dmax25=[31.4989 0.0120] nu_yaw=-0.016
INFO  [mc_indi_tiltrotor] WRdbg0 Wu0=1 lo0=-18.43 du0=0.0103 pin0=0.000 a0=[0.024 -0.006 -0.002 -0.002 -0.004]
INFO  [mc_indi_tiltrotor] WRdbg1 Wu1=1 lo1=-19.48 du1=-0.0258 pin1=0.000 a1=[-0.024 -0.004 0.006 0.001 -0.005]
INFO  [mc_indi_tiltrotor] T0dbg1 G0=[-0.257 0.227 0.018 0.167 -0.986] nu_des=[-0.01 -0.00 -0.03 -0.32 0.03]
INFO  [mc_indi_tiltrotor] T0dbg2 Ws34=[0.1 20.0] Wu0=1.0 du0=-0.0021 dmin0=-18.7584 dmax0=26.2416
INFO  [mc_indi_tiltrotor] T2dbg1 G2=[-0.000 -0.650 0.060 0.001 -1.000] G5=[-0.799 -0.921 -0.001 13.317 0.018]
INFO  [mc_indi_tiltrotor] T2dbg2 Wu25=[1.0 9.0] du25=[-0.0074 0.0000] dmax25=[31.6825 0.0120] nu_yaw=-0.028
INFO  [mc_indi_tiltrotor] WRdbg0 Wu0=1 lo0=-18.76 du0=-0.0021 pin0=-0.006 a0=[0.013 -0.001 0.002 0.000 -0.010]
INFO  [mc_indi_tiltrotor] WRdbg1 Wu1=1 lo1=-19.07 du1=-0.0100 pin1=0.004 a1=[-0.012 -0.000 0.008 -0.000 -0.010]
INFO  [mc_indi_tiltrotor] YWdbg nu2=0.004 ach2=0.004 r=0.04 wsp2=-0.01 ddelta=[-0.0014 -0.0008 -0.0004]
INFO  [mc_indi_tiltrotor] T0dbg1 G0=[-0.257 0.227 0.015 0.178 -0.984] nu_des=[-0.00 0.00 0.01 -0.56 -0.02]
INFO  [mc_indi_tiltrotor] T0dbg2 Ws34=[0.1 20.0] Wu0=1.0 du0=0.0119 dmin0=-19.0215 dmax0=25.9785
INFO  [mc_indi_tiltrotor] T2dbg1 G2=[-0.000 -0.650 0.060 0.002 -1.000] G5=[-0.792 -0.910 -0.001 13.195 0.021]
INFO  [mc_indi_tiltrotor] T2dbg2 Wu25=[1.0 9.0] du25=[-0.0022 -0.0001] dmax25=[31.8050 0.0120] nu_yaw=0.006
INFO  [mc_indi_tiltrotor] WRdbg0 Wu0=1 lo0=-19.02 du0=0.0119 pin0=-0.004 a0=[0.007 0.001 -0.001 0.000 0.009]
INFO  [mc_indi_tiltrotor] WRdbg1 Wu1=1 lo1=-18.88 du1=0.0034 pin1=0.003 a1=[-0.006 0.001 -0.002 -0.001 0.009]
INFO  [mc_indi_tiltrotor] T0dbg1 G0=[-0.257 0.227 0.015 0.175 -0.984] nu_des=[0.02 -0.01 0.01 -0.52 0.04]
INFO  [mc_indi_tiltrotor] T0dbg2 Ws34=[0.1 20.0] Wu0=1.0 du0=-0.0496 dmin0=-18.6186 dmax0=26.3814
INFO  [mc_indi_tiltrotor] T2dbg1 G2=[-0.000 -0.650 0.060 0.000 -1.000] G5=[-0.789 -0.917 -0.000 13.151 0.005]
INFO  [mc_indi_tiltrotor] T2dbg2 Wu25=[1.0 1000000.0] du25=[0.0032 -0.0004] dmax25=[31.8487 0.0120] nu_yaw=0.015
INFO  [mc_indi_tiltrotor] WRdbg0 Wu0=1 lo0=-18.62 du0=-0.0496 pin0=0.000 a0=[-0.033 -0.004 0.001 -0.003 -0.012]
INFO  [mc_indi_tiltrotor] WRdbg1 Wu1=1 lo1=-18.86 du1=0.0120 pin1=-0.001 a1=[0.034 -0.002 -0.006 0.002 -0.015]
INFO  [mc_indi_tiltrotor] YWdbg nu2=0.008 ach2=0.009 r=-0.03 wsp2=-0.01 ddelta=[-0.0047 -0.0028 -0.0002]
INFO  [mc_indi_tiltrotor] T0dbg1 G0=[-0.257 0.227 0.017 0.167 -0.986] nu_des=[0.01 0.04 0.02 -0.45 -0.02]
INFO  [mc_indi_tiltrotor] T0dbg2 Ws34=[0.1 20.0] Wu0=1.0 du0=0.0250 dmin0=-18.3740 dmax0=26.6260
INFO  [mc_indi_tiltrotor] T2dbg1 G2=[-0.000 -0.650 0.060 0.000 -1.000] G5=[-0.802 -0.935 -0.000 13.365 0.001]
INFO  [mc_indi_tiltrotor] T2dbg2 Wu25=[1.0 1000000.0] du25=[-0.0380 -0.0001] dmax25=[31.6349 0.0120] nu_yaw=0.019
INFO  [mc_indi_tiltrotor] WRdbg0 Wu0=1 lo0=-18.37 du0=0.0250 pin0=0.000 a0=[-0.010 0.030 0.002 -0.002 0.006]
INFO  [mc_indi_tiltrotor] WRdbg1 Wu1=1 lo1=-19.29 du1=0.0305 pin1=-0.000 a1=[0.010 0.019 -0.008 0.001 0.007]
INFO  [mc_indi_tiltrotor] T0dbg1 G0=[-0.256 0.227 0.019 0.160 -0.987] nu_des=[-0.00 -0.02 0.00 -0.36 0.02]
INFO  [mc_indi_tiltrotor] T0dbg2 Ws34=[0.1 20.0] Wu0=1.0 du0=-0.0166 dmin0=-18.3666 dmax0=26.6334
INFO  [mc_indi_tiltrotor] T2dbg1 G2=[-0.000 -0.650 0.060 0.000 -1.000] G5=[-0.804 -0.936 -0.000 13.400 0.003]
INFO  [mc_indi_tiltrotor] T2dbg2 Wu25=[1.0 9.0] du25=[0.0069 0.0003] dmax25=[31.5999 0.0120] nu_yaw=0.001
INFO  [mc_indi_tiltrotor] WRdbg0 Wu0=1 lo0=-18.37 du0=-0.0166 pin0=0.000 a0=[0.005 -0.012 0.000 -0.002 -0.008]
INFO  [mc_indi_tiltrotor] WRdbg1 Wu1=1 lo1=-19.40 du1=-0.0212 pin1=0.000 a1=[-0.005 -0.007 -0.000 0.001 -0.010]
INFO  [mc_indi_tiltrotor] YWdbg nu2=-0.013 ach2=-0.014 r=0.01 wsp2=0.02 ddelta=[-0.0002 -0.0034 0.0007]
INFO  [mc_indi_tiltrotor] T0dbg1 G0=[-0.256 0.227 0.019 0.160 -0.987] nu_des=[-0.01 -0.01 -0.03 -0.22 0.05]
INFO  [mc_indi_tiltrotor] T0dbg2 Ws34=[0.1 20.0] Wu0=1.0 du0=-0.0046 dmin0=-18.6523 dmax0=26.3477
INFO  [mc_indi_tiltrotor] T2dbg1 G2=[-0.000 -0.650 0.060 0.002 -1.000] G5=[-0.793 -0.910 -0.001 13.209 0.023]
INFO  [mc_indi_tiltrotor] T2dbg2 Wu25=[1.0 9.0] du25=[-0.0058 0.0007] dmax25=[31.7909 0.0120] nu_yaw=-0.026
INFO  [mc_indi_tiltrotor] WRdbg0 Wu0=1 lo0=-18.65 du0=-0.0046 pin0=0.000 a0=[0.023 -0.008 -0.003 -0.001 -0.016]
INFO  [mc_indi_tiltrotor] WRdbg1 Wu1=1 lo1=-18.92 du1=-0.0357 pin1=0.000 a1=[-0.022 -0.005 0.010 0.000 -0.020]
INFO  [mc_indi_tiltrotor] T0dbg1 G0=[-0.257 0.227 0.014 0.179 -0.984] nu_des=[-0.02 -0.02 -0.03 -0.53 0.03]
INFO  [mc_indi_tiltrotor] T0dbg2 Ws34=[0.1 20.0] Wu0=1.0 du0=0.0068 dmin0=-18.9348 dmax0=26.0652
INFO  [mc_indi_tiltrotor] T2dbg1 G2=[-0.000 -0.650 0.060 0.002 -1.000] G5=[-0.789 -0.906 -0.001 13.153 0.023]
INFO  [mc_indi_tiltrotor] T2dbg2 Wu25=[1.0 9.0] du25=[0.0211 0.0012] dmax25=[31.8466 0.0120] nu_yaw=-0.028
INFO  [mc_indi_tiltrotor] WRdbg0 Wu0=1 lo0=-18.93 du0=0.0068 pin0=-0.001 a0=[0.029 -0.012 0.003 0.000 -0.012]
INFO  [mc_indi_tiltrotor] WRdbg1 Wu1=1 lo1=-18.81 du1=-0.0406 pin1=0.001 a1=[-0.027 -0.011 0.008 -0.001 -0.012]
INFO  [mc_indi_tiltrotor] YWdbg nu2=0.024 ach2=0.024 r=0.00 wsp2=-0.03 ddelta=[-0.0040 0.0009 -0.0004]
INFO  [mc_indi_tiltrotor] T0dbg1 G0=[-0.257 0.227 0.015 0.176 -0.984] nu_des=[0.02 0.02 0.03 -0.57 0.06]
INFO  [mc_indi_tiltrotor] T0dbg2 Ws34=[0.1 20.0] Wu0=1.0 du0=-0.0398 dmin0=-18.7444 dmax0=26.2556
INFO  [mc_indi_tiltrotor] T2dbg1 G2=[-0.000 -0.650 0.060 0.000 -1.000] G5=[-0.793 -0.922 -0.000 13.212 0.005]
INFO  [mc_indi_tiltrotor] T2dbg2 Wu25=[1.0 1000000.0] du25=[-0.0265 -0.0004] dmax25=[31.7876 0.0120] nu_yaw=0.031
INFO  [mc_indi_tiltrotor] WRdbg0 Wu0=1 lo0=-18.74 du0=-0.0398 pin0=0.000 a0=[-0.035 0.015 0.002 -0.003 -0.019]
INFO  [mc_indi_tiltrotor] WRdbg1 Wu1=1 lo1=-19.06 du1=0.0101 pin1=-0.001 a1=[0.037 0.010 -0.013 0.002 -0.025]
INFO  [mc_indi_tiltrotor] T0dbg1 G0=[-0.257 0.227 0.016 0.171 -0.985] nu_des=[0.01 0.00 0.02 -0.56 -0.01]
INFO  [mc_indi_tiltrotor] T0dbg2 Ws34=[0.1 20.0] Wu0=1.0 du0=-0.0088 dmin0=-18.2395 dmax0=26.7605
INFO  [mc_indi_tiltrotor] T2dbg1 G2=[-0.000 -0.650 0.060 0.000 -1.000] G5=[-0.794 -0.925 -0.000 13.230 0.001]
INFO  [mc_indi_tiltrotor] T2dbg2 Wu25=[1.0 1000000.0] du25=[-0.0002 -0.0001] dmax25=[31.7705 0.0120] nu_yaw=0.017
INFO  [mc_indi_tiltrotor] WRdbg0 Wu0=1 lo0=-18.24 du0=-0.0088 pin0=0.000 a0=[-0.011 0.000 0.002 -0.003 0.004]
INFO  [mc_indi_tiltrotor] WRdbg1 Wu1=1 lo1=-19.10 du1=0.0112 pin1=-0.000 a1=[0.012 0.000 -0.007 0.001 0.005]
INFO  [mc_indi_tiltrotor] YWdbg nu2=-0.009 ach2=-0.008 r=-0.01 wsp2=0.02 ddelta=[-0.0018 -0.0035 -0.0002]
INFO  [mc_indi_tiltrotor] T0dbg1 G0=[-0.256 0.227 0.018 0.163 -0.987] nu_des=[-0.02 0.00 -0.02 -0.31 0.01]
INFO  [mc_indi_tiltrotor] T0dbg2 Ws34=[0.1 20.0] Wu0=1.0 du0=0.0284 dmin0=-18.4250 dmax0=26.5750
INFO  [mc_indi_tiltrotor] T2dbg1 G2=[-0.000 -0.650 0.060 0.000 -1.000] G5=[-0.807 -0.940 -0.000 13.455 0.003]
INFO  [mc_indi_tiltrotor] T2dbg2 Wu25=[1.0 9.0] du25=[-0.0142 0.0008] dmax25=[31.5454 0.0120] nu_yaw=-0.019
INFO  [mc_indi_tiltrotor] WRdbg0 Wu0=1 lo0=-18.43 du0=0.0284 pin0=0.000 a0=[0.033 0.002 -0.002 -0.001 -0.003]
INFO  [mc_indi_tiltrotor] WRdbg1 Wu1=1 lo1=-19.23 du1=-0.0263 pin1=0.000 a1=[-0.032 0.001 0.007 0.001 -0.003]
INFO  [mc_indi_tiltrotor] T0dbg1 G0=[-0.257 0.227 0.017 0.167 -0.986] nu_des=[-0.01 0.02 -0.03 -0.27 0.03]
INFO  [mc_indi_tiltrotor] T0dbg2 Ws34=[0.1 20.0] Wu0=1.0 du0=0.0075 dmin0=-18.5691 dmax0=26.4309
INFO  [mc_indi_tiltrotor] T2dbg1 G2=[-0.000 -0.650 0.060 0.000 -1.000] G5=[-0.797 -0.925 -0.000 13.276 0.006]
INFO  [mc_indi_tiltrotor] T2dbg2 Wu25=[1.0 9.0] du25=[-0.0238 -0.0002] dmax25=[31.7243 0.0120] nu_yaw=-0.027
INFO  [mc_indi_tiltrotor] WRdbg0 Wu0=1 lo0=-18.57 du0=0.0075 pin0=0.000 a0=[0.009 0.012 -0.002 -0.001 -0.010]
INFO  [mc_indi_tiltrotor] WRdbg1 Wu1=1 lo1=-18.99 du1=-0.0039 pin1=0.000 a1=[-0.009 0.007 0.010 0.001 -0.012]
INFO  [mc_indi_tiltrotor] YWdbg nu2=-0.027 ach2=-0.027 r=0.04 wsp2=-0.00 ddelta=[0.0050 -0.0003 -0.0005]
INFO  [mc_indi_tiltrotor] T0dbg1 G0=[-0.257 0.227 0.014 0.179 -0.984] nu_des=[0.00 -0.00 -0.02 -0.48 0.01]
INFO  [mc_indi_tiltrotor] T0dbg2 Ws34=[0.1 20.0] Wu0=1.0 du0=-0.0129 dmin0=-18.6842 dmax0=26.3158
INFO  [mc_indi_tiltrotor] T2dbg1 G2=[-0.000 -0.650 0.060 0.000 -1.000] G5=[-0.781 -0.908 -0.000 13.018 0.005]
INFO  [mc_indi_tiltrotor] T2dbg2 Wu25=[1.0 1000000.0] du25=[0.0030 -0.0004] dmax25=[31.9824 0.0120] nu_yaw=-0.022
INFO  [mc_indi_tiltrotor] WRdbg0 Wu0=1 lo0=-18.68 du0=-0.0129 pin0=-0.001 a0=[-0.009 -0.001 0.002 -0.000 -0.004]
INFO  [mc_indi_tiltrotor] WRdbg1 Wu1=1 lo1=-18.79 du1=0.0092 pin1=-0.000 a1=[0.008 -0.001 0.007 -0.000 -0.005]
INFO  [mc_indi_tiltrotor] T0dbg1 G0=[-0.257 0.227 0.012 0.187 -0.982] nu_des=[0.01 0.10 0.02 -0.65 0.06]
INFO  [mc_indi_tiltrotor] T0dbg2 Ws34=[0.1 20.0] Wu0=1.0 du0=0.0331 dmin0=-18.2724 dmax0=26.7276
INFO  [mc_indi_tiltrotor] T2dbg1 G2=[-0.000 -0.650 0.060 0.001 -1.000] G5=[-0.824 -0.950 -0.001 13.741 0.018]
INFO  [mc_indi_tiltrotor] T2dbg2 Wu25=[1.0 1000000.0] du25=[-0.1044 -0.0013] dmax25=[31.2594 0.0120] nu_yaw=0.017
INFO  [mc_indi_tiltrotor] WRdbg0 Wu0=1 lo0=-18.27 du0=0.0331 pin0=0.001 a0=[-0.018 0.071 0.001 -0.004 -0.017]
INFO  [mc_indi_tiltrotor] WRdbg1 Wu1=1 lo1=-18.62 du1=0.0337 pin1=-0.002 a1=[0.019 0.045 -0.007 0.002 -0.023]
INFO  [mc_indi_tiltrotor] YWdbg nu2=0.012 ach2=0.012 r=-0.02 wsp2=-0.02 ddelta=[-0.0034 -0.0008 -0.0003]
INFO  [mc_indi_tiltrotor] T0dbg1 G0=[-0.257 0.227 0.015 0.177 -0.984] nu_des=[0.01 0.01 0.00 -0.45 0.00]
INFO  [mc_indi_tiltrotor] T0dbg2 Ws34=[0.1 20.0] Wu0=1.0 du0=-0.0089 dmin0=-18.1072 dmax0=26.8928
INFO  [mc_indi_tiltrotor] T2dbg1 G2=[-0.000 -0.650 0.060 0.000 -1.000] G5=[-0.840 -0.979 -0.000 14.001 0.002]
INFO  [mc_indi_tiltrotor] T2dbg2 Wu25=[1.0 1000000.0] du25=[-0.0124 -0.0001] dmax25=[30.9990 0.0120] nu_yaw=0.003
INFO  [mc_indi_tiltrotor] WRdbg0 Wu0=1 lo0=-18.11 du0=-0.0089 pin0=0.000 a0=[-0.017 0.010 0.000 -0.002 -0.000]
INFO  [mc_indi_tiltrotor] WRdbg1 Wu1=1 lo1=-18.96 du1=0.0234 pin1=-0.000 a1=[0.018 0.007 -0.001 0.001 -0.000]
INFO  [mc_indi_tiltrotor] T0dbg1 G0=[-0.257 0.227 0.013 0.184 -0.983] nu_des=[0.00 -0.03 -0.06 -0.43 0.05]
INFO  [mc_indi_tiltrotor] T0dbg2 Ws34=[0.1 20.0] Wu0=1.0 du0=-0.0350 dmin0=-17.8791 dmax0=27.1209
INFO  [mc_indi_tiltrotor] T2dbg1 G2=[-0.000 -0.650 0.060 0.001 -1.000] G5=[-0.875 -1.015 -0.001 14.581 0.009]
INFO  [mc_indi_tiltrotor] T2dbg2 Wu25=[1.0 9.0] du25=[0.0373 0.0003] dmax25=[30.4190 0.0120] nu_yaw=-0.061
INFO  [mc_indi_tiltrotor] WRdbg0 Wu0=1 lo0=-17.88 du0=-0.0350 pin0=0.007 a0=[-0.001 -0.020 -0.002 0.000 -0.020]
INFO  [mc_indi_tiltrotor] WRdbg1 Wu1=1 lo1=-18.94 du1=-0.0166 pin1=0.017 a1=[0.001 -0.018 0.003 -0.000 -0.020]
INFO  [mc_indi_tiltrotor] YWdbg nu2=-0.011 ach2=-0.010 r=0.03 wsp2=-0.02 ddelta=[0.0013 -0.0011 0.0004]
INFO  [mc_indi_tiltrotor] T0dbg1 G0=[-0.257 0.228 0.010 0.197 -0.980] nu_des=[0.00 0.01 0.00 -0.69 0.05]
INFO  [mc_indi_tiltrotor] T0dbg2 Ws34=[0.1 20.0] Wu0=1.0 du0=-0.0147 dmin0=-18.0538 dmax0=26.9462
INFO  [mc_indi_tiltrotor] T2dbg1 G2=[-0.000 -0.650 0.060 0.001 -1.000] G5=[-0.857 -0.991 -0.001 14.290 0.013]
INFO  [mc_indi_tiltrotor] T2dbg2 Wu25=[1.0 9.0] du25=[-0.0227 -0.0006] dmax25=[30.7104 0.0120] nu_yaw=0.003
INFO  [mc_indi_tiltrotor] WRdbg0 Wu0=1 lo0=-18.05 du0=-0.0147 pin0=0.000 a0=[-0.004 0.008 0.000 -0.004 -0.015]
INFO  [mc_indi_tiltrotor] WRdbg1 Wu1=1 lo1=-18.68 du1=-0.0105 pin1=0.000 a1=[0.004 0.005 -0.001 0.001 -0.020]
INFO  [mc_indi_tiltrotor] T0dbg1 G0=[-0.257 0.227 0.012 0.187 -0.982] nu_des=[0.01 0.01 0.04 -0.66 0.02]
INFO  [mc_indi_tiltrotor] T0dbg2 Ws34=[0.1 20.0] Wu0=1.0 du0=-0.0115 dmin0=-18.0085 dmax0=26.9915
INFO  [mc_indi_tiltrotor] T2dbg1 G2=[-0.000 -0.650 0.060 0.001 -1.000] G5=[-0.869 -1.005 -0.001 14.481 0.013]
INFO  [mc_indi_tiltrotor] T2dbg2 Wu25=[1.0 9.0] du25=[-0.0185 -0.0006] dmax25=[30.5187 0.0120] nu_yaw=0.037
INFO  [mc_indi_tiltrotor] WRdbg0 Wu0=1 lo0=-18.01 du0=-0.0115 pin0=0.000 a0=[-0.011 0.009 0.002 -0.004 -0.008]
INFO  [mc_indi_tiltrotor] WRdbg1 Wu1=1 lo1=-18.42 du1=-0.0063 pin1=0.000 a1=[0.011 0.005 -0.014 0.001 -0.010]
INFO  [mc_indi_tiltrotor] YWdbg nu2=0.023 ach2=0.022 r=-0.05 wsp2=0.02 ddelta=[-0.0039 0.0008 -0.0002]
INFO  [mc_indi_tiltrotor] T0dbg1 G0=[-0.257 0.227 0.016 0.173 -0.985] nu_des=[0.00 -0.01 0.01 -0.53 0.00]
INFO  [mc_indi_tiltrotor] T0dbg2 Ws34=[0.1 20.0] Wu0=1.0 du0=-0.0135 dmin0=-17.8898 dmax0=27.1102
INFO  [mc_indi_tiltrotor] T2dbg1 G2=[-0.000 -0.650 0.060 0.000 -1.000] G5=[-0.872 -1.016 -0.000 14.541 0.002]
INFO  [mc_indi_tiltrotor] T2dbg2 Wu25=[1.0 9.0] du25=[0.0047 -0.0002] dmax25=[30.4594 0.0120] nu_yaw=0.014
INFO  [mc_indi_tiltrotor] WRdbg0 Wu0=1 lo0=-17.89 du0=-0.0135 pin0=0.000 a0=[-0.004 -0.006 0.001 -0.003 -0.001]
INFO  [mc_indi_tiltrotor] WRdbg1 Wu1=1 lo1=-18.49 du1=-0.0059 pin1=0.000 a1=[0.004 -0.004 -0.005 0.001 -0.002]
INFO  [mc_indi_tiltrotor] T0dbg1 G0=[-0.257 0.227 0.012 0.188 -0.982] nu_des=[-0.01 0.07 -0.09 -0.42 0.06]
INFO  [mc_indi_tiltrotor] T0dbg2 Ws34=[0.1 20.0] Wu0=1.0 du0=0.0454 dmin0=-17.0527 dmax0=27.9473
INFO  [mc_indi_tiltrotor] T2dbg1 G2=[-0.000 -0.650 0.060 0.001 -1.000] G5=[-0.918 -1.062 -0.001 15.306 0.015]
INFO  [mc_indi_tiltrotor] T2dbg2 Wu25=[1.0 1000000.0] du25=[-0.0854 -0.0010] dmax25=[29.6943 0.0120] nu_yaw=-0.092
INFO  [mc_indi_tiltrotor] WRdbg0 Wu0=1 lo0=-17.05 du0=0.0454 pin0=0.001 a0=[0.026 0.040 -0.000 -0.000 -0.022]
INFO  [mc_indi_tiltrotor] WRdbg1 Wu1=1 lo1=-18.27 du1=0.0204 pin1=0.028 a1=[-0.026 0.041 0.000 -0.000 -0.022]
INFO  [mc_indi_tiltrotor] YWdbg nu2=-0.086 ach2=-0.063 r=0.12 wsp2=-0.02 ddelta=[0.0120 -0.0006 -0.0018]
INFO  [mc_indi_tiltrotor] T0dbg1 G0=[-0.257 0.228 0.002 0.227 -0.974] nu_des=[-0.01 -0.05 -0.05 -1.08 0.06]
INFO  [mc_indi_tiltrotor] T0dbg2 Ws34=[0.1 20.0] Wu0=1.0 du0=-0.0153 dmin0=-17.3177 dmax0=27.6823
INFO  [mc_indi_tiltrotor] T2dbg1 G2=[-0.000 -0.650 0.060 0.002 -1.000] G5=[-0.914 -1.049 -0.002 15.233 0.026]
INFO  [mc_indi_tiltrotor] T2dbg2 Wu25=[1.0 9.0] du25=[0.0522 0.0016] dmax25=[29.7674 0.0120] nu_yaw=-0.048
INFO  [mc_indi_tiltrotor] WRdbg0 Wu0=1 lo0=-17.32 du0=-0.0153 pin0=-0.001 a0=[0.022 -0.028 0.013 0.000 -0.022]
INFO  [mc_indi_tiltrotor] WRdbg1 Wu1=1 lo1=-18.23 du1=-0.0536 pin1=0.000 a1=[-0.020 -0.025 0.015 -0.001 -0.022]
INFO  [mc_indi_tiltrotor] T0dbg1 G0=[-0.257 0.228 0.000 0.232 -0.973] nu_des=[-0.01 0.06 0.03 -1.25 0.00]
INFO  [mc_indi_tiltrotor] T0dbg2 Ws34=[0.1 20.0] Wu0=1.0 du0=0.0495 dmin0=-17.2903 dmax0=27.7097
INFO  [mc_indi_tiltrotor] T2dbg1 G2=[-0.000 -0.650 0.060 0.002 -1.000] G5=[-0.942 -1.076 -0.002 15.695 0.035]
INFO  [mc_indi_tiltrotor] T2dbg2 Wu25=[1.0 9.0] du25=[-0.0763 -0.0010] dmax25=[29.3047 0.0120] nu_yaw=0.028
INFO  [mc_indi_tiltrotor] WRdbg0 Wu0=1 lo0=-17.29 du0=0.0495 pin0=0.000 a0=[0.014 0.044 -0.001 -0.008 -0.000]
INFO  [mc_indi_tiltrotor] WRdbg1 Wu1=1 lo1=-17.63 du1=0.0013 pin1=0.000 a1=[-0.017 0.027 -0.011 0.001 -0.000]
INFO  [mc_indi_tiltrotor] YWdbg nu2=0.051 ach2=0.049 r=-0.10 wsp2=-0.06 ddelta=[-0.0079 0.0024 -0.0002]
INFO  [mc_indi_tiltrotor] T0dbg1 G0=[-0.257 0.228 0.007 0.208 -0.978] nu_des=[0.02 0.03 0.06 -1.13 0.01]
INFO  [mc_indi_tiltrotor] T0dbg2 Ws34=[0.1 20.0] Wu0=1.0 du0=-0.0153 dmin0=-17.3222 dmax0=27.6778
INFO  [mc_indi_tiltrotor] T2dbg1 G2=[-0.000 -0.650 0.060 0.001 -1.000] G5=[-0.942 -1.093 -0.001 15.692 0.008]
INFO  [mc_indi_tiltrotor] T2dbg2 Wu25=[1.0 1000000.0] du25=[-0.0290 -0.0005] dmax25=[29.3081 0.0120] nu_yaw=0.057
INFO  [mc_indi_tiltrotor] WRdbg0 Wu0=1 lo0=-17.32 du0=-0.0153 pin0=0.000 a0=[-0.027 0.019 0.001 -0.007 -0.002]
INFO  [mc_indi_tiltrotor] WRdbg1 Wu1=1 lo1=-17.84 du1=0.0197 pin1=-0.001 a1=[0.031 0.013 -0.022 0.002 -0.003]
INFO  [mc_indi_tiltrotor] T0dbg1 G0=[-0.257 0.228 0.007 0.207 -0.978] nu_des=[0.01 -0.00 -0.05 -1.02 0.02]
INFO  [mc_indi_tiltrotor] T0dbg2 Ws34=[0.1 20.0] Wu0=1.0 du0=-0.0250 dmin0=-16.7192 dmax0=28.2808
INFO  [mc_indi_tiltrotor] T2dbg1 G2=[-0.000 -0.650 0.060 0.000 -1.000] G5=[-0.952 -1.109 -0.000 15.863 0.003]
INFO  [mc_indi_tiltrotor] T2dbg2 Wu25=[1.0 1000000.0] du25=[-0.0032 -0.0002] dmax25=[29.1371 0.0120] nu_yaw=-0.047
INFO  [mc_indi_tiltrotor] WRdbg0 Wu0=1 lo0=-16.72 du0=-0.0250 pin0=0.000 a0=[-0.009 -0.002 -0.002 -0.006 -0.006]
INFO  [mc_indi_tiltrotor] WRdbg1 Wu1=1 lo1=-17.91 du1=0.0195 pin1=-0.000 a1=[0.010 -0.002 0.018 0.002 -0.008]
INFO  [mc_indi_tiltrotor] YWdbg nu2=-0.059 ach2=-0.058 r=0.05 wsp2=0.03 ddelta=[0.0030 -0.0102 -0.0002]
INFO  [mc_indi_tiltrotor] T0dbg1 G0=[-0.257 0.228 0.002 0.225 -0.974] nu_des=[-0.01 -0.10 -0.05 -0.98 0.06]
INFO  [mc_indi_tiltrotor] T0dbg2 Ws34=[0.1 20.0] Wu0=1.0 du0=-0.0567 dmin0=-16.6783 dmax0=28.3217
INFO  [mc_indi_tiltrotor] T2dbg1 G2=[-0.000 -0.650 0.060 0.001 -1.000] G5=[-0.960 -1.113 -0.001 15.995 0.011]
INFO  [mc_indi_tiltrotor] T2dbg2 Wu25=[1.0 9.0] du25=[0.1004 0.0027] dmax25=[29.0053 0.0120] nu_yaw=-0.052
INFO  [mc_indi_tiltrotor] WRdbg0 Wu0=1 lo0=-16.68 du0=-0.0567 pin0=-0.013 a0=[0.024 -0.059 0.014 0.000 -0.023]
INFO  [mc_indi_tiltrotor] WRdbg1 Wu1=1 lo1=-17.92 du1=-0.0762 pin1=0.005 a1=[-0.022 -0.050 0.016 -0.001 -0.023]
INFO  [mc_indi_tiltrotor] T0dbg1 G0=[-0.257 0.228 -0.004 0.249 -0.969] nu_des=[-0.00 0.00 0.01 -1.39 0.02]
INFO  [mc_indi_tiltrotor] T0dbg2 Ws34=[0.1 20.0] Wu0=1.0 du0=-0.0066 dmin0=-16.7494 dmax0=28.2506
INFO  [mc_indi_tiltrotor] T2dbg1 G2=[-0.000 -0.650 0.060 0.002 -1.000] G5=[-0.992 -1.139 -0.002 16.531 0.028]
INFO  [mc_indi_tiltrotor] T2dbg2 Wu25=[1.0 9.0] du25=[-0.0149 -0.0006] dmax25=[28.4692 0.0120] nu_yaw=0.007
INFO  [mc_indi_tiltrotor] WRdbg0 Wu0=1 lo0=-16.75 du0=-0.0066 pin0=0.000 a0=[0.006 0.002 -0.000 -0.009 -0.004]
INFO  [mc_indi_tiltrotor] WRdbg1 Wu1=1 lo1=-17.58 du1=-0.0138 pin1=0.000 a1=[-0.007 0.001 -0.003 0.001 -0.006]
INFO  [mc_indi_tiltrotor] YWdbg nu2=0.037 ach2=0.036 r=-0.01 wsp2=-0.05 ddelta=[-0.0060 0.0027 -0.0011]
INFO  [mc_indi_tiltrotor] T0dbg1 G0=[-0.257 0.228 0.000 0.233 -0.973] nu_des=[0.01 -0.12 0.04 -1.17 0.02]
INFO  [mc_indi_tiltrotor] T0dbg2 Ws34=[0.1 20.0] Wu0=1.0 du0=-0.1081 dmin0=-16.7189 dmax0=28.2811
INFO  [mc_indi_tiltrotor] T2dbg1 G2=[-0.000 -0.650 0.060 0.001 -1.000] G5=[-0.990 -1.148 -0.001 16.501 0.010]
INFO  [mc_indi_tiltrotor] T2dbg2 Wu25=[1.0 9.0] du25=[0.1158 0.0017] dmax25=[28.4991 0.0120] nu_yaw=0.042
INFO  [mc_indi_tiltrotor] WRdbg0 Wu0=1 lo0=-16.72 du0=-0.1081 pin0=0.000 a0=[-0.009 -0.085 -0.001 -0.008 -0.005]
INFO  [mc_indi_tiltrotor] WRdbg1 Wu1=1 lo1=-17.46 du1=-0.0641 pin1=0.000 a1=[0.011 -0.053 -0.016 0.001 -0.007]
INFO  [mc_indi_tiltrotor] T0dbg1 G0=[-0.257 0.228 0.003 0.222 -0.975] nu_des=[0.01 -0.07 0.03 -1.00 -0.01]
INFO  [mc_indi_tiltrotor] T0dbg2 Ws34=[0.1 20.0] Wu0=1.0 du0=-0.0606 dmin0=-16.3347 dmax0=28.6653
INFO  [mc_indi_tiltrotor] T2dbg1 G2=[-0.000 -0.650 0.060 0.000 -1.000] G5=[-1.026 -1.194 -0.000 17.093 0.004]
INFO  [mc_indi_tiltrotor] T2dbg2 Wu25=[1.0 9.0] du25=[0.0666 0.0007] dmax25=[27.9069 0.0120] nu_yaw=0.035
INFO  [mc_indi_tiltrotor] WRdbg0 Wu0=1 lo0=-16.33 du0=-0.0606 pin0=0.000 a0=[-0.008 -0.049 -0.000 -0.006 0.002]
INFO  [mc_indi_tiltrotor] WRdbg1 Wu1=1 lo1=-17.45 du1=-0.0315 pin1=0.000 a1=[0.008 -0.030 -0.013 0.001 0.003]
INFO  [mc_indi_tiltrotor] YWdbg nu2=0.006 ach2=0.007 r=-0.04 wsp2=0.03 ddelta=[-0.0022 -0.0006 -0.0002]
INFO  [mc_indi_tiltrotor] T0dbg1 G0=[-0.257 0.228 0.005 0.214 -0.977] nu_des=[-0.00 -0.10 -0.05 -0.75 0.13]
INFO  [mc_indi_tiltrotor] T0dbg2 Ws34=[0.1 20.0] Wu0=1.0 du0=-0.1120 dmin0=-15.9367 dmax0=29.0633
INFO  [mc_indi_tiltrotor] T2dbg1 G2=[-0.000 -0.650 0.060 0.001 -1.000] G5=[-1.059 -1.228 -0.001 17.644 0.011]
INFO  [mc_indi_tiltrotor] T2dbg2 Wu25=[1.0 9.0] du25=[0.0732 0.0016] dmax25=[27.3562 0.0120] nu_yaw=-0.045
INFO  [mc_indi_tiltrotor] WRdbg0 Wu0=1 lo0=-15.94 du0=-0.1120 pin0=0.000 a0=[0.000 -0.071 -0.000 -0.004 -0.036]
INFO  [mc_indi_tiltrotor] WRdbg1 Wu1=1 lo1=-17.57 du1=-0.0750 pin1=0.000 a1=[-0.000 -0.043 0.017 0.000 -0.050]
INFO  [mc_indi_tiltrotor] T0dbg1 G0=[-0.257 0.228 -0.002 0.241 -0.970] nu_des=[-0.00 0.00 -0.04 -1.11 0.01]
INFO  [mc_indi_tiltrotor] T0dbg2 Ws34=[0.1 20.0] Wu0=1.0 du0=0.0066 dmin0=-16.1642 dmax0=28.8358
INFO  [mc_indi_tiltrotor] T2dbg1 G2=[-0.000 -0.650 0.060 0.001 -1.000] G5=[-1.047 -1.209 -0.001 17.442 0.018]
INFO  [mc_indi_tiltrotor] T2dbg2 Wu25=[1.0 1000000.0] du25=[-0.0043 -0.0010] dmax25=[27.5575 0.0120] nu_yaw=-0.043
INFO  [mc_indi_tiltrotor] WRdbg0 Wu0=1 lo0=-16.16 du0=0.0066 pin0=-0.010 a0=[0.006 0.002 0.014 -0.000 -0.005]
INFO  [mc_indi_tiltrotor] WRdbg1 Wu1=1 lo1=-17.54 du1=0.0059 pin1=0.002 a1=[-0.006 0.002 0.013 -0.000 -0.005]
INFO  [mc_indi_tiltrotor] YWdbg nu2=-0.018 ach2=-0.017 r=0.05 wsp2=-0.03 ddelta=[0.0013 -0.0030 -0.0001]
INFO  [mc_indi_tiltrotor] T0dbg1 G0=[-0.257 0.228 -0.007 0.261 -0.965] nu_des=[0.01 -0.00 -0.01 -1.45 0.03]
INFO  [mc_indi_tiltrotor] T0dbg2 Ws34=[0.1 20.0] Wu0=1.0 du0=-0.0284 dmin0=-16.2218 dmax0=28.7782
INFO  [mc_indi_tiltrotor] T2dbg1 G2=[-0.000 -0.650 0.060 0.002 -1.000] G5=[-1.074 -1.233 -0.002 17.893 0.030]
INFO  [mc_indi_tiltrotor] T2dbg2 Wu25=[1.0 1000000.0] du25=[-0.0040 -0.0017] dmax25=[27.1073 0.0120] nu_yaw=-0.013
INFO  [mc_indi_tiltrotor] WRdbg0 Wu0=1 lo0=-16.22 du0=-0.0284 pin0=0.001 a0=[-0.013 -0.001 0.001 -0.011 -0.006]
INFO  [mc_indi_tiltrotor] WRdbg1 Wu1=1 lo1=-17.18 du1=0.0106 pin1=-0.004 a1=[0.017 -0.001 0.006 0.003 -0.010]
INFO  [mc_indi_tiltrotor] T0dbg1 G0=[-0.257 0.228 -0.006 0.255 -0.967] nu_des=[0.00 -0.04 0.04 -1.28 0.02]
INFO  [mc_indi_tiltrotor] T0dbg2 Ws34=[0.1 20.0] Wu0=1.0 du0=-0.0473 dmin0=-16.2052 dmax0=28.7948
INFO  [mc_indi_tiltrotor] T2dbg1 G2=[-0.000 -0.650 0.060 0.000 -1.000] G5=[-1.077 -1.252 -0.000 17.950 0.006]
INFO  [mc_indi_tiltrotor] T2dbg2 Wu25=[1.0 9.0] du25=[0.0324 0.0004] dmax25=[27.0501 0.0120] nu_yaw=0.041
INFO  [mc_indi_tiltrotor] WRdbg0 Wu0=1 lo0=-16.21 du0=-0.0473 pin0=0.000 a0=[-0.003 -0.028 -0.003 -0.008 -0.005]
INFO  [mc_indi_tiltrotor] WRdbg1 Wu1=1 lo1=-16.99 du1=-0.0380 pin1=0.000 a1=[0.003 -0.017 -0.016 0.001 -0.008]
INFO  [mc_indi_tiltrotor] YWdbg nu2=0.053 ach2=0.052 r=-0.07 wsp2=-0.02 ddelta=[-0.0054 0.0070 -0.0001]
INFO  [mc_indi_tiltrotor] T0dbg1 G0=[-0.257 0.228 -0.003 0.246 -0.969] nu_des=[0.01 0.04 -0.01 -1.24 0.06]
INFO  [mc_indi_tiltrotor] T0dbg2 Ws34=[0.1 20.0] Wu0=1.0 du0=-0.0083 dmin0=-15.5144 dmax0=29.4856
INFO  [mc_indi_tiltrotor] T2dbg1 G2=[-0.000 -0.650 0.060 0.001 -1.000] G5=[-1.110 -1.287 -0.001 18.497 0.013]
INFO  [mc_indi_tiltrotor] T2dbg2 Wu25=[1.0 1000000.0] du25=[-0.0523 -0.0007] dmax25=[26.5034 0.0120] nu_yaw=-0.010
INFO  [mc_indi_tiltrotor] WRdbg0 Wu0=1 lo0=-15.51 du0=-0.0083 pin0=0.001 a0=[-0.010 0.025 0.000 -0.008 -0.016]
INFO  [mc_indi_tiltrotor] WRdbg1 Wu1=1 lo1=-16.94 du1=0.0112 pin1=-0.002 a1=[0.013 0.019 0.004 0.002 -0.025]
INFO  [mc_indi_tiltrotor] T0dbg1 G0=[-0.257 0.228 -0.003 0.244 -0.970] nu_des=[-0.01 0.00 -0.04 -0.98 0.02]
INFO  [mc_indi_tiltrotor] T0dbg2 Ws34=[0.1 20.0] Wu0=1.0 du0=0.0124 dmin0=-15.3643 dmax0=29.6357
INFO  [mc_indi_tiltrotor] T2dbg1 G2=[-0.000 -0.650 0.060 0.000 -1.000] G5=[-1.101 -1.283 -0.000 18.354 0.003]
INFO  [mc_indi_tiltrotor] T2dbg2 Wu25=[1.0 1000000.0] du25=[-0.0111 -0.0002] dmax25=[26.6462 0.0120] nu_yaw=-0.038
INFO  [mc_indi_tiltrotor] WRdbg0 Wu0=1 lo0=-15.36 du0=0.0124 pin0=-0.018 a0=[0.023 0.001 0.012 -0.000 -0.006]
INFO  [mc_indi_tiltrotor] WRdbg1 Wu1=1 lo1=-17.10 du1=-0.0088 pin1=0.007 a1=[-0.022 0.001 0.011 -0.000 -0.006]
INFO  [mc_indi_tiltrotor] YWdbg nu2=-0.040 ach2=-0.037 r=0.05 wsp2=0.01 ddelta=[0.0062 -0.0028 -0.0006]
INFO  [mc_indi_tiltrotor] T0dbg1 G0=[-0.257 0.228 -0.011 0.274 -0.962] nu_des=[-0.00 0.07 -0.06 -1.42 0.10]
INFO  [mc_indi_tiltrotor] T0dbg2 Ws34=[0.1 20.0] Wu0=1.0 du0=0.0321 dmin0=-15.3670 dmax0=29.6330
INFO  [mc_indi_tiltrotor] T2dbg1 G2=[-0.000 -0.650 0.060 0.002 -1.000] G5=[-1.147 -1.307 -0.003 19.114 0.047]
INFO  [mc_indi_tiltrotor] T2dbg2 Wu25=[1.0 1000000.0] du25=[-0.0966 -0.0025] dmax25=[25.8858 0.0120] nu_yaw=-0.059
INFO  [mc_indi_tiltrotor] WRdbg0 Wu0=1 lo0=-15.37 du0=0.0321 pin0=-0.001 a0=[0.005 0.038 0.026 -0.001 -0.035]
INFO  [mc_indi_tiltrotor] WRdbg1 Wu1=1 lo1=-16.84 du1=0.0107 pin1=-0.005 a1=[-0.005 0.041 0.017 -0.000 -0.037]
INFO  [mc_indi_tiltrotor] T0dbg1 G0=[-0.257 0.228 -0.015 0.289 -0.957] nu_des=[-0.01 -0.01 0.00 -1.66 -0.00]
INFO  [mc_indi_tiltrotor] T0dbg2 Ws34=[0.1 20.0] Wu0=1.0 du0=0.0009 dmin0=-15.4523 dmax0=29.5477
INFO  [mc_indi_tiltrotor] T2dbg1 G2=[-0.000 -0.650 0.060 0.001 -1.000] G5=[-1.132 -1.303 -0.002 18.862 0.027]
INFO  [mc_indi_tiltrotor] T2dbg2 Wu25=[1.0 8.9] du25=[0.0081 -0.0001] dmax25=[26.1376 0.0120] nu_yaw=0.001
INFO  [mc_indi_tiltrotor] WRdbg0 Wu0=1 lo0=-15.45 du0=0.0009 pin0=-0.006 a0=[0.012 -0.006 -0.001 0.000 0.001]
INFO  [mc_indi_tiltrotor] WRdbg1 Wu1=1 lo1=-16.36 du1=-0.0166 pin1=0.002 a1=[-0.011 -0.005 -0.000 -0.003 0.001]
INFO  [mc_indi_tiltrotor] YWdbg nu2=0.033 ach2=0.032 r=-0.03 wsp2=-0.05 ddelta=[-0.0070 0.0012 -0.0009]
INFO  [mc_indi_tiltrotor] T0dbg1 G0=[-0.257 0.228 -0.011 0.273 -0.962] nu_des=[0.01 -0.01 0.02 -1.39 -0.00]
INFO  [mc_indi_tiltrotor] T0dbg2 Ws34=[0.1 20.0] Wu0=1.0 du0=-0.0254 dmin0=-15.2743 dmax0=29.7257
INFO  [mc_indi_tiltrotor] T2dbg1 G2=[-0.000 -0.650 0.060 0.001 -1.000] G5=[-1.159 -1.345 -0.001 19.309 0.011]
INFO  [mc_indi_tiltrotor] T2dbg2 Wu25=[1.0 1000000.0] du25=[0.0083 -0.0006] dmax25=[25.6914 0.0120] nu_yaw=0.024
INFO  [mc_indi_tiltrotor] WRdbg0 Wu0=1 lo0=-15.27 du0=-0.0254 pin0=0.000 a0=[-0.009 -0.006 -0.002 -0.010 0.001]
INFO  [mc_indi_tiltrotor] WRdbg1 Wu1=1 lo1=-16.51 du1=0.0010 pin1=-0.001 a1=[0.012 -0.005 -0.010 0.003 0.002]
INFO  [mc_indi_tiltrotor] T0dbg1 G0=[-0.257 0.228 -0.007 0.260 -0.966] nu_des=[0.01 -0.01 0.03 -1.29 0.04]
INFO  [mc_indi_tiltrotor] T0dbg2 Ws34=[0.1 20.0] Wu0=1.0 du0=-0.0417 dmin0=-14.9875 dmax0=30.0125
INFO  [mc_indi_tiltrotor] T2dbg1 G2=[-0.000 -0.650 0.060 0.000 -1.000] G5=[-1.156 -1.347 -0.000 19.272 0.002]
INFO  [mc_indi_tiltrotor] T2dbg2 Wu25=[1.0 1000000.0] du25=[0.0012 -0.0001] dmax25=[25.7279 0.0120] nu_yaw=0.026
INFO  [mc_indi_tiltrotor] WRdbg0 Wu0=1 lo0=-14.99 du0=-0.0417 pin0=0.000 a0=[-0.016 -0.006 -0.001 -0.009 -0.010]
INFO  [mc_indi_tiltrotor] WRdbg1 Wu1=1 lo1=-16.86 du1=-0.0086 pin1=-0.000 a1=[0.021 -0.004 -0.011 0.002 -0.017]
INFO  [mc_indi_tiltrotor] YWdbg nu2=0.023 ach2=0.022 r=-0.05 wsp2=0.04 ddelta=[-0.0025 0.0039 -0.0001]
INFO  [mc_indi_tiltrotor] T0dbg1 G0=[-0.257 0.228 -0.006 0.257 -0.966] nu_des=[-0.01 -0.00 -0.02 -1.22 -0.02]
INFO  [mc_indi_tiltrotor] T0dbg2 Ws34=[0.1 20.0] Wu0=1.0 du0=0.0113 dmin0=-14.4652 dmax0=30.5348
INFO  [mc_indi_tiltrotor] T2dbg1 G2=[-0.000 -0.650 0.060 0.001 -1.000] G5=[-1.181 -1.371 -0.001 19.685 0.010]
INFO  [mc_indi_tiltrotor] T2dbg2 Wu25=[1.0 9.0] du25=[-0.0023 -0.0004] dmax25=[25.3154 0.0120] nu_yaw=-0.023
INFO  [mc_indi_tiltrotor] WRdbg0 Wu0=1 lo0=-14.47 du0=0.0113 pin0=0.000 a0=[0.014 -0.003 0.001 -0.008 0.006]
INFO  [mc_indi_tiltrotor] WRdbg1 Wu1=1 lo1=-16.81 du1=-0.0014 pin1=0.000 a1=[-0.017 -0.002 0.009 -0.001 0.010]
INFO  [mc_indi_tiltrotor] T0dbg1 G0=[-0.257 0.228 -0.010 0.270 -0.963] nu_des=[-0.01 0.13 -0.07 -1.18 0.12]
INFO  [mc_indi_tiltrotor] T0dbg2 Ws34=[0.1 20.0] Wu0=1.0 du0=0.0734 dmin0=-14.7971 dmax0=30.2029
INFO  [mc_indi_tiltrotor] T2dbg1 G2=[-0.000 -0.650 0.060 0.001 -1.000] G5=[-1.187 -1.369 -0.001 19.775 0.024]
INFO  [mc_indi_tiltrotor] T2dbg2 Wu25=[1.0 1000000.0] du25=[-0.1729 -0.0012] dmax25=[25.2247 0.0120] nu_yaw=-0.067
INFO  [mc_indi_tiltrotor] WRdbg0 Wu0=1 lo0=-14.80 du0=0.0734 pin0=-0.004 a0=[0.023 0.070 0.028 -0.001 -0.043]
INFO  [mc_indi_tiltrotor] WRdbg1 Wu1=1 lo1=-16.71 du1=0.0249 pin1=-0.001 a1=[-0.022 0.074 0.020 -0.000 -0.045]
INFO  [mc_indi_tiltrotor] YWdbg nu2=-0.130 ach2=-0.055 r=0.13 wsp2=-0.02 ddelta=[0.0120 -0.0004 -0.0029]
INFO  [mc_indi_tiltrotor] T0dbg1 G0=[-0.256 0.228 -0.020 0.309 -0.951] nu_des=[-0.02 -0.12 -0.24 -2.05 0.12]
INFO  [mc_indi_tiltrotor] T0dbg2 Ws34=[0.1 20.0] Wu0=1.0 du0=-0.0586 dmin0=-15.1247 dmax0=29.8753
INFO  [mc_indi_tiltrotor] T2dbg1 G2=[-0.001 -0.651 0.060 0.012 -1.000] G5=[-1.223 -1.274 -0.014 20.389 0.236]
INFO  [mc_indi_tiltrotor] T2dbg2 Wu25=[1.0 8.9] du25=[0.1076 0.0097] dmax25=[24.6097 0.0120] nu_yaw=-0.238
INFO  [mc_indi_tiltrotor] WRdbg0 Wu0=1 lo0=-15.12 du0=-0.0586 pin0=0.031 a0=[0.039 -0.076 -0.009 0.002 -0.044]
INFO  [mc_indi_tiltrotor] WRdbg1 Wu1=1 lo1=-15.59 du1=-0.1105 pin1=0.012 a1=[-0.034 -0.060 0.019 -0.003 -0.044]
INFO  [mc_indi_tiltrotor] T0dbg1 G0=[-0.255 0.227 -0.030 0.347 -0.938] nu_des=[-0.02 1.84 -0.32 -3.42 1.05]
INFO  [mc_indi_tiltrotor] T0dbg2 Ws34=[0.1 20.0] Wu0=1.0 du0=0.7891 dmin0=-17.1081 dmax0=27.8919
INFO  [mc_indi_tiltrotor] T2dbg1 G2=[-0.001 -0.651 0.060 0.012 -1.000] G5=[-1.223 -1.265 -0.015 20.390 0.249]
INFO  [mc_indi_tiltrotor] T2dbg2 Wu25=[1.0 1000000.0] du25=[-2.3171 -0.0120] dmax25=[24.6085 0.0120] nu_yaw=-0.320
INFO  [mc_indi_tiltrotor] WRdbg0 Wu0=1 lo0=-17.11 du0=0.7891 pin0=0.076 a0=[0.040 1.069 0.000 -0.000 -0.396]
INFO  [mc_indi_tiltrotor] WRdbg1 Wu1=1 lo1=-14.16 du1=0.5952 pin1=-0.046 a1=[-0.038 1.083 0.000 -0.000 -0.404]
INFO  [mc_indi_tiltrotor] YWdbg nu2=-0.253 ach2=-0.190 r=0.22 wsp2=-0.38 ddelta=[0.0120 0.0120 -0.0114]
INFO  [mc_indi_tiltrotor] T0dbg1 G0=[-0.254 0.226 -0.041 0.384 -0.923] nu_des=[0.01 1.48 -0.20 -4.35 0.71]
INFO  [mc_indi_tiltrotor] T0dbg2 Ws34=[0.1 20.0] Wu0=1.0 du0=0.6345 dmin0=-17.7913 dmax0=27.2087
INFO  [mc_indi_tiltrotor] T2dbg1 G2=[-0.001 -0.651 0.060 0.012 -1.000] G5=[-1.289 -1.341 -0.015 21.484 0.251]
INFO  [mc_indi_tiltrotor] T2dbg2 Wu25=[1.0 1000000.0] du25=[-1.8302 -0.0117] dmax25=[23.5143 0.0120] nu_yaw=-0.195
INFO  [mc_indi_tiltrotor] WRdbg0 Wu0=1 lo0=-17.79 du0=0.6345 pin0=0.063 a0=[-0.020 0.661 0.156 -0.004 -0.222]
INFO  [mc_indi_tiltrotor] WRdbg1 Wu1=1 lo1=-12.05 du1=0.5705 pin1=-0.049 a1=[0.021 0.802 0.055 -0.001 -0.257]
INFO  [mc_indi_tiltrotor] T0dbg1 G0=[-0.253 0.225 -0.048 0.410 -0.912] nu_des=[0.03 -0.04 -0.02 -4.79 0.06]
INFO  [mc_indi_tiltrotor] T0dbg2 Ws34=[0.1 20.0] Wu0=1.0 du0=-0.0860 dmin0=-17.8466 dmax0=27.1534
INFO  [mc_indi_tiltrotor] T2dbg1 G2=[-0.000 -0.650 0.060 0.006 -1.000] G5=[-1.236 -1.358 -0.008 20.604 0.130]
INFO  [mc_indi_tiltrotor] T2dbg2 Wu25=[1.0 8.9] du25=[0.0387 -0.0046] dmax25=[24.3956 0.0120] nu_yaw=-0.016
INFO  [mc_indi_tiltrotor] WRdbg0 Wu0=1 lo0=-17.85 du0=-0.0860 pin0=0.000 a0=[-0.026 -0.021 0.004 -0.034 -0.009]
INFO  [mc_indi_tiltrotor] WRdbg1 Wu1=1 lo1=-12.64 du1=0.0113 pin1=0.000 a1=[0.051 -0.017 0.006 -0.005 -0.024]
INFO  [mc_indi_tiltrotor] YWdbg nu2=0.004 ach2=0.005 r=-0.23 wsp2=-0.34 ddelta=[0.0032 0.0120 -0.0018]
INFO  [commander] Disarmed by internal command	
INFO  [tone_alarm] notify neutral
