
______  __   __    ___ 
| ___ \ \ \ / /   /   |
| |_/ /  \ V /   / /| |
|  __/   /   \  / /_| |
| |     / /^\ \ \___  |
\_|     \/   \/     |_/

px4 starting.

INFO  [px4] startup script: /bin/sh etc/init.d-posix/rcS 0
INFO  [init] found model autostart file as SYS_AUTOSTART=4023
INFO  [param] selected parameter default file parameters.bson
INFO  [param] importing from 'parameters.bson'
INFO  [parameters] BSON document size 517 bytes, decoded 517 bytes (INT32:16, FLOAT:9)
INFO  [param] selected parameter backup file parameters_backup.bson
ERROR [param] Parameter UXRCE_DDS_KEY not found.
INFO  [dataman] data manager file './dataman' size is 7872608 bytes
INFO  [init] Gazebo simulator
INFO  [init] starting gazebo with world: /home/umran/PX4-Autopilot/Tools/simulation/gz/worlds/default.sdf
WARN  [init] PX4_GZ_MODEL_POSE not set, spawning at origin.
[1;33mWarning [Utils.cc:132][0m [/sdf/model[@name="tiltrotor_tailplane"]/link[@name="base_link"]/sensor[@name="imu_sensor"]/gz_frame_id:/home/umran/PX4-Autopilot/Tools/simulation/gz/models/tiltrotor_indi/model.sdf:L362]: XML Element[gz_frame_id], child of element[sensor], not defined in SDF. Copying[gz_frame_id] as children of [sensor].
[1;33mWarning [Utils.cc:132][0m [/sdf/model[@name="tiltrotor_tailplane"]/link[@name="base_link"]/sensor[@name="air_pressure_sensor"]/gz_frame_id:/home/umran/PX4-Autopilot/Tools/simulation/gz/models/tiltrotor_indi/model.sdf:L421]: XML Element[gz_frame_id], child of element[sensor], not defined in SDF. Copying[gz_frame_id] as children of [sensor].
[1;33mWarning [Utils.cc:132][0m [/sdf/model[@name="tiltrotor_tailplane"]/link[@name="base_link"]/sensor[@name="magnetometer_sensor"]/gz_frame_id:/home/umran/PX4-Autopilot/Tools/simulation/gz/models/tiltrotor_indi/model.sdf:L434]: XML Element[gz_frame_id], child of element[sensor], not defined in SDF. Copying[gz_frame_id] as children of [sensor].
[1;33mWarning [Utils.cc:132][0m [/sdf/model[@name="tiltrotor_tailplane"]/link[@name="base_link"]/sensor[@name="navsat_sensor"]/gz_frame_id:/home/umran/PX4-Autopilot/Tools/simulation/gz/models/tiltrotor_indi/model.sdf:L456]: XML Element[gz_frame_id], child of element[sensor], not defined in SDF. Copying[gz_frame_id] as children of [sensor].
INFO  [lockstep_scheduler] setting initial absolute time to 8000 us
INFO  [gz_bridge] world: default, model name: tiltrotor_indi_0, simulation model: tiltrotor_indi
INFO  [gz_bridge] Requested Model Position: 0,0,0,0,0,0
INFO  [gz_bridge] Model position z is less or equal 0.0, moving upwards
WARN  [vehicle_angular_velocity] no gyro selected, using sensor_gyro:0 1310988
INFO  [commander] LED: open /dev/led0 failed (22)
etc/init.d-posix/rcS: 21: /home/umran/PX4-Autopilot/build/px4_sitl_default/rootfs/etc/init.d/rc.mc_apps: mc_att_control: not found
etc/init.d-posix/rcS: 32: /home/umran/PX4-Autopilot/build/px4_sitl_default/rootfs/etc/init.d/rc.mc_apps: flight_mode_manager: not found
INFO  [tone_alarm] home set
ERROR [param] Parameter UXRCE_DDS_DOM_ID not found.
etc/init.d-posix/rcS: 310: uxrce_dds_client: not found
INFO  [mavlink] mode: Normal, data rate: 4000000 B/s on udp port 18570 remote port 14550
INFO  [mavlink] mode: Onboard, data rate: 4000000 B/s on udp port 14580 remote port 14540
INFO  [mavlink] mode: Onboard, data rate: 4000 B/s on udp port 14280 remote port 14030
INFO  [mavlink] mode: Gimbal, data rate: 400000 B/s on udp port 13030 remote port 13280
etc/init.d-posix/rcS: 11: /home/umran/PX4-Autopilot/build/px4_sitl_default/rootfs/etc/init.d-posix/airframes/4023_gz_tiltrotor_indi.post: mc_att_control: not found
etc/init.d-posix/rcS: 12: /home/umran/PX4-Autopilot/build/px4_sitl_default/rootfs/etc/init.d-posix/airframes/4023_gz_tiltrotor_indi.post: flight_mode_manager: not found
INFO  [logger] logger started (mode=all)
INFO  [logger] logging 13 topics from logger_topics.txt
INFO  [logger] Start file log (type: full)
INFO  [logger] [logger] ./log/2026-08-31/04_29_01.ulg	
INFO  [logger] Opened full log file: ./log/2026-08-31/04_29_01.ulg
INFO  [mavlink] MAVLink only on localhost (set param MAV_{i}_BROADCAST = 1 to enable network)
INFO  [mavlink] MAVLink only on localhost (set param MAV_{i}_BROADCAST = 1 to enable network)
INFO  [px4] Startup script returned successfully
INFO  [commander] [32mReady for takeoff![0m
INFO  [commander] Armed by internal command	
INFO  [tone_alarm] arming warning
INFO  [mc_indi_tiltrotor] ground datum: z = -0.44 m (agl = datum - z)
INFO  [mc_indi_tiltrotor] T0dbg1 G0=[-0.256 0.199 0.019 0.162 -0.987] nu_des=[0.01 0.01 -0.25 -2.96 -0.24]
INFO  [mc_indi_tiltrotor] T0dbg2 Ws34=[0.1 20.0] Wu0=1.0 du0=0.0773 dmin0=-18.3233 dmax0=26.6767
INFO  [mc_indi_tiltrotor] T2dbg1 G2=[0.000 -0.650 0.060 0.000 -1.000] G5=[-0.744 -0.868 -0.000 12.403 0.000]
INFO  [mc_indi_tiltrotor] T2dbg2 Wu25=[1.0 1000000.0] du25=[0.0445 0.0000] dmax25=[32.5965 0.0018] nu_yaw=-0.246
INFO  [mc_indi_tiltrotor] WRdbg0 Wu0=1 lo0=-18.32 du0=0.0773 pin0=0.003 a0=[-0.022 0.005 -0.000 -0.000 0.090]
INFO  [mc_indi_tiltrotor] WRdbg1 Wu1=1 lo1=-18.32 du1=0.1257 pin1=0.006 a1=[0.021 0.006 0.000 -0.000 0.093]
INFO  [mc_indi_tiltrotor] YWdbg nu2=-0.246 ach2=-0.012 r=-0.00 wsp2=-0.50 ddelta=[0.0018 0.0000 0.0000]
INFO  [commander] Takeoff detected	
INFO  [mc_indi_tiltrotor] T0dbg1 G0=[-0.257 0.198 0.016 0.174 -0.985] nu_des=[-0.02 -0.13 -0.15 -3.33 0.21]
INFO  [mc_indi_tiltrotor] T0dbg2 Ws34=[0.1 20.0] Wu0=1.0 du0=-0.0928 dmin0=-18.4969 dmax0=26.5031
INFO  [mc_indi_tiltrotor] T2dbg1 G2=[-0.000 -0.650 0.060 0.003 -1.000] G5=[-0.737 -0.837 -0.002 12.287 0.036]
INFO  [mc_indi_tiltrotor] T2dbg2 Wu25=[1.0 1000000.0] du25=[0.0730 -0.0012] dmax25=[32.7130 -0.0012] nu_yaw=-0.146
INFO  [mc_indi_tiltrotor] WRdbg0 Wu0=1 lo0=-18.50 du0=-0.0928 pin0=0.020 a0=[0.040 -0.073 -0.000 -0.000 -0.079]
INFO  [mc_indi_tiltrotor] WRdbg1 Wu1=1 lo1=-19.81 du1=-0.1546 pin1=0.040 a1=[-0.038 -0.075 0.000 -0.000 -0.082]
INFO  [mc_indi_tiltrotor] pos_hold: holding x=0.22 y=0.28
INFO  [mc_indi_tiltrotor] YWdbg nu2=0.225 ach2=0.055 r=-0.25 wsp2=0.10 ddelta=[0.0030 0.0120 -0.0001]
INFO  [mc_indi_tiltrotor] T0dbg1 G0=[-0.257 0.193 0.007 0.205 -0.979] nu_des=[0.01 -0.12 0.23 -2.41 0.75]
INFO  [mc_indi_tiltrotor] T0dbg2 Ws34=[0.1 20.0] Wu0=1.0 du0=-0.3064 dmin0=-21.7095 dmax0=23.2905
INFO  [mc_indi_tiltrotor] T2dbg1 G2=[-0.000 -0.650 0.060 0.006 -1.000] G5=[-0.860 -0.945 -0.005 14.334 0.090]
INFO  [mc_indi_tiltrotor] T2dbg2 Wu25=[1.0 1000000.0] du25=[-0.0911 0.0001] dmax25=[30.6654 0.0001] nu_yaw=0.231
INFO  [mc_indi_tiltrotor] WRdbg0 Wu0=1 lo0=-21.71 du0=-0.3064 pin0=0.071 a0=[-0.021 -0.072 0.000 -0.000 -0.285]
INFO  [mc_indi_tiltrotor] WRdbg1 Wu1=1 lo1=-22.18 du1=-0.3222 pin1=0.022 a1=[0.020 -0.073 -0.000 -0.000 -0.291]
INFO  [mc_indi_tiltrotor] T0dbg1 G0=[-0.257 0.195 0.012 0.188 -0.982] nu_des=[0.00 -0.07 0.05 -2.05 0.08]
INFO  [mc_indi_tiltrotor] T0dbg2 Ws34=[0.1 20.0] Wu0=1.0 du0=-0.0199 dmin0=-19.2603 dmax0=25.7397
INFO  [mc_indi_tiltrotor] T2dbg1 G2=[-0.000 -0.650 0.060 0.003 -1.000] G5=[-0.802 -0.913 -0.002 13.367 0.035]
INFO  [mc_indi_tiltrotor] T2dbg2 Wu25=[1.0 9.0] du25=[0.0200 0.0003] dmax25=[31.6332 0.0022] nu_yaw=0.047
INFO  [mc_indi_tiltrotor] WRdbg0 Wu0=1 lo0=-19.26 du0=-0.0199 pin0=0.068 a0=[-0.003 -0.035 -0.021 -0.000 -0.029]
INFO  [mc_indi_tiltrotor] WRdbg1 Wu1=1 lo1=-19.82 du1=-0.0515 pin1=0.034 a1=[0.002 -0.029 -0.027 -0.003 -0.029]
INFO  [mc_indi_tiltrotor] YWdbg nu2=-0.086 ach2=-0.059 r=0.23 wsp2=0.38 ddelta=[0.0006 -0.0102 -0.0013]
INFO  [mc_indi_tiltrotor] T0dbg1 G0=[-0.257 0.198 0.016 0.173 -0.985] nu_des=[0.13 0.16 -0.08 -1.73 0.06]
INFO  [mc_indi_tiltrotor] T0dbg2 Ws34=[0.1 20.0] Wu0=1.0 du0=-0.2422 dmin0=-19.4530 dmax0=25.5470
INFO  [mc_indi_tiltrotor] T2dbg1 G2=[-0.000 -0.650 0.060 0.001 -1.000] G5=[-0.801 -0.922 -0.001 13.348 0.019]
INFO  [mc_indi_tiltrotor] T2dbg2 Wu25=[1.0 1000000.0] du25=[-0.1471 -0.0014] dmax25=[31.6516 0.0003] nu_yaw=-0.082
INFO  [mc_indi_tiltrotor] WRdbg0 Wu0=1 lo0=-19.45 du0=-0.2422 pin0=-0.058 a0=[-0.255 0.093 -0.000 -0.000 -0.022]
INFO  [mc_indi_tiltrotor] WRdbg1 Wu1=1 lo1=-19.98 du1=0.2915 pin1=-0.029 a1=[0.248 0.094 0.000 -0.000 -0.022]
INFO  [mc_indi_tiltrotor] T0dbg1 G0=[-0.257 0.194 0.009 0.200 -0.980] nu_des=[-0.02 -0.02 -0.13 -1.48 0.14]
INFO  [mc_indi_tiltrotor] T0dbg2 Ws34=[0.1 20.0] Wu0=1.0 du0=-0.0259 dmin0=-16.9390 dmax0=28.0610
INFO  [mc_indi_tiltrotor] T2dbg1 G2=[-0.000 -0.650 0.060 0.005 -1.000] G5=[-0.648 -0.725 -0.003 10.804 0.049]
INFO  [mc_indi_tiltrotor] T2dbg2 Wu25=[1.0 9.0] du25=[-0.0193 0.0008] dmax25=[34.1954 0.0033] nu_yaw=-0.131
INFO  [mc_indi_tiltrotor] WRdbg0 Wu0=1 lo0=-16.94 du0=-0.0259 pin0=-0.000 a0=[0.037 -0.009 -0.002 0.000 -0.052]
INFO  [mc_indi_tiltrotor] WRdbg1 Wu1=1 lo1=-17.09 du1=-0.0594 pin1=0.033 a1=[-0.034 -0.009 0.003 -0.001 -0.052]
INFO  [mc_indi_tiltrotor] YWdbg nu2=-0.038 ach2=-0.027 r=0.20 wsp2=-0.11 ddelta=[0.0042 -0.0048 0.0047]
INFO  [mc_indi_tiltrotor] T0dbg1 G0=[-0.257 0.193 0.008 0.201 -0.980] nu_des=[-0.07 0.08 -0.03 -1.15 0.01]
INFO  [mc_indi_tiltrotor] T0dbg2 Ws34=[0.1 20.0] Wu0=1.0 du0=0.1291 dmin0=-17.6300 dmax0=27.3700
INFO  [mc_indi_tiltrotor] T2dbg1 G2=[-0.000 -0.650 0.060 0.004 -1.000] G5=[-0.677 -0.759 -0.003 11.290 0.048]
INFO  [mc_indi_tiltrotor] T2dbg2 Wu25=[1.0 9.0] du25=[-0.0551 0.0032] dmax25=[33.7102 0.0056] nu_yaw=-0.034
INFO  [mc_indi_tiltrotor] WRdbg0 Wu0=1 lo0=-17.63 du0=0.1291 pin0=-0.057 a0=[0.142 0.046 -0.001 0.000 -0.003]
INFO  [mc_indi_tiltrotor] WRdbg1 Wu1=1 lo1=-17.77 du1=-0.1071 pin1=-0.016 a1=[-0.132 0.043 0.001 -0.001 -0.003]
INFO  [mc_indi_tiltrotor] T0dbg1 G0=[-0.257 0.196 0.013 0.184 -0.983] nu_des=[0.01 -0.01 -0.01 -0.57 -0.01]
INFO  [mc_indi_tiltrotor] T0dbg2 Ws34=[0.1 20.0] Wu0=1.0 du0=-0.0156 dmin0=-18.0737 dmax0=26.9263
INFO  [mc_indi_tiltrotor] T2dbg1 G2=[-0.000 -0.650 0.060 0.003 -1.000] G5=[-0.726 -0.822 -0.002 12.104 0.039]
INFO  [mc_indi_tiltrotor] T2dbg2 Wu25=[1.0 9.0] du25=[0.0112 -0.0008] dmax25=[32.8960 0.0012] nu_yaw=-0.005
INFO  [mc_indi_tiltrotor] WRdbg0 Wu0=1 lo0=-18.07 du0=-0.0156 pin0=0.000 a0=[-0.016 0.001 -0.001 -0.004 0.003]
INFO  [mc_indi_tiltrotor] WRdbg1 Wu1=1 lo1=-18.47 du1=0.0233 pin1=0.000 a1=[0.022 -0.003 0.002 -0.002 0.004]
INFO  [mc_indi_tiltrotor] YWdbg nu2=0.021 ach2=0.019 r=-0.11 wsp2=-0.12 ddelta=[-0.0048 -0.0003 -0.0006]
INFO  [mc_indi_tiltrotor] T0dbg1 G0=[-0.257 0.198 0.017 0.169 -0.986] nu_des=[-0.00 0.04 0.02 -0.29 -0.01]
INFO  [mc_indi_tiltrotor] T0dbg2 Ws34=[0.1 20.0] Wu0=1.0 du0=0.0004 dmin0=-18.1911 dmax0=26.8089
INFO  [mc_indi_tiltrotor] T2dbg1 G2=[-0.000 -0.650 0.060 0.002 -1.000] G5=[-0.753 -0.862 -0.002 12.557 0.026]
INFO  [mc_indi_tiltrotor] T2dbg2 Wu25=[1.0 9.0] du25=[-0.0152 -0.0003] dmax25=[32.4427 0.0013] nu_yaw=0.020
INFO  [mc_indi_tiltrotor] WRdbg0 Wu0=1 lo0=-18.19 du0=0.0004 pin0=0.000 a0=[0.000 -0.003 0.003 -0.002 0.003]
INFO  [mc_indi_tiltrotor] WRdbg1 Wu1=1 lo1=-18.92 du1=0.0030 pin1=0.000 a1=[-0.000 0.008 -0.008 -0.001 0.003]
INFO  [mc_indi_tiltrotor] T0dbg1 G0=[-0.256 0.201 0.021 0.153 -0.988] nu_des=[-0.00 0.04 0.01 0.04 0.04]
INFO  [mc_indi_tiltrotor] T0dbg2 Ws34=[0.1 20.0] Wu0=1.0 du0=0.0039 dmin0=-18.2658 dmax0=26.7342
INFO  [mc_indi_tiltrotor] T2dbg1 G2=[-0.000 -0.650 0.060 0.002 -1.000] G5=[-0.741 -0.849 -0.001 12.357 0.025]
INFO  [mc_indi_tiltrotor] T2dbg2 Wu25=[1.0 9.0] du25=[-0.0422 -0.0001] dmax25=[32.6427 0.0017] nu_yaw=0.014
INFO  [mc_indi_tiltrotor] WRdbg0 Wu0=1 lo0=-18.27 du0=0.0039 pin0=-0.006 a0=[0.007 0.021 -0.005 -0.000 -0.014]
INFO  [mc_indi_tiltrotor] WRdbg1 Wu1=1 lo1=-19.00 du1=-0.0121 pin1=-0.002 a1=[-0.006 0.017 -0.008 0.000 -0.014]
INFO  [mc_indi_tiltrotor] YWdbg nu2=0.011 ach2=0.011 r=-0.05 wsp2=-0.02 ddelta=[-0.0024 -0.0001 -0.0000]
INFO  [mc_indi_tiltrotor] T0dbg1 G0=[-0.256 0.200 0.021 0.154 -0.988] nu_des=[-0.01 0.02 0.01 -0.20 0.02]
INFO  [mc_indi_tiltrotor] T0dbg2 Ws34=[0.1 20.0] Wu0=1.0 du0=0.0107 dmin0=-18.6372 dmax0=26.3628
INFO  [mc_indi_tiltrotor] T2dbg1 G2=[-0.000 -0.650 0.060 0.004 -1.000] G5=[-0.732 -0.826 -0.003 12.198 0.043]
INFO  [mc_indi_tiltrotor] T2dbg2 Wu25=[1.0 9.0] du25=[-0.0150 0.0006] dmax25=[32.8022 0.0021] nu_yaw=0.009
INFO  [mc_indi_tiltrotor] WRdbg0 Wu0=1 lo0=-18.64 du0=0.0107 pin0=0.000 a0=[0.018 -0.002 0.001 -0.001 -0.005]
INFO  [mc_indi_tiltrotor] WRdbg1 Wu1=1 lo1=-18.86 du1=-0.0297 pin1=0.000 a1=[-0.023 0.005 -0.004 -0.001 -0.007]
INFO  [mc_indi_tiltrotor] T0dbg1 G0=[-0.256 0.200 0.020 0.159 -0.987] nu_des=[0.00 -0.02 -0.04 -0.36 -0.01]
INFO  [mc_indi_tiltrotor] T0dbg2 Ws34=[0.1 20.0] Wu0=1.0 du0=-0.0026 dmin0=-19.1249 dmax0=25.8751
INFO  [mc_indi_tiltrotor] T2dbg1 G2=[-0.000 -0.650 0.060 0.004 -1.000] G5=[-0.753 -0.845 -0.003 12.553 0.052]
INFO  [mc_indi_tiltrotor] T2dbg2 Wu25=[1.0 9.0] du25=[0.0200 -0.0002] dmax25=[32.4472 0.0014] nu_yaw=-0.036
INFO  [mc_indi_tiltrotor] WRdbg0 Wu0=1 lo0=-19.12 du0=-0.0026 pin0=0.000 a0=[-0.000 0.002 -0.005 -0.002 0.003]
INFO  [mc_indi_tiltrotor] WRdbg1 Wu1=1 lo1=-19.18 du1=0.0115 pin1=0.000 a1=[0.000 -0.005 0.014 -0.001 0.003]
INFO  [mc_indi_tiltrotor] YWdbg nu2=0.028 ach2=0.016 r=0.01 wsp2=-0.08 ddelta=[0.0067 0.0084 0.0015]
INFO  [mc_indi_tiltrotor] T0dbg1 G0=[-0.257 0.198 0.016 0.172 -0.985] nu_des=[0.01 -0.09 0.02 -0.55 0.12]
INFO  [mc_indi_tiltrotor] T0dbg2 Ws34=[0.1 20.0] Wu0=1.0 du0=-0.0448 dmin0=-18.6680 dmax0=26.3320
INFO  [mc_indi_tiltrotor] T2dbg1 G2=[-0.000 -0.650 0.060 0.004 -1.000] G5=[-0.755 -0.848 -0.003 12.579 0.050]
INFO  [mc_indi_tiltrotor] T2dbg2 Wu25=[1.0 9.0] du25=[0.0159 0.0001] dmax25=[32.4208 0.0027] nu_yaw=0.015
INFO  [mc_indi_tiltrotor] WRdbg0 Wu0=1 lo0=-18.67 du0=-0.0448 pin0=0.069 a0=[-0.018 -0.053 0.000 0.000 -0.044]
INFO  [mc_indi_tiltrotor] WRdbg1 Wu1=1 lo1=-19.07 du1=-0.0464 pin1=0.030 a1=[0.017 -0.048 -0.001 -0.000 -0.044]
INFO  [mc_indi_tiltrotor] T0dbg1 G0=[-0.257 0.195 0.011 0.192 -0.981] nu_des=[0.01 -0.01 0.04 -1.37 -0.01]
INFO  [mc_indi_tiltrotor] T0dbg2 Ws34=[0.1 20.0] Wu0=1.0 du0=-0.0111 dmin0=-18.3864 dmax0=26.6136
INFO  [mc_indi_tiltrotor] T2dbg1 G2=[-0.000 -0.650 0.060 0.003 -1.000] G5=[-0.748 -0.851 -0.002 12.463 0.032]
INFO  [mc_indi_tiltrotor] T2dbg2 Wu25=[1.0 9.0] du25=[0.0092 -0.0005] dmax25=[32.5369 0.0014] nu_yaw=0.040
INFO  [mc_indi_tiltrotor] WRdbg0 Wu0=1 lo0=-18.39 du0=-0.0111 pin0=0.024 a0=[-0.015 -0.004 -0.018 -0.000 0.002]
INFO  [mc_indi_tiltrotor] WRdbg1 Wu1=1 lo1=-19.22 du1=-0.0029 pin1=0.010 a1=[0.013 -0.003 -0.023 -0.002 0.002]
INFO  [mc_indi_tiltrotor] YWdbg nu2=0.035 ach2=0.016 r=-0.08 wsp2=0.01 ddelta=[-0.0102 -0.0066 -0.0003]
INFO  [mc_indi_tiltrotor] T0dbg1 G0=[-0.256 0.199 0.018 0.164 -0.986] nu_des=[-0.00 0.07 0.03 -0.53 0.03]
INFO  [mc_indi_tiltrotor] T0dbg2 Ws34=[0.1 20.0] Wu0=1.0 du0=-0.0094 dmin0=-18.6747 dmax0=26.3253
INFO  [mc_indi_tiltrotor] T2dbg1 G2=[-0.000 -0.650 0.060 0.002 -1.000] G5=[-0.749 -0.859 -0.001 12.477 0.023]
INFO  [mc_indi_tiltrotor] T2dbg2 Wu25=[1.0 9.0] du25=[-0.0469 -0.0004] dmax25=[32.5226 0.0014] nu_yaw=0.031
INFO  [mc_indi_tiltrotor] WRdbg0 Wu0=1 lo0=-18.67 du0=-0.0094 pin0=-0.063 a0=[0.004 0.041 0.020 -0.000 -0.012]
INFO  [mc_indi_tiltrotor] WRdbg1 Wu1=1 lo1=-19.27 du1=-0.0138 pin1=-0.032 a1=[-0.004 0.039 -0.004 -0.000 -0.012]
INFO  [mc_indi_tiltrotor] T0dbg1 G0=[-0.256 0.201 0.022 0.148 -0.989] nu_des=[-0.01 -0.00 -0.01 -0.05 0.03]
INFO  [mc_indi_tiltrotor] T0dbg2 Ws34=[0.1 20.0] Wu0=1.0 du0=0.0000 dmin0=-19.0600 dmax0=25.9400
INFO  [mc_indi_tiltrotor] T2dbg1 G2=[-0.000 -0.650 0.060 0.002 -1.000] G5=[-0.753 -0.860 -0.002 12.558 0.029]
INFO  [mc_indi_tiltrotor] T2dbg2 Wu25=[1.0 9.0] du25=[-0.0092 0.0004] dmax25=[32.4419 0.0022] nu_yaw=-0.009
INFO  [mc_indi_tiltrotor] WRdbg0 Wu0=1 lo0=-19.06 du0=0.0000 pin0=0.000 a0=[0.011 0.000 -0.001 -0.000 -0.009]
INFO  [mc_indi_tiltrotor] WRdbg1 Wu1=1 lo1=-19.20 du1=-0.0215 pin1=0.000 a1=[-0.014 -0.000 0.004 -0.000 -0.011]
INFO  [mc_indi_tiltrotor] YWdbg nu2=0.005 ach2=0.005 r=0.03 wsp2=0.04 ddelta=[0.0048 0.0055 0.0002]
INFO  [mc_indi_tiltrotor] T0dbg1 G0=[-0.257 0.199 0.018 0.167 -0.986] nu_des=[0.01 -0.03 -0.01 -0.59 0.03]
INFO  [mc_indi_tiltrotor] T0dbg2 Ws34=[0.1 20.0] Wu0=1.0 du0=-0.0275 dmin0=-18.9620 dmax0=26.0380
INFO  [mc_indi_tiltrotor] T2dbg1 G2=[-0.000 -0.650 0.060 0.003 -1.000] G5=[-0.749 -0.851 -0.002 12.481 0.035]
INFO  [mc_indi_tiltrotor] T2dbg2 Wu25=[1.0 9.0] du25=[0.0064 -0.0007] dmax25=[32.5188 0.0010] nu_yaw=-0.012
INFO  [mc_indi_tiltrotor] WRdbg0 Wu0=1 lo0=-18.96 du0=-0.0275 pin0=0.000 a0=[-0.017 0.003 -0.002 -0.004 -0.008]
INFO  [mc_indi_tiltrotor] WRdbg1 Wu1=1 lo1=-19.05 du1=0.0086 pin1=0.000 a1=[0.023 -0.007 0.005 -0.002 -0.010]
INFO  [mc_indi_tiltrotor] T0dbg1 G0=[-0.257 0.197 0.014 0.180 -0.984] nu_des=[0.01 -0.04 0.03 -0.96 0.03]
INFO  [mc_indi_tiltrotor] T0dbg2 Ws34=[0.1 20.0] Wu0=1.0 du0=-0.0216 dmin0=-18.5996 dmax0=26.4004
INFO  [mc_indi_tiltrotor] T2dbg1 G2=[-0.000 -0.650 0.060 0.002 -1.000] G5=[-0.731 -0.836 -0.002 12.182 0.026]
INFO  [mc_indi_tiltrotor] T2dbg2 Wu25=[1.0 9.0] du25=[0.0107 -0.0003] dmax25=[32.8181 0.0015] nu_yaw=0.033
INFO  [mc_indi_tiltrotor] WRdbg0 Wu0=1 lo0=-18.60 du0=-0.0216 pin0=0.000 a0=[-0.016 0.004 0.004 -0.006 -0.008]
INFO  [mc_indi_tiltrotor] WRdbg1 Wu1=1 lo1=-19.10 du1=-0.0119 pin1=0.000 a1=[0.022 -0.008 -0.012 -0.003 -0.011]
INFO  [mc_indi_tiltrotor] YWdbg nu2=0.006 ach2=0.046 r=-0.01 wsp2=0.02 ddelta=[-0.0084 -0.0066 0.0034]
INFO  [mc_indi_tiltrotor] T0dbg1 G0=[-0.257 0.196 0.013 0.182 -0.983] nu_des=[-0.00 0.23 -0.02 -1.23 0.11]
INFO  [mc_indi_tiltrotor] T0dbg2 Ws34=[0.1 20.0] Wu0=1.0 du0=0.0288 dmin0=-18.5593 dmax0=26.4407
INFO  [mc_indi_tiltrotor] T2dbg1 G2=[-0.000 -0.650 0.060 0.002 -1.000] G5=[-0.749 -0.858 -0.001 12.487 0.025]
INFO  [mc_indi_tiltrotor] T2dbg2 Wu25=[1.0 1000000.0] du25=[-0.2386 -0.0020] dmax25=[32.5131 -0.0002] nu_yaw=-0.020
INFO  [mc_indi_tiltrotor] WRdbg0 Wu0=1 lo0=-18.56 du0=0.0288 pin0=-0.069 a0=[0.002 0.137 -0.000 -0.000 -0.040]
INFO  [mc_indi_tiltrotor] WRdbg1 Wu1=1 lo1=-19.30 du1=0.0553 pin1=-0.042 a1=[-0.001 0.139 0.000 -0.000 -0.041]
INFO  [mc_indi_tiltrotor] T0dbg1 G0=[-0.256 0.199 0.019 0.161 -0.987] nu_des=[-0.02 0.01 -0.02 -0.47 -0.02]
INFO  [mc_indi_tiltrotor] T0dbg2 Ws34=[0.1 20.0] Wu0=1.0 du0=0.0227 dmin0=-18.9358 dmax0=26.0642
INFO  [mc_indi_tiltrotor] T2dbg1 G2=[-0.000 -0.650 0.060 0.002 -1.000] G5=[-0.753 -0.864 -0.001 12.555 0.023]
INFO  [mc_indi_tiltrotor] T2dbg2 Wu25=[1.0 9.0] du25=[0.0110 0.0007] dmax25=[32.4451 0.0024] nu_yaw=-0.021
INFO  [mc_indi_tiltrotor] WRdbg0 Wu0=1 lo0=-18.94 du0=0.0227 pin0=0.000 a0=[0.024 -0.001 -0.003 -0.003 0.005]
INFO  [mc_indi_tiltrotor] WRdbg1 Wu1=1 lo1=-19.42 du1=-0.0185 pin1=0.000 a1=[-0.032 0.001 0.008 -0.002 0.006]
INFO  [mc_indi_tiltrotor] YWdbg nu2=-0.003 ach2=-0.003 r=0.03 wsp2=0.00 ddelta=[0.0049 0.0039 -0.0002]
INFO  [mc_indi_tiltrotor] T0dbg1 G0=[-0.257 0.197 0.014 0.180 -0.984] nu_des=[-0.01 0.02 -0.00 -1.07 -0.01]
INFO  [mc_indi_tiltrotor] T0dbg2 Ws34=[0.1 20.0] Wu0=1.0 du0=0.0122 dmin0=-18.9645 dmax0=26.0355
INFO  [mc_indi_tiltrotor] T2dbg1 G2=[-0.000 -0.650 0.060 0.003 -1.000] G5=[-0.761 -0.866 -0.002 12.676 0.033]
INFO  [mc_indi_tiltrotor] T2dbg2 Wu25=[1.0 9.0] du25=[0.0028 0.0003] dmax25=[32.3243 0.0017] nu_yaw=-0.004
INFO  [mc_indi_tiltrotor] WRdbg0 Wu0=1 lo0=-18.96 du0=0.0122 pin0=0.000 a0=[0.019 -0.002 -0.001 -0.007 0.002]
INFO  [mc_indi_tiltrotor] WRdbg1 Wu1=1 lo1=-19.24 du1=-0.0211 pin1=0.000 a1=[-0.026 0.004 0.001 -0.004 0.003]
INFO  [mc_indi_tiltrotor] T0dbg1 G0=[-0.256 0.200 0.020 0.157 -0.988] nu_des=[-0.00 0.02 -0.02 -0.20 0.02]
INFO  [mc_indi_tiltrotor] T0dbg2 Ws34=[0.1 20.0] Wu0=1.0 du0=-0.0058 dmin0=-18.9749 dmax0=26.0251
INFO  [mc_indi_tiltrotor] T2dbg1 G2=[-0.000 -0.650 0.060 0.002 -1.000] G5=[-0.743 -0.854 -0.001 12.384 0.020]
INFO  [mc_indi_tiltrotor] T2dbg2 Wu25=[1.0 9.0] du25=[-0.0178 -0.0002] dmax25=[32.6156 0.0013] nu_yaw=-0.021
INFO  [mc_indi_tiltrotor] WRdbg0 Wu0=1 lo0=-18.97 du0=-0.0058 pin0=-0.024 a0=[0.008 0.011 0.007 0.000 -0.009]
INFO  [mc_indi_tiltrotor] WRdbg1 Wu1=1 lo1=-19.30 du1=-0.0025 pin1=-0.008 a1=[-0.007 0.009 0.012 -0.000 -0.009]
INFO  [mc_indi_tiltrotor] YWdbg nu2=0.014 ach2=0.015 r=-0.00 wsp2=-0.01 ddelta=[-0.0042 -0.0010 -0.0007]
INFO  [mc_indi_tiltrotor] T0dbg1 G0=[-0.256 0.199 0.018 0.164 -0.986] nu_des=[-0.01 -0.13 -0.00 -0.52 0.03]
INFO  [mc_indi_tiltrotor] T0dbg2 Ws34=[0.1 20.0] Wu0=1.0 du0=-0.1224 dmin0=-19.1135 dmax0=25.8865
INFO  [mc_indi_tiltrotor] T2dbg1 G2=[-0.000 -0.650 0.060 0.001 -1.000] G5=[-0.738 -0.851 -0.001 12.302 0.016]
INFO  [mc_indi_tiltrotor] T2dbg2 Wu25=[1.0 1000000.0] du25=[0.1873 0.0023] dmax25=[32.6979 0.0023] nu_yaw=-0.001
INFO  [mc_indi_tiltrotor] WRdbg0 Wu0=1 lo0=-19.11 du0=-0.1224 pin0=-0.050 a0=[0.017 -0.077 -0.000 -0.000 -0.012]
INFO  [mc_indi_tiltrotor] WRdbg1 Wu1=1 lo1=-19.62 du1=-0.1267 pin1=-0.019 a1=[-0.017 -0.079 0.000 -0.000 -0.012]
INFO  [mc_indi_tiltrotor] T0dbg1 G0=[-0.257 0.198 0.016 0.172 -0.985] nu_des=[0.01 -0.06 0.00 -0.77 0.07]
INFO  [mc_indi_tiltrotor] T0dbg2 Ws34=[0.1 20.0] Wu0=1.0 du0=-0.0533 dmin0=-18.7307 dmax0=26.2693
INFO  [mc_indi_tiltrotor] T2dbg1 G2=[-0.000 -0.650 0.060 0.002 -1.000] G5=[-0.751 -0.857 -0.002 12.510 0.029]
INFO  [mc_indi_tiltrotor] T2dbg2 Wu25=[1.0 9.0] du25=[0.0353 0.0008] dmax25=[32.4901 0.0020] nu_yaw=0.003
INFO  [mc_indi_tiltrotor] WRdbg0 Wu0=1 lo0=-18.73 du0=-0.0533 pin0=0.024 a0=[-0.012 -0.038 0.000 0.000 -0.028]
INFO  [mc_indi_tiltrotor] WRdbg1 Wu1=1 lo1=-19.42 du1=-0.0455 pin1=0.007 a1=[0.011 -0.035 -0.000 -0.001 -0.028]
INFO  [mc_indi_tiltrotor] YWdbg nu2=-0.009 ach2=-0.009 r=0.00 wsp2=0.00 ddelta=[-0.0120 -0.0120 -0.0017]
INFO  [mc_indi_tiltrotor] T0dbg1 G0=[-0.256 0.199 0.019 0.161 -0.987] nu_des=[-0.01 0.08 -0.01 -0.34 0.10]
INFO  [mc_indi_tiltrotor] T0dbg2 Ws34=[0.1 20.0] Wu0=1.0 du0=0.0225 dmin0=-18.6672 dmax0=26.3328
INFO  [mc_indi_tiltrotor] T2dbg1 G2=[-0.000 -0.650 0.060 0.002 -1.000] G5=[-0.767 -0.876 -0.002 12.777 0.028]
INFO  [mc_indi_tiltrotor] T2dbg2 Wu25=[1.0 9.0] du25=[-0.1043 -0.0006] dmax25=[32.2230 0.0020] nu_yaw=-0.007
INFO  [mc_indi_tiltrotor] WRdbg0 Wu0=1 lo0=-18.67 du0=0.0225 pin0=-0.012 a0=[0.027 0.046 -0.000 0.000 -0.039]
INFO  [mc_indi_tiltrotor] WRdbg1 Wu1=1 lo1=-19.16 du1=-0.0251 pin1=-0.002 a1=[-0.025 0.042 0.000 -0.000 -0.039]
INFO  [mc_indi_tiltrotor] T0dbg1 G0=[-0.257 0.198 0.017 0.169 -0.986] nu_des=[-0.00 0.01 -0.00 -0.60 0.02]
INFO  [mc_indi_tiltrotor] T0dbg2 Ws34=[0.1 20.0] Wu0=1.0 du0=-0.0096 dmin0=-18.8856 dmax0=26.1144
INFO  [mc_indi_tiltrotor] T2dbg1 G2=[-0.000 -0.650 0.060 0.003 -1.000] G5=[-0.758 -0.862 -0.002 12.628 0.034]
INFO  [mc_indi_tiltrotor] T2dbg2 Wu25=[1.0 9.0] du25=[-0.0076 -0.0003] dmax25=[32.3722 0.0015] nu_yaw=-0.002
INFO  [mc_indi_tiltrotor] WRdbg0 Wu0=1 lo0=-18.89 du0=-0.0096 pin0=0.000 a0=[0.000 -0.001 -0.000 -0.004 -0.005]
INFO  [mc_indi_tiltrotor] WRdbg1 Wu1=1 lo1=-19.19 du1=-0.0069 pin1=0.000 a1=[-0.000 0.001 0.001 -0.002 -0.007]
INFO  [mc_indi_tiltrotor] YWdbg nu2=-0.013 ach2=-0.013 r=0.01 wsp2=-0.01 ddelta=[0.0039 0.0013 -0.0001]
INFO  [mc_indi_tiltrotor] T0dbg1 G0=[-0.256 0.200 0.019 0.160 -0.987] nu_des=[0.00 -0.00 -0.02 -0.24 -0.00]
INFO  [mc_indi_tiltrotor] T0dbg2 Ws34=[0.1 20.0] Wu0=1.0 du0=-0.0080 dmin0=-19.0402 dmax0=25.9598
INFO  [mc_indi_tiltrotor] T2dbg1 G2=[-0.000 -0.650 0.060 0.002 -1.000] G5=[-0.756 -0.867 -0.001 12.597 0.023]
INFO  [mc_indi_tiltrotor] T2dbg2 Wu25=[1.0 9.0] du25=[0.0032 -0.0005] dmax25=[32.4033 0.0018] nu_yaw=-0.023
INFO  [mc_indi_tiltrotor] WRdbg0 Wu0=1 lo0=-19.04 du0=-0.0080 pin0=0.000 a0=[-0.005 0.000 -0.003 -0.001 0.001]
INFO  [mc_indi_tiltrotor] WRdbg1 Wu1=1 lo1=-19.45 du1=0.0160 pin1=0.000 a1=[0.006 -0.000 0.009 -0.001 0.002]
INFO  [mc_indi_tiltrotor] T0dbg1 G0=[-0.256 0.199 0.018 0.165 -0.986] nu_des=[0.01 -0.41 0.00 -0.44 0.11]
INFO  [mc_indi_tiltrotor] T0dbg2 Ws34=[0.1 20.0] Wu0=1.0 du0=-0.2286 dmin0=-18.9906 dmax0=26.0094
INFO  [mc_indi_tiltrotor] T2dbg1 G2=[-0.000 -0.650 0.060 0.003 -1.000] G5=[-0.761 -0.865 -0.002 12.677 0.035]
INFO  [mc_indi_tiltrotor] T2dbg2 Wu25=[1.0 1000000.0] du25=[0.3907 0.0055] dmax25=[32.3232 0.0055] nu_yaw=0.004
INFO  [mc_indi_tiltrotor] WRdbg0 Wu0=1 lo0=-18.99 du0=-0.2286 pin0=0.063 a0=[-0.012 -0.239 0.000 -0.000 -0.039]
INFO  [mc_indi_tiltrotor] WRdbg1 Wu1=1 lo1=-19.52 du1=-0.2305 pin1=0.043 a1=[0.012 -0.245 -0.000 -0.000 -0.040]
INFO  [mc_indi_tiltrotor] YWdbg nu2=0.022 ach2=0.022 r=-0.03 wsp2=-0.01 ddelta=[0.0030 0.0066 0.0010]
INFO  [mc_indi_tiltrotor] T0dbg1 G0=[-0.257 0.196 0.013 0.185 -0.983] nu_des=[0.01 -0.02 0.01 -1.33 0.11]
INFO  [mc_indi_tiltrotor] T0dbg2 Ws34=[0.1 20.0] Wu0=1.0 du0=-0.0606 dmin0=-18.9506 dmax0=26.0494
INFO  [mc_indi_tiltrotor] T2dbg1 G2=[-0.000 -0.650 0.060 0.003 -1.000] G5=[-0.739 -0.841 -0.002 12.322 0.033]
INFO  [mc_indi_tiltrotor] T2dbg2 Wu25=[1.0 9.0] du25=[-0.0099 -0.0002] dmax25=[32.6779 0.0005] nu_yaw=0.010
INFO  [mc_indi_tiltrotor] WRdbg0 Wu0=1 lo0=-18.95 du0=-0.0606 pin0=0.006 a0=[-0.014 -0.011 0.000 0.000 -0.043]
INFO  [mc_indi_tiltrotor] WRdbg1 Wu1=1 lo1=-19.40 du1=-0.0432 pin1=-0.002 a1=[0.013 -0.010 -0.000 -0.001 -0.043]
INFO  [mc_indi_tiltrotor] T0dbg1 G0=[-0.257 0.198 0.016 0.172 -0.985] nu_des=[-0.01 0.03 -0.00 -0.88 0.03]
INFO  [mc_indi_tiltrotor] T0dbg2 Ws34=[0.1 20.0] Wu0=1.0 du0=-0.0292 dmin0=-19.0269 dmax0=25.9731
INFO  [mc_indi_tiltrotor] T2dbg1 G2=[-0.000 -0.650 0.060 0.001 -1.000] G5=[-0.740 -0.852 -0.001 12.340 0.018]
INFO  [mc_indi_tiltrotor] T2dbg2 Wu25=[1.0 1000000.0] du25=[0.0023 0.0003] dmax25=[32.6599 0.0003] nu_yaw=-0.001
INFO  [mc_indi_tiltrotor] WRdbg0 Wu0=1 lo0=-19.03 du0=-0.0292 pin0=-0.059 a0=[0.022 0.020 -0.000 -0.000 -0.011]
INFO  [mc_indi_tiltrotor] WRdbg1 Wu1=1 lo1=-19.45 du1=-0.0420 pin1=-0.030 a1=[-0.021 0.020 0.000 -0.000 -0.012]
INFO  [mc_indi_tiltrotor] YWdbg nu2=-0.025 ach2=-0.023 r=0.02 wsp2=0.01 ddelta=[-0.0026 -0.0068 -0.0006]
INFO  [mc_indi_tiltrotor] T0dbg1 G0=[-0.256 0.200 0.020 0.157 -0.988] nu_des=[0.00 -0.02 -0.04 -0.18 0.03]
INFO  [mc_indi_tiltrotor] T0dbg2 Ws34=[0.1 20.0] Wu0=1.0 du0=-0.0122 dmin0=-18.8294 dmax0=26.1706
INFO  [mc_indi_tiltrotor] T2dbg1 G2=[-0.000 -0.650 0.060 0.002 -1.000] G5=[-0.760 -0.871 -0.001 12.664 0.023]
INFO  [mc_indi_tiltrotor] T2dbg2 Wu25=[1.0 9.0] du25=[0.0045 -0.0002] dmax25=[32.3362 0.0020] nu_yaw=-0.035
INFO  [mc_indi_tiltrotor] WRdbg0 Wu0=1 lo0=-18.83 du0=-0.0122 pin0=0.000 a0=[-0.001 0.002 -0.005 -0.001 -0.007]
INFO  [mc_indi_tiltrotor] WRdbg1 Wu1=1 lo1=-19.23 du1=0.0002 pin1=0.000 a1=[0.001 -0.005 0.014 -0.001 -0.009]
INFO  [mc_indi_tiltrotor] T0dbg1 G0=[-0.256 0.200 0.019 0.159 -0.987] nu_des=[-0.00 0.09 -0.04 -0.25 0.06]
INFO  [mc_indi_tiltrotor] T0dbg2 Ws34=[0.1 20.0] Wu0=1.0 du0=0.0023 dmin0=-18.9329 dmax0=26.0671
INFO  [mc_indi_tiltrotor] T2dbg1 G2=[-0.000 -0.650 0.060 0.002 -1.000] G5=[-0.758 -0.869 -0.001 12.631 0.023]
INFO  [mc_indi_tiltrotor] T2dbg2 Wu25=[1.0 9.0] du25=[-0.0920 -0.0003] dmax25=[32.3690 -0.0001] nu_yaw=-0.041
INFO  [mc_indi_tiltrotor] WRdbg0 Wu0=1 lo0=-18.93 du0=0.0023 pin0=-0.032 a0=[0.003 0.055 -0.001 0.000 -0.023]
INFO  [mc_indi_tiltrotor] WRdbg1 Wu1=1 lo1=-19.46 du1=0.0076 pin1=-0.017 a1=[-0.003 0.050 0.002 -0.000 -0.024]
INFO  [mc_indi_tiltrotor] YWdbg nu2=0.001 ach2=-0.000 r=0.00 wsp2=-0.03 ddelta=[-0.0044 -0.0046 0.0004]
INFO  [mc_indi_tiltrotor] T0dbg1 G0=[-0.256 0.200 0.020 0.158 -0.987] nu_des=[-0.00 -0.01 0.01 -0.20 -0.00]
INFO  [mc_indi_tiltrotor] T0dbg2 Ws34=[0.1 20.0] Wu0=1.0 du0=0.0068 dmin0=-18.9550 dmax0=26.0450
INFO  [mc_indi_tiltrotor] T2dbg1 G2=[-0.000 -0.650 0.060 0.002 -1.000] G5=[-0.744 -0.848 -0.002 12.398 0.031]
INFO  [mc_indi_tiltrotor] T2dbg2 Wu25=[1.0 9.0] du25=[0.0063 0.0004] dmax25=[32.6015 0.0020] nu_yaw=0.012
INFO  [mc_indi_tiltrotor] WRdbg0 Wu0=1 lo0=-18.96 du0=0.0068 pin0=0.000 a0=[0.005 0.000 0.002 -0.001 0.001]
INFO  [mc_indi_tiltrotor] WRdbg1 Wu1=1 lo1=-19.33 du1=-0.0124 pin1=0.000 a1=[-0.007 -0.001 -0.005 -0.001 0.001]
INFO  [mc_indi_tiltrotor] T0dbg1 G0=[-0.256 0.201 0.021 0.153 -0.988] nu_des=[0.01 0.04 -0.09 -0.14 0.13]
INFO  [mc_indi_tiltrotor] T0dbg2 Ws34=[0.1 20.0] Wu0=1.0 du0=-0.0465 dmin0=-18.7431 dmax0=26.2569
INFO  [mc_indi_tiltrotor] T2dbg1 G2=[-0.000 -0.650 0.060 0.003 -1.000] G5=[-0.787 -0.896 -0.002 13.122 0.035]
INFO  [mc_indi_tiltrotor] T2dbg2 Wu25=[1.0 9.0] du25=[-0.0777 -0.0020] dmax25=[31.8782 0.0001] nu_yaw=-0.086
INFO  [mc_indi_tiltrotor] WRdbg0 Wu0=1 lo0=-18.74 du0=-0.0465 pin0=-0.033 a0=[-0.015 0.020 0.029 0.000 -0.047]
INFO  [mc_indi_tiltrotor] WRdbg1 Wu1=1 lo1=-19.20 du1=0.0201 pin1=-0.012 a1=[0.013 0.017 0.049 -0.000 -0.047]
INFO  [mc_indi_tiltrotor] YWdbg nu2=-0.014 ach2=-0.015 r=0.00 wsp2=-0.01 ddelta=[0.0095 0.0056 0.0007]
INFO  [mc_indi_tiltrotor] T0dbg1 G0=[-0.257 0.198 0.016 0.173 -0.985] nu_des=[0.01 -0.12 -0.01 -0.82 0.12]
INFO  [mc_indi_tiltrotor] T0dbg2 Ws34=[0.1 20.0] Wu0=1.0 du0=-0.0574 dmin0=-18.6644 dmax0=26.3356
INFO  [mc_indi_tiltrotor] T2dbg1 G2=[-0.000 -0.650 0.060 0.004 -1.000] G5=[-0.761 -0.858 -0.003 12.689 0.046]
INFO  [mc_indi_tiltrotor] T2dbg2 Wu25=[1.0 9.0] du25=[0.0477 0.0014] dmax25=[32.3107 0.0028] nu_yaw=-0.013
INFO  [mc_indi_tiltrotor] WRdbg0 Wu0=1 lo0=-18.66 du0=-0.0574 pin0=0.070 a0=[-0.011 -0.071 -0.000 0.000 -0.045]
INFO  [mc_indi_tiltrotor] WRdbg1 Wu1=1 lo1=-19.11 du1=-0.0666 pin1=0.033 a1=[0.010 -0.064 0.000 -0.001 -0.046]
INFO  [mc_indi_tiltrotor] T0dbg1 G0=[-0.257 0.198 0.016 0.171 -0.985] nu_des=[-0.00 0.01 -0.02 -0.75 0.06]
INFO  [mc_indi_tiltrotor] T0dbg2 Ws34=[0.1 20.0] Wu0=1.0 du0=-0.0070 dmin0=-18.8294 dmax0=26.1706
INFO  [mc_indi_tiltrotor] T2dbg1 G2=[-0.000 -0.650 0.060 0.002 -1.000] G5=[-0.760 -0.866 -0.002 12.665 0.032]
INFO  [mc_indi_tiltrotor] T2dbg2 Wu25=[1.0 9.0] du25=[-0.0248 -0.0002] dmax25=[32.3353 0.0025] nu_yaw=-0.016
INFO  [mc_indi_tiltrotor] WRdbg0 Wu0=1 lo0=-18.83 du0=-0.0070 pin0=-0.006 a0=[0.009 0.004 0.006 -0.000 -0.020]
INFO  [mc_indi_tiltrotor] WRdbg1 Wu1=1 lo1=-19.27 du1=-0.0186 pin1=-0.002 a1=[-0.008 0.004 0.009 -0.001 -0.020]
INFO  [mc_indi_tiltrotor] YWdbg nu2=-0.007 ach2=-0.008 r=0.01 wsp2=-0.01 ddelta=[-0.0001 -0.0022 0.0006]
INFO  [mc_indi_tiltrotor] T0dbg1 G0=[-0.256 0.200 0.019 0.160 -0.987] nu_des=[-0.00 0.00 -0.01 -0.24 0.00]
INFO  [mc_indi_tiltrotor] T0dbg2 Ws34=[0.1 20.0] Wu0=1.0 du0=-0.0000 dmin0=-18.7999 dmax0=26.2001
INFO  [mc_indi_tiltrotor] T2dbg1 G2=[-0.000 -0.650 0.060 0.002 -1.000] G5=[-0.754 -0.865 -0.001 12.575 0.024]
INFO  [mc_indi_tiltrotor] T2dbg2 Wu25=[1.0 9.0] du25=[0.0010 -0.0000] dmax25=[32.4252 0.0018] nu_yaw=-0.012
INFO  [mc_indi_tiltrotor] WRdbg0 Wu0=1 lo0=-18.80 du0=-0.0000 pin0=0.000 a0=[0.004 -0.000 -0.002 -0.001 -0.001]
INFO  [mc_indi_tiltrotor] WRdbg1 Wu1=1 lo1=-19.23 du1=-0.0022 pin1=0.000 a1=[-0.005 0.000 0.005 -0.001 -0.001]
INFO  [mc_indi_tiltrotor] T0dbg1 G0=[-0.256 0.200 0.019 0.159 -0.987] nu_des=[0.00 -0.00 -0.00 -0.16 -0.01]
INFO  [mc_indi_tiltrotor] T0dbg2 Ws34=[0.1 20.0] Wu0=1.0 du0=-0.0006 dmin0=-18.9782 dmax0=26.0218
INFO  [mc_indi_tiltrotor] T2dbg1 G2=[-0.000 -0.650 0.060 0.002 -1.000] G5=[-0.752 -0.865 -0.001 12.538 0.020]
INFO  [mc_indi_tiltrotor] T2dbg2 Wu25=[1.0 9.0] du25=[0.0030 -0.0001] dmax25=[32.4617 0.0017] nu_yaw=-0.003
INFO  [mc_indi_tiltrotor] WRdbg0 Wu0=1 lo0=-18.98 du0=-0.0006 pin0=-0.003 a0=[-0.001 -0.000 0.001 0.000 0.002]
INFO  [mc_indi_tiltrotor] WRdbg1 Wu1=1 lo1=-19.38 du1=0.0042 pin1=-0.001 a1=[0.001 -0.000 0.002 -0.000 0.002]
INFO  [mc_indi_tiltrotor] YWdbg nu2=0.014 ach2=0.014 r=-0.01 wsp2=-0.00 ddelta=[0.0026 0.0057 -0.0005]
INFO  [mc_indi_tiltrotor] T0dbg1 G0=[-0.256 0.199 0.019 0.161 -0.987] nu_des=[0.01 0.02 0.02 -0.32 -0.02]
INFO  [mc_indi_tiltrotor] T0dbg2 Ws34=[0.1 20.0] Wu0=1.0 du0=-0.0058 dmin0=-18.8543 dmax0=26.1457
INFO  [mc_indi_tiltrotor] T2dbg1 G2=[-0.000 -0.650 0.060 0.001 -1.000] G5=[-0.756 -0.873 -0.001 12.605 0.014]
INFO  [mc_indi_tiltrotor] T2dbg2 Wu25=[1.0 9.0] du25=[-0.0031 -0.0006] dmax25=[32.3947 0.0014] nu_yaw=0.016
INFO  [mc_indi_tiltrotor] WRdbg0 Wu0=1 lo0=-18.85 du0=-0.0058 pin0=0.000 a0=[-0.009 -0.002 0.002 -0.002 0.005]
INFO  [mc_indi_tiltrotor] WRdbg1 Wu1=1 lo1=-19.39 du1=0.0150 pin1=0.000 a1=[0.013 0.004 -0.006 -0.001 0.006]
INFO  [mc_indi_tiltrotor] T0dbg1 G0=[-0.256 0.199 0.018 0.166 -0.986] nu_des=[0.00 -0.05 0.00 -0.62 0.05]
INFO  [mc_indi_tiltrotor] T0dbg2 Ws34=[0.1 20.0] Wu0=1.0 du0=-0.0110 dmin0=-18.8375 dmax0=26.1625
INFO  [mc_indi_tiltrotor] T2dbg1 G2=[-0.000 -0.650 0.060 0.002 -1.000] G5=[-0.749 -0.860 -0.001 12.481 0.021]
INFO  [mc_indi_tiltrotor] T2dbg2 Wu25=[1.0 9.0] du25=[0.0135 0.0003] dmax25=[32.5187 0.0024] nu_yaw=0.004
INFO  [mc_indi_tiltrotor] WRdbg0 Wu0=1 lo0=-18.84 du0=-0.0110 pin0=0.000 a0=[-0.001 0.005 0.001 -0.004 -0.012]
INFO  [mc_indi_tiltrotor] WRdbg1 Wu1=1 lo1=-19.38 du1=-0.0270 pin1=0.000 a1=[0.001 -0.010 -0.001 -0.002 -0.015]
INFO  [mc_indi_tiltrotor] YWdbg nu2=-0.033 ach2=-0.027 r=0.01 wsp2=0.02 ddelta=[-0.0120 -0.0120 -0.0023]
INFO  [mc_indi_tiltrotor] T0dbg1 G0=[-0.256 0.200 0.020 0.157 -0.988] nu_des=[-0.00 -0.03 -0.01 -0.26 0.00]
INFO  [mc_indi_tiltrotor] T0dbg2 Ws34=[0.1 20.0] Wu0=1.0 du0=0.0003 dmin0=-18.9883 dmax0=26.0117
INFO  [mc_indi_tiltrotor] T2dbg1 G2=[-0.000 -0.650 0.060 0.002 -1.000] G5=[-0.756 -0.866 -0.002 12.605 0.025]
INFO  [mc_indi_tiltrotor] T2dbg2 Wu25=[1.0 9.0] du25=[0.0173 0.0002] dmax25=[32.3945 0.0021] nu_yaw=-0.011
INFO  [mc_indi_tiltrotor] WRdbg0 Wu0=1 lo0=-18.99 du0=0.0003 pin0=0.000 a0=[0.002 0.003 -0.002 -0.002 -0.001]
INFO  [mc_indi_tiltrotor] WRdbg1 Wu1=1 lo1=-19.40 du1=-0.0073 pin1=0.000 a1=[-0.003 -0.007 0.005 -0.001 -0.002]
INFO  [mc_indi_tiltrotor] T0dbg1 G0=[-0.257 0.196 0.014 0.181 -0.984] nu_des=[-0.00 -0.03 -0.01 -1.11 0.05]
INFO  [mc_indi_tiltrotor] T0dbg2 Ws34=[0.1 20.0] Wu0=1.0 du0=-0.0108 dmin0=-18.9895 dmax0=26.0105
INFO  [mc_indi_tiltrotor] T2dbg1 G2=[-0.000 -0.650 0.060 0.003 -1.000] G5=[-0.754 -0.858 -0.002 12.564 0.034]
INFO  [mc_indi_tiltrotor] T2dbg2 Wu25=[1.0 9.0] du25=[0.0064 0.0002] dmax25=[32.4357 0.0019] nu_yaw=-0.007
INFO  [mc_indi_tiltrotor] WRdbg0 Wu0=1 lo0=-18.99 du0=-0.0108 pin0=0.000 a0=[0.005 0.004 -0.001 -0.007 -0.012]
INFO  [mc_indi_tiltrotor] WRdbg1 Wu1=1 lo1=-19.31 du1=-0.0312 pin1=0.000 a1=[-0.007 -0.006 0.003 -0.004 -0.017]
INFO  [mc_indi_tiltrotor] YWdbg nu2=0.014 ach2=0.019 r=0.00 wsp2=-0.01 ddelta=[-0.0012 0.0006 0.0026]
INFO  [mc_indi_tiltrotor] T0dbg1 G0=[-0.257 0.198 0.017 0.167 -0.986] nu_des=[0.00 -0.00 0.01 -0.54 0.02]
INFO  [mc_indi_tiltrotor] T0dbg2 Ws34=[0.1 20.0] Wu0=1.0 du0=-0.0138 dmin0=-18.7753 dmax0=26.2247
INFO  [mc_indi_tiltrotor] T2dbg1 G2=[-0.000 -0.650 0.060 0.002 -1.000] G5=[-0.741 -0.850 -0.001 12.342 0.022]
INFO  [mc_indi_tiltrotor] T2dbg2 Wu25=[1.0 9.0] du25=[-0.0043 -0.0003] dmax25=[32.6583 0.0017] nu_yaw=0.008
INFO  [mc_indi_tiltrotor] WRdbg0 Wu0=1 lo0=-18.78 du0=-0.0138 pin0=0.000 a0=[-0.007 0.000 0.001 -0.003 -0.005]
INFO  [mc_indi_tiltrotor] WRdbg1 Wu1=1 lo1=-19.14 du1=-0.0037 pin1=0.000 a1=[0.009 -0.001 -0.003 -0.002 -0.007]
INFO  [mc_indi_tiltrotor] T0dbg1 G0=[-0.256 0.200 0.021 0.154 -0.988] nu_des=[0.00 -0.14 -0.02 -0.19 0.12]
INFO  [mc_indi_tiltrotor] T0dbg2 Ws34=[0.1 20.0] Wu0=1.0 du0=-0.1238 dmin0=-18.8558 dmax0=26.1442
INFO  [mc_indi_tiltrotor] T2dbg1 G2=[-0.000 -0.650 0.060 0.002 -1.000] G5=[-0.757 -0.868 -0.001 12.613 0.022]
INFO  [mc_indi_tiltrotor] T2dbg2 Wu25=[1.0 1000000.0] du25=[0.1233 0.0027] dmax25=[32.3875 0.0063] nu_yaw=-0.016
INFO  [mc_indi_tiltrotor] WRdbg0 Wu0=1 lo0=-18.86 du0=-0.1238 pin0=0.003 a0=[-0.006 -0.078 -0.000 -0.000 -0.043]
INFO  [mc_indi_tiltrotor] WRdbg1 Wu1=1 lo1=-19.36 du1=-0.1194 pin1=-0.001 a1=[0.006 -0.080 0.000 -0.000 -0.044]
INFO  [mc_indi_tiltrotor] YWdbg nu2=-0.003 ach2=-0.019 r=0.01 wsp2=-0.00 ddelta=[0.0030 0.0030 -0.0025]
INFO  [mc_indi_tiltrotor] T0dbg1 G0=[-0.256 0.199 0.018 0.166 -0.986] nu_des=[-0.00 0.00 0.00 -0.56 0.00]
INFO  [mc_indi_tiltrotor] T0dbg2 Ws34=[0.1 20.0] Wu0=1.0 du0=0.0019 dmin0=-18.8380 dmax0=26.1620
INFO  [mc_indi_tiltrotor] T2dbg1 G2=[-0.000 -0.650 0.060 0.002 -1.000] G5=[-0.756 -0.865 -0.002 12.605 0.026]
INFO  [mc_indi_tiltrotor] T2dbg2 Wu25=[1.0 9.0] du25=[0.0026 0.0001] dmax25=[32.3946 0.0015] nu_yaw=0.002
INFO  [mc_indi_tiltrotor] WRdbg0 Wu0=1 lo0=-18.84 du0=0.0019 pin0=0.000 a0=[0.005 -0.000 0.000 -0.003 -0.000]
INFO  [mc_indi_tiltrotor] WRdbg1 Wu1=1 lo1=-19.41 du1=-0.0098 pin1=0.000 a1=[-0.007 0.001 -0.001 -0.002 -0.000]
INFO  [mc_indi_tiltrotor] T0dbg1 G0=[-0.256 0.200 0.019 0.160 -0.987] nu_des=[0.01 -0.01 0.01 -0.39 0.01]
INFO  [mc_indi_tiltrotor] T0dbg2 Ws34=[0.1 20.0] Wu0=1.0 du0=-0.0219 dmin0=-18.8823 dmax0=26.1177
INFO  [mc_indi_tiltrotor] T2dbg1 G2=[-0.000 -0.650 0.060 0.002 -1.000] G5=[-0.756 -0.865 -0.002 12.598 0.026]
INFO  [mc_indi_tiltrotor] T2dbg2 Wu25=[1.0 9.0] du25=[0.0019 -0.0007] dmax25=[32.4022 0.0015] nu_yaw=0.008
INFO  [mc_indi_tiltrotor] WRdbg0 Wu0=1 lo0=-18.88 du0=-0.0219 pin0=0.015 a0=[-0.023 -0.006 -0.003 0.000 -0.005]
INFO  [mc_indi_tiltrotor] WRdbg1 Wu1=1 lo1=-19.30 du1=0.0096 pin1=0.006 a1=[0.020 -0.005 -0.005 -0.000 -0.005]
INFO  [mc_indi_tiltrotor] YWdbg nu2=0.007 ach2=0.007 r=-0.01 wsp2=0.00 ddelta=[-0.0015 0.0001 -0.0002]
INFO  [mc_indi_tiltrotor] T0dbg1 G0=[-0.256 0.200 0.021 0.155 -0.988] nu_des=[0.00 -0.06 -0.06 -0.19 0.45]
INFO  [mc_indi_tiltrotor] T0dbg2 Ws34=[0.1 20.0] Wu0=1.0 du0=-0.1809 dmin0=-18.6098 dmax0=26.3902
INFO  [mc_indi_tiltrotor] T2dbg1 G2=[-0.000 -0.650 0.060 0.002 -1.000] G5=[-0.809 -0.924 -0.002 13.487 0.031]
INFO  [mc_indi_tiltrotor] T2dbg2 Wu25=[1.0 1000000.0] du25=[-0.0673 0.0031] dmax25=[31.5131 0.0067] nu_yaw=-0.061
INFO  [mc_indi_tiltrotor] WRdbg0 Wu0=1 lo0=-18.61 du0=-0.1809 pin0=0.022 a0=[-0.002 -0.034 -0.000 -0.000 -0.168]
INFO  [mc_indi_tiltrotor] WRdbg1 Wu1=1 lo1=-19.04 du1=-0.1876 pin1=0.017 a1=[0.002 -0.035 0.000 -0.000 -0.172]
INFO  [mc_indi_tiltrotor] T0dbg1 G0=[-0.257 0.198 0.017 0.170 -0.985] nu_des=[-0.00 -0.00 -0.01 -0.71 0.01]
INFO  [mc_indi_tiltrotor] T0dbg2 Ws34=[0.1 20.0] Wu0=1.0 du0=-0.0075 dmin0=-18.9484 dmax0=26.0516
INFO  [mc_indi_tiltrotor] T2dbg1 G2=[-0.000 -0.650 0.060 0.003 -1.000] G5=[-0.760 -0.866 -0.002 12.661 0.032]
INFO  [mc_indi_tiltrotor] T2dbg2 Wu25=[1.0 9.0] du25=[0.0013 -0.0003] dmax25=[32.3385 0.0013] nu_yaw=-0.012
INFO  [mc_indi_tiltrotor] WRdbg0 Wu0=1 lo0=-18.95 du0=-0.0075 pin0=0.000 a0=[0.001 0.000 -0.002 -0.004 -0.003]
INFO  [mc_indi_tiltrotor] WRdbg1 Wu1=1 lo1=-19.38 du1=-0.0033 pin1=0.000 a1=[-0.002 -0.000 0.005 -0.002 -0.004]
INFO  [mc_indi_tiltrotor] YWdbg nu2=-0.010 ach2=-0.011 r=0.01 wsp2=-0.02 ddelta=[-0.0044 -0.0064 0.0000]
INFO  [mc_indi_tiltrotor] T0dbg1 G0=[-0.256 0.199 0.018 0.164 -0.986] nu_des=[-0.00 0.72 -0.03 -0.49 0.49]
INFO  [mc_indi_tiltrotor] T0dbg2 Ws34=[0.1 20.0] Wu0=1.0 du0=0.2506 dmin0=-19.1400 dmax0=25.8600
INFO  [mc_indi_tiltrotor] T2dbg1 G2=[-0.000 -0.650 0.060 0.003 -1.000] G5=[-0.762 -0.864 -0.002 12.695 0.037]
INFO  [mc_indi_tiltrotor] T2dbg2 Wu25=[1.0 1000000.0] du25=[-0.9546 -0.0029] dmax25=[32.3054 -0.0012] nu_yaw=-0.029
INFO  [mc_indi_tiltrotor] WRdbg0 Wu0=1 lo0=-19.14 du0=0.2506 pin0=0.010 a0=[0.009 0.414 -0.000 -0.000 -0.182]
INFO  [mc_indi_tiltrotor] WRdbg1 Wu1=1 lo1=-19.56 du1=0.2262 pin1=-0.003 a1=[-0.008 0.424 0.000 -0.000 -0.187]
INFO  [mc_indi_tiltrotor] T0dbg1 G0=[-0.257 0.198 0.017 0.167 -0.986] nu_des=[0.00 -0.92 0.04 -0.59 0.43]
INFO  [mc_indi_tiltrotor] T0dbg2 Ws34=[0.1 20.0] Wu0=1.0 du0=-0.7181 dmin0=-18.9754 dmax0=26.0246
INFO  [mc_indi_tiltrotor] T2dbg1 G2=[-0.000 -0.650 0.060 0.002 -1.000] G5=[-0.763 -0.872 -0.002 12.712 0.028]
INFO  [mc_indi_tiltrotor] T2dbg2 Wu25=[1.0 1000000.0] du25=[0.9670 0.0070] dmax25=[32.2884 0.0070] nu_yaw=0.039
INFO  [mc_indi_tiltrotor] WRdbg0 Wu0=1 lo0=-18.98 du0=-0.7181 pin0=-0.024 a0=[-0.000 -0.530 0.000 -0.000 -0.163]
INFO  [mc_indi_tiltrotor] WRdbg1 Wu1=1 lo1=-19.57 du1=-0.7027 pin1=0.006 a1=[0.000 -0.542 -0.000 -0.000 -0.167]
INFO  [mc_indi_tiltrotor] YWdbg nu2=0.018 ach2=0.017 r=-0.03 wsp2=-0.01 ddelta=[0.0018 0.0048 0.0005]
INFO  [mc_indi_tiltrotor] T0dbg1 G0=[-0.256 0.200 0.019 0.160 -0.987] nu_des=[-0.00 0.01 0.01 -0.38 -0.01]
INFO  [mc_indi_tiltrotor] T0dbg2 Ws34=[0.1 20.0] Wu0=1.0 du0=0.0042 dmin0=-18.8642 dmax0=26.1358
INFO  [mc_indi_tiltrotor] T2dbg1 G2=[-0.000 -0.650 0.060 0.002 -1.000] G5=[-0.762 -0.871 -0.002 12.707 0.029]
INFO  [mc_indi_tiltrotor] T2dbg2 Wu25=[1.0 9.0] du25=[0.0041 0.0000] dmax25=[32.2930 0.0020] nu_yaw=0.008
INFO  [mc_indi_tiltrotor] WRdbg0 Wu0=1 lo0=-18.86 du0=0.0042 pin0=0.000 a0=[0.003 -0.000 0.001 -0.002 0.003]
INFO  [mc_indi_tiltrotor] WRdbg1 Wu1=1 lo1=-19.34 du1=-0.0030 pin1=0.000 a1=[-0.004 0.001 -0.003 -0.001 0.004]
INFO  [mc_indi_tiltrotor] T0dbg1 G0=[-0.256 0.200 0.020 0.158 -0.987] nu_des=[-0.01 -0.01 0.00 -0.32 0.04]
INFO  [mc_indi_tiltrotor] T0dbg2 Ws34=[0.1 20.0] Wu0=1.0 du0=0.0008 dmin0=-18.8687 dmax0=26.1313
INFO  [mc_indi_tiltrotor] T2dbg1 G2=[-0.000 -0.650 0.060 0.002 -1.000] G5=[-0.760 -0.867 -0.002 12.659 0.030]
INFO  [mc_indi_tiltrotor] T2dbg2 Wu25=[1.0 9.0] du25=[-0.0020 0.0006] dmax25=[32.3411 0.0027] nu_yaw=0.003
INFO  [mc_indi_tiltrotor] WRdbg0 Wu0=1 lo0=-18.87 du0=0.0008 pin0=0.000 a0=[0.011 0.001 0.000 -0.002 -0.010]
INFO  [mc_indi_tiltrotor] WRdbg1 Wu1=1 lo1=-19.21 du1=-0.0320 pin1=0.000 a1=[-0.014 -0.003 -0.001 -0.001 -0.012]
INFO  [mc_indi_tiltrotor] YWdbg nu2=-0.001 ach2=-0.002 r=0.01 wsp2=0.01 ddelta=[-0.0035 -0.0039 0.0001]
INFO  [mc_indi_tiltrotor] T0dbg1 G0=[-0.256 0.200 0.021 0.155 -0.988] nu_des=[0.01 -0.00 -0.01 -0.14 0.02]
INFO  [mc_indi_tiltrotor] T0dbg2 Ws34=[0.1 20.0] Wu0=1.0 du0=-0.0247 dmin0=-18.8118 dmax0=26.1882
INFO  [mc_indi_tiltrotor] T2dbg1 G2=[-0.000 -0.650 0.060 0.002 -1.000] G5=[-0.751 -0.861 -0.001 12.515 0.023]
INFO  [mc_indi_tiltrotor] T2dbg2 Wu25=[1.0 9.0] du25=[-0.0070 -0.0009] dmax25=[32.4854 0.0012] nu_yaw=-0.007
INFO  [mc_indi_tiltrotor] WRdbg0 Wu0=1 lo0=-18.81 du0=-0.0247 pin0=0.000 a0=[-0.019 0.000 -0.001 -0.001 -0.005]
INFO  [mc_indi_tiltrotor] WRdbg1 Wu1=1 lo1=-19.21 du1=0.0201 pin1=0.000 a1=[0.025 -0.001 0.003 -0.000 -0.006]
INFO  [mc_indi_tiltrotor] T0dbg1 G0=[-0.256 0.201 0.021 0.152 -0.988] nu_des=[0.00 0.01 -0.00 -0.03 -0.00]
INFO  [mc_indi_tiltrotor] T0dbg2 Ws34=[0.1 20.0] Wu0=1.0 du0=-0.0027 dmin0=-18.8596 dmax0=26.1404
INFO  [mc_indi_tiltrotor] T2dbg1 G2=[-0.000 -0.650 0.060 0.001 -1.000] G5=[-0.754 -0.869 -0.001 12.562 0.016]
INFO  [mc_indi_tiltrotor] T2dbg2 Wu25=[1.0 9.0] du25=[-0.0074 -0.0002] dmax25=[32.4382 0.0016] nu_yaw=-0.001
INFO  [mc_indi_tiltrotor] WRdbg0 Wu0=1 lo0=-18.86 du0=-0.0027 pin0=0.000 a0=[-0.001 -0.001 -0.000 -0.000 0.000]
INFO  [mc_indi_tiltrotor] WRdbg1 Wu1=1 lo1=-19.47 du1=0.0058 pin1=0.000 a1=[0.002 0.003 0.001 -0.000 0.000]
INFO  [mc_indi_tiltrotor] YWdbg nu2=0.012 ach2=0.011 r=-0.00 wsp2=0.00 ddelta=[0.0034 0.0054 0.0002]
INFO  [mc_indi_tiltrotor] T0dbg1 G0=[-0.256 0.200 0.020 0.158 -0.988] nu_des=[-0.00 -0.00 -0.00 -0.32 0.02]
INFO  [mc_indi_tiltrotor] T0dbg2 Ws34=[0.1 20.0] Wu0=1.0 du0=-0.0038 dmin0=-18.7156 dmax0=26.2844
INFO  [mc_indi_tiltrotor] T2dbg1 G2=[-0.000 -0.650 0.060 0.001 -1.000] G5=[-0.756 -0.870 -0.001 12.598 0.018]
INFO  [mc_indi_tiltrotor] T2dbg2 Wu25=[1.0 9.0] du25=[-0.0024 0.0000] dmax25=[32.4020 0.0020] nu_yaw=-0.004
INFO  [mc_indi_tiltrotor] WRdbg0 Wu0=1 lo0=-18.72 du0=-0.0038 pin0=0.000 a0=[0.003 0.000 -0.001 -0.002 -0.004]
INFO  [mc_indi_tiltrotor] WRdbg1 Wu1=1 lo1=-19.32 du1=-0.0098 pin1=0.000 a1=[-0.004 -0.001 0.002 -0.001 -0.006]
INFO  [mc_indi_tiltrotor] T0dbg1 G0=[-0.256 0.200 0.020 0.158 -0.987] nu_des=[-0.00 0.01 -0.02 -0.27 0.00]
INFO  [mc_indi_tiltrotor] T0dbg2 Ws34=[0.1 20.0] Wu0=1.0 du0=-0.0004 dmin0=-18.8086 dmax0=26.1914
INFO  [mc_indi_tiltrotor] T2dbg1 G2=[-0.000 -0.650 0.060 0.002 -1.000] G5=[-0.758 -0.868 -0.001 12.635 0.025]
INFO  [mc_indi_tiltrotor] T2dbg2 Wu25=[1.0 9.0] du25=[-0.0042 -0.0001] dmax25=[32.3652 0.0017] nu_yaw=-0.020
INFO  [mc_indi_tiltrotor] WRdbg0 Wu0=1 lo0=-18.81 du0=-0.0004 pin0=0.000 a0=[0.006 -0.001 -0.003 -0.002 -0.001]
INFO  [mc_indi_tiltrotor] WRdbg1 Wu1=1 lo1=-19.12 du1=0.0011 pin1=0.000 a1=[-0.008 0.003 0.008 -0.001 -0.001]
INFO  [mc_indi_tiltrotor] YWdbg nu2=-0.026 ach2=-0.026 r=0.02 wsp2=-0.01 ddelta=[0.0042 -0.0013 0.0003]
INFO  [mc_indi_tiltrotor] T0dbg1 G0=[-0.256 0.199 0.018 0.163 -0.987] nu_des=[-0.00 -0.75 -0.01 -0.30 0.27]
INFO  [mc_indi_tiltrotor] T0dbg2 Ws34=[0.1 20.0] Wu0=1.0 du0=-0.5234 dmin0=-18.9894 dmax0=26.0106
INFO  [mc_indi_tiltrotor] T2dbg1 G2=[-0.000 -0.650 0.060 0.002 -1.000] G5=[-0.755 -0.863 -0.002 12.577 0.027]
INFO  [mc_indi_tiltrotor] T2dbg2 Wu25=[1.0 1000000.0] du25=[0.7942 0.0070] dmax25=[32.4231 0.0070] nu_yaw=-0.006
INFO  [mc_indi_tiltrotor] WRdbg0 Wu0=1 lo0=-18.99 du0=-0.5234 pin0=0.008 a0=[0.004 -0.435 -0.000 -0.000 -0.101]
INFO  [mc_indi_tiltrotor] WRdbg1 Wu1=1 lo1=-19.30 du1=-0.5548 pin1=-0.002 a1=[-0.004 -0.445 0.000 -0.000 -0.103]
INFO  [mc_indi_tiltrotor] T0dbg1 G0=[-0.256 0.199 0.019 0.162 -0.987] nu_des=[0.00 -0.02 -0.03 -0.27 0.00]
INFO  [mc_indi_tiltrotor] T0dbg2 Ws34=[0.1 20.0] Wu0=1.0 du0=-0.0092 dmin0=-18.8397 dmax0=26.1603
INFO  [mc_indi_tiltrotor] T2dbg1 G2=[-0.000 -0.650 0.060 0.003 -1.000] G5=[-0.745 -0.847 -0.002 12.419 0.035]
INFO  [mc_indi_tiltrotor] T2dbg2 Wu25=[1.0 9.0] du25=[0.0105 -0.0004] dmax25=[32.5814 0.0017] nu_yaw=-0.026
INFO  [mc_indi_tiltrotor] WRdbg0 Wu0=1 lo0=-18.84 du0=-0.0092 pin0=0.000 a0=[-0.005 0.002 -0.004 -0.002 -0.001]
INFO  [mc_indi_tiltrotor] WRdbg1 Wu1=1 lo1=-19.39 du1=0.0109 pin1=0.000 a1=[0.007 -0.004 0.010 -0.001 -0.001]
INFO  [mc_indi_tiltrotor] YWdbg nu2=0.040 ach2=0.038 r=-0.03 wsp2=-0.03 ddelta=[-0.0005 0.0070 0.0002]
INFO  [mc_indi_tiltrotor] T0dbg1 G0=[-0.256 0.199 0.019 0.161 -0.987] nu_des=[-0.01 -0.03 0.01 -0.39 0.02]
INFO  [mc_indi_tiltrotor] T0dbg2 Ws34=[0.1 20.0] Wu0=1.0 du0=-0.0441 dmin0=-18.7914 dmax0=26.2086
INFO  [mc_indi_tiltrotor] T2dbg1 G2=[-0.000 -0.650 0.060 0.002 -1.000] G5=[-0.745 -0.851 -0.002 12.413 0.028]
INFO  [mc_indi_tiltrotor] T2dbg2 Wu25=[1.0 9.0] du25=[0.0641 0.0019] dmax25=[32.5866 0.0026] nu_yaw=0.010
INFO  [mc_indi_tiltrotor] WRdbg0 Wu0=1 lo0=-18.79 du0=-0.0441 pin0=-0.046 a0=[0.027 -0.017 0.000 0.000 -0.009]
INFO  [mc_indi_tiltrotor] WRdbg1 Wu1=1 lo1=-19.44 du1=-0.0710 pin1=-0.021 a1=[-0.025 -0.015 -0.000 -0.000 -0.009]
INFO  [mc_indi_tiltrotor] T0dbg1 G0=[-0.256 0.199 0.018 0.164 -0.986] nu_des=[-0.00 -0.06 -0.01 -0.51 0.04]
INFO  [mc_indi_tiltrotor] T0dbg2 Ws34=[0.1 20.0] Wu0=1.0 du0=-0.0024 dmin0=-18.9065 dmax0=26.0935
INFO  [mc_indi_tiltrotor] T2dbg1 G2=[-0.000 -0.650 0.060 0.003 -1.000] G5=[-0.757 -0.855 -0.003 12.618 0.044]
INFO  [mc_indi_tiltrotor] T2dbg2 Wu25=[1.0 9.0] du25=[0.0197 0.0007] dmax25=[32.3817 0.0025] nu_yaw=-0.006
INFO  [mc_indi_tiltrotor] WRdbg0 Wu0=1 lo0=-18.91 du0=-0.0024 pin0=0.000 a0=[0.007 0.005 -0.001 -0.003 -0.011]
INFO  [mc_indi_tiltrotor] WRdbg1 Wu1=1 lo1=-19.30 du1=-0.0338 pin1=0.000 a1=[-0.009 -0.012 0.002 -0.002 -0.014]
INFO  [mc_indi_tiltrotor] YWdbg nu2=-0.011 ach2=0.017 r=0.01 wsp2=-0.01 ddelta=[-0.0120 -0.0074 -0.0006]
INFO  [mc_indi_tiltrotor] T0dbg1 G0=[-0.256 0.199 0.019 0.163 -0.987] nu_des=[0.00 -0.33 -0.02 -0.32 0.14]
INFO  [mc_indi_tiltrotor] T0dbg2 Ws34=[0.1 20.0] Wu0=1.0 du0=-0.1845 dmin0=-18.9060 dmax0=26.0940
INFO  [mc_indi_tiltrotor] T2dbg1 G2=[-0.000 -0.650 0.060 0.004 -1.000] G5=[-0.770 -0.866 -0.003 12.829 0.050]
INFO  [mc_indi_tiltrotor] T2dbg2 Wu25=[1.0 1000000.0] du25=[0.2874 0.0038] dmax25=[32.1713 0.0074] nu_yaw=-0.022
INFO  [mc_indi_tiltrotor] WRdbg0 Wu0=1 lo0=-18.91 du0=-0.1845 pin0=0.063 a0=[-0.005 -0.191 -0.000 -0.000 -0.052]
INFO  [mc_indi_tiltrotor] WRdbg1 Wu1=1 lo1=-19.16 du1=-0.2050 pin1=0.039 a1=[0.005 -0.195 0.000 -0.000 -0.053]
INFO  [mc_indi_tiltrotor] T0dbg1 G0=[-0.256 0.199 0.018 0.165 -0.986] nu_des=[-0.02 -0.00 -0.03 -0.49 0.19]
INFO  [mc_indi_tiltrotor] T0dbg2 Ws34=[0.1 20.0] Wu0=1.0 du0=-0.0340 dmin0=-18.6416 dmax0=26.3584
INFO  [mc_indi_tiltrotor] T2dbg1 G2=[-0.000 -0.650 0.060 0.003 -1.000] G5=[-0.775 -0.878 -0.002 12.921 0.041]
INFO  [mc_indi_tiltrotor] T2dbg2 Wu25=[1.0 1000000.0] du25=[-0.0546 0.0024] dmax25=[32.0787 0.0060] nu_yaw=-0.031
INFO  [mc_indi_tiltrotor] WRdbg0 Wu0=1 lo0=-18.64 du0=-0.0340 pin0=0.005 a0=[0.032 -0.000 -0.000 -0.000 -0.070]
INFO  [mc_indi_tiltrotor] WRdbg1 Wu1=1 lo1=-19.16 du1=-0.0899 pin1=0.013 a1=[-0.031 -0.000 0.000 -0.000 -0.071]
INFO  [mc_indi_tiltrotor] YWdbg nu2=-0.012 ach2=-0.011 r=-0.01 wsp2=-0.00 ddelta=[-0.0015 -0.0034 -0.0007]
INFO  [mc_indi_tiltrotor] T0dbg1 G0=[-0.256 0.200 0.020 0.158 -0.987] nu_des=[-0.00 -0.01 -0.02 -0.20 0.01]
INFO  [mc_indi_tiltrotor] T0dbg2 Ws34=[0.1 20.0] Wu0=1.0 du0=-0.0035 dmin0=-18.7115 dmax0=26.2885
INFO  [mc_indi_tiltrotor] T2dbg1 G2=[-0.000 -0.650 0.060 0.002 -1.000] G5=[-0.754 -0.860 -0.002 12.570 0.031]
INFO  [mc_indi_tiltrotor] T2dbg2 Wu25=[1.0 9.0] du25=[0.0051 -0.0000] dmax25=[32.4300 0.0015] nu_yaw=-0.021
INFO  [mc_indi_tiltrotor] WRdbg0 Wu0=1 lo0=-18.71 du0=-0.0035 pin0=-0.003 a0=[0.003 -0.007 0.007 0.000 -0.004]
INFO  [mc_indi_tiltrotor] WRdbg1 Wu1=1 lo1=-19.32 du1=-0.0010 pin1=-0.001 a1=[-0.002 -0.006 0.012 -0.000 -0.004]
INFO  [mc_indi_tiltrotor] T0dbg1 G0=[-0.256 0.199 0.019 0.161 -0.987] nu_des=[-0.01 -0.95 0.02 -0.29 0.36]
INFO  [mc_indi_tiltrotor] T0dbg2 Ws34=[0.1 20.0] Wu0=1.0 du0=-0.6560 dmin0=-18.9424 dmax0=26.0576
INFO  [mc_indi_tiltrotor] T2dbg1 G2=[-0.000 -0.650 0.060 0.003 -1.000] G5=[-0.750 -0.854 -0.002 12.505 0.033]
INFO  [mc_indi_tiltrotor] T2dbg2 Wu25=[1.0 1000000.0] du25=[1.0023 0.0085] dmax25=[32.4949 0.0085] nu_yaw=0.019
INFO  [mc_indi_tiltrotor] WRdbg0 Wu0=1 lo0=-18.94 du0=-0.6560 pin0=-0.002 a0=[0.026 -0.547 0.000 -0.000 -0.133]
INFO  [mc_indi_tiltrotor] WRdbg1 Wu1=1 lo1=-19.51 du1=-0.7181 pin1=0.003 a1=[-0.025 -0.559 -0.000 -0.000 -0.137]
INFO  [mc_indi_tiltrotor] YWdbg nu2=0.025 ach2=0.064 r=-0.02 wsp2=-0.00 ddelta=[-0.0066 0.0006 0.0043]
INFO  [mc_indi_tiltrotor] T0dbg1 G0=[-0.256 0.199 0.019 0.162 -0.987] nu_des=[0.00 0.66 0.01 -0.34 0.26]
INFO  [mc_indi_tiltrotor] T0dbg2 Ws34=[0.1 20.0] Wu0=1.0 du0=0.2973 dmin0=-18.8735 dmax0=26.1265
INFO  [mc_indi_tiltrotor] T2dbg1 G2=[-0.000 -0.650 0.060 0.004 -1.000] G5=[-0.764 -0.857 -0.003 12.729 0.052]
INFO  [mc_indi_tiltrotor] T2dbg2 Wu25=[1.0 1000000.0] du25=[-0.8407 -0.0041] dmax25=[32.2708 -0.0024] nu_yaw=0.011
INFO  [mc_indi_tiltrotor] WRdbg0 Wu0=1 lo0=-18.87 du0=0.2973 pin0=0.021 a0=[-0.009 0.382 0.000 -0.000 -0.096]
INFO  [mc_indi_tiltrotor] WRdbg1 Wu1=1 lo1=-19.20 du1=0.2999 pin1=-0.000 a1=[0.009 0.390 -0.000 -0.000 -0.099]
INFO  [mc_indi_tiltrotor] T0dbg1 G0=[-0.257 0.198 0.017 0.168 -0.986] nu_des=[0.01 -0.03 -0.00 -0.62 0.01]
INFO  [mc_indi_tiltrotor] T0dbg2 Ws34=[0.1 20.0] Wu0=1.0 du0=-0.0146 dmin0=-18.9468 dmax0=26.0532
INFO  [mc_indi_tiltrotor] T2dbg1 G2=[-0.000 -0.650 0.060 0.003 -1.000] G5=[-0.760 -0.859 -0.003 12.670 0.043]
INFO  [mc_indi_tiltrotor] T2dbg2 Wu25=[1.0 9.0] du25=[0.0115 -0.0004] dmax25=[32.3295 0.0018] nu_yaw=-0.003
INFO  [mc_indi_tiltrotor] WRdbg0 Wu0=1 lo0=-18.95 du0=-0.0146 pin0=0.000 a0=[-0.010 0.003 -0.000 -0.004 -0.003]
INFO  [mc_indi_tiltrotor] WRdbg1 Wu1=1 lo1=-19.28 du1=0.0025 pin1=0.000 a1=[0.013 -0.006 0.001 -0.002 -0.004]
INFO  [mc_indi_tiltrotor] YWdbg nu2=0.000 ach2=0.001 r=0.00 wsp2=-0.01 ddelta=[-0.0040 -0.0033 -0.0009]
INFO  [mc_indi_tiltrotor] T0dbg1 G0=[-0.256 0.199 0.018 0.164 -0.986] nu_des=[0.00 -0.01 0.01 -0.40 0.00]
INFO  [mc_indi_tiltrotor] T0dbg2 Ws34=[0.1 20.0] Wu0=1.0 du0=-0.0023 dmin0=-18.7811 dmax0=26.2189
INFO  [mc_indi_tiltrotor] T2dbg1 G2=[-0.000 -0.650 0.060 0.002 -1.000] G5=[-0.753 -0.860 -0.002 12.548 0.029]
INFO  [mc_indi_tiltrotor] T2dbg2 Wu25=[1.0 9.0] du25=[0.0060 -0.0000] dmax25=[32.4523 0.0021] nu_yaw=0.005
INFO  [mc_indi_tiltrotor] WRdbg0 Wu0=1 lo0=-18.78 du0=-0.0023 pin0=0.000 a0=[-0.001 0.001 0.001 -0.002 -0.001]
INFO  [mc_indi_tiltrotor] WRdbg1 Wu1=1 lo1=-19.30 du1=-0.0048 pin1=0.000 a1=[0.001 -0.002 -0.002 -0.001 -0.001]
INFO  [mc_indi_tiltrotor] T0dbg1 G0=[-0.256 0.200 0.019 0.159 -0.987] nu_des=[-0.00 -0.33 -0.02 -0.24 0.20]
INFO  [mc_indi_tiltrotor] T0dbg2 Ws34=[0.1 20.0] Wu0=1.0 du0=-0.2009 dmin0=-18.8245 dmax0=26.1755
INFO  [mc_indi_tiltrotor] T2dbg1 G2=[-0.000 -0.650 0.060 0.003 -1.000] G5=[-0.784 -0.889 -0.002 13.074 0.040]
INFO  [mc_indi_tiltrotor] T2dbg2 Wu25=[1.0 1000000.0] du25=[0.2676 0.0041] dmax25=[31.9257 0.0077] nu_yaw=-0.025
INFO  [mc_indi_tiltrotor] WRdbg0 Wu0=1 lo0=-18.82 du0=-0.2009 pin0=0.062 a0=[0.003 -0.189 -0.000 -0.000 -0.076]
INFO  [mc_indi_tiltrotor] WRdbg1 Wu1=1 lo1=-19.33 du1=-0.2348 pin1=0.039 a1=[-0.003 -0.193 0.000 -0.000 -0.078]
INFO  [mc_indi_tiltrotor] YWdbg nu2=-0.017 ach2=0.086 r=0.00 wsp2=-0.01 ddelta=[0.0006 0.0074 0.0083]
INFO  [mc_indi_tiltrotor] T0dbg1 G0=[-0.256 0.200 0.020 0.156 -0.988] nu_des=[-0.00 -0.14 -0.06 -0.20 0.48]
INFO  [mc_indi_tiltrotor] T0dbg2 Ws34=[0.1 20.0] Wu0=1.0 du0=-0.2048 dmin0=-18.6554 dmax0=26.3446
INFO  [mc_indi_tiltrotor] T2dbg1 G2=[-0.000 -0.650 0.060 0.004 -1.000] G5=[-0.796 -0.893 -0.003 13.274 0.056]
INFO  [mc_indi_tiltrotor] T2dbg2 Wu25=[1.0 1000000.0] du25=[-0.0042 0.0047] dmax25=[31.7258 0.0083] nu_yaw=-0.057
INFO  [mc_indi_tiltrotor] WRdbg0 Wu0=1 lo0=-18.66 du0=-0.2048 pin0=0.045 a0=[0.007 -0.078 -0.000 -0.000 -0.179]
INFO  [mc_indi_tiltrotor] WRdbg1 Wu1=1 lo1=-19.07 du1=-0.2563 pin1=0.014 a1=[-0.007 -0.080 0.000 -0.000 -0.183]
INFO  [mc_indi_tiltrotor] T0dbg1 G0=[-0.256 0.200 0.020 0.156 -0.988] nu_des=[-0.01 -0.99 -0.01 -0.25 0.33]
INFO  [mc_indi_tiltrotor] T0dbg2 Ws34=[0.1 20.0] Wu0=1.0 du0=-0.6695 dmin0=-18.9750 dmax0=26.0250
INFO  [mc_indi_tiltrotor] T2dbg1 G2=[-0.000 -0.650 0.060 0.005 -1.000] G5=[-0.742 -0.829 -0.003 12.372 0.057]
INFO  [mc_indi_tiltrotor] T2dbg2 Wu25=[1.0 1000000.0] du25=[1.0621 0.0084] dmax25=[32.6275 0.0084] nu_yaw=-0.011
INFO  [mc_indi_tiltrotor] WRdbg0 Wu0=1 lo0=-18.97 du0=-0.6695 pin0=-0.005 a0=[0.030 -0.572 -0.000 -0.000 -0.122]
INFO  [mc_indi_tiltrotor] WRdbg1 Wu1=1 lo1=-19.39 du1=-0.7344 pin1=0.004 a1=[-0.029 -0.584 0.000 -0.000 -0.125]
INFO  [mc_indi_tiltrotor] YWdbg nu2=0.045 ach2=0.013 r=0.02 wsp2=-0.02 ddelta=[-0.0114 -0.0054 -0.0031]
INFO  [mc_indi_tiltrotor] T0dbg1 G0=[-0.256 0.200 0.020 0.157 -0.988] nu_des=[-0.02 -0.38 -0.01 -0.24 0.07]
INFO  [mc_indi_tiltrotor] T0dbg2 Ws34=[0.1 20.0] Wu0=1.0 du0=-0.2282 dmin0=-19.1244 dmax0=25.8756
INFO  [mc_indi_tiltrotor] T2dbg1 G2=[-0.000 -0.650 0.060 0.004 -1.000] G5=[-0.713 -0.798 -0.003 11.878 0.051]
INFO  [mc_indi_tiltrotor] T2dbg2 Wu25=[1.0 1000000.0] du25=[0.4320 0.0044] dmax25=[33.1217 0.0044] nu_yaw=-0.007
INFO  [mc_indi_tiltrotor] WRdbg0 Wu0=1 lo0=-19.12 du0=-0.2282 pin0=-0.019 a0=[0.036 -0.217 -0.000 -0.000 -0.028]
INFO  [mc_indi_tiltrotor] WRdbg1 Wu1=1 lo1=-19.48 du1=-0.2998 pin1=-0.014 a1=[-0.035 -0.222 0.000 -0.000 -0.028]
INFO  [mc_indi_tiltrotor] T0dbg1 G0=[-0.256 0.200 0.020 0.157 -0.988] nu_des=[-0.01 0.08 0.00 -0.27 0.12]
INFO  [mc_indi_tiltrotor] T0dbg2 Ws34=[0.1 20.0] Wu0=1.0 du0=-0.0041 dmin0=-19.3196 dmax0=25.6804
INFO  [mc_indi_tiltrotor] T2dbg1 G2=[-0.000 -0.650 0.060 0.005 -1.000] G5=[-0.715 -0.799 -0.003 11.920 0.054]
INFO  [mc_indi_tiltrotor] T2dbg2 Wu25=[1.0 1000000.0] du25=[-0.0878 0.0002] dmax25=[33.0796 0.0002] nu_yaw=0.003
INFO  [mc_indi_tiltrotor] WRdbg0 Wu0=1 lo0=-19.32 du0=-0.0041 pin0=-0.033 a0=[0.027 0.046 0.000 -0.000 -0.044]
INFO  [mc_indi_tiltrotor] WRdbg1 Wu1=1 lo1=-19.71 du1=-0.0559 pin1=-0.032 a1=[-0.026 0.047 -0.000 -0.000 -0.045]
INFO  [mc_indi_tiltrotor] YWdbg nu2=-0.050 ach2=-0.094 r=0.06 wsp2=-0.07 ddelta=[-0.0006 -0.0043 -0.0054]
INFO  [mc_indi_tiltrotor] T0dbg1 G0=[-0.256 0.200 0.020 0.159 -0.987] nu_des=[-0.01 0.30 -0.00 -0.29 0.23]
INFO  [mc_indi_tiltrotor] T0dbg2 Ws34=[0.1 20.0] Wu0=1.0 du0=0.0763 dmin0=-19.1899 dmax0=25.8101
INFO  [mc_indi_tiltrotor] T2dbg1 G2=[-0.000 -0.650 0.060 0.005 -1.000] G5=[-0.720 -0.802 -0.003 12.000 0.058]
INFO  [mc_indi_tiltrotor] T2dbg2 Wu25=[1.0 9.0] du25=[-0.3595 -0.0032] dmax25=[32.9995 -0.0006] nu_yaw=-0.000
INFO  [mc_indi_tiltrotor] WRdbg0 Wu0=1 lo0=-19.19 du0=0.0763 pin0=-0.041 a0=[0.024 0.178 -0.000 0.000 -0.085]
INFO  [mc_indi_tiltrotor] WRdbg1 Wu1=1 lo1=-19.74 du1=0.0210 pin1=-0.035 a1=[-0.022 0.165 0.000 -0.000 -0.086]
INFO  [mc_indi_tiltrotor] T0dbg1 G0=[-0.256 0.200 0.019 0.160 -0.987] nu_des=[-0.01 0.15 -0.03 -0.31 0.33]
INFO  [mc_indi_tiltrotor] T0dbg2 Ws34=[0.1 20.0] Wu0=1.0 du0=-0.0365 dmin0=-18.9537 dmax0=26.0463
INFO  [mc_indi_tiltrotor] T2dbg1 G2=[-0.000 -0.650 0.060 0.006 -1.000] G5=[-0.719 -0.796 -0.004 11.989 0.066]
INFO  [mc_indi_tiltrotor] T2dbg2 Wu25=[1.0 1000000.0] du25=[-0.2234 -0.0022] dmax25=[33.0108 -0.0022] nu_yaw=-0.033
INFO  [mc_indi_tiltrotor] WRdbg0 Wu0=1 lo0=-18.95 du0=-0.0365 pin0=-0.027 a0=[0.028 0.085 -0.000 -0.000 -0.122]
INFO  [mc_indi_tiltrotor] WRdbg1 Wu1=1 lo1=-19.63 du1=-0.0855 pin1=-0.021 a1=[-0.027 0.087 0.000 -0.000 -0.125]
INFO  [mc_indi_tiltrotor] YWdbg nu2=-0.164 ach2=-0.033 r=0.04 wsp2=-0.14 ddelta=[0.0114 0.0048 0.0016]
INFO  [mc_indi_tiltrotor] T0dbg1 G0=[-0.256 0.199 0.019 0.161 -0.987] nu_des=[0.02 0.97 -0.10 -0.27 0.32]
INFO  [mc_indi_tiltrotor] T0dbg2 Ws34=[0.1 20.0] Wu0=1.0 du0=0.4060 dmin0=-18.6074 dmax0=26.3926
INFO  [mc_indi_tiltrotor] T2dbg1 G2=[-0.000 -0.650 0.060 0.007 -1.000] G5=[-0.779 -0.854 -0.005 12.991 0.085]
INFO  [mc_indi_tiltrotor] T2dbg2 Wu25=[1.0 1000000.0] du25=[-1.1979 -0.0066] dmax25=[32.0083 -0.0049] nu_yaw=-0.104
INFO  [mc_indi_tiltrotor] WRdbg0 Wu0=1 lo0=-18.61 du0=0.4060 pin0=0.000 a0=[-0.035 0.561 -0.000 -0.000 -0.120]
INFO  [mc_indi_tiltrotor] WRdbg1 Wu1=1 lo1=-19.21 du1=0.4896 pin1=0.007 a1=[0.033 0.572 0.000 -0.000 -0.123]
INFO  [mc_indi_tiltrotor] T0dbg1 G0=[-0.257 0.199 0.017 0.167 -0.986] nu_des=[-0.01 0.00 -0.04 -0.12 -0.39]
INFO  [mc_indi_tiltrotor] T0dbg2 Ws34=[0.1 20.0] Wu0=1.0 du0=0.1642 dmin0=-17.1817 dmax0=27.8183
INFO  [mc_indi_tiltrotor] T2dbg1 G2=[-0.000 -0.650 0.060 0.007 -1.000] G5=[-0.690 -0.753 -0.005 11.503 0.080]
INFO  [mc_indi_tiltrotor] T2dbg2 Wu25=[1.0 9.0] du25=[0.0979 0.0003] dmax25=[33.4966 0.0012] nu_yaw=-0.044
INFO  [mc_indi_tiltrotor] WRdbg0 Wu0=1 lo0=-17.18 du0=0.1642 pin0=-0.007 a0=[0.023 0.001 -0.001 0.000 0.148]
INFO  [mc_indi_tiltrotor] WRdbg1 Wu1=1 lo1=-17.56 du1=0.1368 pin1=0.005 a1=[-0.021 0.001 0.001 -0.000 0.150]
INFO  [mc_indi_tiltrotor] YWdbg nu2=-0.033 ach2=-0.010 r=-0.03 wsp2=-0.17 ddelta=[0.0011 -0.0008 -0.0001]
INFO  [mc_indi_tiltrotor] T0dbg1 G0=[-0.257 0.198 0.016 0.171 -0.985] nu_des=[-0.00 0.00 0.00 -0.48 -0.04]
INFO  [mc_indi_tiltrotor] T0dbg2 Ws34=[0.1 20.0] Wu0=1.0 du0=0.0201 dmin0=-19.2139 dmax0=25.7861
INFO  [mc_indi_tiltrotor] T2dbg1 G2=[-0.000 -0.650 0.060 0.007 -1.000] G5=[-0.767 -0.839 -0.005 12.777 0.085]
INFO  [mc_indi_tiltrotor] T2dbg2 Wu25=[1.0 9.0] du25=[0.0052 -0.0001] dmax25=[32.2231 0.0017] nu_yaw=0.001
INFO  [mc_indi_tiltrotor] WRdbg0 Wu0=1 lo0=-19.21 du0=0.0201 pin0=-0.001 a0=[0.005 0.002 -0.000 0.000 0.013]
INFO  [mc_indi_tiltrotor] WRdbg1 Wu1=1 lo1=-19.61 du1=0.0093 pin1=-0.000 a1=[-0.005 0.002 -0.001 -0.001 0.013]
INFO  [mc_indi_tiltrotor] T0dbg1 G0=[-0.256 0.199 0.018 0.163 -0.987] nu_des=[0.01 -0.01 0.02 -0.42 0.02]
INFO  [mc_indi_tiltrotor] T0dbg2 Ws34=[0.1 20.0] Wu0=1.0 du0=-0.0145 dmin0=-19.3284 dmax0=25.6716
INFO  [mc_indi_tiltrotor] T2dbg1 G2=[-0.000 -0.650 0.060 0.006 -1.000] G5=[-0.774 -0.853 -0.005 12.897 0.077]
INFO  [mc_indi_tiltrotor] T2dbg2 Wu25=[1.0 9.0] du25=[0.0011 -0.0004] dmax25=[32.1026 0.0017] nu_yaw=0.019
INFO  [mc_indi_tiltrotor] WRdbg0 Wu0=1 lo0=-19.33 du0=-0.0145 pin0=0.000 a0=[-0.012 0.001 0.003 -0.003 -0.004]
INFO  [mc_indi_tiltrotor] WRdbg1 Wu1=1 lo1=-19.87 du1=-0.0007 pin1=0.000 a1=[0.016 -0.003 -0.008 -0.001 -0.005]
INFO  [mc_indi_tiltrotor] YWdbg nu2=0.029 ach2=0.027 r=-0.09 wsp2=-0.05 ddelta=[-0.0034 0.0020 0.0000]
INFO  [mc_indi_tiltrotor] T0dbg1 G0=[-0.256 0.200 0.019 0.160 -0.987] nu_des=[-0.01 -0.37 0.01 -0.31 0.20]
INFO  [mc_indi_tiltrotor] T0dbg2 Ws34=[0.1 20.0] Wu0=1.0 du0=-0.2739 dmin0=-17.9712 dmax0=27.0288
INFO  [mc_indi_tiltrotor] T2dbg1 G2=[-0.000 -0.650 0.060 0.007 -1.000] G5=[-0.754 -0.825 -0.005 12.565 0.083]
INFO  [mc_indi_tiltrotor] T2dbg2 Wu25=[1.0 1000000.0] du25=[0.3724 0.0064] dmax25=[32.4344 0.0100] nu_yaw=0.005
INFO  [mc_indi_tiltrotor] WRdbg0 Wu0=1 lo0=-17.97 du0=-0.2739 pin0=-0.003 a0=[0.018 -0.214 0.000 -0.000 -0.074]
INFO  [mc_indi_tiltrotor] WRdbg1 Wu1=1 lo1=-18.50 du1=-0.2972 pin1=0.014 a1=[-0.017 -0.218 -0.000 -0.000 -0.076]
INFO  [mc_indi_tiltrotor] T0dbg1 G0=[-0.256 0.200 0.021 0.155 -0.988] nu_des=[0.01 -0.11 0.02 -0.28 0.09]
INFO  [mc_indi_tiltrotor] T0dbg2 Ws34=[0.1 20.0] Wu0=1.0 du0=-0.0520 dmin0=-19.3663 dmax0=25.6337
INFO  [mc_indi_tiltrotor] T2dbg1 G2=[-0.000 -0.650 0.060 0.006 -1.000] G5=[-0.768 -0.842 -0.005 12.792 0.082]
INFO  [mc_indi_tiltrotor] T2dbg2 Wu25=[1.0 9.0] du25=[0.0511 0.0007] dmax25=[32.2073 0.0026] nu_yaw=0.019
INFO  [mc_indi_tiltrotor] WRdbg0 Wu0=1 lo0=-19.37 du0=-0.0520 pin0=0.057 a0=[-0.014 -0.064 0.000 0.000 -0.032]
INFO  [mc_indi_tiltrotor] WRdbg1 Wu1=1 lo1=-19.82 du1=-0.0538 pin1=0.025 a1=[0.013 -0.058 -0.001 -0.000 -0.033]
INFO  [mc_indi_tiltrotor] YWdbg nu2=0.008 ach2=0.008 r=0.00 wsp2=0.03 ddelta=[0.0006 0.0022 -0.0002]
INFO  [mc_indi_tiltrotor] T0dbg1 G0=[-0.256 0.201 0.022 0.151 -0.989] nu_des=[-0.01 0.02 -0.05 -0.19 0.02]
INFO  [mc_indi_tiltrotor] T0dbg2 Ws34=[0.1 20.0] Wu0=1.0 du0=0.0043 dmin0=-19.2660 dmax0=25.7340
INFO  [mc_indi_tiltrotor] T2dbg1 G2=[-0.000 -0.650 0.060 0.006 -1.000] G5=[-0.767 -0.849 -0.004 12.789 0.072]
INFO  [mc_indi_tiltrotor] T2dbg2 Wu25=[1.0 9.0] du25=[-0.0167 0.0000] dmax25=[32.2111 0.0016] nu_yaw=-0.049
INFO  [mc_indi_tiltrotor] WRdbg0 Wu0=1 lo0=-19.27 du0=0.0043 pin0=-0.013 a0=[0.015 0.010 -0.001 0.000 -0.007]
INFO  [mc_indi_tiltrotor] WRdbg1 Wu1=1 lo1=-19.73 du1=0.0016 pin1=0.011 a1=[-0.014 0.009 0.002 -0.000 -0.007]
INFO  [mc_indi_tiltrotor] T0dbg1 G0=[-0.257 0.198 0.016 0.172 -0.985] nu_des=[0.01 -0.10 0.01 -0.56 -0.15]
INFO  [mc_indi_tiltrotor] T0dbg2 Ws34=[0.1 20.0] Wu0=1.0 du0=-0.0660 dmin0=-17.8643 dmax0=27.1357
INFO  [mc_indi_tiltrotor] T2dbg1 G2=[-0.000 -0.650 0.060 0.005 -1.000] G5=[-0.688 -0.763 -0.004 11.461 0.061]
INFO  [mc_indi_tiltrotor] T2dbg2 Wu25=[1.0 1000000.0] du25=[0.1998 0.0010] dmax25=[33.5389 0.0010] nu_yaw=0.015
INFO  [mc_indi_tiltrotor] WRdbg0 Wu0=1 lo0=-17.86 du0=-0.0660 pin0=-0.052 a0=[-0.010 -0.060 0.000 -0.000 0.056]
INFO  [mc_indi_tiltrotor] WRdbg1 Wu1=1 lo1=-18.29 du1=-0.0201 pin1=-0.026 a1=[0.010 -0.061 -0.000 -0.000 0.057]
INFO  [mc_indi_tiltrotor] YWdbg nu2=-0.013 ach2=0.011 r=0.03 wsp2=-0.01 ddelta=[-0.0120 -0.0096 0.0005]
INFO  [mc_indi_tiltrotor] T0dbg1 G0=[-0.256 0.199 0.018 0.166 -0.986] nu_des=[0.01 -0.03 0.02 -0.48 0.11]
INFO  [mc_indi_tiltrotor] T0dbg2 Ws34=[0.1 20.0] Wu0=1.0 du0=-0.0761 dmin0=-19.4334 dmax0=25.5666
INFO  [mc_indi_tiltrotor] T2dbg1 G2=[-0.000 -0.650 0.060 0.005 -1.000] G5=[-0.755 -0.842 -0.004 12.589 0.060]
INFO  [mc_indi_tiltrotor] T2dbg2 Wu25=[1.0 9.0] du25=[0.0071 -0.0002] dmax25=[32.4107 0.0009] nu_yaw=0.023
INFO  [mc_indi_tiltrotor] WRdbg0 Wu0=1 lo0=-19.43 du0=-0.0761 pin0=0.003 a0=[-0.019 -0.018 0.000 0.000 -0.042]
INFO  [mc_indi_tiltrotor] WRdbg1 Wu1=1 lo1=-19.93 du1=-0.0453 pin1=-0.003 a1=[0.018 -0.017 -0.001 -0.000 -0.042]
INFO  [mc_indi_tiltrotor] T0dbg1 G0=[-0.256 0.199 0.018 0.165 -0.986] nu_des=[0.01 0.25 -0.01 -0.47 0.15]
INFO  [mc_indi_tiltrotor] T0dbg2 Ws34=[0.1 20.0] Wu0=1.0 du0=0.1224 dmin0=-19.2423 dmax0=25.7577
INFO  [mc_indi_tiltrotor] T2dbg1 G2=[-0.000 -0.650 0.060 0.005 -1.000] G5=[-0.799 -0.893 -0.004 13.319 0.061]
INFO  [mc_indi_tiltrotor] T2dbg2 Wu25=[1.0 1000000.0] du25=[-0.3616 -0.0010] dmax25=[31.6807 0.0026] nu_yaw=-0.010
INFO  [mc_indi_tiltrotor] WRdbg0 Wu0=1 lo0=-19.24 du0=0.1224 pin0=0.049 a0=[-0.014 0.142 -0.000 -0.000 -0.055]
INFO  [mc_indi_tiltrotor] WRdbg1 Wu1=1 lo1=-19.68 du1=0.1223 pin1=0.020 a1=[0.013 0.145 0.000 -0.000 -0.056]
INFO  [mc_indi_tiltrotor] YWdbg nu2=-0.005 ach2=-0.005 r=-0.01 wsp2=-0.03 ddelta=[-0.0035 -0.0045 -0.0001]
INFO  [mc_indi_tiltrotor] T0dbg1 G0=[-0.256 0.199 0.018 0.166 -0.986] nu_des=[0.00 0.11 0.02 -0.22 -0.43]
INFO  [mc_indi_tiltrotor] T0dbg2 Ws34=[0.1 20.0] Wu0=1.0 du0=0.1736 dmin0=-17.3181 dmax0=27.6819
INFO  [mc_indi_tiltrotor] T2dbg1 G2=[-0.000 -0.650 0.060 0.004 -1.000] G5=[-0.704 -0.788 -0.003 11.732 0.051]
INFO  [mc_indi_tiltrotor] T2dbg2 Wu25=[1.0 1000000.0] du25=[0.0249 -0.0025] dmax25=[33.2679 0.0011] nu_yaw=0.022
INFO  [mc_indi_tiltrotor] WRdbg0 Wu0=1 lo0=-17.32 du0=0.1736 pin0=-0.047 a0=[-0.006 0.064 0.000 -0.000 0.162]
INFO  [mc_indi_tiltrotor] WRdbg1 Wu1=1 lo1=-17.78 du1=0.1999 pin1=-0.037 a1=[0.006 0.065 -0.000 -0.000 0.166]
INFO  [mc_indi_tiltrotor] T0dbg1 G0=[-0.256 0.199 0.018 0.164 -0.986] nu_des=[0.01 -0.11 0.04 -0.41 0.06]
INFO  [mc_indi_tiltrotor] T0dbg2 Ws34=[0.1 20.0] Wu0=1.0 du0=-0.0644 dmin0=-19.4145 dmax0=25.5855
INFO  [mc_indi_tiltrotor] T2dbg1 G2=[-0.000 -0.650 0.060 0.004 -1.000] G5=[-0.756 -0.853 -0.003 12.598 0.045]
INFO  [mc_indi_tiltrotor] T2dbg2 Wu25=[1.0 9.0] du25=[0.0870 0.0009] dmax25=[32.4016 0.0021] nu_yaw=0.040
INFO  [mc_indi_tiltrotor] WRdbg0 Wu0=1 lo0=-19.41 du0=-0.0644 pin0=0.032 a0=[-0.010 -0.066 0.001 0.000 -0.021]
INFO  [mc_indi_tiltrotor] WRdbg1 Wu1=1 lo1=-19.89 du1=-0.0636 pin1=0.011 a1=[0.009 -0.061 -0.002 -0.000 -0.021]
INFO  [mc_indi_tiltrotor] YWdbg nu2=0.032 ach2=0.001 r=-0.02 wsp2=-0.02 ddelta=[-0.0120 -0.0091 -0.0014]
INFO  [mc_indi_tiltrotor] T0dbg1 G0=[-0.256 0.199 0.018 0.164 -0.986] nu_des=[0.01 -0.10 0.05 -0.50 0.11]
INFO  [mc_indi_tiltrotor] T0dbg2 Ws34=[0.1 20.0] Wu0=1.0 du0=-0.0583 dmin0=-19.4371 dmax0=25.5629
INFO  [mc_indi_tiltrotor] T2dbg1 G2=[-0.000 -0.650 0.060 0.003 -1.000] G5=[-0.761 -0.860 -0.003 12.686 0.044]
INFO  [mc_indi_tiltrotor] T2dbg2 Wu25=[1.0 9.0] du25=[0.0422 0.0004] dmax25=[32.3137 0.0021] nu_yaw=0.054
INFO  [mc_indi_tiltrotor] WRdbg0 Wu0=1 lo0=-19.44 du0=-0.0583 pin0=0.062 a0=[-0.018 -0.062 0.001 0.000 -0.041]
INFO  [mc_indi_tiltrotor] WRdbg1 Wu1=1 lo1=-19.95 du1=-0.0647 pin1=0.019 a1=[0.017 -0.057 -0.002 -0.000 -0.041]
INFO  [mc_indi_tiltrotor] T0dbg1 G0=[-0.257 0.196 0.013 0.182 -0.983] nu_des=[-0.00 -0.00 0.01 -0.90 -0.18]
INFO  [mc_indi_tiltrotor] T0dbg2 Ws34=[0.1 20.0] Wu0=1.0 du0=0.0583 dmin0=-17.2933 dmax0=27.7067
INFO  [mc_indi_tiltrotor] T2dbg1 G2=[-0.000 -0.650 0.060 0.004 -1.000] G5=[-0.688 -0.776 -0.002 11.467 0.041]
INFO  [mc_indi_tiltrotor] T2dbg2 Wu25=[1.0 9.0] du25=[0.0554 -0.0002] dmax25=[33.5332 0.0015] nu_yaw=0.008
INFO  [mc_indi_tiltrotor] WRdbg0 Wu0=1 lo0=-17.29 du0=0.0583 pin0=-0.013 a0=[0.005 -0.001 0.000 0.000 0.067]
INFO  [mc_indi_tiltrotor] WRdbg1 Wu1=1 lo1=-17.64 du1=0.0517 pin1=-0.009 a1=[-0.005 -0.001 -0.000 -0.001 0.067]
INFO  [mc_indi_tiltrotor] YWdbg nu2=0.010 ach2=-0.001 r=-0.02 wsp2=0.01 ddelta=[-0.0120 -0.0120 -0.0009]
INFO  [mc_indi_tiltrotor] T0dbg1 G0=[-0.256 0.200 0.020 0.155 -0.988] nu_des=[-0.00 0.09 -0.01 -0.26 0.01]
INFO  [mc_indi_tiltrotor] T0dbg2 Ws34=[0.1 20.0] Wu0=1.0 du0=0.0064 dmin0=-19.1524 dmax0=25.8476
INFO  [mc_indi_tiltrotor] T2dbg1 G2=[-0.000 -0.650 0.060 0.002 -1.000] G5=[-0.761 -0.871 -0.002 12.677 0.025]
INFO  [mc_indi_tiltrotor] T2dbg2 Wu25=[1.0 9.0] du25=[-0.0625 -0.0007] dmax25=[32.3226 0.0012] nu_yaw=-0.013
INFO  [mc_indi_tiltrotor] WRdbg0 Wu0=1 lo0=-19.15 du0=0.0064 pin0=-0.047 a0=[0.001 0.055 -0.000 0.000 -0.002]
INFO  [mc_indi_tiltrotor] WRdbg1 Wu1=1 lo1=-19.54 du1=0.0196 pin1=-0.027 a1=[-0.001 0.050 0.001 -0.000 -0.002]
INFO  [mc_indi_tiltrotor] T0dbg1 G0=[-0.257 0.198 0.017 0.168 -0.986] nu_des=[-0.00 -0.01 0.00 -0.65 0.03]
INFO  [mc_indi_tiltrotor] T0dbg2 Ws34=[0.1 20.0] Wu0=1.0 du0=-0.0082 dmin0=-19.1579 dmax0=25.8421
INFO  [mc_indi_tiltrotor] T2dbg1 G2=[-0.000 -0.650 0.060 0.002 -1.000] G5=[-0.774 -0.883 -0.002 12.907 0.032]
INFO  [mc_indi_tiltrotor] T2dbg2 Wu25=[1.0 9.0] du25=[-0.0018 -0.0000] dmax25=[32.0934 0.0017] nu_yaw=0.001
INFO  [mc_indi_tiltrotor] WRdbg0 Wu0=1 lo0=-19.16 du0=-0.0082 pin0=0.000 a0=[0.001 0.001 0.000 -0.004 -0.006]
INFO  [mc_indi_tiltrotor] WRdbg1 Wu1=1 lo1=-19.61 du1=-0.0143 pin1=0.000 a1=[-0.002 -0.001 -0.000 -0.002 -0.008]
INFO  [mc_indi_tiltrotor] YWdbg nu2=0.004 ach2=0.003 r=0.01 wsp2=0.00 ddelta=[-0.0069 -0.0062 0.0001]
INFO  [mc_indi_tiltrotor] T0dbg1 G0=[-0.256 0.199 0.019 0.161 -0.987] nu_des=[0.01 -0.06 0.03 -0.06 -0.23]
INFO  [mc_indi_tiltrotor] T0dbg2 Ws34=[0.1 20.0] Wu0=1.0 du0=0.0326 dmin0=-17.2784 dmax0=27.7216
INFO  [mc_indi_tiltrotor] T2dbg1 G2=[-0.000 -0.650 0.060 0.002 -1.000] G5=[-0.674 -0.769 -0.002 11.238 0.027]
INFO  [mc_indi_tiltrotor] T2dbg2 Wu25=[1.0 9.0] du25=[0.1267 0.0001] dmax25=[33.7618 0.0015] nu_yaw=0.030
INFO  [mc_indi_tiltrotor] WRdbg0 Wu0=1 lo0=-17.28 du0=0.0326 pin0=-0.000 a0=[-0.018 -0.035 0.000 0.000 0.086]
INFO  [mc_indi_tiltrotor] WRdbg1 Wu1=1 lo1=-17.72 du1=0.0635 pin1=-0.007 a1=[0.017 -0.033 -0.001 -0.000 0.087]
INFO  [mc_indi_tiltrotor] T0dbg1 G0=[-0.256 0.200 0.021 0.154 -0.988] nu_des=[-0.00 -0.07 -0.06 -0.14 -0.01]
INFO  [mc_indi_tiltrotor] T0dbg2 Ws34=[0.1 20.0] Wu0=1.0 du0=-0.0174 dmin0=-19.0117 dmax0=25.9883
INFO  [mc_indi_tiltrotor] T2dbg1 G2=[-0.000 -0.650 0.060 0.003 -1.000] G5=[-0.749 -0.850 -0.002 12.480 0.036]
INFO  [mc_indi_tiltrotor] T2dbg2 Wu25=[1.0 9.0] du25=[0.0581 0.0004] dmax25=[32.5201 0.0021] nu_yaw=-0.055
INFO  [mc_indi_tiltrotor] WRdbg0 Wu0=1 lo0=-19.01 du0=-0.0174 pin0=0.015 a0=[0.003 -0.039 -0.001 0.000 0.004]
INFO  [mc_indi_tiltrotor] WRdbg1 Wu1=1 lo1=-19.53 du1=-0.0010 pin1=0.032 a1=[-0.003 -0.036 0.002 -0.000 0.004]
INFO  [mc_indi_tiltrotor] YWdbg nu2=-0.010 ach2=-0.008 r=0.03 wsp2=-0.04 ddelta=[0.0095 0.0078 -0.0006]
INFO  [mc_indi_tiltrotor] T0dbg1 G0=[-0.257 0.197 0.015 0.177 -0.984] nu_des=[-0.00 -0.01 -0.02 -0.94 0.03]
INFO  [mc_indi_tiltrotor] T0dbg2 Ws34=[0.1 20.0] Wu0=1.0 du0=-0.0130 dmin0=-19.1347 dmax0=25.8653
INFO  [mc_indi_tiltrotor] T2dbg1 G2=[-0.000 -0.650 0.060 0.004 -1.000] G5=[-0.762 -0.858 -0.003 12.699 0.047]
INFO  [mc_indi_tiltrotor] T2dbg2 Wu25=[1.0 9.0] du25=[0.0009 -0.0003] dmax25=[32.3006 0.0017] nu_yaw=-0.016
INFO  [mc_indi_tiltrotor] WRdbg0 Wu0=1 lo0=-19.13 du0=-0.0130 pin0=0.000 a0=[0.000 0.001 -0.002 -0.006 -0.006]
INFO  [mc_indi_tiltrotor] WRdbg1 Wu1=1 lo1=-19.63 du1=-0.0079 pin1=0.000 a1=[-0.000 -0.002 0.006 -0.003 -0.009]
INFO  [mc_indi_tiltrotor] T0dbg1 G0=[-0.256 0.199 0.018 0.165 -0.986] nu_des=[0.00 -0.12 0.02 -0.24 1.15]
INFO  [mc_indi_tiltrotor] T0dbg2 Ws34=[0.1 20.0] Wu0=1.0 du0=-0.4473 dmin0=-17.4625 dmax0=27.5375
INFO  [mc_indi_tiltrotor] T2dbg1 G2=[-0.000 -0.650 0.060 0.004 -1.000] G5=[-0.715 -0.804 -0.003 11.921 0.047]
INFO  [mc_indi_tiltrotor] T2dbg2 Wu25=[1.0 1000000.0] du25=[-0.1988 0.0029] dmax25=[33.0793 0.0065] nu_yaw=0.019
INFO  [mc_indi_tiltrotor] WRdbg0 Wu0=1 lo0=-17.46 du0=-0.4473 pin0=0.060 a0=[-0.006 -0.069 0.000 -0.000 -0.431]
INFO  [mc_indi_tiltrotor] WRdbg1 Wu1=1 lo1=-17.81 du1=-0.4704 pin1=0.035 a1=[0.006 -0.070 -0.000 -0.000 -0.442]
INFO  [mc_indi_tiltrotor] YWdbg nu2=0.019 ach2=-0.013 r=-0.04 wsp2=-0.02 ddelta=[-0.0042 -0.0060 -0.0017]
INFO  [mc_indi_tiltrotor] T0dbg1 G0=[-0.256 0.200 0.020 0.157 -0.988] nu_des=[0.00 -0.00 -0.00 -0.22 -0.10]
INFO  [mc_indi_tiltrotor] T0dbg2 Ws34=[0.1 20.0] Wu0=1.0 du0=0.0174 dmin0=-19.0041 dmax0=25.9959
INFO  [mc_indi_tiltrotor] T2dbg1 G2=[-0.000 -0.650 0.060 0.003 -1.000] G5=[-0.766 -0.872 -0.002 12.772 0.034]
INFO  [mc_indi_tiltrotor] T2dbg2 Wu25=[1.0 9.0] du25=[0.0344 -0.0004] dmax25=[32.2278 0.0015] nu_yaw=-0.001
INFO  [mc_indi_tiltrotor] WRdbg0 Wu0=1 lo0=-19.00 du0=0.0174 pin0=0.000 a0=[-0.006 0.000 -0.000 -0.001 0.025]
INFO  [mc_indi_tiltrotor] WRdbg1 Wu1=1 lo1=-19.49 du1=0.0387 pin1=0.000 a1=[0.008 -0.000 0.000 -0.001 0.031]
INFO  [mc_indi_tiltrotor] T0dbg1 G0=[-0.256 0.200 0.020 0.158 -0.987] nu_des=[0.00 -0.00 -0.01 -0.22 0.01]
INFO  [mc_indi_tiltrotor] T0dbg2 Ws34=[0.1 20.0] Wu0=1.0 du0=-0.0113 dmin0=-19.4079 dmax0=25.5921
INFO  [mc_indi_tiltrotor] T2dbg1 G2=[-0.000 -0.650 0.060 0.002 -1.000] G5=[-0.776 -0.885 -0.002 12.937 0.032]
INFO  [mc_indi_tiltrotor] T2dbg2 Wu25=[1.0 9.0] du25=[-0.0027 -0.0004] dmax25=[32.0635 0.0015] nu_yaw=-0.010
INFO  [mc_indi_tiltrotor] WRdbg0 Wu0=1 lo0=-19.41 du0=-0.0113 pin0=0.000 a0=[-0.005 0.000 -0.001 -0.001 -0.003]
INFO  [mc_indi_tiltrotor] WRdbg1 Wu1=1 lo1=-19.82 du1=0.0052 pin1=0.000 a1=[0.007 -0.001 0.004 -0.001 -0.004]
INFO  [mc_indi_tiltrotor] YWdbg nu2=-0.013 ach2=-0.012 r=0.01 wsp2=0.00 ddelta=[0.0020 0.0000 -0.0007]
INFO  [mc_indi_tiltrotor] T0dbg1 G0=[-0.257 0.199 0.017 0.167 -0.986] nu_des=[0.00 0.23 0.07 -0.35 4.73]
INFO  [mc_indi_tiltrotor] T0dbg2 Ws34=[0.1 20.0] Wu0=1.0 du0=-1.6411 dmin0=-18.8763 dmax0=26.1237
INFO  [mc_indi_tiltrotor] T2dbg1 G2=[-0.000 -0.650 0.060 0.002 -1.000] G5=[-0.706 -0.808 -0.001 11.767 0.024]
INFO  [mc_indi_tiltrotor] T2dbg2 Wu25=[1.0 1000000.0] du25=[-1.4191 -0.0003] dmax25=[33.2330 -0.0003] nu_yaw=0.072
INFO  [mc_indi_tiltrotor] WRdbg0 Wu0=1 lo0=-18.88 du0=-1.6411 pin0=0.005 a0=[-0.001 0.131 0.000 -0.000 -1.776]
INFO  [mc_indi_tiltrotor] WRdbg1 Wu1=1 lo1=-19.30 du1=-1.7114 pin1=-0.026 a1=[0.001 0.135 -0.000 -0.000 -1.821]
INFO  [mc_indi_tiltrotor] T0dbg1 G0=[-0.256 0.200 0.020 0.158 -0.988] nu_des=[-0.01 -0.01 0.00 -0.17 -0.05]
INFO  [mc_indi_tiltrotor] T0dbg2 Ws34=[0.1 20.0] Wu0=1.0 du0=0.0254 dmin0=-18.9838 dmax0=26.0162
INFO  [mc_indi_tiltrotor] T2dbg1 G2=[-0.000 -0.650 0.060 0.003 -1.000] G5=[-0.756 -0.857 -0.002 12.604 0.039]
INFO  [mc_indi_tiltrotor] T2dbg2 Wu25=[1.0 9.0] du25=[0.0251 0.0007] dmax25=[32.3955 0.0023] nu_yaw=0.004
INFO  [mc_indi_tiltrotor] WRdbg0 Wu0=1 lo0=-18.98 du0=0.0254 pin0=0.000 a0=[0.013 0.001 0.001 -0.001 0.012]
INFO  [mc_indi_tiltrotor] WRdbg1 Wu1=1 lo1=-19.42 du1=-0.0051 pin1=0.000 a1=[-0.017 -0.002 -0.002 -0.001 0.016]
INFO  [mc_indi_tiltrotor] YWdbg nu2=-0.008 ach2=-0.007 r=-0.00 wsp2=0.00 ddelta=[0.0007 -0.0009 0.0001]
INFO  [mc_indi_tiltrotor] T0dbg1 G0=[-0.256 0.199 0.019 0.163 -0.987] nu_des=[-0.01 -0.01 -0.02 -0.30 0.01]
INFO  [mc_indi_tiltrotor] T0dbg2 Ws34=[0.1 20.0] Wu0=1.0 du0=0.0088 dmin0=-19.3322 dmax0=25.6678
INFO  [mc_indi_tiltrotor] T2dbg1 G2=[-0.000 -0.650 0.060 0.003 -1.000] G5=[-0.783 -0.890 -0.002 13.050 0.037]
INFO  [mc_indi_tiltrotor] T2dbg2 Wu25=[1.0 9.0] du25=[0.0005 0.0002] dmax25=[31.9496 0.0021] nu_yaw=-0.018
INFO  [mc_indi_tiltrotor] WRdbg0 Wu0=1 lo0=-19.33 du0=0.0088 pin0=-0.001 a0=[0.011 -0.005 0.007 0.000 -0.003]
INFO  [mc_indi_tiltrotor] WRdbg1 Wu1=1 lo1=-19.84 du1=-0.0072 pin1=-0.000 a1=[-0.010 -0.004 0.010 -0.000 -0.003]
INFO  [mc_indi_tiltrotor] T0dbg1 G0=[-0.257 0.198 0.017 0.170 -0.986] nu_des=[0.00 -0.07 0.06 -0.65 0.15]
INFO  [mc_indi_tiltrotor] T0dbg2 Ws34=[0.1 20.0] Wu0=1.0 du0=-0.0738 dmin0=-19.3426 dmax0=25.6574
INFO  [mc_indi_tiltrotor] T2dbg1 G2=[-0.000 -0.650 0.060 0.003 -1.000] G5=[-0.765 -0.866 -0.002 12.751 0.041]
INFO  [mc_indi_tiltrotor] T2dbg2 Wu25=[1.0 9.0] du25=[0.0222 0.0009] dmax25=[32.2492 0.0026] nu_yaw=0.056
INFO  [mc_indi_tiltrotor] WRdbg0 Wu0=1 lo0=-19.34 du0=-0.0738 pin0=0.027 a0=[-0.003 -0.042 0.001 0.000 -0.057]
INFO  [mc_indi_tiltrotor] WRdbg1 Wu1=1 lo1=-19.96 du1=-0.0959 pin1=-0.000 a1=[0.003 -0.038 -0.002 -0.000 -0.058]
INFO  [mc_indi_tiltrotor] YWdbg nu2=0.031 ach2=0.024 r=-0.01 wsp2=-0.00 ddelta=[0.0041 0.0084 0.0002]
INFO  [mc_indi_tiltrotor] T0dbg1 G0=[-0.256 0.200 0.020 0.156 -0.988] nu_des=[-0.01 0.12 -0.00 -0.20 -0.12]
INFO  [mc_indi_tiltrotor] T0dbg2 Ws34=[0.1 20.0] Wu0=1.0 du0=0.0902 dmin0=-18.8671 dmax0=26.1329
INFO  [mc_indi_tiltrotor] T2dbg1 G2=[-0.000 -0.650 0.060 0.003 -1.000] G5=[-0.745 -0.843 -0.002 12.417 0.041]
INFO  [mc_indi_tiltrotor] T2dbg2 Wu25=[1.0 9.0] du25=[-0.0673 -0.0005] dmax25=[32.5825 0.0014] nu_yaw=-0.004
INFO  [mc_indi_tiltrotor] WRdbg0 Wu0=1 lo0=-18.87 du0=0.0902 pin0=-0.043 a0=[0.017 0.072 -0.000 0.000 0.045]
INFO  [mc_indi_tiltrotor] WRdbg1 Wu1=1 lo1=-19.22 du1=0.0615 pin1=-0.034 a1=[-0.016 0.066 0.000 -0.000 0.045]
INFO  [mc_indi_tiltrotor] T0dbg1 G0=[-0.256 0.199 0.018 0.165 -0.986] nu_des=[0.02 0.01 0.01 -0.57 0.05]
INFO  [mc_indi_tiltrotor] T0dbg2 Ws34=[0.1 20.0] Wu0=1.0 du0=-0.0387 dmin0=-19.3064 dmax0=25.6936
INFO  [mc_indi_tiltrotor] T2dbg1 G2=[-0.000 -0.650 0.060 0.003 -1.000] G5=[-0.762 -0.862 -0.003 12.708 0.043]
INFO  [mc_indi_tiltrotor] T2dbg2 Wu25=[1.0 9.0] du25=[-0.0258 -0.0013] dmax25=[32.2916 0.0003] nu_yaw=0.010
INFO  [mc_indi_tiltrotor] WRdbg0 Wu0=1 lo0=-19.31 du0=-0.0387 pin0=0.001 a0=[-0.030 0.008 0.000 0.000 -0.019]
INFO  [mc_indi_tiltrotor] WRdbg1 Wu1=1 lo1=-19.70 du1=0.0103 pin1=-0.005 a1=[0.028 0.008 -0.000 -0.000 -0.019]
INFO  [mc_indi_tiltrotor] YWdbg nu2=0.012 ach2=0.011 r=-0.00 wsp2=0.00 ddelta=[-0.0023 -0.0002 -0.0001]
INFO  [mc_indi_tiltrotor] T0dbg1 G0=[-0.256 0.200 0.020 0.159 -0.987] nu_des=[0.00 -0.31 -0.03 -0.31 0.20]
INFO  [mc_indi_tiltrotor] T0dbg2 Ws34=[0.1 20.0] Wu0=1.0 du0=-0.2028 dmin0=-19.1542 dmax0=25.8458
INFO  [mc_indi_tiltrotor] T2dbg1 G2=[-0.000 -0.650 0.060 0.003 -1.000] G5=[-0.788 -0.894 -0.002 13.140 0.039]
INFO  [mc_indi_tiltrotor] T2dbg2 Wu25=[1.0 1000000.0] du25=[0.2525 0.0033] dmax25=[31.8595 0.0069] nu_yaw=-0.027
INFO  [mc_indi_tiltrotor] WRdbg0 Wu0=1 lo0=-19.15 du0=-0.2028 pin0=0.064 a0=[-0.009 -0.182 -0.000 -0.000 -0.076]
INFO  [mc_indi_tiltrotor] WRdbg1 Wu1=1 lo1=-19.62 du1=-0.2163 pin1=0.038 a1=[0.009 -0.186 0.000 -0.000 -0.078]
INFO  [mc_indi_tiltrotor] T0dbg1 G0=[-0.256 0.200 0.021 0.155 -0.988] nu_des=[-0.00 0.00 -0.01 -0.10 -0.03]
INFO  [mc_indi_tiltrotor] T0dbg2 Ws34=[0.1 20.0] Wu0=1.0 du0=0.0058 dmin0=-18.7167 dmax0=26.2833
INFO  [mc_indi_tiltrotor] T2dbg1 G2=[-0.000 -0.650 0.060 0.003 -1.000] G5=[-0.754 -0.856 -0.002 12.560 0.035]
INFO  [mc_indi_tiltrotor] T2dbg2 Wu25=[1.0 9.0] du25=[0.0098 -0.0002] dmax25=[32.4396 0.0013] nu_yaw=-0.014
INFO  [mc_indi_tiltrotor] WRdbg0 Wu0=1 lo0=-18.72 du0=0.0058 pin0=0.000 a0=[0.001 -0.000 -0.002 -0.001 0.008]
INFO  [mc_indi_tiltrotor] WRdbg1 Wu1=1 lo1=-19.30 du1=0.0156 pin1=0.000 a1=[-0.001 0.001 0.006 -0.000 0.010]
INFO  [mc_indi_tiltrotor] YWdbg nu2=-0.010 ach2=-0.009 r=0.01 wsp2=-0.00 ddelta=[0.0004 -0.0019 0.0006]
INFO  [mc_indi_tiltrotor] T0dbg1 G0=[-0.256 0.199 0.019 0.163 -0.987] nu_des=[-0.00 0.54 0.02 -0.44 0.45]
INFO  [mc_indi_tiltrotor] T0dbg2 Ws34=[0.1 20.0] Wu0=1.0 du0=0.1242 dmin0=-19.5254 dmax0=25.4746
INFO  [mc_indi_tiltrotor] T2dbg1 G2=[-0.000 -0.650 0.060 0.004 -1.000] G5=[-0.764 -0.862 -0.003 12.740 0.045]
INFO  [mc_indi_tiltrotor] T2dbg2 Wu25=[1.0 1000000.0] du25=[-0.7101 -0.0035] dmax25=[32.2595 -0.0018] nu_yaw=0.024
INFO  [mc_indi_tiltrotor] WRdbg0 Wu0=1 lo0=-19.53 du0=0.1242 pin0=-0.021 a0=[0.004 0.310 0.000 -0.000 -0.169]
INFO  [mc_indi_tiltrotor] WRdbg1 Wu1=1 lo1=-20.10 du1=0.1298 pin1=-0.011 a1=[-0.003 0.317 -0.000 -0.000 -0.173]
INFO  [mc_indi_tiltrotor] T0dbg1 G0=[-0.256 0.199 0.019 0.161 -0.987] nu_des=[0.01 0.24 -0.04 -0.34 0.17]
INFO  [mc_indi_tiltrotor] T0dbg2 Ws34=[0.1 20.0] Wu0=1.0 du0=0.0623 dmin0=-18.9086 dmax0=26.0914
INFO  [mc_indi_tiltrotor] T2dbg1 G2=[-0.000 -0.650 0.060 0.005 -1.000] G5=[-0.804 -0.897 -0.004 13.392 0.062]
INFO  [mc_indi_tiltrotor] T2dbg2 Wu25=[1.0 1000000.0] du25=[-0.3308 -0.0041] dmax25=[31.6080 -0.0005] nu_yaw=-0.045
INFO  [mc_indi_tiltrotor] WRdbg0 Wu0=1 lo0=-18.91 du0=0.0623 pin0=0.016 a0=[-0.028 0.138 -0.000 -0.000 -0.063]
INFO  [mc_indi_tiltrotor] WRdbg1 Wu1=1 lo1=-19.33 du1=0.1253 pin1=0.022 a1=[0.027 0.141 0.000 -0.000 -0.065]
INFO  [mc_indi_tiltrotor] YWdbg nu2=0.004 ach2=0.122 r=-0.01 wsp2=-0.02 ddelta=[-0.0030 0.0043 0.0096]
INFO  [mc_indi_tiltrotor] T0dbg1 G0=[-0.256 0.199 0.019 0.162 -0.987] nu_des=[0.01 -0.03 -0.00 -0.38 -0.03]
INFO  [mc_indi_tiltrotor] T0dbg2 Ws34=[0.1 20.0] Wu0=1.0 du0=-0.0027 dmin0=-18.7240 dmax0=26.2760
INFO  [mc_indi_tiltrotor] T2dbg1 G2=[-0.000 -0.650 0.060 0.005 -1.000] G5=[-0.745 -0.831 -0.004 12.422 0.059]
INFO  [mc_indi_tiltrotor] T2dbg2 Wu25=[1.0 9.0] du25=[0.0269 -0.0004] dmax25=[32.5778 0.0012] nu_yaw=-0.003
INFO  [mc_indi_tiltrotor] WRdbg0 Wu0=1 lo0=-18.72 du0=-0.0027 pin0=0.000 a0=[-0.011 0.002 -0.000 -0.002 0.009]
INFO  [mc_indi_tiltrotor] WRdbg1 Wu1=1 lo1=-19.20 du1=0.0201 pin1=0.000 a1=[0.015 -0.006 0.001 -0.001 0.011]
INFO  [mc_indi_tiltrotor] T0dbg1 G0=[-0.256 0.199 0.018 0.166 -0.986] nu_des=[0.01 0.00 -0.03 -0.61 0.11]
INFO  [mc_indi_tiltrotor] T0dbg2 Ws34=[0.1 20.0] Wu0=1.0 du0=0.0026 dmin0=-19.0704 dmax0=25.9296
INFO  [mc_indi_tiltrotor] T2dbg1 G2=[-0.000 -0.650 0.060 0.005 -1.000] G5=[-0.784 -0.872 -0.004 13.071 0.066]
INFO  [mc_indi_tiltrotor] T2dbg2 Wu25=[1.0 9.0] du25=[-0.0761 -0.0010] dmax25=[31.9291 0.0026] nu_yaw=-0.026
INFO  [mc_indi_tiltrotor] WRdbg0 Wu0=1 lo0=-19.07 du0=0.0026 pin0=0.053 a0=[-0.011 0.002 -0.001 0.000 -0.041]
INFO  [mc_indi_tiltrotor] WRdbg1 Wu1=1 lo1=-19.57 du1=-0.0006 pin1=0.027 a1=[0.011 0.002 0.001 -0.000 -0.041]
INFO  [mc_indi_tiltrotor] YWdbg nu2=-0.013 ach2=0.001 r=0.01 wsp2=-0.03 ddelta=[0.0120 0.0107 0.0017]
INFO  [mc_indi_tiltrotor] T0dbg1 G0=[-0.257 0.196 0.012 0.187 -0.982] nu_des=[0.01 -0.07 -0.02 -1.43 0.10]
INFO  [mc_indi_tiltrotor] T0dbg2 Ws34=[0.1 20.0] Wu0=1.0 du0=-0.0578 dmin0=-19.3302 dmax0=25.6698
INFO  [mc_indi_tiltrotor] T2dbg1 G2=[-0.000 -0.650 0.060 0.004 -1.000] G5=[-0.753 -0.849 -0.003 12.545 0.044]
INFO  [mc_indi_tiltrotor] T2dbg2 Wu25=[1.0 9.0] du25=[0.0282 0.0003] dmax25=[32.4549 0.0022] nu_yaw=-0.018
INFO  [mc_indi_tiltrotor] WRdbg0 Wu0=1 lo0=-19.33 du0=-0.0578 pin0=0.034 a0=[-0.014 -0.041 -0.000 0.001 -0.037]
INFO  [mc_indi_tiltrotor] WRdbg1 Wu1=1 lo1=-19.77 du1=-0.0432 pin1=0.019 a1=[0.013 -0.038 0.001 -0.001 -0.037]
INFO  [mc_indi_tiltrotor] T0dbg1 G0=[-0.257 0.197 0.014 0.179 -0.984] nu_des=[-0.01 -0.02 0.01 -1.19 -0.01]
INFO  [mc_indi_tiltrotor] T0dbg2 Ws34=[0.1 20.0] Wu0=1.0 du0=-0.0459 dmin0=-19.3087 dmax0=25.6913
INFO  [mc_indi_tiltrotor] T2dbg1 G2=[-0.000 -0.650 0.060 0.002 -1.000] G5=[-0.747 -0.855 -0.001 12.446 0.024]
INFO  [mc_indi_tiltrotor] T2dbg2 Wu25=[1.0 9.0] du25=[0.0700 0.0010] dmax25=[32.5544 0.0020] nu_yaw=0.010
INFO  [mc_indi_tiltrotor] WRdbg0 Wu0=1 lo0=-19.31 du0=-0.0459 pin0=-0.051 a0=[0.014 -0.013 0.000 0.000 0.005]
INFO  [mc_indi_tiltrotor] WRdbg1 Wu1=1 lo1=-19.60 du1=-0.0465 pin1=-0.025 a1=[-0.013 -0.012 -0.000 -0.001 0.005]
INFO  [mc_indi_tiltrotor] YWdbg nu2=-0.004 ach2=-0.007 r=-0.02 wsp2=-0.01 ddelta=[-0.0120 -0.0120 -0.0020]
INFO  [mc_indi_tiltrotor] T0dbg1 G0=[-0.256 0.200 0.020 0.157 -0.988] nu_des=[0.00 0.04 -0.01 -0.24 0.03]
INFO  [mc_indi_tiltrotor] T0dbg2 Ws34=[0.1 20.0] Wu0=1.0 du0=-0.0181 dmin0=-18.8897 dmax0=26.1103
INFO  [mc_indi_tiltrotor] T2dbg1 G2=[-0.000 -0.650 0.060 0.002 -1.000] G5=[-0.757 -0.868 -0.001 12.618 0.023]
INFO  [mc_indi_tiltrotor] T2dbg2 Wu25=[1.0 9.0] du25=[-0.0347 -0.0008] dmax25=[32.3816 0.0009] nu_yaw=-0.012
INFO  [mc_indi_tiltrotor] WRdbg0 Wu0=1 lo0=-18.89 du0=-0.0181 pin0=0.000 a0=[-0.003 -0.004 -0.002 -0.001 -0.008]
INFO  [mc_indi_tiltrotor] WRdbg1 Wu1=1 lo1=-19.29 du1=0.0067 pin1=0.000 a1=[0.004 0.010 0.005 -0.001 -0.011]
INFO  [mc_indi_tiltrotor] T0dbg1 G0=[-0.256 0.199 0.018 0.163 -0.987] nu_des=[-0.01 -0.01 -0.02 -0.24 0.04]
INFO  [mc_indi_tiltrotor] T0dbg2 Ws34=[0.1 20.0] Wu0=1.0 du0=0.0000 dmin0=-18.8950 dmax0=26.1050
INFO  [mc_indi_tiltrotor] T2dbg1 G2=[-0.000 -0.650 0.060 0.001 -1.000] G5=[-0.762 -0.878 -0.001 12.693 0.017]
INFO  [mc_indi_tiltrotor] T2dbg2 Wu25=[1.0 9.0] du25=[-0.0047 0.0005] dmax25=[32.3068 0.0024] nu_yaw=-0.018
INFO  [mc_indi_tiltrotor] WRdbg0 Wu0=1 lo0=-18.90 du0=0.0000 pin0=0.000 a0=[0.013 0.001 -0.002 -0.001 -0.010]
INFO  [mc_indi_tiltrotor] WRdbg1 Wu1=1 lo1=-19.43 du1=-0.0259 pin1=0.000 a1=[-0.018 -0.002 0.007 -0.001 -0.013]
INFO  [mc_indi_tiltrotor] YWdbg nu2=-0.019 ach2=0.001 r=0.02 wsp2=-0.01 ddelta=[0.0120 0.0088 0.0038]
INFO  [mc_indi_tiltrotor] T0dbg1 G0=[-0.256 0.199 0.019 0.162 -0.987] nu_des=[-0.00 -0.39 0.02 -0.35 0.11]
INFO  [mc_indi_tiltrotor] T0dbg2 Ws34=[0.1 20.0] Wu0=1.0 du0=-0.2848 dmin0=-19.1035 dmax0=25.8965
INFO  [mc_indi_tiltrotor] T2dbg1 G2=[-0.000 -0.650 0.060 0.002 -1.000] G5=[-0.724 -0.828 -0.002 12.065 0.026]
INFO  [mc_indi_tiltrotor] T2dbg2 Wu25=[1.0 1000000.0] du25=[0.4435 0.0032] dmax25=[32.9346 0.0032] nu_yaw=0.021
INFO  [mc_indi_tiltrotor] WRdbg0 Wu0=1 lo0=-19.10 du0=-0.2848 pin0=-0.021 a0=[0.002 -0.225 0.000 -0.000 -0.040]
INFO  [mc_indi_tiltrotor] WRdbg1 Wu1=1 lo1=-19.70 du1=-0.2961 pin1=-0.023 a1=[-0.002 -0.230 -0.000 -0.000 -0.041]
INFO  [mc_indi_tiltrotor] T0dbg1 G0=[-0.256 0.200 0.020 0.158 -0.987] nu_des=[-0.00 -0.02 -0.03 -0.20 0.02]
INFO  [mc_indi_tiltrotor] T0dbg2 Ws34=[0.1 20.0] Wu0=1.0 du0=-0.0018 dmin0=-18.8788 dmax0=26.1212
INFO  [mc_indi_tiltrotor] T2dbg1 G2=[-0.000 -0.650 0.060 0.003 -1.000] G5=[-0.748 -0.850 -0.002 12.475 0.036]
INFO  [mc_indi_tiltrotor] T2dbg2 Wu25=[1.0 9.0] du25=[0.0060 0.0001] dmax25=[32.5251 0.0021] nu_yaw=-0.025
INFO  [mc_indi_tiltrotor] WRdbg0 Wu0=1 lo0=-18.88 du0=-0.0018 pin0=0.000 a0=[0.006 0.001 -0.004 -0.001 -0.004]
INFO  [mc_indi_tiltrotor] WRdbg1 Wu1=1 lo1=-19.40 du1=-0.0071 pin1=0.000 a1=[-0.008 -0.004 0.010 -0.001 -0.005]
INFO  [mc_indi_tiltrotor] YWdbg nu2=-0.027 ach2=-0.019 r=0.00 wsp2=-0.03 ddelta=[0.0116 0.0057 0.0025]
INFO  [mc_indi_tiltrotor] T0dbg1 G0=[-0.257 0.197 0.015 0.177 -0.984] nu_des=[0.00 -0.05 0.01 -1.00 0.09]
INFO  [mc_indi_tiltrotor] T0dbg2 Ws34=[0.1 20.0] Wu0=1.0 du0=-0.0218 dmin0=-18.9276 dmax0=26.0724
INFO  [mc_indi_tiltrotor] T2dbg1 G2=[-0.000 -0.650 0.060 0.005 -1.000] G5=[-0.743 -0.830 -0.003 12.378 0.056]
INFO  [mc_indi_tiltrotor] T2dbg2 Wu25=[1.0 9.0] du25=[0.0003 0.0003] dmax25=[32.6216 0.0025] nu_yaw=0.010
INFO  [mc_indi_tiltrotor] WRdbg0 Wu0=1 lo0=-18.93 du0=-0.0218 pin0=0.000 a0=[-0.001 0.006 0.001 -0.006 -0.022]
INFO  [mc_indi_tiltrotor] WRdbg1 Wu1=1 lo1=-19.21 du1=-0.0450 pin1=0.000 a1=[0.001 -0.010 -0.004 -0.004 -0.029]
INFO  [mc_indi_tiltrotor] T0dbg1 G0=[-0.256 0.199 0.018 0.164 -0.986] nu_des=[-0.00 0.08 0.01 -0.50 0.02]
INFO  [mc_indi_tiltrotor] T0dbg2 Ws34=[0.1 20.0] Wu0=1.0 du0=-0.0133 dmin0=-18.8138 dmax0=26.1862
INFO  [mc_indi_tiltrotor] T2dbg1 G2=[-0.000 -0.650 0.060 0.003 -1.000] G5=[-0.752 -0.856 -0.002 12.533 0.033]
INFO  [mc_indi_tiltrotor] T2dbg2 Wu25=[1.0 9.0] du25=[-0.0500 -0.0009] dmax25=[32.4665 0.0006] nu_yaw=0.006
INFO  [mc_indi_tiltrotor] WRdbg0 Wu0=1 lo0=-18.81 du0=-0.0133 pin0=0.000 a0=[0.002 -0.008 0.001 -0.003 -0.005]
INFO  [mc_indi_tiltrotor] WRdbg1 Wu1=1 lo1=-19.14 du1=0.0039 pin1=0.000 a1=[-0.003 0.017 -0.002 -0.002 -0.007]
INFO  [mc_indi_tiltrotor] YWdbg nu2=0.001 ach2=0.011 r=-0.02 wsp2=-0.01 ddelta=[-0.0102 -0.0091 0.0007]
INFO  [mc_indi_tiltrotor] T0dbg1 G0=[-0.256 0.200 0.019 0.159 -0.987] nu_des=[-0.00 -0.58 -0.03 -0.22 0.38]
INFO  [mc_indi_tiltrotor] T0dbg2 Ws34=[0.1 20.0] Wu0=1.0 du0=-0.4551 dmin0=-18.7910 dmax0=26.2090
INFO  [mc_indi_tiltrotor] T2dbg1 G2=[-0.000 -0.650 0.060 0.003 -1.000] G5=[-0.784 -0.889 -0.002 13.060 0.039]
INFO  [mc_indi_tiltrotor] T2dbg2 Wu25=[1.0 1000000.0] du25=[0.5554 0.0066] dmax25=[31.9399 0.0102] nu_yaw=-0.025
INFO  [mc_indi_tiltrotor] WRdbg0 Wu0=1 lo0=-18.79 du0=-0.4551 pin0=0.014 a0=[0.008 -0.333 -0.000 -0.000 -0.144]
INFO  [mc_indi_tiltrotor] WRdbg1 Wu1=1 lo1=-19.27 du1=-0.4920 pin1=0.003 a1=[-0.007 -0.341 0.000 -0.000 -0.147]
INFO  [mc_indi_tiltrotor] T0dbg1 G0=[-0.256 0.200 0.019 0.160 -0.987] nu_des=[-0.01 -0.08 0.01 -0.29 0.09]
INFO  [mc_indi_tiltrotor] T0dbg2 Ws34=[0.1 20.0] Wu0=1.0 du0=-0.0092 dmin0=-18.9187 dmax0=26.0813
INFO  [mc_indi_tiltrotor] T2dbg1 G2=[-0.000 -0.650 0.060 0.004 -1.000] G5=[-0.745 -0.840 -0.003 12.420 0.045]
INFO  [mc_indi_tiltrotor] T2dbg2 Wu25=[1.0 9.0] du25=[0.0121 0.0012] dmax25=[32.5801 0.0033] nu_yaw=0.006
INFO  [mc_indi_tiltrotor] WRdbg0 Wu0=1 lo0=-18.92 du0=-0.0092 pin0=0.000 a0=[0.008 0.007 0.001 -0.002 -0.023]
INFO  [mc_indi_tiltrotor] WRdbg1 Wu1=1 lo1=-19.46 du1=-0.0609 pin1=0.000 a1=[-0.011 -0.017 -0.002 -0.001 -0.030]
INFO  [mc_indi_tiltrotor] YWdbg nu2=-0.002 ach2=0.006 r=0.03 wsp2=-0.03 ddelta=[0.0120 0.0120 0.0014]
INFO  [mc_indi_tiltrotor] T0dbg1 G0=[-0.257 0.197 0.015 0.178 -0.984] nu_des=[-0.00 0.03 0.01 -0.96 -0.02]
INFO  [mc_indi_tiltrotor] T0dbg2 Ws34=[0.1 20.0] Wu0=1.0 du0=-0.0011 dmin0=-18.8467 dmax0=26.1533
INFO  [mc_indi_tiltrotor] T2dbg1 G2=[-0.000 -0.650 0.060 0.003 -1.000] G5=[-0.748 -0.847 -0.002 12.467 0.040]
INFO  [mc_indi_tiltrotor] T2dbg2 Wu25=[1.0 9.0] du25=[-0.0037 -0.0004] dmax25=[32.5327 0.0015] nu_yaw=0.005
INFO  [mc_indi_tiltrotor] WRdbg0 Wu0=1 lo0=-18.85 du0=-0.0011 pin0=0.000 a0=[0.003 -0.003 0.001 -0.006 0.005]
INFO  [mc_indi_tiltrotor] WRdbg1 Wu1=1 lo1=-19.31 du1=0.0029 pin1=0.000 a1=[-0.004 0.006 -0.002 -0.003 0.006]
INFO  [mc_indi_tiltrotor] T0dbg1 G0=[-0.256 0.200 0.019 0.160 -0.987] nu_des=[0.00 -0.03 0.00 -0.33 -0.00]
INFO  [mc_indi_tiltrotor] T0dbg2 Ws34=[0.1 20.0] Wu0=1.0 du0=-0.0034 dmin0=-18.9276 dmax0=26.0724
INFO  [mc_indi_tiltrotor] T2dbg1 G2=[-0.000 -0.650 0.060 0.002 -1.000] G5=[-0.755 -0.861 -0.002 12.576 0.030]
INFO  [mc_indi_tiltrotor] T2dbg2 Wu25=[1.0 9.0] du25=[0.0176 -0.0000] dmax25=[32.4240 0.0016] nu_yaw=0.003
INFO  [mc_indi_tiltrotor] WRdbg0 Wu0=1 lo0=-18.93 du0=-0.0034 pin0=0.000 a0=[-0.005 0.002 0.000 -0.002 0.001]
INFO  [mc_indi_tiltrotor] WRdbg1 Wu1=1 lo1=-19.30 du1=-0.0003 pin1=0.000 a1=[0.007 -0.006 -0.001 -0.001 0.001]
INFO  [mc_indi_tiltrotor] YWdbg nu2=-0.001 ach2=-0.001 r=-0.03 wsp2=-0.01 ddelta=[0.0039 0.0036 -0.0002]
INFO  [mc_indi_tiltrotor] T0dbg1 G0=[-0.257 0.199 0.017 0.167 -0.986] nu_des=[0.00 -0.41 0.00 -0.49 0.34]
INFO  [mc_indi_tiltrotor] T0dbg2 Ws34=[0.1 20.0] Wu0=1.0 du0=-0.3105 dmin0=-18.5709 dmax0=26.4291
INFO  [mc_indi_tiltrotor] T2dbg1 G2=[-0.000 -0.650 0.060 0.003 -1.000] G5=[-0.803 -0.910 -0.002 13.376 0.041]
INFO  [mc_indi_tiltrotor] T2dbg2 Wu25=[1.0 1000000.0] du25=[0.3269 0.0060] dmax25=[31.6239 0.0096] nu_yaw=0.002
INFO  [mc_indi_tiltrotor] WRdbg0 Wu0=1 lo0=-18.57 du0=-0.3105 pin0=0.061 a0=[-0.008 -0.236 0.000 -0.000 -0.128]
INFO  [mc_indi_tiltrotor] WRdbg1 Wu1=1 lo1=-19.00 du1=-0.3195 pin1=0.045 a1=[0.007 -0.241 -0.000 -0.000 -0.131]
INFO  [mc_indi_tiltrotor] T0dbg1 G0=[-0.256 0.200 0.020 0.157 -0.988] nu_des=[0.01 -0.00 0.02 -0.25 -0.02]
INFO  [mc_indi_tiltrotor] T0dbg2 Ws34=[0.1 20.0] Wu0=1.0 du0=-0.0103 dmin0=-18.8705 dmax0=26.1295
INFO  [mc_indi_tiltrotor] T2dbg1 G2=[-0.000 -0.650 0.060 0.004 -1.000] G5=[-0.756 -0.852 -0.003 12.607 0.047]
INFO  [mc_indi_tiltrotor] T2dbg2 Wu25=[1.0 9.0] du25=[0.0069 -0.0007] dmax25=[32.3925 0.0015] nu_yaw=0.020
INFO  [mc_indi_tiltrotor] WRdbg0 Wu0=1 lo0=-18.87 du0=-0.0103 pin0=0.000 a0=[-0.018 0.000 0.003 -0.002 0.006]
INFO  [mc_indi_tiltrotor] WRdbg1 Wu1=1 lo1=-19.33 du1=0.0221 pin1=0.000 a1=[0.024 -0.001 -0.008 -0.001 0.008]
INFO  [mc_indi_tiltrotor] YWdbg nu2=0.033 ach2=0.033 r=-0.02 wsp2=0.01 ddelta=[-0.0025 0.0043 -0.0002]
INFO  [mc_indi_tiltrotor] T0dbg1 G0=[-0.256 0.201 0.023 0.147 -0.989] nu_des=[-0.01 -0.01 -0.04 -0.01 0.01]
INFO  [mc_indi_tiltrotor] T0dbg2 Ws34=[0.1 20.0] Wu0=1.0 du0=0.0050 dmin0=-18.9394 dmax0=26.0606
INFO  [mc_indi_tiltrotor] T2dbg1 G2=[-0.000 -0.650 0.060 0.003 -1.000] G5=[-0.752 -0.854 -0.002 12.532 0.036]
INFO  [mc_indi_tiltrotor] T2dbg2 Wu25=[1.0 9.0] du25=[0.0060 0.0003] dmax25=[32.4679 0.0019] nu_yaw=-0.042
INFO  [mc_indi_tiltrotor] WRdbg0 Wu0=1 lo0=-18.94 du0=0.0050 pin0=0.000 a0=[0.013 0.001 -0.007 -0.000 -0.003]
INFO  [mc_indi_tiltrotor] WRdbg1 Wu1=1 lo1=-19.41 du1=-0.0064 pin1=0.000 a1=[-0.018 -0.002 0.017 -0.000 -0.003]
INFO  [mc_indi_tiltrotor] T0dbg1 G0=[-0.256 0.199 0.018 0.164 -0.986] nu_des=[-0.00 0.02 -0.03 -0.49 0.01]
INFO  [mc_indi_tiltrotor] T0dbg2 Ws34=[0.1 20.0] Wu0=1.0 du0=-0.0062 dmin0=-18.9180 dmax0=26.0820
INFO  [mc_indi_tiltrotor] T2dbg1 G2=[-0.000 -0.650 0.060 0.003 -1.000] G5=[-0.756 -0.854 -0.003 12.598 0.042]
INFO  [mc_indi_tiltrotor] T2dbg2 Wu25=[1.0 9.0] du25=[-0.0081 -0.0004] dmax25=[32.4021 0.0013] nu_yaw=-0.028
INFO  [mc_indi_tiltrotor] WRdbg0 Wu0=1 lo0=-18.92 du0=-0.0062 pin0=0.000 a0=[0.004 -0.002 -0.004 -0.003 -0.002]
INFO  [mc_indi_tiltrotor] WRdbg1 Wu1=1 lo1=-19.38 du1=0.0049 pin1=0.000 a1=[-0.006 0.004 0.011 -0.002 -0.002]
INFO  [mc_indi_tiltrotor] YWdbg nu2=-0.038 ach2=-0.036 r=0.04 wsp2=0.00 ddelta=[0.0007 -0.0066 -0.0004]
INFO  [mc_indi_tiltrotor] T0dbg1 G0=[-0.257 0.198 0.017 0.168 -0.986] nu_des=[0.01 -0.38 0.00 -0.49 0.20]
INFO  [mc_indi_tiltrotor] T0dbg2 Ws34=[0.1 20.0] Wu0=1.0 du0=-0.2471 dmin0=-18.7599 dmax0=26.2401
INFO  [mc_indi_tiltrotor] T2dbg1 G2=[-0.000 -0.650 0.060 0.004 -1.000] G5=[-0.788 -0.887 -0.003 13.126 0.048]
INFO  [mc_indi_tiltrotor] T2dbg2 Wu25=[1.0 1000000.0] du25=[0.3298 0.0038] dmax25=[31.8739 0.0074] nu_yaw=0.002
INFO  [mc_indi_tiltrotor] WRdbg0 Wu0=1 lo0=-18.76 du0=-0.2471 pin0=0.064 a0=[-0.015 -0.220 0.000 -0.000 -0.076]
INFO  [mc_indi_tiltrotor] WRdbg1 Wu1=1 lo1=-19.26 du1=-0.2492 pin1=0.040 a1=[0.014 -0.225 -0.000 -0.000 -0.078]
INFO  [mc_indi_tiltrotor] T0dbg1 G0=[-0.257 0.198 0.017 0.167 -0.986] nu_des=[-0.02 -0.25 -0.02 -0.63 0.31]
INFO  [mc_indi_tiltrotor] T0dbg2 Ws34=[0.1 20.0] Wu0=1.0 du0=-0.2340 dmin0=-18.7893 dmax0=26.2107
INFO  [mc_indi_tiltrotor] T2dbg1 G2=[-0.000 -0.650 0.060 0.003 -1.000] G5=[-0.781 -0.886 -0.002 13.024 0.040]
INFO  [mc_indi_tiltrotor] T2dbg2 Wu25=[1.0 1000000.0] du25=[0.2065 0.0072] dmax25=[31.9759 0.0108] nu_yaw=-0.021
INFO  [mc_indi_tiltrotor] WRdbg0 Wu0=1 lo0=-18.79 du0=-0.2340 pin0=-0.004 a0=[0.033 -0.146 -0.000 -0.000 -0.117]
INFO  [mc_indi_tiltrotor] WRdbg1 Wu1=1 lo1=-19.21 du1=-0.2845 pin1=0.017 a1=[-0.032 -0.149 0.000 -0.000 -0.120]
INFO  [mc_indi_tiltrotor] YWdbg nu2=-0.021 ach2=0.024 r=-0.03 wsp2=-0.01 ddelta=[0.0006 0.0006 0.0072]
INFO  [mc_indi_tiltrotor] T0dbg1 G0=[-0.256 0.199 0.019 0.161 -0.987] nu_des=[0.01 0.01 0.01 -0.40 -0.00]
INFO  [mc_indi_tiltrotor] T0dbg2 Ws34=[0.1 20.0] Wu0=1.0 du0=-0.0087 dmin0=-18.8228 dmax0=26.1772
INFO  [mc_indi_tiltrotor] T2dbg1 G2=[-0.000 -0.650 0.060 0.002 -1.000] G5=[-0.762 -0.868 -0.002 12.694 0.031]
INFO  [mc_indi_tiltrotor] T2dbg2 Wu25=[1.0 9.0] du25=[-0.0042 -0.0005] dmax25=[32.3062 0.0018] nu_yaw=0.008
INFO  [mc_indi_tiltrotor] WRdbg0 Wu0=1 lo0=-18.82 du0=-0.0087 pin0=0.000 a0=[-0.007 -0.001 0.001 -0.002 0.001]
INFO  [mc_indi_tiltrotor] WRdbg1 Wu1=1 lo1=-19.32 du1=0.0084 pin1=0.000 a1=[0.010 0.002 -0.003 -0.001 0.001]
INFO  [commander] Disarmed by internal command	
INFO  [tone_alarm] notify neutral
INFO  [logger] closed logfile, bytes written: 8420931
