
______  __   __    ___ 
| ___ \ \ \ / /   /   |
| |_/ /  \ V /   / /| |
|  __/   /   \  / /_| |
| |     / /^\ \ \___  |
\_|     \/   \/     |_/

px4 starting.

INFO  [px4] startup script: /bin/sh etc/init.d-posix/rcS 0
INFO  [init] found model autostart file as SYS_AUTOSTART=4023
INFO  [param] selected parameter default file parameters.bson
INFO  [param] importing from 'parameters.bson'
INFO  [parameters] BSON document size 316 bytes, decoded 316 bytes (INT32:13, FLOAT:3)
INFO  [param] selected parameter backup file parameters_backup.bson
INFO  [dataman] data manager file './dataman' size is 7872608 bytes
INFO  [init] Gazebo simulator
INFO  [init] starting gazebo with world: /home/umran/PX4-Autopilot/Tools/simulation/gz/worlds/default.sdf
WARN  [init] PX4_GZ_MODEL_POSE not set, spawning at origin.
[1;33mWarning [Utils.cc:132][0m [/sdf/model[@name="tiltrotor_tailplane"]/link[@name="base_link"]/sensor[@name="imu_sensor"]/gz_frame_id:/home/umran/PX4-Autopilot/Tools/simulation/gz/models/tiltrotor_indi/model.sdf:L168]: XML Element[gz_frame_id], child of element[sensor], not defined in SDF. Copying[gz_frame_id] as children of [sensor].
[1;33mWarning [Utils.cc:132][0m [/sdf/model[@name="tiltrotor_tailplane"]/link[@name="base_link"]/sensor[@name="air_pressure_sensor"]/gz_frame_id:/home/umran/PX4-Autopilot/Tools/simulation/gz/models/tiltrotor_indi/model.sdf:L227]: XML Element[gz_frame_id], child of element[sensor], not defined in SDF. Copying[gz_frame_id] as children of [sensor].
[1;33mWarning [Utils.cc:132][0m [/sdf/model[@name="tiltrotor_tailplane"]/link[@name="base_link"]/sensor[@name="magnetometer_sensor"]/gz_frame_id:/home/umran/PX4-Autopilot/Tools/simulation/gz/models/tiltrotor_indi/model.sdf:L240]: XML Element[gz_frame_id], child of element[sensor], not defined in SDF. Copying[gz_frame_id] as children of [sensor].
[1;33mWarning [Utils.cc:132][0m [/sdf/model[@name="tiltrotor_tailplane"]/link[@name="base_link"]/sensor[@name="navsat_sensor"]/gz_frame_id:/home/umran/PX4-Autopilot/Tools/simulation/gz/models/tiltrotor_indi/model.sdf:L262]: XML Element[gz_frame_id], child of element[sensor], not defined in SDF. Copying[gz_frame_id] as children of [sensor].
INFO  [lockstep_scheduler] setting initial absolute time to 8000 us
INFO  [gz_bridge] world: default, model name: tiltrotor_indi_0, simulation model: tiltrotor_indi
INFO  [gz_bridge] Requested Model Position: 0,0,0,0,0,0
INFO  [gz_bridge] Model position z is less or equal 0.0, moving upwards
WARN  [vehicle_angular_velocity] no gyro selected, using sensor_gyro:0 1310988
INFO  [commander] LED: open /dev/led0 failed (22)
INFO  [tone_alarm] home set
INFO  [uxrce_dds_client] init UDP agent IP:127.0.0.1, port:8888
INFO  [mavlink] mode: Normal, data rate: 4000000 B/s on udp port 18570 remote port 14550
INFO  [mavlink] mode: Onboard, data rate: 4000000 B/s on udp port 14580 remote port 14540
INFO  [mavlink] mode: Onboard, data rate: 4000 B/s on udp port 14280 remote port 14030
INFO  [mavlink] mode: Gimbal, data rate: 400000 B/s on udp port 13030 remote port 13280
INFO  [logger] logger started (mode=all)
INFO  [logger] Start file log (type: full)
INFO  [logger] [logger] ./log/2026-07-30/07_08_36.ulg	
INFO  [logger] Opened full log file: ./log/2026-07-30/07_08_36.ulg
INFO  [mavlink] MAVLink only on localhost (set param MAV_{i}_BROADCAST = 1 to enable network)
INFO  [mavlink] MAVLink only on localhost (set param MAV_{i}_BROADCAST = 1 to enable network)
INFO  [px4] Startup script returned successfully
INFO  [commander] [32mReady for takeoff![0m
INFO  [commander] Armed by internal command	
INFO  [tone_alarm] arming warning
INFO  [mc_indi_tiltrotor] T0dbg1 G0=[-0.256 0.227 0.019 0.162 -0.987] nu_des=[0.00 0.02 -0.26 -2.96 -0.24]
INFO  [mc_indi_tiltrotor] T0dbg2 Ws34=[0.1 20.0] Wu0=1.0 du0=0.0951 dmin0=-18.3233 dmax0=26.6767
INFO  [mc_indi_tiltrotor] T2dbg1 G2=[0.000 -0.650 0.060 0.000 -1.000] G5=[-0.744 -0.868 -0.000 12.403 0.000]
INFO  [mc_indi_tiltrotor] T2dbg2 Wu25=[1.0 1000000.0] du25=[0.0577 0.0000] dmax25=[32.5965 0.0120] nu_yaw=-0.256
INFO  [mc_indi_tiltrotor] WRdbg0 Wu0=1 lo0=-18.32 du0=0.0951 pin0=0.002 a0=[-0.005 0.010 -0.000 -0.000 0.089]
INFO  [mc_indi_tiltrotor] WRdbg1 Wu1=1 lo1=-18.32 du1=0.1250 pin1=0.019 a1=[0.005 0.010 0.000 -0.000 0.091]
INFO  [mc_indi_tiltrotor] YWdbg nu2=-0.256 ach2=-0.059 r=0.00 wsp2=-0.50 ddelta=[0.0120 -0.0000 0.0000]
INFO  [commander] Takeoff detected	
INFO  [mc_indi_tiltrotor] T0dbg1 G0=[-0.257 0.227 0.010 0.194 -0.981] nu_des=[-0.00 0.07 -0.12 -3.66 0.05]
INFO  [mc_indi_tiltrotor] T0dbg2 Ws34=[0.1 20.0] Wu0=1.0 du0=0.0330 dmin0=-18.3675 dmax0=26.6325
INFO  [mc_indi_tiltrotor] T2dbg1 G2=[-0.000 -0.650 0.060 0.005 -1.000] G5=[-0.794 -0.885 -0.004 13.228 0.063]
INFO  [mc_indi_tiltrotor] T2dbg2 Wu25=[1.0 9.0] du25=[-0.0785 -0.0019] dmax25=[31.7719 0.0120] nu_yaw=-0.122
INFO  [mc_indi_tiltrotor] WRdbg0 Wu0=1 lo0=-18.37 du0=0.0330 pin0=0.008 a0=[0.004 0.041 -0.003 0.001 -0.019]
INFO  [mc_indi_tiltrotor] WRdbg1 Wu1=1 lo1=-18.83 du1=0.0365 pin1=0.020 a1=[-0.004 0.037 0.005 -0.003 -0.020]
INFO  [mc_indi_tiltrotor] pos_hold: holding x=-0.04 y=0.31
INFO  [mc_indi_tiltrotor] YWdbg nu2=0.312 ach2=0.127 r=-0.34 wsp2=0.17 ddelta=[-0.0120 0.0120 -0.0047]
INFO  [mc_indi_tiltrotor] T0dbg1 G0=[-0.257 0.228 0.006 0.212 -0.977] nu_des=[0.01 0.04 0.30 -2.64 0.66]
INFO  [mc_indi_tiltrotor] T0dbg2 Ws34=[0.1 20.0] Wu0=1.0 du0=-0.2321 dmin0=-21.3829 dmax0=23.6171
INFO  [mc_indi_tiltrotor] T2dbg1 G2=[-0.001 -0.651 0.060 0.017 -1.000] G5=[-0.925 -0.905 -0.016 15.415 0.268]
INFO  [mc_indi_tiltrotor] T2dbg2 Wu25=[1.0 9.0] du25=[-0.2066 -0.0030] dmax25=[29.5830 0.0120] nu_yaw=0.301
INFO  [mc_indi_tiltrotor] WRdbg0 Wu0=1 lo0=-21.38 du0=-0.2321 pin0=0.001 a0=[-0.019 0.021 0.008 0.001 -0.245]
INFO  [mc_indi_tiltrotor] WRdbg1 Wu1=1 lo1=-21.90 du1=-0.2684 pin1=-0.042 a1=[0.018 0.019 -0.015 -0.003 -0.244]
INFO  [mc_indi_tiltrotor] T0dbg1 G0=[-0.257 0.227 0.015 0.175 -0.984] nu_des=[-0.00 0.02 0.05 -1.88 0.04]
INFO  [mc_indi_tiltrotor] T0dbg2 Ws34=[0.1 20.0] Wu0=1.0 du0=0.0043 dmin0=-18.7890 dmax0=26.2110
INFO  [mc_indi_tiltrotor] T2dbg1 G2=[-0.001 -0.651 0.060 0.013 -1.000] G5=[-0.858 -0.881 -0.011 14.305 0.184]
INFO  [mc_indi_tiltrotor] T2dbg2 Wu25=[1.0 9.0] du25=[-0.0409 -0.0005] dmax25=[30.6943 0.0120] nu_yaw=0.046
INFO  [mc_indi_tiltrotor] WRdbg0 Wu0=1 lo0=-18.79 du0=0.0043 pin0=0.000 a0=[0.006 0.014 0.004 -0.010 -0.010]
INFO  [mc_indi_tiltrotor] WRdbg1 Wu1=1 lo1=-19.37 du1=-0.0254 pin1=0.000 a1=[-0.007 0.010 -0.014 -0.002 -0.013]
INFO  [mc_indi_tiltrotor] YWdbg nu2=-0.055 ach2=-0.038 r=0.28 wsp2=0.38 ddelta=[0.0120 0.0120 -0.0097]
INFO  [mc_indi_tiltrotor] T0dbg1 G0=[-0.257 0.228 0.008 0.201 -0.980] nu_des=[0.02 -0.43 -0.04 -2.10 0.42]
INFO  [mc_indi_tiltrotor] T0dbg2 Ws34=[0.1 20.0] Wu0=1.0 du0=-0.4480 dmin0=-16.8737 dmax0=28.1263
INFO  [mc_indi_tiltrotor] T2dbg1 G2=[-0.001 -0.651 0.060 0.009 -1.000] G5=[-0.761 -0.812 -0.007 12.684 0.116]
INFO  [mc_indi_tiltrotor] T2dbg2 Wu25=[1.0 9.0] du25=[0.3788 0.0063] dmax25=[32.3156 0.0120] nu_yaw=-0.045
INFO  [mc_indi_tiltrotor] WRdbg0 Wu0=1 lo0=-16.87 du0=-0.4480 pin0=0.000 a0=[-0.026 -0.298 -0.003 -0.013 -0.109]
INFO  [mc_indi_tiltrotor] WRdbg1 Wu1=1 lo1=-18.57 du1=-0.3387 pin1=0.000 a1=[0.030 -0.227 0.012 -0.003 -0.150]
INFO  [mc_indi_tiltrotor] T0dbg1 G0=[-0.257 0.228 0.001 0.230 -0.973] nu_des=[-0.00 0.01 -0.07 -2.22 0.03]
INFO  [mc_indi_tiltrotor] T0dbg2 Ws34=[0.1 20.0] Wu0=1.0 du0=-0.0097 dmin0=-17.4768 dmax0=27.5232
INFO  [mc_indi_tiltrotor] T2dbg1 G2=[-0.001 -0.651 0.060 0.009 -1.000] G5=[-0.726 -0.778 -0.006 12.095 0.105]
INFO  [mc_indi_tiltrotor] T2dbg2 Wu25=[1.0 8.9] du25=[-0.0308 -0.0014] dmax25=[32.9045 0.0120] nu_yaw=-0.066
INFO  [mc_indi_tiltrotor] WRdbg0 Wu0=1 lo0=-17.48 du0=-0.0097 pin0=0.000 a0=[0.005 0.008 0.000 -0.015 -0.008]
INFO  [mc_indi_tiltrotor] WRdbg1 Wu1=1 lo1=-17.46 du1=0.0078 pin1=0.000 a1=[-0.006 0.006 0.021 -0.001 -0.012]
INFO  [mc_indi_tiltrotor] YWdbg nu2=-0.006 ach2=-0.005 r=0.15 wsp2=-0.05 ddelta=[-0.0043 -0.0052 -0.0015]
INFO  [mc_indi_tiltrotor] T0dbg1 G0=[-0.257 0.228 0.003 0.222 -0.975] nu_des=[0.01 -0.01 -0.01 -1.73 -0.06]
INFO  [mc_indi_tiltrotor] T0dbg2 Ws34=[0.1 20.0] Wu0=1.0 du0=-0.0123 dmin0=-17.7907 dmax0=27.2093
INFO  [mc_indi_tiltrotor] T2dbg1 G2=[-0.000 -0.650 0.060 0.005 -1.000] G5=[-0.751 -0.833 -0.004 12.517 0.067]
INFO  [mc_indi_tiltrotor] T2dbg2 Wu25=[1.0 9.0] du25=[0.0100 -0.0014] dmax25=[32.4829 0.0120] nu_yaw=-0.013
INFO  [mc_indi_tiltrotor] WRdbg0 Wu0=1 lo0=-17.79 du0=-0.0123 pin0=0.000 a0=[-0.009 -0.006 -0.000 -0.012 0.014]
INFO  [mc_indi_tiltrotor] WRdbg1 Wu1=1 lo1=-17.97 du1=0.0343 pin1=0.000 a1=[0.011 -0.004 0.005 0.001 0.022]
INFO  [mc_indi_tiltrotor] T0dbg1 G0=[-0.257 0.228 0.006 0.210 -0.978] nu_des=[0.01 -0.06 0.02 -1.27 0.03]
INFO  [mc_indi_tiltrotor] T0dbg2 Ws34=[0.1 20.0] Wu0=1.0 du0=-0.0701 dmin0=-17.4112 dmax0=27.5888
INFO  [mc_indi_tiltrotor] T2dbg1 G2=[-0.000 -0.650 0.060 0.003 -1.000] G5=[-0.763 -0.865 -0.002 12.710 0.038]
INFO  [mc_indi_tiltrotor] T2dbg2 Wu25=[1.0 9.0] du25=[0.0529 0.0002] dmax25=[32.2895 0.0120] nu_yaw=0.016
INFO  [mc_indi_tiltrotor] WRdbg0 Wu0=1 lo0=-17.41 du0=-0.0701 pin0=0.000 a0=[-0.009 -0.045 0.000 -0.008 -0.009]
INFO  [mc_indi_tiltrotor] WRdbg1 Wu1=1 lo1=-17.96 du1=-0.0366 pin1=0.000 a1=[0.010 -0.030 -0.006 0.001 -0.012]
INFO  [mc_indi_tiltrotor] YWdbg nu2=0.030 ach2=0.027 r=-0.10 wsp2=-0.06 ddelta=[-0.0072 -0.0018 0.0005]
INFO  [mc_indi_tiltrotor] T0dbg1 G0=[-0.257 0.227 0.011 0.190 -0.982] nu_des=[-0.00 -0.02 0.03 -0.94 0.02]
INFO  [mc_indi_tiltrotor] T0dbg2 Ws34=[0.1 20.0] Wu0=1.0 du0=-0.0218 dmin0=-17.6331 dmax0=27.3669
INFO  [mc_indi_tiltrotor] T2dbg1 G2=[-0.000 -0.650 0.060 0.001 -1.000] G5=[-0.778 -0.899 -0.001 12.974 0.014]
INFO  [mc_indi_tiltrotor] T2dbg2 Wu25=[1.0 9.0] du25=[0.0098 0.0002] dmax25=[32.0257 0.0120] nu_yaw=0.032
INFO  [mc_indi_tiltrotor] WRdbg0 Wu0=1 lo0=-17.63 du0=-0.0218 pin0=0.000 a0=[0.001 -0.015 0.002 -0.005 -0.005]
INFO  [mc_indi_tiltrotor] WRdbg1 Wu1=1 lo1=-18.24 du1=-0.0279 pin1=0.000 a1=[-0.001 -0.009 -0.012 0.001 -0.006]
INFO  [mc_indi_tiltrotor] T0dbg1 G0=[-0.257 0.227 0.015 0.175 -0.984] nu_des=[0.00 -0.01 0.00 -0.73 -0.05]
INFO  [mc_indi_tiltrotor] T0dbg2 Ws34=[0.1 20.0] Wu0=1.0 du0=-0.0019 dmin0=-18.2605 dmax0=26.7395
INFO  [mc_indi_tiltrotor] T2dbg1 G2=[-0.000 -0.650 0.060 0.000 -1.000] G5=[-0.777 -0.905 -0.000 12.953 0.003]
INFO  [mc_indi_tiltrotor] T2dbg2 Wu25=[1.0 1000000.0] du25=[0.0181 -0.0003] dmax25=[32.0470 0.0120] nu_yaw=0.003
INFO  [mc_indi_tiltrotor] WRdbg0 Wu0=1 lo0=-18.26 du0=-0.0019 pin0=0.000 a0=[-0.002 -0.011 0.000 -0.004 0.015]
INFO  [mc_indi_tiltrotor] WRdbg1 Wu1=1 lo1=-18.69 du1=0.0149 pin1=-0.000 a1=[0.003 -0.007 -0.001 0.002 0.019]
INFO  [mc_indi_tiltrotor] YWdbg nu2=-0.012 ach2=-0.012 r=-0.01 wsp2=0.02 ddelta=[0.0004 -0.0020 -0.0003]
INFO  [mc_indi_tiltrotor] T0dbg1 G0=[-0.257 0.227 0.016 0.171 -0.985] nu_des=[-0.00 -0.01 -0.01 -0.57 0.01]
INFO  [mc_indi_tiltrotor] T0dbg2 Ws34=[0.1 20.0] Wu0=1.0 du0=-0.0103 dmin0=-18.4171 dmax0=26.5829
INFO  [mc_indi_tiltrotor] T2dbg1 G2=[-0.000 -0.650 0.060 0.000 -1.000] G5=[-0.768 -0.893 -0.000 12.792 0.004]
INFO  [mc_indi_tiltrotor] T2dbg2 Wu25=[1.0 9.0] du25=[0.0005 -0.0001] dmax25=[32.2076 0.0120] nu_yaw=-0.015
INFO  [mc_indi_tiltrotor] WRdbg0 Wu0=1 lo0=-18.42 du0=-0.0103 pin0=0.000 a0=[0.004 -0.006 -0.001 -0.003 -0.004]
INFO  [mc_indi_tiltrotor] WRdbg1 Wu1=1 lo1=-18.56 du1=-0.0067 pin1=0.000 a1=[-0.004 -0.003 0.006 0.001 -0.006]
INFO  [mc_indi_tiltrotor] T0dbg1 G0=[-0.257 0.227 0.017 0.169 -0.986] nu_des=[-0.00 -0.01 -0.01 -0.39 0.01]
INFO  [mc_indi_tiltrotor] T0dbg2 Ws34=[0.1 20.0] Wu0=1.0 du0=-0.0078 dmin0=-18.4262 dmax0=26.5738
INFO  [mc_indi_tiltrotor] T2dbg1 G2=[-0.000 -0.650 0.060 0.000 -1.000] G5=[-0.780 -0.908 -0.000 12.993 0.002]
INFO  [mc_indi_tiltrotor] T2dbg2 Wu25=[1.0 9.0] du25=[0.0014 -0.0001] dmax25=[32.0070 0.0120] nu_yaw=-0.012
INFO  [mc_indi_tiltrotor] WRdbg0 Wu0=1 lo0=-18.43 du0=-0.0078 pin0=0.000 a0=[0.003 -0.005 -0.001 -0.002 -0.003]
INFO  [mc_indi_tiltrotor] WRdbg1 Wu1=1 lo1=-18.74 du1=-0.0034 pin1=0.000 a1=[-0.003 -0.003 0.005 0.001 -0.004]
INFO  [mc_indi_tiltrotor] YWdbg nu2=-0.045 ach2=-0.002 r=0.03 wsp2=-0.02 ddelta=[0.0120 0.0120 0.0023]
INFO  [mc_indi_tiltrotor] T0dbg1 G0=[-0.257 0.227 0.011 0.190 -0.982] nu_des=[0.00 -0.03 -0.04 -2.17 0.83]
INFO  [mc_indi_tiltrotor] T0dbg2 Ws34=[0.1 20.0] Wu0=1.0 du0=-0.3021 dmin0=-21.9706 dmax0=23.0294
INFO  [mc_indi_tiltrotor] T2dbg1 G2=[-0.001 -0.651 0.060 0.013 -1.000] G5=[-0.976 -1.003 -0.013 16.275 0.210]
INFO  [mc_indi_tiltrotor] T2dbg2 Wu25=[1.0 9.0] du25=[-0.1440 0.0036] dmax25=[28.7240 0.0120] nu_yaw=-0.043
INFO  [mc_indi_tiltrotor] WRdbg0 Wu0=1 lo0=-21.97 du0=-0.3021 pin0=0.032 a0=[-0.005 -0.020 -0.001 0.001 -0.309]
INFO  [mc_indi_tiltrotor] WRdbg1 Wu1=1 lo1=-22.64 du1=-0.3289 pin1=-0.008 a1=[0.005 -0.017 0.003 -0.002 -0.308]
INFO  [mc_indi_tiltrotor] T0dbg1 G0=[-0.257 0.228 0.005 0.214 -0.977] nu_des=[-0.02 0.01 -0.02 -2.24 0.02]
INFO  [mc_indi_tiltrotor] T0dbg2 Ws34=[0.1 20.0] Wu0=1.0 du0=0.0122 dmin0=-19.3100 dmax0=25.6900
INFO  [mc_indi_tiltrotor] T2dbg1 G2=[-0.001 -0.651 0.060 0.013 -1.000] G5=[-0.859 -0.879 -0.011 14.312 0.188]
INFO  [mc_indi_tiltrotor] T2dbg2 Wu25=[1.0 9.0] du25=[-0.0403 -0.0005] dmax25=[30.6864 0.0120] nu_yaw=-0.016
INFO  [mc_indi_tiltrotor] WRdbg0 Wu0=1 lo0=-19.31 du0=0.0122 pin0=0.000 a0=[0.023 0.010 -0.000 -0.016 -0.005]
INFO  [mc_indi_tiltrotor] WRdbg1 Wu1=1 lo1=-19.89 du1=-0.0229 pin1=0.000 a1=[-0.028 0.007 0.006 0.000 -0.008]
INFO  [mc_indi_tiltrotor] YWdbg nu2=0.021 ach2=0.011 r=-0.04 wsp2=-0.04 ddelta=[0.0097 0.0105 0.0027]
INFO  [mc_indi_tiltrotor] T0dbg1 G0=[-0.257 0.228 0.003 0.224 -0.975] nu_des=[0.10 -0.15 -0.01 -2.19 0.44]
INFO  [mc_indi_tiltrotor] T0dbg2 Ws34=[0.1 20.0] Wu0=1.0 du0=-0.4096 dmin0=-17.9338 dmax0=27.0662
INFO  [mc_indi_tiltrotor] T2dbg1 G2=[-0.001 -0.651 0.060 0.016 -1.000] G5=[-0.757 -0.752 -0.012 12.616 0.201]
INFO  [mc_indi_tiltrotor] T2dbg2 Wu25=[1.0 9.0] du25=[0.0814 -0.0033] dmax25=[32.3824 0.0120] nu_yaw=-0.013
INFO  [mc_indi_tiltrotor] WRdbg0 Wu0=1 lo0=-17.93 du0=-0.4096 pin0=0.032 a0=[-0.190 -0.087 -0.000 0.001 -0.165]
INFO  [mc_indi_tiltrotor] WRdbg1 Wu1=1 lo1=-16.74 du1=-0.0658 pin1=-0.001 a1=[0.181 -0.079 0.000 -0.002 -0.165]
INFO  [mc_indi_tiltrotor] T0dbg1 G0=[-0.257 0.228 0.006 0.210 -0.978] nu_des=[-0.00 0.07 0.02 -1.75 -0.01]
INFO  [mc_indi_tiltrotor] T0dbg2 Ws34=[0.1 20.0] Wu0=1.0 du0=0.0460 dmin0=-17.3430 dmax0=27.6570
INFO  [mc_indi_tiltrotor] T2dbg1 G2=[-0.001 -0.651 0.060 0.011 -1.000] G5=[-0.758 -0.793 -0.009 12.640 0.142]
INFO  [mc_indi_tiltrotor] T2dbg2 Wu25=[1.0 9.0] du25=[-0.0847 -0.0017] dmax25=[32.3588 0.0120] nu_yaw=0.017
INFO  [mc_indi_tiltrotor] WRdbg0 Wu0=1 lo0=-17.34 du0=0.0460 pin0=0.000 a0=[0.004 0.051 0.000 -0.011 0.002]
INFO  [mc_indi_tiltrotor] WRdbg1 Wu1=1 lo1=-17.46 du1=0.0292 pin1=0.000 a1=[-0.004 0.036 -0.006 -0.000 0.003]
INFO  [mc_indi_tiltrotor] YWdbg nu2=-0.003 ach2=-0.002 r=-0.02 wsp2=0.01 ddelta=[-0.0018 -0.0018 -0.0013]
INFO  [mc_indi_tiltrotor] T0dbg1 G0=[-0.257 0.228 0.010 0.197 -0.980] nu_des=[-0.00 0.09 0.00 -1.30 -0.02]
INFO  [mc_indi_tiltrotor] T0dbg2 Ws34=[0.1 20.0] Wu0=1.0 du0=0.0675 dmin0=-17.3949 dmax0=27.6051
INFO  [mc_indi_tiltrotor] T2dbg1 G2=[-0.001 -0.651 0.060 0.008 -1.000] G5=[-0.757 -0.814 -0.006 12.623 0.107]
INFO  [mc_indi_tiltrotor] T2dbg2 Wu25=[1.0 9.0] du25=[-0.1014 -0.0020] dmax25=[32.3768 0.0120] nu_yaw=0.003
INFO  [mc_indi_tiltrotor] WRdbg0 Wu0=1 lo0=-17.39 du0=0.0675 pin0=0.000 a0=[0.004 0.067 0.000 -0.008 0.004]
INFO  [mc_indi_tiltrotor] WRdbg1 Wu1=1 lo1=-17.70 du1=0.0472 pin1=0.000 a1=[-0.004 0.046 -0.001 0.001 0.006]
INFO  [mc_indi_tiltrotor] T0dbg1 G0=[-0.257 0.227 0.011 0.190 -0.982] nu_des=[-0.00 0.03 -0.00 -0.99 0.01]
INFO  [mc_indi_tiltrotor] T0dbg2 Ws34=[0.1 20.0] Wu0=1.0 du0=0.0177 dmin0=-17.3518 dmax0=27.6482
INFO  [mc_indi_tiltrotor] T2dbg1 G2=[-0.000 -0.650 0.060 0.006 -1.000] G5=[-0.758 -0.834 -0.005 12.631 0.078]
INFO  [mc_indi_tiltrotor] T2dbg2 Wu25=[1.0 9.0] du25=[-0.0353 -0.0006] dmax25=[32.3688 0.0120] nu_yaw=-0.001
INFO  [mc_indi_tiltrotor] WRdbg0 Wu0=1 lo0=-17.35 du0=0.0177 pin0=0.000 a0=[0.008 0.018 -0.000 -0.006 -0.003]
INFO  [mc_indi_tiltrotor] WRdbg1 Wu1=1 lo1=-17.94 du1=0.0013 pin1=0.000 a1=[-0.008 0.012 0.000 0.001 -0.004]
INFO  [mc_indi_tiltrotor] YWdbg nu2=0.003 ach2=0.003 r=-0.01 wsp2=-0.01 ddelta=[-0.0033 -0.0025 -0.0005]
INFO  [mc_indi_tiltrotor] T0dbg1 G0=[-0.257 0.227 0.014 0.181 -0.984] nu_des=[-0.00 -0.01 0.01 -0.79 -0.02]
INFO  [mc_indi_tiltrotor] T0dbg2 Ws34=[0.1 20.0] Wu0=1.0 du0=0.0026 dmin0=-17.8279 dmax0=27.1721
INFO  [mc_indi_tiltrotor] T2dbg1 G2=[-0.000 -0.650 0.060 0.004 -1.000] G5=[-0.761 -0.854 -0.003 12.675 0.051]
INFO  [mc_indi_tiltrotor] T2dbg2 Wu25=[1.0 9.0] du25=[0.0022 -0.0001] dmax25=[32.3247 0.0120] nu_yaw=0.009
INFO  [mc_indi_tiltrotor] WRdbg0 Wu0=1 lo0=-17.83 du0=0.0026 pin0=0.000 a0=[0.006 -0.005 0.001 -0.004 0.005]
INFO  [mc_indi_tiltrotor] WRdbg1 Wu1=1 lo1=-18.42 du1=-0.0055 pin1=0.000 a1=[-0.007 -0.003 -0.003 0.001 0.007]
INFO  [mc_indi_tiltrotor] T0dbg1 G0=[-0.257 0.227 0.015 0.175 -0.985] nu_des=[-0.01 -0.00 0.01 -0.63 -0.01]
INFO  [mc_indi_tiltrotor] T0dbg2 Ws34=[0.1 20.0] Wu0=1.0 du0=0.0120 dmin0=-18.1023 dmax0=26.8977
INFO  [mc_indi_tiltrotor] T2dbg1 G2=[-0.000 -0.650 0.060 0.003 -1.000] G5=[-0.761 -0.862 -0.002 12.689 0.041]
INFO  [mc_indi_tiltrotor] T2dbg2 Wu25=[1.0 9.0] du25=[-0.0072 0.0002] dmax25=[32.3112 0.0120] nu_yaw=0.010
INFO  [mc_indi_tiltrotor] WRdbg0 Wu0=1 lo0=-18.10 du0=0.0120 pin0=0.000 a0=[0.013 -0.000 0.001 -0.003 0.002]
INFO  [mc_indi_tiltrotor] WRdbg1 Wu1=1 lo1=-18.42 du1=-0.0139 pin1=0.000 a1=[-0.013 -0.000 -0.004 0.001 0.002]
INFO  [mc_indi_tiltrotor] YWdbg nu2=-0.012 ach2=-0.012 r=0.00 wsp2=-0.01 ddelta=[-0.0026 -0.0051 -0.0001]
INFO  [mc_indi_tiltrotor] T0dbg1 G0=[-0.257 0.227 0.017 0.168 -0.986] nu_des=[-0.00 -0.04 -0.01 -0.37 -0.03]
INFO  [mc_indi_tiltrotor] T0dbg2 Ws34=[0.1 20.0] Wu0=1.0 du0=-0.0217 dmin0=-18.3825 dmax0=26.6175
INFO  [mc_indi_tiltrotor] T2dbg1 G2=[-0.000 -0.650 0.060 0.003 -1.000] G5=[-0.782 -0.887 -0.002 13.036 0.039]
INFO  [mc_indi_tiltrotor] T2dbg2 Wu25=[1.0 9.0] du25=[0.0412 0.0003] dmax25=[31.9641 0.0120] nu_yaw=-0.006
INFO  [mc_indi_tiltrotor] WRdbg0 Wu0=1 lo0=-18.38 du0=-0.0217 pin0=0.000 a0=[0.002 -0.030 -0.000 -0.002 0.008]
INFO  [mc_indi_tiltrotor] WRdbg1 Wu1=1 lo1=-18.54 du1=-0.0067 pin1=0.000 a1=[-0.002 -0.018 0.002 0.001 0.011]
INFO  [mc_indi_tiltrotor] T0dbg1 G0=[-0.257 0.227 0.016 0.171 -0.985] nu_des=[-0.00 0.00 -0.03 -0.29 0.00]
INFO  [mc_indi_tiltrotor] T0dbg2 Ws34=[0.1 20.0] Wu0=1.0 du0=0.0021 dmin0=-18.3735 dmax0=26.6265
INFO  [mc_indi_tiltrotor] T2dbg1 G2=[-0.000 -0.650 0.060 0.002 -1.000] G5=[-0.794 -0.907 -0.002 13.235 0.030]
INFO  [mc_indi_tiltrotor] T2dbg2 Wu25=[1.0 9.0] du25=[0.0032 -0.0003] dmax25=[31.7653 0.0120] nu_yaw=-0.025
INFO  [mc_indi_tiltrotor] WRdbg0 Wu0=1 lo0=-18.37 du0=0.0021 pin0=-0.001 a0=[0.000 0.001 0.002 0.000 -0.000]
INFO  [mc_indi_tiltrotor] WRdbg1 Wu1=1 lo1=-18.77 du1=0.0087 pin1=0.001 a1=[-0.000 0.001 0.008 -0.000 -0.000]
INFO  [mc_indi_tiltrotor] YWdbg nu2=0.038 ach2=-0.010 r=-0.01 wsp2=-0.04 ddelta=[0.0120 0.0120 -0.0005]
INFO  [mc_indi_tiltrotor] T0dbg1 G0=[-0.257 0.227 0.011 0.191 -0.982] nu_des=[0.01 -0.01 0.06 -2.19 1.17]
INFO  [mc_indi_tiltrotor] T0dbg2 Ws34=[0.1 20.0] Wu0=1.0 du0=-0.4326 dmin0=-23.0052 dmax0=21.9948
INFO  [mc_indi_tiltrotor] T2dbg1 G2=[-0.001 -0.651 0.060 0.010 -1.000] G5=[-0.993 -1.046 -0.010 16.558 0.174]
INFO  [mc_indi_tiltrotor] T2dbg2 Wu25=[1.0 9.0] du25=[-0.2466 0.0009] dmax25=[28.4414 0.0120] nu_yaw=0.057
INFO  [mc_indi_tiltrotor] WRdbg0 Wu0=1 lo0=-23.01 du0=-0.4326 pin0=0.033 a0=[-0.026 -0.009 0.002 0.001 -0.435]
INFO  [mc_indi_tiltrotor] WRdbg1 Wu1=1 lo1=-24.01 du1=-0.4355 pin1=-0.011 a1=[0.024 -0.007 -0.004 -0.003 -0.434]
INFO  [mc_indi_tiltrotor] T0dbg1 G0=[-0.257 0.228 0.007 0.206 -0.979] nu_des=[-0.01 -0.02 0.02 -2.08 0.03]
INFO  [mc_indi_tiltrotor] T0dbg2 Ws34=[0.1 20.0] Wu0=1.0 du0=-0.0208 dmin0=-19.0686 dmax0=25.9314
INFO  [mc_indi_tiltrotor] T2dbg1 G2=[-0.001 -0.651 0.060 0.012 -1.000] G5=[-0.846 -0.876 -0.010 14.100 0.171]
INFO  [mc_indi_tiltrotor] T2dbg2 Wu25=[1.0 9.0] du25=[-0.0015 0.0003] dmax25=[30.8991 0.0120] nu_yaw=0.024
INFO  [mc_indi_tiltrotor] WRdbg0 Wu0=1 lo0=-19.07 du0=-0.0208 pin0=0.000 a0=[0.018 -0.017 0.001 -0.014 -0.008]
INFO  [mc_indi_tiltrotor] WRdbg1 Wu1=1 lo1=-19.87 du1=-0.0525 pin1=0.000 a1=[-0.021 -0.012 -0.008 -0.000 -0.012]
INFO  [mc_indi_tiltrotor] YWdbg nu2=0.005 ach2=-0.004 r=-0.03 wsp2=0.04 ddelta=[0.0120 0.0120 -0.0001]
INFO  [mc_indi_tiltrotor] T0dbg1 G0=[-0.257 0.228 0.007 0.207 -0.978] nu_des=[-0.00 0.11 0.00 -1.91 0.48]
INFO  [mc_indi_tiltrotor] T0dbg2 Ws34=[0.1 20.0] Wu0=1.0 du0=-0.0757 dmin0=-17.9655 dmax0=27.0345
INFO  [mc_indi_tiltrotor] T2dbg1 G2=[-0.001 -0.651 0.060 0.012 -1.000] G5=[-0.779 -0.805 -0.010 12.978 0.160]
INFO  [mc_indi_tiltrotor] T2dbg2 Wu25=[1.0 9.0] du25=[-0.2223 -0.0013] dmax25=[32.0215 0.0120] nu_yaw=0.003
INFO  [mc_indi_tiltrotor] WRdbg0 Wu0=1 lo0=-17.97 du0=-0.0757 pin0=0.029 a0=[0.006 0.067 0.000 0.001 -0.179]
INFO  [mc_indi_tiltrotor] WRdbg1 Wu1=1 lo1=-17.97 du1=-0.1281 pin1=-0.002 a1=[-0.006 0.061 -0.000 -0.001 -0.179]
INFO  [mc_indi_tiltrotor] T0dbg1 G0=[-0.257 0.228 0.006 0.212 -0.977] nu_des=[-0.01 -0.01 -0.02 -1.63 -0.01]
INFO  [mc_indi_tiltrotor] T0dbg2 Ws34=[0.1 20.0] Wu0=1.0 du0=-0.0092 dmin0=-17.2498 dmax0=27.7502
INFO  [mc_indi_tiltrotor] T2dbg1 G2=[-0.001 -0.651 0.060 0.010 -1.000] G5=[-0.752 -0.793 -0.008 12.527 0.129]
INFO  [mc_indi_tiltrotor] T2dbg2 Wu25=[1.0 9.0] du25=[0.0022 -0.0005] dmax25=[32.4718 0.0120] nu_yaw=-0.021
INFO  [mc_indi_tiltrotor] WRdbg0 Wu0=1 lo0=-17.25 du0=-0.0092 pin0=0.000 a0=[0.008 -0.009 -0.000 -0.010 0.002]
INFO  [mc_indi_tiltrotor] WRdbg1 Wu1=1 lo1=-17.32 du1=-0.0042 pin1=0.000 a1=[-0.009 -0.006 0.007 0.000 0.003]
INFO  [mc_indi_tiltrotor] YWdbg nu2=0.007 ach2=0.008 r=0.02 wsp2=-0.01 ddelta=[-0.0016 0.0013 -0.0018]
INFO  [mc_indi_tiltrotor] T0dbg1 G0=[-0.257 0.228 0.009 0.200 -0.980] nu_des=[0.01 -0.08 0.01 -1.23 -0.02]
INFO  [mc_indi_tiltrotor] T0dbg2 Ws34=[0.1 20.0] Wu0=1.0 du0=-0.0702 dmin0=-17.3175 dmax0=27.6825
INFO  [mc_indi_tiltrotor] T2dbg1 G2=[-0.000 -0.650 0.060 0.007 -1.000] G5=[-0.760 -0.828 -0.005 12.673 0.091]
INFO  [mc_indi_tiltrotor] T2dbg2 Wu25=[1.0 9.0] du25=[0.0767 0.0001] dmax25=[32.3263 0.0120] nu_yaw=0.008
INFO  [mc_indi_tiltrotor] WRdbg0 Wu0=1 lo0=-17.32 du0=-0.0702 pin0=0.000 a0=[-0.013 -0.056 0.000 -0.007 0.005]
INFO  [mc_indi_tiltrotor] WRdbg1 Wu1=1 lo1=-17.83 du1=-0.0186 pin1=0.000 a1=[0.014 -0.037 -0.003 0.001 0.007]
INFO  [mc_indi_tiltrotor] T0dbg1 G0=[-0.257 0.227 0.012 0.189 -0.982] nu_des=[-0.00 0.05 0.02 -0.91 0.02]
INFO  [mc_indi_tiltrotor] T0dbg2 Ws34=[0.1 20.0] Wu0=1.0 du0=0.0309 dmin0=-17.4898 dmax0=27.5102
INFO  [mc_indi_tiltrotor] T2dbg1 G2=[-0.000 -0.650 0.060 0.005 -1.000] G5=[-0.759 -0.845 -0.004 12.649 0.063]
INFO  [mc_indi_tiltrotor] T2dbg2 Wu25=[1.0 9.0] du25=[-0.0611 -0.0009] dmax25=[32.3506 0.0120] nu_yaw=0.015
INFO  [mc_indi_tiltrotor] WRdbg0 Wu0=1 lo0=-17.49 du0=0.0309 pin0=0.000 a0=[0.003 0.037 0.001 -0.005 -0.005]
INFO  [mc_indi_tiltrotor] WRdbg1 Wu1=1 lo1=-18.16 du1=0.0089 pin1=0.000 a1=[-0.003 0.024 -0.006 0.001 -0.007]
INFO  [mc_indi_tiltrotor] YWdbg nu2=0.021 ach2=0.020 r=-0.03 wsp2=-0.01 ddelta=[-0.0066 -0.0026 0.0003]
INFO  [mc_indi_tiltrotor] T0dbg1 G0=[-0.257 0.227 0.014 0.178 -0.984] nu_des=[-0.00 0.02 0.01 -0.72 0.00]
INFO  [mc_indi_tiltrotor] T0dbg2 Ws34=[0.1 20.0] Wu0=1.0 du0=0.0122 dmin0=-17.8700 dmax0=27.1300
INFO  [mc_indi_tiltrotor] T2dbg1 G2=[-0.000 -0.650 0.060 0.004 -1.000] G5=[-0.759 -0.854 -0.003 12.649 0.048]
INFO  [mc_indi_tiltrotor] T2dbg2 Wu25=[1.0 9.0] du25=[-0.0221 -0.0003] dmax25=[32.3512 0.0120] nu_yaw=0.007
INFO  [mc_indi_tiltrotor] WRdbg0 Wu0=1 lo0=-17.87 du0=0.0122 pin0=0.000 a0=[0.006 0.011 0.001 -0.004 -0.001]
INFO  [mc_indi_tiltrotor] WRdbg1 Wu1=1 lo1=-18.23 du1=-0.0022 pin1=0.000 a1=[-0.006 0.007 -0.003 0.001 -0.002]
INFO  [mc_indi_tiltrotor] T0dbg1 G0=[-0.257 0.227 0.016 0.171 -0.985] nu_des=[-0.01 0.01 -0.00 -0.53 -0.04]
INFO  [mc_indi_tiltrotor] T0dbg2 Ws34=[0.1 20.0] Wu0=1.0 du0=0.0338 dmin0=-18.2451 dmax0=26.7549
INFO  [mc_indi_tiltrotor] T2dbg1 G2=[-0.000 -0.650 0.060 0.003 -1.000] G5=[-0.768 -0.871 -0.002 12.802 0.039]
INFO  [mc_indi_tiltrotor] T2dbg2 Wu25=[1.0 9.0] du25=[-0.0094 0.0001] dmax25=[32.1979 0.0120] nu_yaw=-0.002
INFO  [mc_indi_tiltrotor] WRdbg0 Wu0=1 lo0=-18.25 du0=0.0338 pin0=0.000 a0=[0.018 0.006 -0.000 -0.003 0.012]
INFO  [mc_indi_tiltrotor] WRdbg1 Wu1=1 lo1=-18.38 du1=0.0027 pin1=0.000 a1=[-0.018 0.004 0.001 0.001 0.016]
INFO  [mc_indi_tiltrotor] YWdbg nu2=-0.005 ach2=-0.004 r=0.01 wsp2=0.01 ddelta=[0.0007 0.0001 -0.0006]
INFO  [mc_indi_tiltrotor] T0dbg1 G0=[-0.257 0.227 0.017 0.168 -0.986] nu_des=[-0.00 -0.01 -0.01 -0.32 0.01]
INFO  [mc_indi_tiltrotor] T0dbg2 Ws34=[0.1 20.0] Wu0=1.0 du0=-0.0089 dmin0=-18.2917 dmax0=26.7083
INFO  [mc_indi_tiltrotor] T2dbg1 G2=[-0.000 -0.650 0.060 0.002 -1.000] G5=[-0.784 -0.897 -0.002 13.062 0.027]
INFO  [mc_indi_tiltrotor] T2dbg2 Wu25=[1.0 9.0] du25=[0.0059 0.0000] dmax25=[31.9377 0.0120] nu_yaw=-0.006
INFO  [mc_indi_tiltrotor] WRdbg0 Wu0=1 lo0=-18.29 du0=-0.0089 pin0=0.000 a0=[0.002 -0.007 -0.001 -0.002 -0.002]
INFO  [mc_indi_tiltrotor] WRdbg1 Wu1=1 lo1=-18.69 du1=-0.0056 pin1=0.000 a1=[-0.002 -0.004 0.002 0.001 -0.002]
INFO  [mc_indi_tiltrotor] T0dbg1 G0=[-0.257 0.227 0.017 0.168 -0.986] nu_des=[0.00 -0.01 -0.00 -0.24 -0.01]
INFO  [mc_indi_tiltrotor] T0dbg2 Ws34=[0.1 20.0] Wu0=1.0 du0=-0.0089 dmin0=-18.2649 dmax0=26.7351
INFO  [mc_indi_tiltrotor] T2dbg1 G2=[-0.000 -0.650 0.060 0.001 -1.000] G5=[-0.791 -0.913 -0.001 13.185 0.015]
INFO  [mc_indi_tiltrotor] T2dbg2 Wu25=[1.0 9.0] du25=[0.0105 -0.0002] dmax25=[31.8148 0.0120] nu_yaw=-0.004
INFO  [mc_indi_tiltrotor] WRdbg0 Wu0=1 lo0=-18.26 du0=-0.0089 pin0=0.000 a0=[-0.004 -0.007 -0.000 -0.001 0.003]
INFO  [mc_indi_tiltrotor] WRdbg1 Wu1=1 lo1=-18.90 du1=0.0057 pin1=0.000 a1=[0.004 -0.004 0.002 0.001 0.004]
INFO  [mc_indi_tiltrotor] YWdbg nu2=-0.051 ach2=-0.093 r=0.03 wsp2=-0.02 ddelta=[0.0120 0.0120 -0.0047]
INFO  [mc_indi_tiltrotor] T0dbg1 G0=[-0.257 0.227 0.015 0.177 -0.984] nu_des=[-0.01 0.08 0.01 -2.05 1.55]
INFO  [mc_indi_tiltrotor] T0dbg2 Ws34=[0.1 20.0] Wu0=1.0 du0=-0.4845 dmin0=-25.0287 dmax0=19.9713
INFO  [mc_indi_tiltrotor] T2dbg1 G2=[-0.001 -0.651 0.060 0.009 -1.000] G5=[-1.069 -1.139 -0.010 17.815 0.167]
INFO  [mc_indi_tiltrotor] T2dbg2 Wu25=[1.0 9.0] du25=[-0.4489 0.0023] dmax25=[27.1838 0.0120] nu_yaw=0.013
INFO  [mc_indi_tiltrotor] WRdbg0 Wu0=1 lo0=-25.03 du0=-0.4845 pin0=0.031 a0=[0.011 0.048 0.000 0.001 -0.577]
INFO  [mc_indi_tiltrotor] WRdbg1 Wu1=1 lo1=-25.78 du1=-0.5633 pin1=-0.014 a1=[-0.010 0.040 -0.001 -0.003 -0.575]
INFO  [mc_indi_tiltrotor] T0dbg1 G0=[-0.257 0.228 0.006 0.210 -0.978] nu_des=[-0.00 -0.02 0.00 -2.39 0.14]
INFO  [mc_indi_tiltrotor] T0dbg2 Ws34=[0.1 20.0] Wu0=1.0 du0=-0.0681 dmin0=-19.7975 dmax0=25.2025
INFO  [mc_indi_tiltrotor] T2dbg1 G2=[-0.001 -0.651 0.060 0.014 -1.000] G5=[-0.859 -0.873 -0.012 14.314 0.199]
INFO  [mc_indi_tiltrotor] T2dbg2 Wu25=[1.0 9.0] du25=[-0.0149 -0.0002] dmax25=[30.6843 0.0120] nu_yaw=0.003
INFO  [mc_indi_tiltrotor] WRdbg0 Wu0=1 lo0=-19.80 du0=-0.0681 pin0=0.000 a0=[0.002 -0.017 0.000 -0.017 -0.037]
INFO  [mc_indi_tiltrotor] WRdbg1 Wu1=1 lo1=-20.07 du1=-0.0700 pin1=0.000 a1=[-0.002 -0.011 -0.001 -0.000 -0.055]
INFO  [mc_indi_tiltrotor] YWdbg nu2=0.003 ach2=0.003 r=-0.01 wsp2=-0.01 ddelta=[-0.0034 -0.0019 -0.0015]
INFO  [mc_indi_tiltrotor] T0dbg1 G0=[-0.257 0.228 0.008 0.203 -0.979] nu_des=[0.00 0.00 0.00 -1.82 0.79]
INFO  [mc_indi_tiltrotor] T0dbg2 Ws34=[0.1 20.0] Wu0=1.0 du0=-0.2676 dmin0=-18.9367 dmax0=26.0633
INFO  [mc_indi_tiltrotor] T2dbg1 G2=[-0.001 -0.651 0.060 0.012 -1.000] G5=[-0.838 -0.865 -0.010 13.974 0.174]
INFO  [mc_indi_tiltrotor] T2dbg2 Wu25=[1.0 9.0] du25=[-0.1753 0.0014] dmax25=[31.0249 0.0120] nu_yaw=0.003
INFO  [mc_indi_tiltrotor] WRdbg0 Wu0=1 lo0=-18.94 du0=-0.2676 pin0=0.030 a0=[-0.007 0.001 0.000 0.001 -0.293]
INFO  [mc_indi_tiltrotor] WRdbg1 Wu1=1 lo1=-19.10 du1=-0.2940 pin1=-0.006 a1=[0.006 0.001 -0.000 -0.002 -0.294]
INFO  [mc_indi_tiltrotor] T0dbg1 G0=[-0.257 0.228 0.002 0.224 -0.975] nu_des=[-0.00 0.01 0.00 -2.03 -0.00]
INFO  [mc_indi_tiltrotor] T0dbg2 Ws34=[0.1 20.0] Wu0=1.0 du0=-0.0058 dmin0=-16.8837 dmax0=28.1163
INFO  [mc_indi_tiltrotor] T2dbg1 G2=[-0.001 -0.651 0.060 0.010 -1.000] G5=[-0.752 -0.798 -0.007 12.525 0.121]
INFO  [mc_indi_tiltrotor] T2dbg2 Wu25=[1.0 9.0] du25=[-0.0180 -0.0010] dmax25=[32.4739 0.0120] nu_yaw=0.004
INFO  [mc_indi_tiltrotor] WRdbg0 Wu0=1 lo0=-16.88 du0=-0.0058 pin0=0.000 a0=[0.002 0.004 0.000 -0.013 0.001]
INFO  [mc_indi_tiltrotor] WRdbg1 Wu1=1 lo1=-17.35 du1=0.0001 pin1=0.000 a1=[-0.002 0.003 -0.001 -0.001 0.002]
INFO  [mc_indi_tiltrotor] YWdbg nu2=0.012 ach2=0.014 r=-0.01 wsp2=0.00 ddelta=[-0.0040 0.0014 -0.0026]
INFO  [mc_indi_tiltrotor] T0dbg1 G0=[-0.257 0.228 0.008 0.205 -0.979] nu_des=[0.00 0.06 0.01 -1.48 -0.05]
INFO  [mc_indi_tiltrotor] T0dbg2 Ws34=[0.1 20.0] Wu0=1.0 du0=0.0428 dmin0=-17.2611 dmax0=27.7389
INFO  [mc_indi_tiltrotor] T2dbg1 G2=[-0.000 -0.650 0.060 0.007 -1.000] G5=[-0.752 -0.824 -0.005 12.542 0.083]
INFO  [mc_indi_tiltrotor] T2dbg2 Wu25=[1.0 9.0] du25=[-0.0632 -0.0020] dmax25=[32.4581 0.0120] nu_yaw=0.010
INFO  [mc_indi_tiltrotor] WRdbg0 Wu0=1 lo0=-17.26 du0=0.0428 pin0=0.000 a0=[-0.005 0.044 0.000 -0.009 0.013]
INFO  [mc_indi_tiltrotor] WRdbg1 Wu1=1 lo1=-17.76 du1=0.0514 pin1=0.000 a1=[0.006 0.030 -0.003 0.000 0.018]
INFO  [mc_indi_tiltrotor] T0dbg1 G0=[-0.257 0.227 0.011 0.191 -0.982] nu_des=[0.00 -0.01 -0.01 -1.11 -0.00]
INFO  [mc_indi_tiltrotor] T0dbg2 Ws34=[0.1 20.0] Wu0=1.0 du0=-0.0150 dmin0=-17.6754 dmax0=27.3246
INFO  [mc_indi_tiltrotor] T2dbg1 G2=[-0.000 -0.650 0.060 0.005 -1.000] G5=[-0.767 -0.855 -0.004 12.780 0.061]
INFO  [mc_indi_tiltrotor] T2dbg2 Wu25=[1.0 9.0] du25=[0.0034 -0.0006] dmax25=[32.2200 0.0120] nu_yaw=-0.010
INFO  [mc_indi_tiltrotor] WRdbg0 Wu0=1 lo0=-17.68 du0=-0.0150 pin0=0.000 a0=[-0.002 -0.007 -0.001 -0.006 0.000]
INFO  [mc_indi_tiltrotor] WRdbg1 Wu1=1 lo1=-18.00 du1=0.0018 pin1=0.000 a1=[0.002 -0.005 0.003 0.001 0.001]
INFO  [mc_indi_tiltrotor] YWdbg nu2=-0.004 ach2=-0.004 r=0.01 wsp2=0.02 ddelta=[-0.0020 -0.0028 -0.0005]
INFO  [mc_indi_tiltrotor] T0dbg1 G0=[-0.257 0.227 0.014 0.181 -0.983] nu_des=[0.01 0.10 -0.01 -0.79 0.02]
INFO  [mc_indi_tiltrotor] T0dbg2 Ws34=[0.1 20.0] Wu0=1.0 du0=0.0482 dmin0=-17.9235 dmax0=27.0765
INFO  [mc_indi_tiltrotor] T2dbg1 G2=[-0.000 -0.650 0.060 0.003 -1.000] G5=[-0.769 -0.871 -0.002 12.810 0.040]
INFO  [mc_indi_tiltrotor] T2dbg2 Wu25=[1.0 9.0] du25=[-0.1021 -0.0025] dmax25=[32.1901 0.0120] nu_yaw=-0.008
INFO  [mc_indi_tiltrotor] WRdbg0 Wu0=1 lo0=-17.92 du0=0.0482 pin0=0.000 a0=[-0.015 0.073 -0.001 -0.004 -0.005]
INFO  [mc_indi_tiltrotor] WRdbg1 Wu1=1 lo1=-18.23 du1=0.0588 pin1=0.000 a1=[0.015 0.046 0.003 0.001 -0.007]
INFO  [mc_indi_tiltrotor] T0dbg1 G0=[-0.257 0.227 0.015 0.178 -0.984] nu_des=[-0.01 -0.00 0.00 -0.61 -0.00]
INFO  [mc_indi_tiltrotor] T0dbg2 Ws34=[0.1 20.0] Wu0=1.0 du0=0.0090 dmin0=-17.9159 dmax0=27.0841
INFO  [mc_indi_tiltrotor] T2dbg1 G2=[-0.000 -0.650 0.060 0.002 -1.000] G5=[-0.769 -0.884 -0.001 12.815 0.021]
INFO  [mc_indi_tiltrotor] T2dbg2 Wu25=[1.0 9.0] du25=[-0.0067 0.0001] dmax25=[32.1850 0.0120] nu_yaw=0.003
INFO  [mc_indi_tiltrotor] WRdbg0 Wu0=1 lo0=-17.92 du0=0.0090 pin0=0.000 a0=[0.011 -0.000 0.000 -0.003 0.001]
INFO  [mc_indi_tiltrotor] WRdbg1 Wu1=1 lo1=-18.37 du1=-0.0110 pin1=0.000 a1=[-0.012 -0.000 -0.001 0.001 0.001]
INFO  [mc_indi_tiltrotor] YWdbg nu2=-0.016 ach2=-0.016 r=0.01 wsp2=-0.00 ddelta=[-0.0040 -0.0088 0.0008]
INFO  [mc_indi_tiltrotor] T0dbg1 G0=[-0.257 0.227 0.016 0.173 -0.985] nu_des=[0.01 -0.02 0.00 -0.47 -0.03]
INFO  [mc_indi_tiltrotor] T0dbg2 Ws34=[0.1 20.0] Wu0=1.0 du0=-0.0190 dmin0=-18.1397 dmax0=26.8603
INFO  [mc_indi_tiltrotor] T2dbg1 G2=[-0.000 -0.650 0.060 0.001 -1.000] G5=[-0.776 -0.900 -0.000 12.933 0.008]
INFO  [mc_indi_tiltrotor] T2dbg2 Wu25=[1.0 1000000.0] du25=[0.0225 -0.0006] dmax25=[32.0672 0.0120] nu_yaw=0.000
INFO  [mc_indi_tiltrotor] WRdbg0 Wu0=1 lo0=-18.14 du0=-0.0190 pin0=0.000 a0=[-0.016 -0.011 0.000 -0.003 0.010]
INFO  [mc_indi_tiltrotor] WRdbg1 Wu1=1 lo1=-18.63 du1=0.0229 pin1=-0.001 a1=[0.017 -0.007 -0.000 0.001 0.013]
INFO  [mc_indi_tiltrotor] T0dbg1 G0=[-0.257 0.227 0.017 0.168 -0.986] nu_des=[0.00 0.00 0.00 -0.33 -0.00]
INFO  [mc_indi_tiltrotor] T0dbg2 Ws34=[0.1 20.0] Wu0=1.0 du0=-0.0000 dmin0=-18.2248 dmax0=26.7752
INFO  [mc_indi_tiltrotor] T2dbg1 G2=[-0.000 -0.650 0.060 0.000 -1.000] G5=[-0.780 -0.909 -0.000 12.998 0.002]
INFO  [mc_indi_tiltrotor] T2dbg2 Wu25=[1.0 1000000.0] du25=[-0.0025 -0.0001] dmax25=[32.0023 0.0120] nu_yaw=0.002
INFO  [mc_indi_tiltrotor] WRdbg0 Wu0=1 lo0=-18.22 du0=-0.0000 pin0=0.000 a0=[-0.000 0.000 0.000 -0.002 0.001]
INFO  [mc_indi_tiltrotor] WRdbg1 Wu1=1 lo1=-18.78 du1=0.0015 pin1=-0.000 a1=[0.000 0.000 -0.001 0.001 0.001]
INFO  [mc_indi_tiltrotor] YWdbg nu2=-0.006 ach2=-0.006 r=-0.00 wsp2=-0.01 ddelta=[0.0011 -0.0002 -0.0001]
INFO  [mc_indi_tiltrotor] T0dbg1 G0=[-0.256 0.227 0.018 0.166 -0.986] nu_des=[-0.00 -0.01 -0.00 -0.24 0.00]
INFO  [mc_indi_tiltrotor] T0dbg2 Ws34=[0.1 20.0] Wu0=1.0 du0=0.0005 dmin0=-18.2953 dmax0=26.7047
INFO  [mc_indi_tiltrotor] T2dbg1 G2=[-0.000 -0.650 0.060 0.000 -1.000] G5=[-0.784 -0.913 -0.000 13.072 0.004]
INFO  [mc_indi_tiltrotor] T2dbg2 Wu25=[1.0 9.0] du25=[0.0020 0.0002] dmax25=[31.9282 0.0120] nu_yaw=-0.000
INFO  [mc_indi_tiltrotor] WRdbg0 Wu0=1 lo0=-18.30 du0=0.0005 pin0=0.000 a0=[0.007 -0.005 -0.000 -0.001 -0.000]
INFO  [mc_indi_tiltrotor] WRdbg1 Wu1=1 lo1=-18.78 du1=-0.0092 pin1=0.000 a1=[-0.007 -0.003 0.000 0.001 -0.001]
INFO  [mc_indi_tiltrotor] T0dbg1 G0=[-0.256 0.227 0.018 0.165 -0.986] nu_des=[0.00 -0.00 -0.00 -0.17 0.00]
INFO  [mc_indi_tiltrotor] T0dbg2 Ws34=[0.1 20.0] Wu0=1.0 du0=-0.0104 dmin0=-18.4299 dmax0=26.5701
INFO  [mc_indi_tiltrotor] T2dbg1 G2=[-0.000 -0.650 0.060 0.000 -1.000] G5=[-0.787 -0.915 -0.000 13.122 0.006]
INFO  [mc_indi_tiltrotor] T2dbg2 Wu25=[1.0 9.0] du25=[0.0042 -0.0002] dmax25=[31.8778 0.0120] nu_yaw=-0.003
INFO  [mc_indi_tiltrotor] WRdbg0 Wu0=1 lo0=-18.43 du0=-0.0104 pin0=0.000 a0=[-0.005 -0.003 -0.000 -0.001 -0.001]
INFO  [mc_indi_tiltrotor] WRdbg1 Wu1=1 lo1=-18.75 du1=0.0042 pin1=0.000 a1=[0.005 -0.002 0.001 0.000 -0.001]
INFO  [mc_indi_tiltrotor] YWdbg nu2=-0.001 ach2=-0.001 r=0.00 wsp2=-0.00 ddelta=[-0.0006 -0.0008 -0.0001]
INFO  [mc_indi_tiltrotor] T0dbg1 G0=[-0.256 0.227 0.018 0.166 -0.986] nu_des=[-0.01 0.00 -0.01 -0.18 -0.03]
INFO  [mc_indi_tiltrotor] T0dbg2 Ws34=[0.1 20.0] Wu0=1.0 du0=0.0296 dmin0=-18.4532 dmax0=26.5468
INFO  [mc_indi_tiltrotor] T2dbg1 G2=[-0.000 -0.650 0.060 0.000 -1.000] G5=[-0.790 -0.920 -0.000 13.162 0.002]
INFO  [mc_indi_tiltrotor] T2dbg2 Wu25=[1.0 9.0] du25=[0.0053 0.0004] dmax25=[31.8377 0.0120] nu_yaw=-0.008
INFO  [mc_indi_tiltrotor] WRdbg0 Wu0=1 lo0=-18.45 du0=0.0296 pin0=-0.001 a0=[0.018 0.001 0.000 0.000 0.011]
INFO  [mc_indi_tiltrotor] WRdbg1 Wu1=1 lo1=-18.92 du1=-0.0013 pin1=0.001 a1=[-0.016 0.001 0.002 -0.000 0.011]
INFO  [mc_indi_tiltrotor] T0dbg1 G0=[-0.256 0.227 0.018 0.163 -0.987] nu_des=[0.00 0.02 0.01 -0.20 0.02]
INFO  [mc_indi_tiltrotor] T0dbg2 Ws34=[0.1 20.0] Wu0=1.0 du0=0.0001 dmin0=-18.6599 dmax0=26.3401
INFO  [mc_indi_tiltrotor] T2dbg1 G2=[-0.000 -0.650 0.060 0.000 -1.000] G5=[-0.798 -0.929 -0.000 13.292 0.002]
INFO  [mc_indi_tiltrotor] T2dbg2 Wu25=[1.0 1000000.0] du25=[-0.0184 -0.0001] dmax25=[31.7076 0.0120] nu_yaw=0.005
INFO  [mc_indi_tiltrotor] WRdbg0 Wu0=1 lo0=-18.66 du0=0.0001 pin0=0.000 a0=[-0.005 0.011 0.001 -0.001 -0.006]
INFO  [mc_indi_tiltrotor] WRdbg1 Wu1=1 lo1=-19.23 du1=0.0032 pin1=-0.000 a1=[0.005 0.007 -0.002 0.001 -0.007]
INFO  [mc_indi_tiltrotor] YWdbg nu2=0.006 ach2=0.006 r=-0.01 wsp2=0.01 ddelta=[-0.0003 0.0010 -0.0001]
INFO  [mc_indi_tiltrotor] T0dbg1 G0=[-0.256 0.227 0.018 0.163 -0.987] nu_des=[0.00 0.01 0.01 -0.26 0.02]
INFO  [mc_indi_tiltrotor] T0dbg2 Ws34=[0.1 20.0] Wu0=1.0 du0=-0.0028 dmin0=-18.4071 dmax0=26.5929
INFO  [mc_indi_tiltrotor] T2dbg1 G2=[-0.000 -0.650 0.060 0.000 -1.000] G5=[-0.786 -0.916 -0.000 13.103 0.002]
INFO  [mc_indi_tiltrotor] T2dbg2 Wu25=[1.0 9.0] du25=[-0.0098 -0.0001] dmax25=[31.8974 0.0120] nu_yaw=0.011
INFO  [mc_indi_tiltrotor] WRdbg0 Wu0=1 lo0=-18.41 du0=-0.0028 pin0=0.000 a0=[-0.001 0.004 0.001 -0.001 -0.005]
INFO  [mc_indi_tiltrotor] WRdbg1 Wu1=1 lo1=-18.98 du1=-0.0060 pin1=0.000 a1=[0.001 0.002 -0.004 0.001 -0.006]
INFO  [mc_indi_tiltrotor] T0dbg1 G0=[-0.256 0.227 0.019 0.161 -0.987] nu_des=[-0.01 0.00 -0.01 -0.13 -0.00]
INFO  [mc_indi_tiltrotor] T0dbg2 Ws34=[0.1 20.0] Wu0=1.0 du0=0.0124 dmin0=-18.4926 dmax0=26.5074
INFO  [mc_indi_tiltrotor] T2dbg1 G2=[-0.000 -0.650 0.060 0.000 -1.000] G5=[-0.791 -0.919 -0.000 13.189 0.006]
INFO  [mc_indi_tiltrotor] T2dbg2 Wu25=[1.0 9.0] du25=[-0.0064 0.0002] dmax25=[31.8111 0.0120] nu_yaw=-0.009
INFO  [mc_indi_tiltrotor] WRdbg0 Wu0=1 lo0=-18.49 du0=0.0124 pin0=0.000 a0=[0.011 0.002 -0.001 -0.001 0.000]
INFO  [mc_indi_tiltrotor] WRdbg1 Wu1=1 lo1=-18.92 du1=-0.0052 pin1=0.000 a1=[-0.011 0.001 0.003 0.000 0.000]
INFO  [mc_indi_tiltrotor] YWdbg nu2=-0.037 ach2=-0.035 r=0.03 wsp2=-0.00 ddelta=[0.0072 -0.0003 0.0000]
INFO  [mc_indi_tiltrotor] T0dbg1 G0=[-0.257 0.227 0.015 0.177 -0.984] nu_des=[0.01 -0.03 -0.01 -0.47 0.03]
INFO  [mc_indi_tiltrotor] T0dbg2 Ws34=[0.1 20.0] Wu0=1.0 du0=-0.0466 dmin0=-18.6875 dmax0=26.3125
INFO  [mc_indi_tiltrotor] T2dbg1 G2=[-0.000 -0.650 0.060 0.000 -1.000] G5=[-0.794 -0.923 -0.000 13.236 0.005]
INFO  [mc_indi_tiltrotor] T2dbg2 Wu25=[1.0 9.0] du25=[0.0211 -0.0003] dmax25=[31.7637 0.0120] nu_yaw=-0.007
INFO  [mc_indi_tiltrotor] WRdbg0 Wu0=1 lo0=-18.69 du0=-0.0466 pin0=0.000 a0=[-0.013 -0.020 -0.000 -0.002 -0.010]
INFO  [mc_indi_tiltrotor] WRdbg1 Wu1=1 lo1=-19.06 du1=-0.0077 pin1=0.000 a1=[0.013 -0.012 0.003 0.001 -0.013]
INFO  [mc_indi_tiltrotor] T0dbg1 G0=[-0.257 0.227 0.014 0.179 -0.984] nu_des=[-0.00 0.00 0.01 -0.43 0.05]
INFO  [mc_indi_tiltrotor] T0dbg2 Ws34=[0.1 20.0] Wu0=1.0 du0=-0.0125 dmin0=-18.4306 dmax0=26.5694
INFO  [mc_indi_tiltrotor] T2dbg1 G2=[-0.000 -0.650 0.060 0.000 -1.000] G5=[-0.789 -0.921 -0.000 13.157 0.001]
INFO  [mc_indi_tiltrotor] T2dbg2 Wu25=[1.0 9.0] du25=[-0.0133 0.0001] dmax25=[31.8426 0.0120] nu_yaw=0.008
INFO  [mc_indi_tiltrotor] WRdbg0 Wu0=1 lo0=-18.43 du0=-0.0125 pin0=0.000 a0=[0.003 0.000 0.000 -0.002 -0.014]
INFO  [mc_indi_tiltrotor] WRdbg1 Wu1=1 lo1=-18.92 du1=-0.0232 pin1=0.000 a1=[-0.003 0.000 -0.003 0.001 -0.018]
INFO  [mc_indi_tiltrotor] YWdbg nu2=0.023 ach2=0.023 r=-0.02 wsp2=-0.02 ddelta=[-0.0023 0.0027 -0.0000]
INFO  [mc_indi_tiltrotor] T0dbg1 G0=[-0.257 0.227 0.016 0.172 -0.985] nu_des=[0.00 -0.00 0.04 -0.35 -0.02]
INFO  [mc_indi_tiltrotor] T0dbg2 Ws34=[0.1 20.0] Wu0=1.0 du0=0.0037 dmin0=-18.2513 dmax0=26.7487
INFO  [mc_indi_tiltrotor] T2dbg1 G2=[-0.000 -0.650 0.060 0.000 -1.000] G5=[-0.782 -0.911 -0.000 13.029 0.001]
INFO  [mc_indi_tiltrotor] T2dbg2 Wu25=[1.0 9.0] du25=[-0.0008 0.0000] dmax25=[31.9708 0.0120] nu_yaw=0.037
INFO  [mc_indi_tiltrotor] WRdbg0 Wu0=1 lo0=-18.25 du0=0.0037 pin0=0.000 a0=[-0.002 -0.000 0.003 -0.002 0.005]
INFO  [mc_indi_tiltrotor] WRdbg1 Wu1=1 lo1=-18.78 du1=-0.0053 pin1=0.000 a1=[0.002 -0.000 -0.014 0.001 0.006]
INFO  [mc_indi_tiltrotor] T0dbg1 G0=[-0.256 0.227 0.019 0.161 -0.987] nu_des=[-0.00 -0.00 0.01 -0.27 -0.01]
INFO  [mc_indi_tiltrotor] T0dbg2 Ws34=[0.1 20.0] Wu0=1.0 du0=0.0064 dmin0=-18.4953 dmax0=26.5047
INFO  [mc_indi_tiltrotor] T2dbg1 G2=[-0.000 -0.650 0.060 0.000 -1.000] G5=[-0.790 -0.921 -0.000 13.170 0.001]
INFO  [mc_indi_tiltrotor] T2dbg2 Wu25=[1.0 9.0] du25=[0.0004 0.0002] dmax25=[31.8305 0.0120] nu_yaw=0.014
INFO  [mc_indi_tiltrotor] WRdbg0 Wu0=1 lo0=-18.50 du0=0.0064 pin0=0.000 a0=[0.006 -0.002 0.001 -0.001 0.003]
INFO  [mc_indi_tiltrotor] WRdbg1 Wu1=1 lo1=-19.03 du1=-0.0081 pin1=0.000 a1=[-0.005 -0.001 -0.006 0.001 0.004]
INFO  [mc_indi_tiltrotor] YWdbg nu2=0.005 ach2=0.004 r=-0.01 wsp2=0.03 ddelta=[-0.0016 -0.0010 0.0003]
INFO  [mc_indi_tiltrotor] T0dbg1 G0=[-0.256 0.227 0.020 0.158 -0.987] nu_des=[0.00 0.01 -0.01 -0.19 0.00]
INFO  [mc_indi_tiltrotor] T0dbg2 Ws34=[0.1 20.0] Wu0=1.0 du0=-0.0017 dmin0=-18.4828 dmax0=26.5172
INFO  [mc_indi_tiltrotor] T2dbg1 G2=[-0.000 -0.650 0.060 0.000 -1.000] G5=[-0.790 -0.920 -0.000 13.171 0.003]
INFO  [mc_indi_tiltrotor] T2dbg2 Wu25=[1.0 1000000.0] du25=[-0.0078 -0.0002] dmax25=[31.8290 0.0120] nu_yaw=-0.006
INFO  [mc_indi_tiltrotor] WRdbg0 Wu0=1 lo0=-18.48 du0=-0.0017 pin0=0.000 a0=[-0.006 0.006 -0.001 -0.001 -0.001]
INFO  [mc_indi_tiltrotor] WRdbg1 Wu1=1 lo1=-18.99 du1=0.0115 pin1=-0.000 a1=[0.006 0.004 0.003 0.001 -0.001]
INFO  [mc_indi_tiltrotor] T0dbg1 G0=[-0.256 0.227 0.018 0.166 -0.986] nu_des=[-0.00 0.00 -0.05 -0.24 0.03]
INFO  [mc_indi_tiltrotor] T0dbg2 Ws34=[0.1 20.0] Wu0=1.0 du0=0.0021 dmin0=-18.7211 dmax0=26.2789
INFO  [mc_indi_tiltrotor] T2dbg1 G2=[-0.000 -0.650 0.060 0.000 -1.000] G5=[-0.799 -0.928 -0.000 13.310 0.006]
INFO  [mc_indi_tiltrotor] T2dbg2 Wu25=[1.0 9.0] du25=[-0.0023 -0.0001] dmax25=[31.6903 0.0120] nu_yaw=-0.046
INFO  [mc_indi_tiltrotor] WRdbg0 Wu0=1 lo0=-18.72 du0=0.0021 pin0=-0.001 a0=[0.008 0.003 0.002 0.000 -0.010]
INFO  [mc_indi_tiltrotor] WRdbg1 Wu1=1 lo1=-19.06 du1=-0.0010 pin1=0.001 a1=[-0.007 0.002 0.014 -0.000 -0.010]
INFO  [mc_indi_tiltrotor] YWdbg nu2=-0.033 ach2=-0.032 r=0.05 wsp2=-0.01 ddelta=[0.0090 -0.0006 0.0032]
INFO  [mc_indi_tiltrotor] T0dbg1 G0=[-0.257 0.227 0.014 0.182 -0.983] nu_des=[-0.00 -0.01 0.01 -0.59 0.03]
INFO  [mc_indi_tiltrotor] T0dbg2 Ws34=[0.1 20.0] Wu0=1.0 du0=-0.0206 dmin0=-18.5120 dmax0=26.4880
INFO  [mc_indi_tiltrotor] T2dbg1 G2=[-0.000 -0.650 0.060 0.000 -1.000] G5=[-0.791 -0.920 -0.000 13.177 0.004]
INFO  [mc_indi_tiltrotor] T2dbg2 Wu25=[1.0 9.0] du25=[0.0013 0.0002] dmax25=[31.8231 0.0120] nu_yaw=0.015
INFO  [mc_indi_tiltrotor] WRdbg0 Wu0=1 lo0=-18.51 du0=-0.0206 pin0=0.000 a0=[0.001 -0.010 0.001 -0.003 -0.010]
INFO  [mc_indi_tiltrotor] WRdbg1 Wu1=1 lo1=-18.97 du1=-0.0248 pin1=0.000 a1=[-0.002 -0.006 -0.006 0.001 -0.013]
INFO  [mc_indi_tiltrotor] T0dbg1 G0=[-0.257 0.227 0.017 0.169 -0.986] nu_des=[0.01 0.04 0.01 -0.46 0.01]
INFO  [mc_indi_tiltrotor] T0dbg2 Ws34=[0.1 20.0] Wu0=1.0 du0=0.0142 dmin0=-18.4746 dmax0=26.5254
INFO  [mc_indi_tiltrotor] T2dbg1 G2=[-0.000 -0.650 0.060 0.000 -1.000] G5=[-0.795 -0.926 -0.000 13.251 0.003]
INFO  [mc_indi_tiltrotor] T2dbg2 Wu25=[1.0 1000000.0] du25=[-0.0421 -0.0002] dmax25=[31.7494 0.0120] nu_yaw=0.013
INFO  [mc_indi_tiltrotor] WRdbg0 Wu0=1 lo0=-18.47 du0=0.0142 pin0=0.000 a0=[-0.010 0.029 0.001 -0.002 -0.004]
INFO  [mc_indi_tiltrotor] WRdbg1 Wu1=1 lo1=-18.99 du1=0.0190 pin1=-0.000 a1=[0.010 0.019 -0.005 0.001 -0.005]
INFO  [mc_indi_tiltrotor] YWdbg nu2=0.016 ach2=0.016 r=-0.04 wsp2=0.01 ddelta=[-0.0050 -0.0019 0.0001]
INFO  [mc_indi_tiltrotor] T0dbg1 G0=[-0.256 0.227 0.019 0.160 -0.987] nu_des=[0.00 0.01 0.01 -0.35 0.02]
INFO  [mc_indi_tiltrotor] T0dbg2 Ws34=[0.1 20.0] Wu0=1.0 du0=-0.0111 dmin0=-18.5655 dmax0=26.4345
INFO  [mc_indi_tiltrotor] T2dbg1 G2=[-0.000 -0.650 0.060 0.000 -1.000] G5=[-0.798 -0.929 -0.000 13.294 0.002]
INFO  [mc_indi_tiltrotor] T2dbg2 Wu25=[1.0 1000000.0] du25=[-0.0091 -0.0001] dmax25=[31.7062 0.0120] nu_yaw=0.005
INFO  [mc_indi_tiltrotor] WRdbg0 Wu0=1 lo0=-18.57 du0=-0.0111 pin0=0.000 a0=[-0.008 0.004 0.001 -0.002 -0.006]
INFO  [mc_indi_tiltrotor] WRdbg1 Wu1=1 lo1=-19.17 du1=0.0014 pin1=-0.000 a1=[0.008 0.002 -0.002 0.001 -0.008]
INFO  [mc_indi_tiltrotor] T0dbg1 G0=[-0.256 0.227 0.020 0.158 -0.987] nu_des=[-0.01 -0.00 -0.01 -0.25 0.00]
INFO  [mc_indi_tiltrotor] T0dbg2 Ws34=[0.1 20.0] Wu0=1.0 du0=0.0077 dmin0=-18.5205 dmax0=26.4795
INFO  [mc_indi_tiltrotor] T2dbg1 G2=[-0.000 -0.650 0.060 0.000 -1.000] G5=[-0.794 -0.924 -0.000 13.233 0.003]
INFO  [mc_indi_tiltrotor] T2dbg2 Wu25=[1.0 9.0] du25=[-0.0042 0.0001] dmax25=[31.7666 0.0120] nu_yaw=-0.013
INFO  [mc_indi_tiltrotor] WRdbg0 Wu0=1 lo0=-18.52 du0=0.0077 pin0=0.000 a0=[0.011 -0.000 -0.001 -0.001 -0.001]
INFO  [mc_indi_tiltrotor] WRdbg1 Wu1=1 lo1=-19.03 du1=-0.0068 pin1=0.000 a1=[-0.011 -0.000 0.005 0.000 -0.001]
INFO  [mc_indi_tiltrotor] YWdbg nu2=-0.032 ach2=-0.032 r=0.04 wsp2=0.01 ddelta=[0.0029 -0.0042 0.0006]
INFO  [mc_indi_tiltrotor] T0dbg1 G0=[-0.257 0.227 0.016 0.173 -0.985] nu_des=[0.01 0.03 -0.02 -0.44 0.12]
INFO  [mc_indi_tiltrotor] T0dbg2 Ws34=[0.1 20.0] Wu0=1.0 du0=-0.0373 dmin0=-18.6921 dmax0=26.3079
INFO  [mc_indi_tiltrotor] T2dbg1 G2=[-0.000 -0.650 0.060 0.001 -1.000] G5=[-0.786 -0.911 -0.001 13.097 0.010]
INFO  [mc_indi_tiltrotor] T2dbg2 Wu25=[1.0 1000000.0] du25=[-0.0428 -0.0007] dmax25=[31.9031 0.0120] nu_yaw=-0.019
INFO  [mc_indi_tiltrotor] WRdbg0 Wu0=1 lo0=-18.69 du0=-0.0373 pin0=0.000 a0=[-0.016 0.018 -0.001 -0.002 -0.037]
INFO  [mc_indi_tiltrotor] WRdbg1 Wu1=1 lo1=-18.93 du1=-0.0120 pin1=-0.001 a1=[0.016 0.011 0.008 0.001 -0.047]
INFO  [mc_indi_tiltrotor] T0dbg1 G0=[-0.257 0.227 0.013 0.185 -0.983] nu_des=[0.01 -0.01 0.02 -0.64 0.04]
INFO  [mc_indi_tiltrotor] T0dbg2 Ws34=[0.1 20.0] Wu0=1.0 du0=-0.0417 dmin0=-18.6094 dmax0=26.3906
INFO  [mc_indi_tiltrotor] T2dbg1 G2=[-0.000 -0.650 0.060 0.000 -1.000] G5=[-0.787 -0.916 -0.000 13.123 0.005]
INFO  [mc_indi_tiltrotor] T2dbg2 Wu25=[1.0 1000000.0] du25=[0.0064 -0.0004] dmax25=[31.8767 0.0120] nu_yaw=0.018
INFO  [mc_indi_tiltrotor] WRdbg0 Wu0=1 lo0=-18.61 du0=-0.0417 pin0=0.000 a0=[-0.019 -0.009 0.001 -0.004 -0.011]
INFO  [mc_indi_tiltrotor] WRdbg1 Wu1=1 lo1=-19.01 du1=-0.0065 pin1=-0.001 a1=[0.020 -0.006 -0.007 0.002 -0.015]
INFO  [mc_indi_tiltrotor] YWdbg nu2=0.036 ach2=0.035 r=-0.03 wsp2=-0.04 ddelta=[-0.0075 -0.0008 0.0004]
INFO  [mc_indi_tiltrotor] T0dbg1 G0=[-0.257 0.227 0.016 0.171 -0.985] nu_des=[0.01 0.02 0.03 -0.50 0.01]
INFO  [mc_indi_tiltrotor] T0dbg2 Ws34=[0.1 20.0] Wu0=1.0 du0=-0.0113 dmin0=-18.4508 dmax0=26.5492
INFO  [mc_indi_tiltrotor] T2dbg1 G2=[-0.000 -0.650 0.060 0.000 -1.000] G5=[-0.793 -0.925 -0.000 13.224 0.001]
INFO  [mc_indi_tiltrotor] T2dbg2 Wu25=[1.0 1000000.0] du25=[-0.0175 -0.0001] dmax25=[31.7761 0.0120] nu_yaw=0.029
INFO  [mc_indi_tiltrotor] WRdbg0 Wu0=1 lo0=-18.45 du0=-0.0113 pin0=0.000 a0=[-0.022 0.013 0.003 -0.003 -0.002]
INFO  [mc_indi_tiltrotor] WRdbg1 Wu1=1 lo1=-19.07 du1=0.0183 pin1=-0.000 a1=[0.023 0.008 -0.012 0.001 -0.003]
INFO  [mc_indi_tiltrotor] T0dbg1 G0=[-0.256 0.227 0.019 0.163 -0.987] nu_des=[-0.01 -0.02 -0.01 -0.34 -0.00]
INFO  [mc_indi_tiltrotor] T0dbg2 Ws34=[0.1 20.0] Wu0=1.0 du0=-0.0041 dmin0=-18.5334 dmax0=26.4666
INFO  [mc_indi_tiltrotor] T2dbg1 G2=[-0.000 -0.650 0.060 0.001 -1.000] G5=[-0.796 -0.924 -0.000 13.261 0.007]
INFO  [mc_indi_tiltrotor] T2dbg2 Wu25=[1.0 9.0] du25=[0.0111 0.0004] dmax25=[31.7393 0.0120] nu_yaw=-0.009
INFO  [mc_indi_tiltrotor] WRdbg0 Wu0=1 lo0=-18.53 du0=-0.0041 pin0=0.000 a0=[0.011 -0.012 -0.001 -0.002 0.000]
INFO  [mc_indi_tiltrotor] WRdbg1 Wu1=1 lo1=-18.97 du1=-0.0140 pin1=0.000 a1=[-0.011 -0.007 0.003 0.001 0.000]
INFO  [mc_indi_tiltrotor] YWdbg nu2=-0.010 ach2=-0.010 r=-0.01 wsp2=0.02 ddelta=[-0.0005 -0.0028 0.0001]
INFO  [mc_indi_tiltrotor] T0dbg1 G0=[-0.256 0.227 0.019 0.162 -0.987] nu_des=[0.00 -0.00 -0.01 -0.23 0.01]
INFO  [mc_indi_tiltrotor] T0dbg2 Ws34=[0.1 20.0] Wu0=1.0 du0=-0.0142 dmin0=-18.5694 dmax0=26.4306
INFO  [mc_indi_tiltrotor] T2dbg1 G2=[-0.000 -0.650 0.060 0.000 -1.000] G5=[-0.795 -0.925 -0.000 13.255 0.004]
INFO  [mc_indi_tiltrotor] T2dbg2 Wu25=[1.0 1000000.0] du25=[0.0028 -0.0003] dmax25=[31.7448 0.0120] nu_yaw=-0.015
INFO  [mc_indi_tiltrotor] WRdbg0 Wu0=1 lo0=-18.57 du0=-0.0142 pin0=0.000 a0=[-0.005 -0.003 -0.001 -0.001 -0.004]
INFO  [mc_indi_tiltrotor] WRdbg1 Wu1=1 lo1=-18.98 du1=0.0040 pin1=-0.001 a1=[0.005 -0.002 0.006 0.001 -0.005]
INFO  [mc_indi_tiltrotor] T0dbg1 G0=[-0.257 0.227 0.017 0.169 -0.986] nu_des=[0.00 -0.01 -0.02 -0.26 0.02]
INFO  [mc_indi_tiltrotor] T0dbg2 Ws34=[0.1 20.0] Wu0=1.0 du0=-0.0171 dmin0=-18.5431 dmax0=26.4569
INFO  [mc_indi_tiltrotor] T2dbg1 G2=[-0.000 -0.650 0.060 0.000 -1.000] G5=[-0.792 -0.923 -0.000 13.198 0.002]
INFO  [mc_indi_tiltrotor] T2dbg2 Wu25=[1.0 1000000.0] du25=[0.0078 -0.0001] dmax25=[31.8024 0.0120] nu_yaw=-0.020
INFO  [mc_indi_tiltrotor] WRdbg0 Wu0=1 lo0=-18.54 du0=-0.0171 pin0=-0.001 a0=[-0.006 -0.005 0.001 -0.000 -0.007]
INFO  [mc_indi_tiltrotor] WRdbg1 Wu1=1 lo1=-19.03 du1=0.0006 pin1=0.001 a1=[0.005 -0.005 0.006 -0.000 -0.007]
INFO  [mc_indi_tiltrotor] YWdbg nu2=-0.027 ach2=-0.025 r=0.04 wsp2=-0.01 ddelta=[0.0084 0.0044 -0.0001]
INFO  [mc_indi_tiltrotor] T0dbg1 G0=[-0.257 0.227 0.014 0.179 -0.984] nu_des=[-0.01 -0.00 -0.02 -0.44 0.01]
INFO  [mc_indi_tiltrotor] T0dbg2 Ws34=[0.1 20.0] Wu0=1.0 du0=0.0078 dmin0=-18.5043 dmax0=26.4957
INFO  [mc_indi_tiltrotor] T2dbg1 G2=[-0.000 -0.650 0.060 0.000 -1.000] G5=[-0.791 -0.922 -0.000 13.178 0.001]
INFO  [mc_indi_tiltrotor] T2dbg2 Wu25=[1.0 9.0] du25=[0.0060 0.0003] dmax25=[31.8216 0.0120] nu_yaw=-0.016
INFO  [mc_indi_tiltrotor] WRdbg0 Wu0=1 lo0=-18.50 du0=0.0078 pin0=-0.001 a0=[0.013 -0.003 0.002 0.000 -0.003]
INFO  [mc_indi_tiltrotor] WRdbg1 Wu1=1 lo1=-19.09 du1=-0.0130 pin1=0.001 a1=[-0.012 -0.003 0.005 -0.000 -0.003]
INFO  [mc_indi_tiltrotor] T0dbg1 G0=[-0.257 0.227 0.014 0.182 -0.983] nu_des=[0.00 -0.00 -0.00 -0.50 0.01]
INFO  [mc_indi_tiltrotor] T0dbg2 Ws34=[0.1 20.0] Wu0=1.0 du0=-0.0071 dmin0=-18.5943 dmax0=26.4057
INFO  [mc_indi_tiltrotor] T2dbg1 G2=[-0.000 -0.650 0.060 0.000 -1.000] G5=[-0.792 -0.922 -0.000 13.201 0.003]
INFO  [mc_indi_tiltrotor] T2dbg2 Wu25=[1.0 1000000.0] du25=[0.0033 -0.0002] dmax25=[31.7991 0.0120] nu_yaw=-0.001
INFO  [mc_indi_tiltrotor] WRdbg0 Wu0=1 lo0=-18.59 du0=-0.0071 pin0=0.000 a0=[-0.002 -0.002 0.000 -0.000 -0.003]
INFO  [mc_indi_tiltrotor] WRdbg1 Wu1=1 lo1=-19.01 du1=-0.0034 pin1=-0.000 a1=[0.002 -0.002 0.000 -0.000 -0.003]
INFO  [mc_indi_tiltrotor] YWdbg nu2=0.002 ach2=0.002 r=-0.01 wsp2=-0.03 ddelta=[-0.0005 -0.0001 -0.0002]
INFO  [mc_indi_tiltrotor] T0dbg1 G0=[-0.257 0.227 0.014 0.182 -0.983] nu_des=[0.00 -0.01 -0.00 -0.49 0.00]
INFO  [mc_indi_tiltrotor] T0dbg2 Ws34=[0.1 20.0] Wu0=1.0 du0=-0.0077 dmin0=-18.5442 dmax0=26.4558
INFO  [mc_indi_tiltrotor] T2dbg1 G2=[-0.000 -0.650 0.060 0.000 -1.000] G5=[-0.797 -0.928 -0.000 13.276 0.002]
INFO  [mc_indi_tiltrotor] T2dbg2 Wu25=[1.0 1000000.0] du25=[0.0063 -0.0001] dmax25=[31.7242 0.0120] nu_yaw=-0.001
INFO  [mc_indi_tiltrotor] WRdbg0 Wu0=1 lo0=-18.54 du0=-0.0077 pin0=-0.000 a0=[-0.003 -0.003 0.000 -0.000 -0.001]
INFO  [mc_indi_tiltrotor] WRdbg1 Wu1=1 lo1=-18.97 du1=-0.0016 pin1=-0.000 a1=[0.003 -0.003 0.000 -0.000 -0.001]
INFO  [mc_indi_tiltrotor] T0dbg1 G0=[-0.257 0.227 0.015 0.175 -0.985] nu_des=[0.00 -0.00 0.02 -0.38 -0.01]
INFO  [mc_indi_tiltrotor] T0dbg2 Ws34=[0.1 20.0] Wu0=1.0 du0=-0.0035 dmin0=-18.5696 dmax0=26.4304
INFO  [mc_indi_tiltrotor] T2dbg1 G2=[-0.000 -0.650 0.060 0.000 -1.000] G5=[-0.796 -0.928 -0.000 13.260 0.001]
INFO  [mc_indi_tiltrotor] T2dbg2 Wu25=[1.0 1000000.0] du25=[0.0017 -0.0001] dmax25=[31.7403 0.0120] nu_yaw=0.019
INFO  [mc_indi_tiltrotor] WRdbg0 Wu0=1 lo0=-18.57 du0=-0.0035 pin0=0.000 a0=[-0.002 -0.003 0.001 -0.002 0.002]
INFO  [mc_indi_tiltrotor] WRdbg1 Wu1=1 lo1=-18.96 du1=-0.0030 pin1=-0.000 a1=[0.003 -0.002 -0.008 0.001 0.003]
INFO  [mc_indi_tiltrotor] YWdbg nu2=0.030 ach2=0.029 r=-0.03 wsp2=0.01 ddelta=[-0.0045 0.0016 -0.0001]
INFO  [mc_indi_tiltrotor] T0dbg1 G0=[-0.256 0.227 0.018 0.165 -0.986] nu_des=[0.02 0.01 0.04 -0.37 0.01]
INFO  [mc_indi_tiltrotor] T0dbg2 Ws34=[0.1 20.0] Wu0=1.0 du0=-0.0198 dmin0=-18.5025 dmax0=26.4975
INFO  [mc_indi_tiltrotor] T2dbg1 G2=[-0.000 -0.650 0.060 0.000 -1.000] G5=[-0.791 -0.923 -0.000 13.183 0.000]
INFO  [mc_indi_tiltrotor] T2dbg2 Wu25=[1.0 1000000.0] du25=[-0.0066 -0.0000] dmax25=[31.8168 0.0120] nu_yaw=0.038
INFO  [mc_indi_tiltrotor] WRdbg0 Wu0=1 lo0=-18.50 du0=-0.0198 pin0=0.000 a0=[-0.025 0.005 0.004 -0.002 -0.002]
INFO  [mc_indi_tiltrotor] WRdbg1 Wu1=1 lo1=-19.10 du1=0.0122 pin1=-0.000 a1=[0.026 0.003 -0.015 0.001 -0.003]
INFO  [mc_indi_tiltrotor] T0dbg1 G0=[-0.256 0.227 0.019 0.161 -0.987] nu_des=[0.00 -0.00 -0.01 -0.32 -0.00]
INFO  [mc_indi_tiltrotor] T0dbg2 Ws34=[0.1 20.0] Wu0=1.0 du0=-0.0073 dmin0=-18.5075 dmax0=26.4925
INFO  [mc_indi_tiltrotor] T2dbg1 G2=[-0.000 -0.650 0.060 0.000 -1.000] G5=[-0.788 -0.917 -0.000 13.141 0.004]
INFO  [mc_indi_tiltrotor] T2dbg2 Wu25=[1.0 9.0] du25=[0.0026 -0.0003] dmax25=[31.8588 0.0120] nu_yaw=-0.006
INFO  [mc_indi_tiltrotor] WRdbg0 Wu0=1 lo0=-18.51 du0=-0.0073 pin0=0.000 a0=[-0.003 -0.003 -0.001 -0.001 0.000]
INFO  [mc_indi_tiltrotor] WRdbg1 Wu1=1 lo1=-19.10 du1=0.0043 pin1=0.000 a1=[0.003 -0.002 0.002 0.001 0.000]
INFO  [mc_indi_tiltrotor] YWdbg nu2=-0.023 ach2=-0.023 r=0.03 wsp2=0.04 ddelta=[0.0033 -0.0013 -0.0002]
INFO  [mc_indi_tiltrotor] T0dbg1 G0=[-0.257 0.227 0.017 0.168 -0.986] nu_des=[-0.01 -0.02 -0.04 -0.27 0.03]
INFO  [mc_indi_tiltrotor] T0dbg2 Ws34=[0.1 20.0] Wu0=1.0 du0=-0.0079 dmin0=-18.5731 dmax0=26.4269
INFO  [mc_indi_tiltrotor] T2dbg1 G2=[-0.000 -0.650 0.060 0.001 -1.000] G5=[-0.796 -0.922 -0.001 13.273 0.011]
INFO  [mc_indi_tiltrotor] T2dbg2 Wu25=[1.0 9.0] du25=[0.0179 0.0005] dmax25=[31.7272 0.0120] nu_yaw=-0.044
INFO  [mc_indi_tiltrotor] WRdbg0 Wu0=1 lo0=-18.57 du0=-0.0079 pin0=-0.002 a0=[0.013 -0.009 0.003 0.000 -0.011]
INFO  [mc_indi_tiltrotor] WRdbg1 Wu1=1 lo1=-18.92 du1=-0.0169 pin1=0.002 a1=[-0.012 -0.008 0.013 -0.000 -0.012]
INFO  [mc_indi_tiltrotor] T0dbg1 G0=[-0.257 0.227 0.014 0.182 -0.983] nu_des=[-0.01 -0.02 -0.02 -0.51 0.03]
INFO  [mc_indi_tiltrotor] T0dbg2 Ws34=[0.1 20.0] Wu0=1.0 du0=-0.0050 dmin0=-18.6309 dmax0=26.3691
INFO  [mc_indi_tiltrotor] T2dbg1 G2=[-0.000 -0.650 0.060 0.001 -1.000] G5=[-0.797 -0.924 -0.001 13.291 0.010]
INFO  [mc_indi_tiltrotor] T2dbg2 Wu25=[1.0 9.0] du25=[0.0164 0.0006] dmax25=[31.7088 0.0120] nu_yaw=-0.020
INFO  [mc_indi_tiltrotor] WRdbg0 Wu0=1 lo0=-18.63 du0=-0.0050 pin0=-0.001 a0=[0.014 -0.010 0.002 0.000 -0.011]
INFO  [mc_indi_tiltrotor] WRdbg1 Wu1=1 lo1=-18.88 du1=-0.0270 pin1=0.000 a1=[-0.013 -0.009 0.006 -0.001 -0.011]
INFO  [mc_indi_tiltrotor] YWdbg nu2=0.005 ach2=0.004 r=0.02 wsp2=-0.03 ddelta=[-0.0031 -0.0023 -0.0000]
INFO  [mc_indi_tiltrotor] T0dbg1 G0=[-0.257 0.227 0.014 0.179 -0.984] nu_des=[0.01 0.01 0.03 -0.50 -0.00]
INFO  [mc_indi_tiltrotor] T0dbg2 Ws34=[0.1 20.0] Wu0=1.0 du0=-0.0092 dmin0=-18.5296 dmax0=26.4704
INFO  [mc_indi_tiltrotor] T2dbg1 G2=[-0.000 -0.650 0.060 0.000 -1.000] G5=[-0.792 -0.923 -0.000 13.201 0.001]
INFO  [mc_indi_tiltrotor] T2dbg2 Wu25=[1.0 1000000.0] du25=[-0.0075 -0.0001] dmax25=[31.7991 0.0120] nu_yaw=0.033
INFO  [mc_indi_tiltrotor] WRdbg0 Wu0=1 lo0=-18.53 du0=-0.0092 pin0=0.000 a0=[-0.016 0.006 0.002 -0.003 0.001]
INFO  [mc_indi_tiltrotor] WRdbg1 Wu1=1 lo1=-18.98 du1=0.0107 pin1=-0.000 a1=[0.017 0.004 -0.013 0.002 0.002]
INFO  [mc_indi_tiltrotor] T0dbg1 G0=[-0.257 0.227 0.017 0.169 -0.986] nu_des=[0.01 -0.01 0.02 -0.54 -0.00]
INFO  [mc_indi_tiltrotor] T0dbg2 Ws34=[0.1 20.0] Wu0=1.0 du0=-0.0165 dmin0=-18.4443 dmax0=26.5557
INFO  [mc_indi_tiltrotor] T2dbg1 G2=[-0.000 -0.650 0.060 0.000 -1.000] G5=[-0.789 -0.919 -0.000 13.154 0.002]
INFO  [mc_indi_tiltrotor] T2dbg2 Wu25=[1.0 1000000.0] du25=[0.0057 -0.0002] dmax25=[31.8456 0.0120] nu_yaw=0.016
INFO  [mc_indi_tiltrotor] WRdbg0 Wu0=1 lo0=-18.44 du0=-0.0165 pin0=0.000 a0=[-0.011 -0.005 0.002 -0.003 0.001]
INFO  [mc_indi_tiltrotor] WRdbg1 Wu1=1 lo1=-19.11 du1=0.0048 pin1=-0.000 a1=[0.012 -0.003 -0.006 0.001 0.002]
INFO  [mc_indi_tiltrotor] YWdbg nu2=0.019 ach2=0.018 r=-0.04 wsp2=0.01 ddelta=[-0.0062 -0.0031 0.0007]
INFO  [mc_indi_tiltrotor] T0dbg1 G0=[-0.256 0.227 0.019 0.160 -0.987] nu_des=[0.00 0.00 0.00 -0.37 0.00]
INFO  [mc_indi_tiltrotor] T0dbg2 Ws34=[0.1 20.0] Wu0=1.0 du0=-0.0081 dmin0=-18.4228 dmax0=26.5772
INFO  [mc_indi_tiltrotor] T2dbg1 G2=[-0.000 -0.650 0.060 0.000 -1.000] G5=[-0.793 -0.924 -0.000 13.220 0.002]
INFO  [mc_indi_tiltrotor] T2dbg2 Wu25=[1.0 1000000.0] du25=[-0.0037 -0.0002] dmax25=[31.7796 0.0120] nu_yaw=0.002
INFO  [mc_indi_tiltrotor] WRdbg0 Wu0=1 lo0=-18.42 du0=-0.0081 pin0=0.000 a0=[-0.007 0.002 0.000 -0.002 -0.001]
INFO  [mc_indi_tiltrotor] WRdbg1 Wu1=1 lo1=-19.12 du1=0.0071 pin1=-0.000 a1=[0.008 0.001 -0.001 0.001 -0.001]
INFO  [mc_indi_tiltrotor] T0dbg1 G0=[-0.256 0.227 0.019 0.161 -0.987] nu_des=[-0.00 0.01 -0.04 -0.20 0.03]
INFO  [mc_indi_tiltrotor] T0dbg2 Ws34=[0.1 20.0] Wu0=1.0 du0=-0.0020 dmin0=-18.5422 dmax0=26.4578
INFO  [mc_indi_tiltrotor] T2dbg1 G2=[-0.000 -0.650 0.060 0.001 -1.000] G5=[-0.795 -0.923 -0.000 13.257 0.007]
INFO  [mc_indi_tiltrotor] T2dbg2 Wu25=[1.0 9.0] du25=[-0.0158 -0.0004] dmax25=[31.7434 0.0120] nu_yaw=-0.044
INFO  [mc_indi_tiltrotor] WRdbg0 Wu0=1 lo0=-18.54 du0=-0.0020 pin0=0.000 a0=[0.006 0.007 -0.004 -0.001 -0.010]
INFO  [mc_indi_tiltrotor] WRdbg1 Wu1=1 lo1=-18.99 du1=0.0035 pin1=0.000 a1=[-0.006 0.004 0.017 0.000 -0.012]
INFO  [mc_indi_tiltrotor] YWdbg nu2=-0.037 ach2=-0.036 r=0.05 wsp2=0.01 ddelta=[0.0056 -0.0020 0.0003]
INFO  [mc_indi_tiltrotor] T0dbg1 G0=[-0.257 0.227 0.015 0.178 -0.984] nu_des=[-0.00 0.00 -0.03 -0.46 0.02]
INFO  [mc_indi_tiltrotor] T0dbg2 Ws34=[0.1 20.0] Wu0=1.0 du0=0.0054 dmin0=-18.6653 dmax0=26.3347
INFO  [mc_indi_tiltrotor] T2dbg1 G2=[-0.000 -0.650 0.060 0.001 -1.000] G5=[-0.792 -0.919 -0.000 13.207 0.008]
INFO  [mc_indi_tiltrotor] T2dbg2 Wu25=[1.0 9.0] du25=[-0.0033 -0.0001] dmax25=[31.7928 0.0120] nu_yaw=-0.034
INFO  [mc_indi_tiltrotor] WRdbg0 Wu0=1 lo0=-18.67 du0=0.0054 pin0=-0.002 a0=[0.008 0.003 0.003 0.000 -0.007]
INFO  [mc_indi_tiltrotor] WRdbg1 Wu1=1 lo1=-18.91 du1=-0.0010 pin1=0.001 a1=[-0.007 0.002 0.010 -0.000 -0.007]
INFO  [mc_indi_tiltrotor] T0dbg1 G0=[-0.257 0.227 0.014 0.178 -0.984] nu_des=[-0.00 0.00 0.02 -0.47 0.00]
INFO  [mc_indi_tiltrotor] T0dbg2 Ws34=[0.1 20.0] Wu0=1.0 du0=0.0052 dmin0=-18.6851 dmax0=26.3149
INFO  [mc_indi_tiltrotor] T2dbg1 G2=[-0.000 -0.650 0.060 0.000 -1.000] G5=[-0.792 -0.922 -0.000 13.203 0.003]
INFO  [mc_indi_tiltrotor] T2dbg2 Wu25=[1.0 9.0] du25=[-0.0087 0.0001] dmax25=[31.7970 0.0120] nu_yaw=0.022
INFO  [mc_indi_tiltrotor] WRdbg0 Wu0=1 lo0=-18.69 du0=0.0052 pin0=0.000 a0=[0.005 0.002 0.001 -0.003 -0.001]
INFO  [mc_indi_tiltrotor] WRdbg1 Wu1=1 lo1=-18.92 du1=-0.0128 pin1=0.000 a1=[-0.005 0.001 -0.009 0.001 -0.001]
INFO  [mc_indi_tiltrotor] YWdbg nu2=0.036 ach2=0.035 r=-0.03 wsp2=-0.04 ddelta=[-0.0062 0.0006 0.0002]
INFO  [mc_indi_tiltrotor] T0dbg1 G0=[-0.257 0.227 0.017 0.169 -0.986] nu_des=[0.00 0.01 0.03 -0.45 0.00]
INFO  [mc_indi_tiltrotor] T0dbg2 Ws34=[0.1 20.0] Wu0=1.0 du0=-0.0030 dmin0=-18.4846 dmax0=26.5154
INFO  [mc_indi_tiltrotor] T2dbg1 G2=[-0.000 -0.650 0.060 0.000 -1.000] G5=[-0.792 -0.924 -0.000 13.202 0.001]
INFO  [mc_indi_tiltrotor] T2dbg2 Wu25=[1.0 1000000.0] du25=[-0.0091 -0.0001] dmax25=[31.7981 0.0120] nu_yaw=0.034
INFO  [mc_indi_tiltrotor] WRdbg0 Wu0=1 lo0=-18.48 du0=-0.0030 pin0=0.000 a0=[-0.006 0.004 0.003 -0.002 -0.001]
INFO  [mc_indi_tiltrotor] WRdbg1 Wu1=1 lo1=-19.05 du1=-0.0051 pin1=-0.000 a1=[0.006 0.002 -0.013 0.001 -0.002]
INFO  [mc_indi_tiltrotor] T0dbg1 G0=[-0.256 0.227 0.019 0.162 -0.987] nu_des=[0.00 -0.01 0.01 -0.39 0.01]
INFO  [mc_indi_tiltrotor] T0dbg2 Ws34=[0.1 20.0] Wu0=1.0 du0=-0.0177 dmin0=-18.3726 dmax0=26.6274
INFO  [mc_indi_tiltrotor] T2dbg1 G2=[-0.000 -0.650 0.060 0.000 -1.000] G5=[-0.795 -0.926 -0.000 13.250 0.002]
INFO  [mc_indi_tiltrotor] T2dbg2 Wu25=[1.0 1000000.0] du25=[0.0056 -0.0001] dmax25=[31.7500 0.0120] nu_yaw=0.009
INFO  [mc_indi_tiltrotor] WRdbg0 Wu0=1 lo0=-18.37 du0=-0.0177 pin0=0.000 a0=[-0.008 -0.006 0.001 -0.002 -0.002]
INFO  [mc_indi_tiltrotor] WRdbg1 Wu1=1 lo1=-19.14 du1=-0.0014 pin1=-0.000 a1=[0.008 -0.004 -0.004 0.001 -0.003]
INFO  [mc_indi_tiltrotor] YWdbg nu2=0.004 ach2=0.003 r=-0.02 wsp2=0.03 ddelta=[-0.0017 -0.0010 -0.0001]
INFO  [mc_indi_tiltrotor] T0dbg1 G0=[-0.256 0.227 0.019 0.159 -0.987] nu_des=[-0.00 -0.00 -0.01 -0.26 0.02]
INFO  [mc_indi_tiltrotor] T0dbg2 Ws34=[0.1 20.0] Wu0=1.0 du0=-0.0029 dmin0=-18.4513 dmax0=26.5487
INFO  [mc_indi_tiltrotor] T2dbg1 G2=[-0.000 -0.650 0.060 0.000 -1.000] G5=[-0.794 -0.924 -0.000 13.227 0.003]
INFO  [mc_indi_tiltrotor] T2dbg2 Wu25=[1.0 9.0] du25=[-0.0055 -0.0000] dmax25=[31.7728 0.0120] nu_yaw=-0.014
INFO  [mc_indi_tiltrotor] WRdbg0 Wu0=1 lo0=-18.45 du0=-0.0029 pin0=0.000 a0=[0.005 -0.000 -0.001 -0.001 -0.005]
INFO  [mc_indi_tiltrotor] WRdbg1 Wu1=1 lo1=-19.09 du1=-0.0060 pin1=0.000 a1=[-0.005 -0.000 0.005 0.000 -0.007]
INFO  [mc_indi_tiltrotor] T0dbg1 G0=[-0.257 0.227 0.016 0.171 -0.985] nu_des=[-0.00 0.07 -0.04 -0.32 0.08]
INFO  [mc_indi_tiltrotor] T0dbg2 Ws34=[0.1 20.0] Wu0=1.0 du0=0.0269 dmin0=-18.5943 dmax0=26.4057
INFO  [mc_indi_tiltrotor] T2dbg1 G2=[-0.000 -0.650 0.060 0.001 -1.000] G5=[-0.801 -0.925 -0.001 13.343 0.014]
INFO  [mc_indi_tiltrotor] T2dbg2 Wu25=[1.0 1000000.0] du25=[-0.0798 -0.0011] dmax25=[31.6575 0.0120] nu_yaw=-0.037
INFO  [mc_indi_tiltrotor] WRdbg0 Wu0=1 lo0=-18.59 du0=0.0269 pin0=0.001 a0=[0.006 0.049 -0.003 -0.002 -0.024]
INFO  [mc_indi_tiltrotor] WRdbg1 Wu1=1 lo1=-18.85 du1=0.0076 pin1=-0.002 a1=[-0.006 0.030 0.015 0.001 -0.031]
INFO  [mc_indi_tiltrotor] YWdbg nu2=-0.022 ach2=-0.021 r=0.05 wsp2=-0.01 ddelta=[0.0028 -0.0017 -0.0001]
INFO  [mc_indi_tiltrotor] T0dbg1 G0=[-0.257 0.227 0.013 0.185 -0.983] nu_des=[0.01 -0.01 -0.01 -0.61 0.02]
INFO  [mc_indi_tiltrotor] T0dbg2 Ws34=[0.1 20.0] Wu0=1.0 du0=-0.0290 dmin0=-18.7746 dmax0=26.2254
INFO  [mc_indi_tiltrotor] T2dbg1 G2=[-0.000 -0.650 0.060 0.000 -1.000] G5=[-0.789 -0.917 -0.000 13.153 0.006]
INFO  [mc_indi_tiltrotor] T2dbg2 Wu25=[1.0 1000000.0] du25=[0.0051 -0.0005] dmax25=[31.8468 0.0120] nu_yaw=-0.010
INFO  [mc_indi_tiltrotor] WRdbg0 Wu0=1 lo0=-18.77 du0=-0.0290 pin0=-0.002 a0=[-0.015 -0.005 0.001 -0.000 -0.008]
INFO  [mc_indi_tiltrotor] WRdbg1 Wu1=1 lo1=-18.89 du1=0.0047 pin1=0.000 a1=[0.015 -0.005 0.003 -0.000 -0.008]
INFO  [mc_indi_tiltrotor] T0dbg1 G0=[-0.257 0.227 0.012 0.187 -0.982] nu_des=[-0.01 0.01 0.01 -0.59 0.01]
INFO  [mc_indi_tiltrotor] T0dbg2 Ws34=[0.1 20.0] Wu0=1.0 du0=0.0155 dmin0=-18.5177 dmax0=26.4823
INFO  [mc_indi_tiltrotor] T2dbg1 G2=[-0.000 -0.650 0.060 0.000 -1.000] G5=[-0.795 -0.926 -0.000 13.242 0.001]
INFO  [mc_indi_tiltrotor] T2dbg2 Wu25=[1.0 9.0] du25=[-0.0191 0.0000] dmax25=[31.7575 0.0120] nu_yaw=0.006
INFO  [mc_indi_tiltrotor] WRdbg0 Wu0=1 lo0=-18.52 du0=0.0155 pin0=-0.001 a0=[0.014 0.007 -0.001 0.000 -0.004]
INFO  [mc_indi_tiltrotor] WRdbg1 Wu1=1 lo1=-18.96 du1=-0.0126 pin1=0.001 a1=[-0.013 0.006 -0.002 -0.001 -0.004]
INFO  [mc_indi_tiltrotor] YWdbg nu2=0.020 ach2=0.020 r=-0.03 wsp2=-0.05 ddelta=[-0.0038 0.0004 -0.0000]
INFO  [mc_indi_tiltrotor] T0dbg1 G0=[-0.257 0.227 0.016 0.174 -0.985] nu_des=[0.01 0.10 0.06 -0.49 0.01]
INFO  [mc_indi_tiltrotor] T0dbg2 Ws34=[0.1 20.0] Wu0=1.0 du0=0.0464 dmin0=-18.3366 dmax0=26.6634
INFO  [mc_indi_tiltrotor] T2dbg1 G2=[-0.000 -0.650 0.060 0.000 -1.000] G5=[-0.795 -0.926 -0.000 13.244 0.001]
INFO  [mc_indi_tiltrotor] T2dbg2 Wu25=[1.0 1000000.0] du25=[-0.1015 -0.0001] dmax25=[31.7562 0.0120] nu_yaw=0.061
INFO  [mc_indi_tiltrotor] WRdbg0 Wu0=1 lo0=-18.34 du0=0.0464 pin0=0.024 a0=[-0.024 0.055 -0.005 -0.000 -0.004]
INFO  [mc_indi_tiltrotor] WRdbg1 Wu1=1 lo1=-19.14 du1=0.0397 pin1=-0.014 a1=[0.023 0.054 -0.019 -0.000 -0.004]
INFO  [mc_indi_tiltrotor] T0dbg1 G0=[-0.256 0.227 0.019 0.162 -0.987] nu_des=[0.01 -0.00 0.00 -0.42 0.01]
INFO  [mc_indi_tiltrotor] T0dbg2 Ws34=[0.1 20.0] Wu0=1.0 du0=-0.0167 dmin0=-18.4134 dmax0=26.5866
INFO  [mc_indi_tiltrotor] T2dbg1 G2=[-0.000 -0.650 0.060 0.001 -1.000] G5=[-0.796 -0.923 -0.000 13.261 0.008]
INFO  [mc_indi_tiltrotor] T2dbg2 Wu25=[1.0 9.0] du25=[0.0014 -0.0005] dmax25=[31.7392 0.0120] nu_yaw=0.001
INFO  [mc_indi_tiltrotor] WRdbg0 Wu0=1 lo0=-18.41 du0=-0.0167 pin0=0.000 a0=[-0.009 -0.003 0.000 -0.002 -0.003]
INFO  [mc_indi_tiltrotor] WRdbg1 Wu1=1 lo1=-19.07 du1=0.0048 pin1=0.000 a1=[0.009 -0.002 -0.000 0.001 -0.003]
INFO  [mc_indi_tiltrotor] YWdbg nu2=-0.003 ach2=-0.003 r=-0.03 wsp2=0.04 ddelta=[-0.0018 -0.0026 0.0002]
INFO  [mc_indi_tiltrotor] T0dbg1 G0=[-0.256 0.227 0.019 0.162 -0.987] nu_des=[-0.02 0.01 -0.03 -0.27 0.02]
INFO  [mc_indi_tiltrotor] T0dbg2 Ws34=[0.1 20.0] Wu0=1.0 du0=0.0235 dmin0=-18.6356 dmax0=26.3644
INFO  [mc_indi_tiltrotor] T2dbg1 G2=[-0.000 -0.650 0.060 0.001 -1.000] G5=[-0.793 -0.916 -0.001 13.219 0.014]
INFO  [mc_indi_tiltrotor] T2dbg2 Wu25=[1.0 9.0] du25=[-0.0221 0.0004] dmax25=[31.7809 0.0120] nu_yaw=-0.029
INFO  [mc_indi_tiltrotor] WRdbg0 Wu0=1 lo0=-18.64 du0=0.0235 pin0=0.000 a0=[0.027 0.008 -0.003 -0.001 -0.007]
INFO  [mc_indi_tiltrotor] WRdbg1 Wu1=1 lo1=-18.87 du1=-0.0185 pin1=0.000 a1=[-0.026 0.005 0.011 0.001 -0.009]
INFO  [mc_indi_tiltrotor] T0dbg1 G0=[-0.257 0.227 0.015 0.177 -0.984] nu_des=[-0.00 -0.00 -0.03 -0.46 0.02]
INFO  [mc_indi_tiltrotor] T0dbg2 Ws34=[0.1 20.0] Wu0=1.0 du0=-0.0038 dmin0=-18.6958 dmax0=26.3042
INFO  [mc_indi_tiltrotor] T2dbg1 G2=[-0.000 -0.650 0.060 0.001 -1.000] G5=[-0.792 -0.919 -0.000 13.196 0.008]
INFO  [mc_indi_tiltrotor] T2dbg2 Wu25=[1.0 9.0] du25=[-0.0003 -0.0002] dmax25=[31.8042 0.0120] nu_yaw=-0.025
INFO  [mc_indi_tiltrotor] WRdbg0 Wu0=1 lo0=-18.70 du0=-0.0038 pin0=-0.003 a0=[0.003 -0.001 0.002 0.000 -0.006]
INFO  [mc_indi_tiltrotor] WRdbg1 Wu1=1 lo1=-18.89 du1=-0.0005 pin1=0.002 a1=[-0.003 -0.000 0.008 -0.000 -0.006]
INFO  [mc_indi_tiltrotor] YWdbg nu2=-0.026 ach2=-0.024 r=0.05 wsp2=-0.01 ddelta=[0.0062 -0.0005 0.0016]
INFO  [mc_indi_tiltrotor] T0dbg1 G0=[-0.257 0.227 0.014 0.179 -0.984] nu_des=[0.01 -0.00 0.04 -0.57 -0.01]
INFO  [mc_indi_tiltrotor] T0dbg2 Ws34=[0.1 20.0] Wu0=1.0 du0=-0.0100 dmin0=-18.5231 dmax0=26.4769
INFO  [mc_indi_tiltrotor] T2dbg1 G2=[-0.000 -0.650 0.060 0.000 -1.000] G5=[-0.790 -0.921 -0.000 13.161 0.001]
INFO  [mc_indi_tiltrotor] T2dbg2 Wu25=[1.0 1000000.0] du25=[0.0009 -0.0001] dmax25=[31.8390 0.0120] nu_yaw=0.044
INFO  [mc_indi_tiltrotor] WRdbg0 Wu0=1 lo0=-18.52 du0=-0.0100 pin0=0.000 a0=[-0.010 -0.002 0.003 -0.003 0.002]
INFO  [mc_indi_tiltrotor] WRdbg1 Wu1=1 lo1=-19.04 du1=-0.0034 pin1=-0.000 a1=[0.011 -0.001 -0.018 0.002 0.003]
INFO  [mc_indi_tiltrotor] T0dbg1 G0=[-0.257 0.227 0.017 0.170 -0.985] nu_des=[0.00 -0.03 0.00 -0.58 -0.00]
INFO  [mc_indi_tiltrotor] T0dbg2 Ws34=[0.1 20.0] Wu0=1.0 du0=-0.0218 dmin0=-18.3795 dmax0=26.6205
INFO  [mc_indi_tiltrotor] T2dbg1 G2=[-0.000 -0.650 0.060 0.000 -1.000] G5=[-0.790 -0.919 -0.000 13.169 0.004]
INFO  [mc_indi_tiltrotor] T2dbg2 Wu25=[1.0 9.0] du25=[0.0205 0.0001] dmax25=[31.8308 0.0120] nu_yaw=0.001
INFO  [mc_indi_tiltrotor] WRdbg0 Wu0=1 lo0=-18.38 du0=-0.0218 pin0=0.000 a0=[-0.000 -0.019 0.000 -0.003 0.000]
INFO  [mc_indi_tiltrotor] WRdbg1 Wu1=1 lo1=-19.12 du1=-0.0104 pin1=0.000 a1=[0.000 -0.012 -0.001 0.001 0.000]
INFO  [mc_indi_tiltrotor] YWdbg nu2=0.004 ach2=0.004 r=-0.03 wsp2=0.01 ddelta=[-0.0015 -0.0006 -0.0004]
INFO  [mc_indi_tiltrotor] T0dbg1 G0=[-0.256 0.227 0.018 0.164 -0.986] nu_des=[-0.01 0.00 -0.01 -0.32 0.01]
INFO  [mc_indi_tiltrotor] T0dbg2 Ws34=[0.1 20.0] Wu0=1.0 du0=0.0149 dmin0=-18.4140 dmax0=26.5860
INFO  [mc_indi_tiltrotor] T2dbg1 G2=[-0.000 -0.650 0.060 0.000 -1.000] G5=[-0.795 -0.925 -0.000 13.256 0.005]
INFO  [mc_indi_tiltrotor] T2dbg2 Wu25=[1.0 9.0] du25=[-0.0118 0.0003] dmax25=[31.7444 0.0120] nu_yaw=-0.011
INFO  [mc_indi_tiltrotor] WRdbg0 Wu0=1 lo0=-18.41 du0=0.0149 pin0=0.000 a0=[0.019 0.002 -0.001 -0.002 -0.003]
INFO  [mc_indi_tiltrotor] WRdbg1 Wu1=1 lo1=-19.02 du1=-0.0164 pin1=0.000 a1=[-0.018 0.001 0.004 0.001 -0.004]
INFO  [mc_indi_tiltrotor] T0dbg1 G0=[-0.257 0.227 0.017 0.168 -0.986] nu_des=[0.00 0.00 -0.02 -0.26 0.02]
INFO  [mc_indi_tiltrotor] T0dbg2 Ws34=[0.1 20.0] Wu0=1.0 du0=-0.0084 dmin0=-18.5929 dmax0=26.4071
INFO  [mc_indi_tiltrotor] T2dbg1 G2=[-0.000 -0.650 0.060 0.001 -1.000] G5=[-0.794 -0.920 -0.001 13.238 0.010]
INFO  [mc_indi_tiltrotor] T2dbg2 Wu25=[1.0 9.0] du25=[-0.0065 -0.0003] dmax25=[31.7619 0.0120] nu_yaw=-0.018
INFO  [mc_indi_tiltrotor] WRdbg0 Wu0=1 lo0=-18.59 du0=-0.0084 pin0=-0.002 a0=[-0.001 0.001 0.001 0.000 -0.008]
INFO  [mc_indi_tiltrotor] WRdbg1 Wu1=1 lo1=-18.85 du1=0.0007 pin1=0.002 a1=[0.001 0.001 0.005 -0.000 -0.008]
INFO  [mc_indi_tiltrotor] YWdbg nu2=-0.035 ach2=-0.034 r=0.04 wsp2=-0.00 ddelta=[0.0069 -0.0006 0.0006]
INFO  [mc_indi_tiltrotor] T0dbg1 G0=[-0.257 0.227 0.014 0.178 -0.984] nu_des=[0.01 0.01 0.00 -0.47 0.01]
INFO  [mc_indi_tiltrotor] T0dbg2 Ws34=[0.1 20.0] Wu0=1.0 du0=-0.0128 dmin0=-18.5863 dmax0=26.4137
INFO  [mc_indi_tiltrotor] T2dbg1 G2=[-0.000 -0.650 0.060 0.000 -1.000] G5=[-0.792 -0.921 -0.000 13.199 0.004]
INFO  [mc_indi_tiltrotor] T2dbg2 Wu25=[1.0 1000000.0] du25=[-0.0061 -0.0003] dmax25=[31.8013 0.0120] nu_yaw=0.001
INFO  [mc_indi_tiltrotor] WRdbg0 Wu0=1 lo0=-18.59 du0=-0.0128 pin0=0.000 a0=[-0.013 0.004 0.000 -0.003 -0.002]
INFO  [mc_indi_tiltrotor] WRdbg1 Wu1=1 lo1=-18.89 du1=0.0144 pin1=-0.001 a1=[0.013 0.003 -0.000 0.001 -0.002]
INFO  [mc_indi_tiltrotor] T0dbg1 G0=[-0.257 0.227 0.016 0.171 -0.985] nu_des=[0.01 -0.02 0.03 -0.39 0.01]
INFO  [mc_indi_tiltrotor] T0dbg2 Ws34=[0.1 20.0] Wu0=1.0 du0=-0.0343 dmin0=-18.4992 dmax0=26.5008
INFO  [mc_indi_tiltrotor] T2dbg1 G2=[-0.000 -0.650 0.060 0.000 -1.000] G5=[-0.788 -0.919 -0.000 13.137 0.001]
INFO  [mc_indi_tiltrotor] T2dbg2 Wu25=[1.0 1000000.0] du25=[0.0174 -0.0000] dmax25=[31.8630 0.0120] nu_yaw=0.027
INFO  [mc_indi_tiltrotor] WRdbg0 Wu0=1 lo0=-18.50 du0=-0.0343 pin0=0.000 a0=[-0.017 -0.014 0.002 -0.002 -0.004]
INFO  [mc_indi_tiltrotor] WRdbg1 Wu1=1 lo1=-19.04 du1=-0.0064 pin1=-0.000 a1=[0.017 -0.009 -0.011 0.001 -0.004]
INFO  [mc_indi_tiltrotor] YWdbg nu2=0.037 ach2=0.036 r=-0.04 wsp2=-0.01 ddelta=[-0.0034 0.0042 -0.0001]
INFO  [mc_indi_tiltrotor] T0dbg1 G0=[-0.256 0.227 0.019 0.162 -0.987] nu_des=[0.01 -0.00 0.02 -0.36 0.00]
INFO  [mc_indi_tiltrotor] T0dbg2 Ws34=[0.1 20.0] Wu0=1.0 du0=-0.0121 dmin0=-18.4778 dmax0=26.5222
INFO  [mc_indi_tiltrotor] T2dbg1 G2=[-0.000 -0.650 0.060 0.000 -1.000] G5=[-0.789 -0.919 -0.000 13.142 0.002]
INFO  [mc_indi_tiltrotor] T2dbg2 Wu25=[1.0 1000000.0] du25=[0.0010 -0.0002] dmax25=[31.8582 0.0120] nu_yaw=0.024
INFO  [mc_indi_tiltrotor] WRdbg0 Wu0=1 lo0=-18.48 du0=-0.0121 pin0=0.000 a0=[-0.010 -0.002 0.003 -0.002 -0.001]
INFO  [mc_indi_tiltrotor] WRdbg1 Wu1=1 lo1=-19.02 du1=-0.0005 pin1=-0.000 a1=[0.011 -0.001 -0.010 0.001 -0.001]
INFO  [mc_indi_tiltrotor] T0dbg1 G0=[-0.256 0.227 0.020 0.158 -0.987] nu_des=[-0.01 -0.00 -0.01 -0.23 0.00]
INFO  [mc_indi_tiltrotor] T0dbg2 Ws34=[0.1 20.0] Wu0=1.0 du0=0.0039 dmin0=-18.3895 dmax0=26.6105
INFO  [mc_indi_tiltrotor] T2dbg1 G2=[-0.000 -0.650 0.060 0.000 -1.000] G5=[-0.794 -0.925 -0.000 13.234 0.002]
INFO  [mc_indi_tiltrotor] T2dbg2 Wu25=[1.0 9.0] du25=[-0.0015 0.0001] dmax25=[31.7659 0.0120] nu_yaw=-0.014
INFO  [mc_indi_tiltrotor] WRdbg0 Wu0=1 lo0=-18.39 du0=0.0039 pin0=0.000 a0=[0.009 -0.002 -0.002 -0.001 -0.001]
INFO  [mc_indi_tiltrotor] WRdbg1 Wu1=1 lo1=-19.01 du1=-0.0046 pin1=0.000 a1=[-0.009 -0.001 0.005 0.000 -0.001]
INFO  [mc_indi_tiltrotor] YWdbg nu2=-0.011 ach2=-0.011 r=0.01 wsp2=0.03 ddelta=[0.0007 -0.0016 -0.0001]
INFO  [mc_indi_tiltrotor] T0dbg1 G0=[-0.256 0.227 0.018 0.163 -0.987] nu_des=[-0.00 -0.00 -0.04 -0.17 0.02]
INFO  [mc_indi_tiltrotor] T0dbg2 Ws34=[0.1 20.0] Wu0=1.0 du0=-0.0036 dmin0=-18.5011 dmax0=26.4989
INFO  [mc_indi_tiltrotor] T2dbg1 G2=[-0.000 -0.650 0.060 0.000 -1.000] G5=[-0.794 -0.924 -0.000 13.240 0.005]
INFO  [mc_indi_tiltrotor] T2dbg2 Wu25=[1.0 9.0] du25=[0.0011 0.0000] dmax25=[31.7604 0.0120] nu_yaw=-0.035
INFO  [mc_indi_tiltrotor] WRdbg0 Wu0=1 lo0=-18.50 du0=-0.0036 pin0=-0.004 a0=[0.008 -0.002 0.001 0.000 -0.008]
INFO  [mc_indi_tiltrotor] WRdbg1 Wu1=1 lo1=-18.96 du1=-0.0039 pin1=0.003 a1=[-0.008 -0.001 0.011 -0.000 -0.008]
INFO  [mc_indi_tiltrotor] T0dbg1 G0=[-0.257 0.227 0.015 0.176 -0.984] nu_des=[-0.00 -0.00 -0.02 -0.40 0.01]
INFO  [mc_indi_tiltrotor] T0dbg2 Ws34=[0.1 20.0] Wu0=1.0 du0=0.0027 dmin0=-18.5824 dmax0=26.4176
INFO  [mc_indi_tiltrotor] T2dbg1 G2=[-0.000 -0.650 0.060 0.001 -1.000] G5=[-0.791 -0.916 -0.001 13.175 0.009]
INFO  [mc_indi_tiltrotor] T2dbg2 Wu25=[1.0 9.0] du25=[0.0015 0.0001] dmax25=[31.8245 0.0120] nu_yaw=-0.016
INFO  [mc_indi_tiltrotor] WRdbg0 Wu0=1 lo0=-18.58 du0=0.0027 pin0=-0.002 a0=[0.008 -0.001 0.001 0.000 -0.004]
INFO  [mc_indi_tiltrotor] WRdbg1 Wu1=1 lo1=-18.94 du1=-0.0065 pin1=0.001 a1=[-0.007 -0.001 0.005 -0.000 -0.004]
INFO  [mc_indi_tiltrotor] YWdbg nu2=-0.003 ach2=-0.003 r=0.03 wsp2=-0.02 ddelta=[0.0002 -0.0005 0.0002]
INFO  [mc_indi_tiltrotor] T0dbg1 G0=[-0.257 0.227 0.014 0.180 -0.984] nu_des=[0.01 -0.01 -0.01 -0.47 0.01]
INFO  [mc_indi_tiltrotor] T0dbg2 Ws34=[0.1 20.0] Wu0=1.0 du0=-0.0254 dmin0=-18.6327 dmax0=26.3673
INFO  [mc_indi_tiltrotor] T2dbg1 G2=[-0.000 -0.650 0.060 0.000 -1.000] G5=[-0.791 -0.919 -0.000 13.176 0.005]
INFO  [mc_indi_tiltrotor] T2dbg2 Wu25=[1.0 1000000.0] du25=[0.0076 -0.0004] dmax25=[31.8237 0.0120] nu_yaw=-0.009
INFO  [mc_indi_tiltrotor] WRdbg0 Wu0=1 lo0=-18.63 du0=-0.0254 pin0=0.000 a0=[-0.018 -0.004 0.001 -0.000 -0.004]
INFO  [mc_indi_tiltrotor] WRdbg1 Wu1=1 lo1=-18.92 du1=0.0108 pin1=-0.001 a1=[0.017 -0.004 0.003 -0.000 -0.004]
INFO  [mc_indi_tiltrotor] T0dbg1 G0=[-0.257 0.227 0.014 0.180 -0.984] nu_des=[-0.00 0.00 0.01 -0.46 0.01]
INFO  [mc_indi_tiltrotor] T0dbg2 Ws34=[0.1 20.0] Wu0=1.0 du0=0.0009 dmin0=-18.4662 dmax0=26.5338
INFO  [mc_indi_tiltrotor] T2dbg1 G2=[-0.000 -0.650 0.060 0.000 -1.000] G5=[-0.792 -0.923 -0.000 13.192 0.001]
INFO  [mc_indi_tiltrotor] T2dbg2 Wu25=[1.0 1000000.0] du25=[-0.0094 -0.0001] dmax25=[31.8081 0.0120] nu_yaw=0.010
INFO  [mc_indi_tiltrotor] WRdbg0 Wu0=1 lo0=-18.47 du0=0.0009 pin0=0.000 a0=[0.002 0.003 0.001 -0.003 -0.002]
INFO  [mc_indi_tiltrotor] WRdbg1 Wu1=1 lo1=-18.98 du1=-0.0052 pin1=-0.000 a1=[-0.002 0.002 -0.004 0.002 -0.003]
INFO  [mc_indi_tiltrotor] YWdbg nu2=0.021 ach2=0.021 r=-0.03 wsp2=-0.03 ddelta=[-0.0022 0.0024 -0.0001]
INFO  [mc_indi_tiltrotor] T0dbg1 G0=[-0.257 0.227 0.017 0.168 -0.986] nu_des=[0.00 0.06 0.04 -0.39 0.00]
INFO  [mc_indi_tiltrotor] T0dbg2 Ws34=[0.1 20.0] Wu0=1.0 du0=0.0372 dmin0=-18.3820 dmax0=26.6180
INFO  [mc_indi_tiltrotor] T2dbg1 G2=[-0.000 -0.650 0.060 0.000 -1.000] G5=[-0.789 -0.920 -0.000 13.156 0.001]
INFO  [mc_indi_tiltrotor] T2dbg2 Wu25=[1.0 1000000.0] du25=[-0.0613 -0.0001] dmax25=[31.8442 0.0120] nu_yaw=0.036
INFO  [mc_indi_tiltrotor] WRdbg0 Wu0=1 lo0=-18.38 du0=0.0372 pin0=0.000 a0=[-0.007 0.044 0.003 -0.002 -0.001]
INFO  [mc_indi_tiltrotor] WRdbg1 Wu1=1 lo1=-19.08 du1=0.0201 pin1=-0.000 a1=[0.007 0.028 -0.014 0.001 -0.002]
INFO  [mc_indi_tiltrotor] T0dbg1 G0=[-0.256 0.227 0.019 0.162 -0.987] nu_des=[-0.01 -0.01 -0.02 -0.37 0.01]
INFO  [mc_indi_tiltrotor] T0dbg2 Ws34=[0.1 20.0] Wu0=1.0 du0=0.0057 dmin0=-18.4293 dmax0=26.5707
INFO  [mc_indi_tiltrotor] T2dbg1 G2=[-0.000 -0.650 0.060 0.000 -1.000] G5=[-0.791 -0.919 -0.000 13.180 0.006]
INFO  [mc_indi_tiltrotor] T2dbg2 Wu25=[1.0 9.0] du25=[0.0019 0.0004] dmax25=[31.8201 0.0120] nu_yaw=-0.022
INFO  [mc_indi_tiltrotor] WRdbg0 Wu0=1 lo0=-18.43 du0=0.0057 pin0=0.000 a0=[0.019 -0.008 -0.002 -0.002 -0.002]
INFO  [mc_indi_tiltrotor] WRdbg1 Wu1=1 lo1=-19.00 du1=-0.0172 pin1=0.000 a1=[-0.019 -0.005 0.008 0.001 -0.002]
INFO  [mc_indi_tiltrotor] YWdbg nu2=-0.039 ach2=-0.039 r=0.00 wsp2=0.04 ddelta=[0.0029 -0.0053 -0.0000]
INFO  [mc_indi_tiltrotor] T0dbg1 G0=[-0.257 0.227 0.016 0.174 -0.985] nu_des=[0.00 -0.04 -0.00 -0.44 0.04]
INFO  [mc_indi_tiltrotor] T0dbg2 Ws34=[0.1 20.0] Wu0=1.0 du0=-0.0468 dmin0=-18.5789 dmax0=26.4211
INFO  [mc_indi_tiltrotor] T2dbg1 G2=[-0.000 -0.650 0.060 0.001 -1.000] G5=[-0.788 -0.914 -0.001 13.130 0.009]
INFO  [mc_indi_tiltrotor] T2dbg2 Wu25=[1.0 9.0] du25=[0.0284 0.0002] dmax25=[31.8699 0.0120] nu_yaw=-0.005
INFO  [mc_indi_tiltrotor] WRdbg0 Wu0=1 lo0=-18.58 du0=-0.0468 pin0=0.000 a0=[-0.005 -0.028 -0.000 -0.002 -0.011]
INFO  [mc_indi_tiltrotor] WRdbg1 Wu1=1 lo1=-18.93 du1=-0.0226 pin1=0.000 a1=[0.005 -0.016 0.002 0.001 -0.014]
INFO  [mc_indi_tiltrotor] T0dbg1 G0=[-0.257 0.227 0.015 0.177 -0.984] nu_des=[-0.00 -0.00 -0.01 -0.41 0.01]
INFO  [mc_indi_tiltrotor] T0dbg2 Ws34=[0.1 20.0] Wu0=1.0 du0=0.0023 dmin0=-18.5701 dmax0=26.4299
INFO  [mc_indi_tiltrotor] T2dbg1 G2=[-0.000 -0.650 0.060 0.000 -1.000] G5=[-0.790 -0.919 -0.000 13.163 0.004]
INFO  [mc_indi_tiltrotor] T2dbg2 Wu25=[1.0 9.0] du25=[0.0015 0.0002] dmax25=[31.8370 0.0120] nu_yaw=-0.009
INFO  [mc_indi_tiltrotor] WRdbg0 Wu0=1 lo0=-18.57 du0=0.0023 pin0=-0.001 a0=[0.009 -0.002 0.001 0.000 -0.005]
INFO  [mc_indi_tiltrotor] WRdbg1 Wu1=1 lo1=-18.91 du1=-0.0121 pin1=0.000 a1=[-0.008 -0.002 0.003 -0.000 -0.005]
INFO  [mc_indi_tiltrotor] YWdbg nu2=-0.013 ach2=-0.012 r=0.03 wsp2=-0.02 ddelta=[0.0024 -0.0003 0.0001]
INFO  [commander] Disarmed by internal command	
INFO  [tone_alarm] notify neutral
WARN  [health_and_arming_checks] Preflight Fail: vertical velocity unstable
INFO  [logger] closed logfile, bytes written: 12651632
