
______  __   __    ___ 
| ___ \ \ \ / /   /   |
| |_/ /  \ V /   / /| |
|  __/   /   \  / /_| |
| |     / /^\ \ \___  |
\_|     \/   \/     |_/

px4 starting.

INFO  [px4] startup script: /bin/sh etc/init.d-posix/rcS 0
INFO  [init] found model autostart file as SYS_AUTOSTART=4023
INFO  [param] selected parameter default file parameters.bson
INFO  [param] importing from 'parameters.bson'
INFO  [parameters] BSON document size 517 bytes, decoded 517 bytes (INT32:16, FLOAT:9)
INFO  [param] selected parameter backup file parameters_backup.bson
ERROR [param] Parameter UXRCE_DDS_KEY not found.
INFO  [dataman] data manager file './dataman' size is 7872608 bytes
INFO  [init] Gazebo simulator
INFO  [init] starting gazebo with world: /home/umran/PX4-Autopilot/Tools/simulation/gz/worlds/default.sdf
WARN  [init] PX4_GZ_MODEL_POSE not set, spawning at origin.
[1;33mWarning [Utils.cc:132][0m [/sdf/model[@name="tiltrotor_tailplane"]/link[@name="base_link"]/sensor[@name="imu_sensor"]/gz_frame_id:/home/umran/PX4-Autopilot/Tools/simulation/gz/models/tiltrotor_indi/model.sdf:L405]: XML Element[gz_frame_id], child of element[sensor], not defined in SDF. Copying[gz_frame_id] as children of [sensor].
[1;33mWarning [Utils.cc:132][0m [/sdf/model[@name="tiltrotor_tailplane"]/link[@name="base_link"]/sensor[@name="air_pressure_sensor"]/gz_frame_id:/home/umran/PX4-Autopilot/Tools/simulation/gz/models/tiltrotor_indi/model.sdf:L464]: XML Element[gz_frame_id], child of element[sensor], not defined in SDF. Copying[gz_frame_id] as children of [sensor].
[1;33mWarning [Utils.cc:132][0m [/sdf/model[@name="tiltrotor_tailplane"]/link[@name="base_link"]/sensor[@name="magnetometer_sensor"]/gz_frame_id:/home/umran/PX4-Autopilot/Tools/simulation/gz/models/tiltrotor_indi/model.sdf:L477]: XML Element[gz_frame_id], child of element[sensor], not defined in SDF. Copying[gz_frame_id] as children of [sensor].
[1;33mWarning [Utils.cc:132][0m [/sdf/model[@name="tiltrotor_tailplane"]/link[@name="base_link"]/sensor[@name="navsat_sensor"]/gz_frame_id:/home/umran/PX4-Autopilot/Tools/simulation/gz/models/tiltrotor_indi/model.sdf:L499]: XML Element[gz_frame_id], child of element[sensor], not defined in SDF. Copying[gz_frame_id] as children of [sensor].
INFO  [lockstep_scheduler] setting initial absolute time to 8000 us
INFO  [gz_bridge] world: default, model name: tiltrotor_indi_0, simulation model: tiltrotor_indi
INFO  [gz_bridge] Requested Model Position: 0,0,0,0,0,0
INFO  [gz_bridge] Model position z is less or equal 0.0, moving upwards
WARN  [vehicle_angular_velocity] no gyro selected, using sensor_gyro:0 1310988
INFO  [commander] LED: open /dev/led0 failed (22)
etc/init.d-posix/rcS: 21: /home/umran/PX4-Autopilot/build/px4_sitl_default/rootfs/etc/init.d/rc.mc_apps: mc_att_control: not found
etc/init.d-posix/rcS: 32: /home/umran/PX4-Autopilot/build/px4_sitl_default/rootfs/etc/init.d/rc.mc_apps: flight_mode_manager: not found
INFO  [tone_alarm] home set
ERROR [param] Parameter UXRCE_DDS_DOM_ID not found.
etc/init.d-posix/rcS: 310: uxrce_dds_client: not found
INFO  [mavlink] mode: Normal, data rate: 4000000 B/s on udp port 18570 remote port 14550
INFO  [mavlink] mode: Onboard, data rate: 4000000 B/s on udp port 14580 remote port 14540
INFO  [mavlink] mode: Onboard, data rate: 4000 B/s on udp port 14280 remote port 14030
INFO  [mavlink] mode: Gimbal, data rate: 400000 B/s on udp port 13030 remote port 13280
etc/init.d-posix/rcS: 11: /home/umran/PX4-Autopilot/build/px4_sitl_default/rootfs/etc/init.d-posix/airframes/4023_gz_tiltrotor_indi.post: mc_att_control: not found
etc/init.d-posix/rcS: 12: /home/umran/PX4-Autopilot/build/px4_sitl_default/rootfs/etc/init.d-posix/airframes/4023_gz_tiltrotor_indi.post: flight_mode_manager: not found
INFO  [logger] logger started (mode=all)
INFO  [logger] logging 13 topics from logger_topics.txt
INFO  [logger] Start file log (type: full)
INFO  [logger] [logger] ./log/2026-08-31/20_24_49.ulg	
INFO  [logger] Opened full log file: ./log/2026-08-31/20_24_49.ulg
INFO  [mavlink] MAVLink only on localhost (set param MAV_{i}_BROADCAST = 1 to enable network)
INFO  [mavlink] MAVLink only on localhost (set param MAV_{i}_BROADCAST = 1 to enable network)
INFO  [px4] Startup script returned successfully
INFO  [commander] [32mReady for takeoff![0m
INFO  [commander] Armed by internal command	
INFO  [tone_alarm] arming warning
INFO  [mc_indi_tiltrotor] ground datum: z = -0.11 m (agl = datum - z)
INFO  [mc_indi_tiltrotor] T0dbg1 G0=[-0.355 0.248 0.001 0.168 -0.986] nu_des=[-0.01 -0.00 -0.25 -2.76 -0.23]
INFO  [mc_indi_tiltrotor] T0dbg2 Ws34=[0.1 20.0] Wu0=1.0 du0=0.0979 dmin0=-16.4497 dmax0=28.5503
INFO  [mc_indi_tiltrotor] T2dbg1 G2=[0.000 -0.550 0.060 0.000 -1.000] G5=[-0.969 -1.131 -0.000 16.151 0.000]
INFO  [mc_indi_tiltrotor] T2dbg2 Wu25=[1.0 1000000.0] du25=[0.0707 0.0000] dmax25=[28.8494 0.0018] nu_yaw=-0.251
INFO  [mc_indi_tiltrotor] WRdbg0 Wu0=1 lo0=-16.45 du0=0.0979 pin0=0.004 a0=[0.015 -0.000 -0.000 -0.000 0.079]
INFO  [mc_indi_tiltrotor] WRdbg1 Wu1=1 lo1=-16.45 du1=0.0700 pin1=0.005 a1=[-0.014 -0.000 0.000 -0.000 0.080]
INFO  [mc_indi_tiltrotor] YWdbg nu2=-0.251 ach2=-0.010 r=0.00 wsp2=-0.50 ddelta=[0.0018 0.0000 0.0000]
INFO  [commander] Takeoff detected	
INFO  [mc_indi_tiltrotor] T0dbg1 G0=[-0.355 0.247 -0.002 0.175 -0.985] nu_des=[-0.01 -0.04 -0.10 -3.14 0.21]
INFO  [mc_indi_tiltrotor] T0dbg2 Ws34=[0.1 20.0] Wu0=1.0 du0=-0.0916 dmin0=-17.2382 dmax0=27.7618
INFO  [mc_indi_tiltrotor] T2dbg1 G2=[-0.000 -0.550 0.060 0.003 -1.000] G5=[-0.928 -1.055 -0.003 15.469 0.051]
INFO  [mc_indi_tiltrotor] T2dbg2 Wu25=[1.0 1000000.0] du25=[-0.0116 0.0009] dmax25=[29.5312 0.0009] nu_yaw=-0.100
INFO  [mc_indi_tiltrotor] WRdbg0 Wu0=1 lo0=-17.24 du0=-0.0916 pin0=-0.004 a0=[0.011 -0.027 0.000 -0.000 -0.072]
INFO  [mc_indi_tiltrotor] WRdbg1 Wu1=1 lo1=-17.49 du1=-0.1008 pin1=0.011 a1=[-0.011 -0.028 0.000 -0.000 -0.073]
INFO  [mc_indi_tiltrotor] pos_hold: holding x=-0.07 y=-0.05
INFO  [mc_indi_tiltrotor] YWdbg nu2=0.197 ach2=0.086 r=-0.22 wsp2=0.13 ddelta=[0.0012 0.0120 0.0002]
INFO  [mc_indi_tiltrotor] T0dbg1 G0=[-0.355 0.243 -0.009 0.195 -0.981] nu_des=[0.00 -0.16 0.20 -1.65 0.65]
INFO  [mc_indi_tiltrotor] T0dbg2 Ws34=[0.1 20.0] Wu0=1.0 du0=-0.2703 dmin0=-19.7395 dmax0=25.2605
INFO  [mc_indi_tiltrotor] T2dbg1 G2=[-0.000 -0.550 0.060 0.002 -1.000] G5=[-1.133 -1.304 -0.002 18.876 0.031]
INFO  [mc_indi_tiltrotor] T2dbg2 Wu25=[1.0 9.0] du25=[-0.0589 0.0009] dmax25=[26.1236 0.0027] nu_yaw=0.196
INFO  [mc_indi_tiltrotor] WRdbg0 Wu0=1 lo0=-19.74 du0=-0.2703 pin0=0.054 a0=[-0.004 -0.103 0.003 0.001 -0.222]
INFO  [mc_indi_tiltrotor] WRdbg1 Wu1=1 lo1=-19.97 du1=-0.2980 pin1=0.019 a1=[0.003 -0.086 -0.010 -0.002 -0.223]
INFO  [mc_indi_tiltrotor] T0dbg1 G0=[-0.355 0.243 -0.010 0.197 -0.980] nu_des=[0.00 -0.36 0.03 -1.72 0.11]
INFO  [mc_indi_tiltrotor] T0dbg2 Ws34=[0.1 20.0] Wu0=1.0 du0=-0.1955 dmin0=-17.5684 dmax0=27.4316
INFO  [mc_indi_tiltrotor] T2dbg1 G2=[-0.000 -0.550 0.060 0.001 -1.000] G5=[-1.040 -1.200 -0.002 17.337 0.025]
INFO  [mc_indi_tiltrotor] T2dbg2 Wu25=[1.0 1000000.0] du25=[0.3384 0.0066] dmax25=[27.6627 0.0066] nu_yaw=0.035
INFO  [mc_indi_tiltrotor] WRdbg0 Wu0=1 lo0=-17.57 du0=-0.1955 pin0=0.067 a0=[-0.002 -0.222 0.000 -0.000 -0.038]
INFO  [mc_indi_tiltrotor] WRdbg1 Wu1=1 lo1=-17.67 du1=-0.2014 pin1=0.058 a1=[0.002 -0.223 -0.000 -0.000 -0.038]
INFO  [mc_indi_tiltrotor] YWdbg nu2=-0.046 ach2=0.007 r=0.17 wsp2=0.28 ddelta=[0.0120 0.0120 0.0017]
INFO  [mc_indi_tiltrotor] T0dbg1 G0=[-0.355 0.239 -0.019 0.221 -0.975] nu_des=[0.01 -0.16 -0.05 -2.19 0.19]
INFO  [mc_indi_tiltrotor] T0dbg2 Ws34=[0.1 20.0] Wu0=1.0 du0=-0.1076 dmin0=-16.0820 dmax0=28.9180
INFO  [mc_indi_tiltrotor] T2dbg1 G2=[-0.000 -0.550 0.060 0.002 -1.000] G5=[-0.932 -1.068 -0.002 15.528 0.034]
INFO  [mc_indi_tiltrotor] T2dbg2 Wu25=[1.0 1000000.0] du25=[0.0829 0.0005] dmax25=[29.4723 0.0041] nu_yaw=-0.047
INFO  [mc_indi_tiltrotor] WRdbg0 Wu0=1 lo0=-16.08 du0=-0.1076 pin0=0.070 a0=[-0.014 -0.099 -0.000 -0.000 -0.065]
INFO  [mc_indi_tiltrotor] WRdbg1 Wu1=1 lo1=-16.14 du1=-0.1049 pin1=0.046 a1=[0.013 -0.099 -0.000 -0.000 -0.065]
INFO  [mc_indi_tiltrotor] T0dbg1 G0=[-0.355 0.239 -0.019 0.221 -0.975] nu_des=[-0.01 0.14 -0.08 -1.91 -0.01]
INFO  [mc_indi_tiltrotor] T0dbg2 Ws34=[0.1 20.0] Wu0=1.0 du0=0.0458 dmin0=-16.1834 dmax0=28.8166
INFO  [mc_indi_tiltrotor] T2dbg1 G2=[-0.000 -0.550 0.060 0.002 -1.000] G5=[-0.894 -1.030 -0.001 14.907 0.024]
INFO  [mc_indi_tiltrotor] T2dbg2 Wu25=[1.0 1000000.0] du25=[-0.1130 -0.0016] dmax25=[30.0929 0.0002] nu_yaw=-0.084
INFO  [mc_indi_tiltrotor] WRdbg0 Wu0=1 lo0=-16.18 du0=0.0458 pin0=-0.064 a0=[0.022 0.085 0.000 -0.000 0.003]
INFO  [mc_indi_tiltrotor] WRdbg1 Wu1=1 lo1=-16.55 du1=0.0279 pin1=-0.040 a1=[-0.021 0.085 0.000 -0.000 0.004]
INFO  [mc_indi_tiltrotor] YWdbg nu2=-0.088 ach2=-0.066 r=0.20 wsp2=-0.07 ddelta=[-0.0012 -0.0120 -0.0010]
INFO  [mc_indi_tiltrotor] T0dbg1 G0=[-0.355 0.242 -0.013 0.205 -0.979] nu_des=[0.00 0.10 -0.09 -1.21 0.00]
INFO  [mc_indi_tiltrotor] T0dbg2 Ws34=[0.1 20.0] Wu0=1.0 du0=0.0015 dmin0=-16.4966 dmax0=28.5034
INFO  [mc_indi_tiltrotor] T2dbg1 G2=[-0.000 -0.550 0.060 0.002 -1.000] G5=[-0.912 -1.049 -0.002 15.199 0.027]
INFO  [mc_indi_tiltrotor] T2dbg2 Wu25=[1.0 1000000.0] du25=[-0.0800 -0.0018] dmax25=[29.8006 -0.0000] nu_yaw=-0.095
INFO  [mc_indi_tiltrotor] WRdbg0 Wu0=1 lo0=-16.50 du0=0.0015 pin0=-0.056 a0=[-0.005 0.064 0.000 -0.000 -0.001]
INFO  [mc_indi_tiltrotor] WRdbg1 Wu1=1 lo1=-16.57 du1=0.0377 pin1=-0.030 a1=[0.005 0.065 0.000 -0.000 -0.002]
INFO  [mc_indi_tiltrotor] T0dbg1 G0=[-0.355 0.243 -0.011 0.199 -0.980] nu_des=[-0.00 -0.04 -0.03 -0.69 0.03]
INFO  [mc_indi_tiltrotor] T0dbg2 Ws34=[0.1 20.0] Wu0=1.0 du0=-0.0062 dmin0=-16.3903 dmax0=28.6097
INFO  [mc_indi_tiltrotor] T2dbg1 G2=[-0.000 -0.550 0.060 0.002 -1.000] G5=[-0.944 -1.087 -0.002 15.740 0.027]
INFO  [mc_indi_tiltrotor] T2dbg2 Wu25=[1.0 9.0] du25=[0.0190 0.0003] dmax25=[29.2595 0.0020] nu_yaw=-0.027
INFO  [mc_indi_tiltrotor] WRdbg0 Wu0=1 lo0=-16.39 du0=-0.0062 pin0=0.000 a0=[0.000 0.005 -0.000 -0.004 -0.007]
INFO  [mc_indi_tiltrotor] WRdbg1 Wu1=1 lo1=-16.62 du1=-0.0175 pin1=0.000 a1=[-0.000 -0.010 0.005 -0.002 -0.009]
INFO  [mc_indi_tiltrotor] YWdbg nu2=0.061 ach2=-0.010 r=-0.12 wsp2=-0.16 ddelta=[-0.0120 -0.0120 -0.0019]
INFO  [mc_indi_tiltrotor] T0dbg1 G0=[-0.355 0.243 -0.009 0.195 -0.981] nu_des=[-0.01 -0.19 0.07 -0.66 0.08]
INFO  [mc_indi_tiltrotor] T0dbg2 Ws34=[0.1 20.0] Wu0=1.0 du0=-0.1370 dmin0=-16.4445 dmax0=28.5555
INFO  [mc_indi_tiltrotor] T2dbg1 G2=[-0.000 -0.550 0.060 0.002 -1.000] G5=[-0.947 -1.086 -0.002 15.780 0.035]
INFO  [mc_indi_tiltrotor] T2dbg2 Wu25=[1.0 1000000.0] du25=[0.2023 0.0047] dmax25=[29.2195 0.0083] nu_yaw=0.069
INFO  [mc_indi_tiltrotor] WRdbg0 Wu0=1 lo0=-16.44 du0=-0.1370 pin0=-0.011 a0=[0.018 -0.116 -0.000 -0.000 -0.029]
INFO  [mc_indi_tiltrotor] WRdbg1 Wu1=1 lo1=-16.66 du1=-0.1611 pin1=0.002 a1=[-0.017 -0.117 -0.000 -0.000 -0.029]
INFO  [mc_indi_tiltrotor] T0dbg1 G0=[-0.355 0.248 0.000 0.168 -0.986] nu_des=[-0.01 0.01 0.07 -0.06 -0.00]
INFO  [mc_indi_tiltrotor] T0dbg2 Ws34=[0.1 20.0] Wu0=1.0 du0=0.0217 dmin0=-16.4821 dmax0=28.5179
INFO  [mc_indi_tiltrotor] T2dbg1 G2=[-0.000 -0.550 0.060 0.002 -1.000] G5=[-0.946 -1.087 -0.002 15.761 0.030]
INFO  [mc_indi_tiltrotor] T2dbg2 Wu25=[1.0 9.0] du25=[-0.0176 0.0002] dmax25=[29.2388 0.0025] nu_yaw=0.069
INFO  [mc_indi_tiltrotor] WRdbg0 Wu0=1 lo0=-16.48 du0=0.0217 pin0=0.005 a0=[0.010 0.006 0.001 0.000 0.000]
INFO  [mc_indi_tiltrotor] WRdbg1 Wu1=1 lo1=-16.72 du1=-0.0158 pin1=-0.010 a1=[-0.009 0.006 -0.003 -0.000 0.000]
INFO  [mc_indi_tiltrotor] YWdbg nu2=0.008 ach2=0.008 r=-0.10 wsp2=0.07 ddelta=[0.0014 0.0027 0.0000]
INFO  [mc_indi_tiltrotor] T0dbg1 G0=[-0.355 0.251 0.007 0.150 -0.989] nu_des=[0.01 -0.02 0.01 0.23 0.04]
INFO  [mc_indi_tiltrotor] T0dbg2 Ws34=[0.1 20.0] Wu0=1.0 du0=-0.0158 dmin0=-16.7949 dmax0=28.2051
INFO  [mc_indi_tiltrotor] T2dbg1 G2=[-0.000 -0.550 0.060 0.002 -1.000] G5=[-0.950 -1.091 -0.002 15.841 0.033]
INFO  [mc_indi_tiltrotor] T2dbg2 Wu25=[1.0 9.0] du25=[-0.0081 0.0000] dmax25=[29.1590 0.0020] nu_yaw=0.011
INFO  [mc_indi_tiltrotor] WRdbg0 Wu0=1 lo0=-16.79 du0=-0.0158 pin0=0.000 a0=[-0.007 0.001 0.001 0.001 -0.012]
INFO  [mc_indi_tiltrotor] WRdbg1 Wu1=1 lo1=-16.91 du1=-0.0108 pin1=0.000 a1=[0.009 -0.005 -0.002 0.001 -0.013]
INFO  [mc_indi_tiltrotor] T0dbg1 G0=[-0.355 0.249 0.003 0.161 -0.987] nu_des=[-0.00 0.14 -0.01 -0.07 0.16]
INFO  [mc_indi_tiltrotor] T0dbg2 Ws34=[0.1 20.0] Wu0=1.0 du0=0.0306 dmin0=-16.7195 dmax0=28.2805
INFO  [mc_indi_tiltrotor] T2dbg1 G2=[-0.000 -0.550 0.060 0.004 -1.000] G5=[-0.989 -1.118 -0.004 16.481 0.066]
INFO  [mc_indi_tiltrotor] T2dbg2 Wu25=[1.0 1000000.0] du25=[-0.2156 -0.0015] dmax25=[28.5189 0.0021] nu_yaw=-0.009
INFO  [mc_indi_tiltrotor] WRdbg0 Wu0=1 lo0=-16.72 du0=0.0306 pin0=-0.011 a0=[0.006 0.089 -0.000 -0.000 -0.053]
INFO  [mc_indi_tiltrotor] WRdbg1 Wu1=1 lo1=-16.94 du1=0.0194 pin1=-0.011 a1=[-0.006 0.090 0.000 -0.000 -0.054]
INFO  [mc_indi_tiltrotor] YWdbg nu2=-0.112 ach2=0.002 r=0.15 wsp2=0.02 ddelta=[0.0120 0.0120 -0.0014]
INFO  [mc_indi_tiltrotor] T0dbg1 G0=[-0.355 0.247 -0.002 0.173 -0.985] nu_des=[0.02 -0.09 -0.10 -1.27 1.04]
INFO  [mc_indi_tiltrotor] T0dbg2 Ws34=[0.1 20.0] Wu0=1.0 du0=-0.3559 dmin0=-21.1256 dmax0=23.8744
INFO  [mc_indi_tiltrotor] T2dbg1 G2=[-0.000 -0.550 0.060 0.001 -1.000] G5=[-1.228 -1.422 -0.001 20.474 0.021]
INFO  [mc_indi_tiltrotor] T2dbg2 Wu25=[1.0 1000000.0] du25=[-0.2848 -0.0010] dmax25=[24.5264 0.0008] nu_yaw=-0.105
INFO  [mc_indi_tiltrotor] WRdbg0 Wu0=1 lo0=-21.13 du0=-0.3559 pin0=0.080 a0=[-0.026 -0.057 -0.000 -0.000 -0.353]
INFO  [mc_indi_tiltrotor] WRdbg1 Wu1=1 lo1=-21.33 du1=-0.3517 pin1=0.039 a1=[0.025 -0.058 0.000 -0.000 -0.357]
INFO  [mc_indi_tiltrotor] T0dbg1 G0=[-0.355 0.243 -0.010 0.197 -0.980] nu_des=[-0.01 0.35 -0.05 -1.14 0.16]
INFO  [mc_indi_tiltrotor] T0dbg2 Ws34=[0.1 20.0] Wu0=1.0 du0=0.1104 dmin0=-17.9281 dmax0=27.0719
INFO  [mc_indi_tiltrotor] T2dbg1 G2=[-0.000 -0.550 0.060 0.001 -1.000] G5=[-1.032 -1.196 -0.001 17.197 0.014]
INFO  [mc_indi_tiltrotor] T2dbg2 Wu25=[1.0 1000000.0] du25=[-0.4241 -0.0008] dmax25=[27.8028 0.0009] nu_yaw=-0.045
INFO  [mc_indi_tiltrotor] WRdbg0 Wu0=1 lo0=-17.93 du0=0.1104 pin0=-0.072 a0=[0.017 0.219 0.000 -0.000 -0.053]
INFO  [mc_indi_tiltrotor] WRdbg1 Wu1=1 lo1=-18.20 du1=0.1127 pin1=-0.038 a1=[-0.017 0.221 0.000 -0.000 -0.054]
INFO  [mc_indi_tiltrotor] YWdbg nu2=0.020 ach2=0.004 r=0.01 wsp2=-0.16 ddelta=[0.0012 0.0012 0.0002]
INFO  [mc_indi_tiltrotor] T0dbg1 G0=[-0.355 0.243 -0.009 0.195 -0.981] nu_des=[0.01 -0.15 0.03 -0.63 0.43]
INFO  [mc_indi_tiltrotor] T0dbg2 Ws34=[0.1 20.0] Wu0=1.0 du0=-0.1874 dmin0=-16.4514 dmax0=28.5486
INFO  [mc_indi_tiltrotor] T2dbg1 G2=[-0.000 -0.550 0.060 0.002 -1.000] G5=[-0.962 -1.103 -0.002 16.033 0.035]
INFO  [mc_indi_tiltrotor] T2dbg2 Wu25=[1.0 9.0] du25=[-0.0066 0.0023] dmax25=[28.9666 0.0032] nu_yaw=0.027
INFO  [mc_indi_tiltrotor] WRdbg0 Wu0=1 lo0=-16.45 du0=-0.1874 pin0=0.067 a0=[-0.013 -0.097 0.000 0.000 -0.145]
INFO  [mc_indi_tiltrotor] WRdbg1 Wu1=1 lo1=-16.71 du1=-0.1929 pin1=0.028 a1=[0.012 -0.085 -0.001 -0.001 -0.146]
INFO  [mc_indi_tiltrotor] T0dbg1 G0=[-0.355 0.243 -0.010 0.196 -0.981] nu_des=[0.01 0.06 0.03 -0.77 0.08]
INFO  [mc_indi_tiltrotor] T0dbg2 Ws34=[0.1 20.0] Wu0=1.0 du0=-0.0385 dmin0=-15.9570 dmax0=29.0430
INFO  [mc_indi_tiltrotor] T2dbg1 G2=[-0.000 -0.550 0.060 0.002 -1.000] G5=[-0.911 -1.045 -0.002 15.184 0.033]
INFO  [mc_indi_tiltrotor] T2dbg2 Wu25=[1.0 9.0] du25=[-0.0690 -0.0015] dmax25=[29.8159 -0.0005] nu_yaw=0.030
INFO  [mc_indi_tiltrotor] WRdbg0 Wu0=1 lo0=-15.96 du0=-0.0385 pin0=0.000 a0=[-0.009 -0.006 0.000 -0.004 -0.019]
INFO  [mc_indi_tiltrotor] WRdbg1 Wu1=1 lo1=-16.13 du1=-0.0039 pin1=0.000 a1=[0.012 0.014 -0.005 -0.003 -0.023]
INFO  [mc_indi_tiltrotor] YWdbg nu2=0.067 ach2=0.021 r=-0.13 wsp2=0.00 ddelta=[0.0006 0.0024 0.0024]
INFO  [mc_indi_tiltrotor] T0dbg1 G0=[-0.355 0.248 0.001 0.167 -0.986] nu_des=[0.00 0.10 0.07 0.02 0.04]
INFO  [mc_indi_tiltrotor] T0dbg2 Ws34=[0.1 20.0] Wu0=1.0 du0=-0.0037 dmin0=-16.1483 dmax0=28.8517
INFO  [mc_indi_tiltrotor] T2dbg1 G2=[-0.000 -0.550 0.060 0.001 -1.000] G5=[-0.912 -1.052 -0.001 15.208 0.022]
INFO  [mc_indi_tiltrotor] T2dbg2 Wu25=[1.0 1000000.0] du25=[-0.0890 -0.0014] dmax25=[29.7920 0.0003] nu_yaw=0.071
INFO  [mc_indi_tiltrotor] WRdbg0 Wu0=1 lo0=-16.15 du0=-0.0037 pin0=-0.047 a0=[-0.002 0.060 0.000 0.000 -0.015]
INFO  [mc_indi_tiltrotor] WRdbg1 Wu1=1 lo1=-16.32 du1=0.0159 pin1=-0.032 a1=[0.002 0.061 -0.000 0.000 -0.015]
INFO  [mc_indi_tiltrotor] T0dbg1 G0=[-0.355 0.247 -0.000 0.170 -0.985] nu_des=[-0.00 0.00 -0.01 -0.34 0.01]
INFO  [mc_indi_tiltrotor] T0dbg2 Ws34=[0.1 20.0] Wu0=1.0 du0=-0.0013 dmin0=-16.3197 dmax0=28.6803
INFO  [mc_indi_tiltrotor] T2dbg1 G2=[-0.000 -0.550 0.060 0.003 -1.000] G5=[-0.943 -1.079 -0.002 15.718 0.039]
INFO  [mc_indi_tiltrotor] T2dbg2 Wu25=[1.0 9.0] du25=[-0.0014 -0.0000] dmax25=[29.2816 0.0017] nu_yaw=-0.005
INFO  [mc_indi_tiltrotor] WRdbg0 Wu0=1 lo0=-16.32 du0=-0.0013 pin0=0.000 a0=[0.003 -0.000 -0.000 -0.002 -0.002]
INFO  [mc_indi_tiltrotor] WRdbg1 Wu1=1 lo1=-16.59 du1=-0.0074 pin1=0.000 a1=[-0.004 0.000 0.001 -0.001 -0.003]
INFO  [mc_indi_tiltrotor] YWdbg nu2=0.007 ach2=0.005 r=0.05 wsp2=0.06 ddelta=[0.0029 0.0038 0.0036]
INFO  [mc_indi_tiltrotor] T0dbg1 G0=[-0.355 0.248 0.002 0.164 -0.986] nu_des=[-0.02 -0.10 -0.00 -0.04 0.07]
INFO  [mc_indi_tiltrotor] T0dbg2 Ws34=[0.1 20.0] Wu0=1.0 du0=-0.1004 dmin0=-16.6055 dmax0=28.3945
INFO  [mc_indi_tiltrotor] T2dbg1 G2=[-0.000 -0.550 0.060 0.002 -1.000] G5=[-0.939 -1.077 -0.002 15.642 0.032]
INFO  [mc_indi_tiltrotor] T2dbg2 Wu25=[1.0 1000000.0] du25=[0.1317 0.0015] dmax25=[29.3578 0.0015] nu_yaw=-0.003
INFO  [mc_indi_tiltrotor] WRdbg0 Wu0=1 lo0=-16.61 du0=-0.1004 pin0=-0.040 a0=[0.024 -0.061 -0.000 -0.000 -0.024]
INFO  [mc_indi_tiltrotor] WRdbg1 Wu1=1 lo1=-16.93 du1=-0.1261 pin1=-0.018 a1=[-0.023 -0.061 0.000 -0.000 -0.024]
INFO  [mc_indi_tiltrotor] T0dbg1 G0=[-0.355 0.246 -0.003 0.177 -0.984] nu_des=[0.00 -0.04 0.01 -0.42 0.01]
INFO  [mc_indi_tiltrotor] T0dbg2 Ws34=[0.1 20.0] Wu0=1.0 du0=-0.0047 dmin0=-16.8158 dmax0=28.1842
INFO  [mc_indi_tiltrotor] T2dbg1 G2=[-0.000 -0.550 0.060 0.004 -1.000] G5=[-0.961 -1.089 -0.003 16.011 0.058]
INFO  [mc_indi_tiltrotor] T2dbg2 Wu25=[1.0 9.0] du25=[0.0222 0.0002] dmax25=[28.9887 0.0018] nu_yaw=0.006
INFO  [mc_indi_tiltrotor] WRdbg0 Wu0=1 lo0=-16.82 du0=-0.0047 pin0=0.000 a0=[-0.005 0.004 0.000 -0.002 -0.001]
INFO  [mc_indi_tiltrotor] WRdbg1 Wu1=1 lo1=-17.03 du1=-0.0070 pin1=0.000 a1=[0.006 -0.009 -0.001 -0.001 -0.002]
INFO  [mc_indi_tiltrotor] YWdbg nu2=-0.007 ach2=-0.007 r=0.03 wsp2=-0.02 ddelta=[0.0022 0.0009 0.0003]
INFO  [mc_indi_tiltrotor] T0dbg1 G0=[-0.355 0.248 -0.000 0.169 -0.986] nu_des=[0.01 -0.19 -0.02 -0.12 0.05]
INFO  [mc_indi_tiltrotor] T0dbg2 Ws34=[0.1 20.0] Wu0=1.0 du0=-0.0992 dmin0=-16.8744 dmax0=28.1256
INFO  [mc_indi_tiltrotor] T2dbg1 G2=[-0.000 -0.550 0.060 0.003 -1.000] G5=[-0.958 -1.094 -0.003 15.971 0.044]
INFO  [mc_indi_tiltrotor] T2dbg2 Wu25=[1.0 1000000.0] du25=[0.1659 0.0033] dmax25=[29.0293 0.0033] nu_yaw=-0.017
INFO  [mc_indi_tiltrotor] WRdbg0 Wu0=1 lo0=-16.87 du0=-0.0992 pin0=0.056 a0=[-0.018 -0.120 -0.000 -0.000 -0.018]
INFO  [mc_indi_tiltrotor] WRdbg1 Wu1=1 lo1=-17.01 du1=-0.0858 pin1=0.037 a1=[0.017 -0.121 0.000 -0.000 -0.018]
INFO  [mc_indi_tiltrotor] T0dbg1 G0=[-0.355 0.247 -0.002 0.176 -0.984] nu_des=[-0.00 0.21 0.01 -0.35 0.09]
INFO  [mc_indi_tiltrotor] T0dbg2 Ws34=[0.1 20.0] Wu0=1.0 du0=0.0392 dmin0=-16.9911 dmax0=28.0089
INFO  [mc_indi_tiltrotor] T2dbg1 G2=[-0.000 -0.550 0.060 0.003 -1.000] G5=[-0.982 -1.118 -0.003 16.372 0.050]
INFO  [mc_indi_tiltrotor] T2dbg2 Wu25=[1.0 1000000.0] du25=[-0.2342 -0.0031] dmax25=[28.6275 -0.0013] nu_yaw=0.009
INFO  [mc_indi_tiltrotor] WRdbg0 Wu0=1 lo0=-16.99 du0=0.0392 pin0=-0.062 a0=[0.001 0.133 0.000 -0.000 -0.032]
INFO  [mc_indi_tiltrotor] WRdbg1 Wu1=1 lo1=-17.20 du1=0.0641 pin1=-0.037 a1=[-0.001 0.134 -0.000 -0.000 -0.032]
INFO  [mc_indi_tiltrotor] YWdbg nu2=0.032 ach2=-0.018 r=-0.01 wsp2=-0.02 ddelta=[0.0066 0.0048 -0.0028]
INFO  [mc_indi_tiltrotor] T0dbg1 G0=[-0.355 0.247 -0.002 0.174 -0.985] nu_des=[0.02 0.03 -0.02 -1.46 1.35]
INFO  [mc_indi_tiltrotor] T0dbg2 Ws34=[0.1 20.0] Wu0=1.0 du0=-0.3817 dmin0=-22.5808 dmax0=22.4192
INFO  [mc_indi_tiltrotor] T2dbg1 G2=[-0.000 -0.550 0.060 0.002 -1.000] G5=[-1.298 -1.492 -0.002 21.631 0.040]
INFO  [mc_indi_tiltrotor] T2dbg2 Wu25=[1.0 1000000.0] du25=[-0.5421 -0.0018] dmax25=[23.3685 -0.0001] nu_yaw=-0.019
INFO  [mc_indi_tiltrotor] WRdbg0 Wu0=1 lo0=-22.58 du0=-0.3817 pin0=0.087 a0=[-0.030 0.020 -0.000 -0.000 -0.458]
INFO  [mc_indi_tiltrotor] WRdbg1 Wu1=1 lo1=-22.81 du1=-0.3770 pin1=0.038 a1=[0.029 0.020 0.000 -0.000 -0.464]
INFO  [mc_indi_tiltrotor] T0dbg1 G0=[-0.355 0.242 -0.012 0.202 -0.979] nu_des=[0.00 -0.08 -0.01 -1.63 0.15]
INFO  [mc_indi_tiltrotor] T0dbg2 Ws34=[0.1 20.0] Wu0=1.0 du0=-0.0370 dmin0=-18.1471 dmax0=26.8529
INFO  [mc_indi_tiltrotor] T2dbg1 G2=[-0.000 -0.550 0.060 0.002 -1.000] G5=[-1.042 -1.200 -0.002 17.374 0.030]
INFO  [mc_indi_tiltrotor] T2dbg2 Wu25=[1.0 9.0] du25=[-0.0064 0.0000] dmax25=[27.6256 0.0015] nu_yaw=-0.006
INFO  [mc_indi_tiltrotor] WRdbg0 Wu0=1 lo0=-18.15 du0=-0.0370 pin0=0.075 a0=[-0.005 -0.052 -0.003 -0.000 -0.053]
INFO  [mc_indi_tiltrotor] WRdbg1 Wu1=1 lo1=-18.32 du1=-0.0589 pin1=0.036 a1=[0.005 -0.045 -0.000 -0.002 -0.053]
INFO  [mc_indi_tiltrotor] YWdbg nu2=-0.005 ach2=-0.005 r=-0.00 wsp2=-0.01 ddelta=[0.0027 0.0016 -0.0008]
INFO  [mc_indi_tiltrotor] T0dbg1 G0=[-0.355 0.238 -0.021 0.226 -0.974] nu_des=[0.00 0.21 -0.03 -2.21 1.08]
INFO  [mc_indi_tiltrotor] T0dbg2 Ws34=[0.1 20.0] Wu0=1.0 du0=-0.1788 dmin0=-17.1459 dmax0=27.8541
INFO  [mc_indi_tiltrotor] T2dbg1 G2=[-0.000 -0.550 0.060 0.002 -1.000] G5=[-1.043 -1.194 -0.003 17.389 0.043]
INFO  [mc_indi_tiltrotor] T2dbg2 Wu25=[1.0 1000000.0] du25=[-0.6512 0.0033] dmax25=[27.6112 0.0069] nu_yaw=-0.033
INFO  [mc_indi_tiltrotor] WRdbg0 Wu0=1 lo0=-17.15 du0=-0.1788 pin0=0.063 a0=[-0.000 0.131 0.000 -0.000 -0.372]
INFO  [mc_indi_tiltrotor] WRdbg1 Wu1=1 lo1=-17.28 du1=-0.1983 pin1=0.044 a1=[0.000 0.131 0.000 -0.000 -0.374]
INFO  [mc_indi_tiltrotor] T0dbg1 G0=[-0.354 0.234 -0.029 0.249 -0.968] nu_des=[0.01 -0.02 0.02 -2.65 0.18]
INFO  [mc_indi_tiltrotor] T0dbg2 Ws34=[0.1 20.0] Wu0=1.0 du0=-0.0869 dmin0=-15.9776 dmax0=29.0224
INFO  [mc_indi_tiltrotor] T2dbg1 G2=[-0.000 -0.550 0.060 0.002 -1.000] G5=[-0.881 -1.013 -0.002 14.679 0.026]
INFO  [mc_indi_tiltrotor] T2dbg2 Wu25=[1.0 8.9] du25=[-0.0246 -0.0008] dmax25=[30.3212 -0.0001] nu_yaw=0.019
INFO  [mc_indi_tiltrotor] WRdbg0 Wu0=1 lo0=-15.98 du0=-0.0869 pin0=0.000 a0=[-0.010 -0.016 0.000 0.001 -0.062]
INFO  [mc_indi_tiltrotor] WRdbg1 Wu1=1 lo1=-16.00 du1=-0.0686 pin1=-0.000 a1=[0.009 -0.014 -0.000 -0.002 -0.061]
INFO  [mc_indi_tiltrotor] YWdbg nu2=0.006 ach2=-0.016 r=-0.02 wsp2=0.00 ddelta=[-0.0120 -0.0120 -0.0012]
INFO  [mc_indi_tiltrotor] T0dbg1 G0=[-0.354 0.237 -0.023 0.233 -0.972] nu_des=[0.00 0.25 -0.02 -2.23 -0.01]
INFO  [mc_indi_tiltrotor] T0dbg2 Ws34=[0.1 20.0] Wu0=1.0 du0=0.0810 dmin0=-16.1481 dmax0=28.8519
INFO  [mc_indi_tiltrotor] T2dbg1 G2=[-0.000 -0.550 0.060 0.001 -1.000] G5=[-0.892 -1.030 -0.001 14.860 0.019]
INFO  [mc_indi_tiltrotor] T2dbg2 Wu25=[1.0 1000000.0] du25=[-0.2498 -0.0013] dmax25=[30.1403 0.0005] nu_yaw=-0.016
INFO  [mc_indi_tiltrotor] WRdbg0 Wu0=1 lo0=-16.15 du0=0.0810 pin0=-0.073 a0=[-0.007 0.157 0.000 -0.000 0.004]
INFO  [mc_indi_tiltrotor] WRdbg1 Wu1=1 lo1=-16.13 du1=0.1209 pin1=-0.046 a1=[0.006 0.157 0.000 -0.000 0.004]
INFO  [mc_indi_tiltrotor] T0dbg1 G0=[-0.355 0.241 -0.014 0.209 -0.978] nu_des=[-0.01 0.26 -0.03 -1.53 0.04]
INFO  [mc_indi_tiltrotor] T0dbg2 Ws34=[0.1 20.0] Wu0=1.0 du0=0.1009 dmin0=-16.5338 dmax0=28.4662
INFO  [mc_indi_tiltrotor] T2dbg1 G2=[-0.000 -0.550 0.060 0.001 -1.000] G5=[-0.925 -1.068 -0.001 15.419 0.021]
INFO  [mc_indi_tiltrotor] T2dbg2 Wu25=[1.0 1000000.0] du25=[-0.2862 -0.0014] dmax25=[29.5812 0.0004] nu_yaw=-0.026
INFO  [mc_indi_tiltrotor] WRdbg0 Wu0=1 lo0=-16.53 du0=0.1009 pin0=-0.069 a0=[0.019 0.166 0.000 -0.000 -0.015]
INFO  [mc_indi_tiltrotor] WRdbg1 Wu1=1 lo1=-16.62 du1=0.0917 pin1=-0.042 a1=[-0.018 0.167 0.000 -0.000 -0.015]
INFO  [mc_indi_tiltrotor] YWdbg nu2=-0.032 ach2=-0.006 r=0.04 wsp2=-0.02 ddelta=[-0.0120 -0.0120 -0.0013]
INFO  [mc_indi_tiltrotor] T0dbg1 G0=[-0.355 0.245 -0.007 0.188 -0.982] nu_des=[-0.01 0.17 -0.04 -0.72 0.08]
INFO  [mc_indi_tiltrotor] T0dbg2 Ws34=[0.1 20.0] Wu0=1.0 du0=0.0333 dmin0=-16.4392 dmax0=28.5608
INFO  [mc_indi_tiltrotor] T2dbg1 G2=[-0.000 -0.550 0.060 0.002 -1.000] G5=[-0.933 -1.076 -0.001 15.555 0.024]
INFO  [mc_indi_tiltrotor] T2dbg2 Wu25=[1.0 1000000.0] du25=[-0.1799 -0.0015] dmax25=[29.4447 0.0002] nu_yaw=-0.040
INFO  [mc_indi_tiltrotor] WRdbg0 Wu0=1 lo0=-16.44 du0=0.0333 pin0=-0.064 a0=[0.017 0.106 -0.000 -0.000 -0.026]
INFO  [mc_indi_tiltrotor] WRdbg1 Wu1=1 lo1=-16.64 du1=0.0274 pin1=-0.037 a1=[-0.017 0.107 0.000 -0.000 -0.027]
INFO  [mc_indi_tiltrotor] T0dbg1 G0=[-0.355 0.248 0.000 0.168 -0.986] nu_des=[0.00 -0.00 -0.02 -0.03 -0.02]
INFO  [mc_indi_tiltrotor] T0dbg2 Ws34=[0.1 20.0] Wu0=1.0 du0=0.0010 dmin0=-16.6555 dmax0=28.3445
INFO  [mc_indi_tiltrotor] T2dbg1 G2=[-0.000 -0.550 0.060 0.002 -1.000] G5=[-0.946 -1.089 -0.002 15.762 0.026]
INFO  [mc_indi_tiltrotor] T2dbg2 Wu25=[1.0 9.0] du25=[0.0118 -0.0002] dmax25=[29.2380 0.0018] nu_yaw=-0.024
INFO  [mc_indi_tiltrotor] WRdbg0 Wu0=1 lo0=-16.66 du0=0.0010 pin0=0.000 a0=[-0.005 0.000 -0.001 -0.000 0.006]
INFO  [mc_indi_tiltrotor] WRdbg1 Wu1=1 lo1=-16.89 du1=0.0177 pin1=0.000 a1=[0.006 -0.001 0.005 -0.000 0.008]
INFO  [mc_indi_tiltrotor] YWdbg nu2=-0.036 ach2=-0.012 r=-0.00 wsp2=-0.05 ddelta=[-0.0048 -0.0062 -0.0000]
INFO  [mc_indi_tiltrotor] T0dbg1 G0=[-0.355 0.247 -0.000 0.170 -0.985] nu_des=[-0.00 -0.02 -0.02 -0.07 -0.02]
INFO  [mc_indi_tiltrotor] T0dbg2 Ws34=[0.1 20.0] Wu0=1.0 du0=0.0098 dmin0=-16.7410 dmax0=28.2590
INFO  [mc_indi_tiltrotor] T2dbg1 G2=[-0.000 -0.550 0.060 0.002 -1.000] G5=[-0.950 -1.088 -0.002 15.840 0.038]
INFO  [mc_indi_tiltrotor] T2dbg2 Wu25=[1.0 9.0] du25=[0.0221 0.0003] dmax25=[29.1604 0.0020] nu_yaw=-0.023
INFO  [mc_indi_tiltrotor] WRdbg0 Wu0=1 lo0=-16.74 du0=0.0098 pin0=0.000 a0=[0.003 0.002 -0.001 -0.000 0.006]
INFO  [mc_indi_tiltrotor] WRdbg1 Wu1=1 lo1=-17.00 du1=0.0025 pin1=0.000 a1=[-0.004 -0.005 0.005 -0.000 0.007]
INFO  [mc_indi_tiltrotor] T0dbg1 G0=[-0.355 0.248 0.000 0.168 -0.986] nu_des=[-0.00 0.04 -0.02 -0.10 0.00]
INFO  [mc_indi_tiltrotor] T0dbg2 Ws34=[0.1 20.0] Wu0=1.0 du0=0.0011 dmin0=-16.9154 dmax0=28.0846
INFO  [mc_indi_tiltrotor] T2dbg1 G2=[-0.000 -0.550 0.060 0.003 -1.000] G5=[-0.963 -1.093 -0.003 16.053 0.056]
INFO  [mc_indi_tiltrotor] T2dbg2 Wu25=[1.0 9.0] du25=[-0.0243 -0.0006] dmax25=[28.9468 0.0008] nu_yaw=-0.019
INFO  [mc_indi_tiltrotor] WRdbg0 Wu0=1 lo0=-16.92 du0=0.0011 pin0=-0.028 a0=[0.002 0.021 0.007 0.000 -0.000]
INFO  [mc_indi_tiltrotor] WRdbg1 Wu1=1 lo1=-17.13 du1=0.0126 pin1=-0.011 a1=[-0.001 0.019 0.007 -0.000 -0.000]
INFO  [mc_indi_tiltrotor] YWdbg nu2=-0.097 ach2=0.060 r=-0.01 wsp2=-0.02 ddelta=[-0.0120 -0.0060 0.0050]
INFO  [mc_indi_tiltrotor] T0dbg1 G0=[-0.355 0.247 -0.001 0.171 -0.985] nu_des=[0.03 -0.01 0.05 -1.93 2.04]
INFO  [mc_indi_tiltrotor] T0dbg2 Ws34=[0.1 20.0] Wu0=1.0 du0=-0.6417 dmin0=-25.9793 dmax0=19.0207
INFO  [mc_indi_tiltrotor] T2dbg1 G2=[-0.000 -0.550 0.060 0.004 -1.000] G5=[-1.465 -1.659 -0.006 24.422 0.092]
INFO  [mc_indi_tiltrotor] T2dbg2 Wu25=[1.0 1000000.0] du25=[-0.7159 -0.0038] dmax25=[20.5778 -0.0021] nu_yaw=0.047
INFO  [mc_indi_tiltrotor] WRdbg0 Wu0=1 lo0=-25.98 du0=-0.6417 pin0=0.101 a0=[-0.042 -0.008 0.000 -0.000 -0.692]
INFO  [mc_indi_tiltrotor] WRdbg1 Wu1=1 lo1=-26.13 du1=-0.6335 pin1=0.035 a1=[0.041 -0.008 -0.000 -0.000 -0.702]
INFO  [mc_indi_tiltrotor] T0dbg1 G0=[-0.355 0.242 -0.013 0.204 -0.979] nu_des=[0.01 0.07 -0.01 -1.76 0.27]
INFO  [mc_indi_tiltrotor] T0dbg2 Ws34=[0.1 20.0] Wu0=1.0 du0=-0.0856 dmin0=-18.5244 dmax0=26.4756
INFO  [mc_indi_tiltrotor] T2dbg1 G2=[-0.000 -0.550 0.060 0.001 -1.000] G5=[-1.061 -1.224 -0.001 17.677 0.024]
INFO  [mc_indi_tiltrotor] T2dbg2 Wu25=[1.0 1000000.0] du25=[-0.1554 -0.0014] dmax25=[27.3226 0.0004] nu_yaw=-0.007
INFO  [mc_indi_tiltrotor] WRdbg0 Wu0=1 lo0=-18.52 du0=-0.0856 pin0=-0.014 a0=[-0.019 0.042 0.000 -0.000 -0.094]
INFO  [mc_indi_tiltrotor] WRdbg1 Wu1=1 lo1=-18.72 du1=-0.0465 pin1=-0.011 a1=[0.018 0.042 0.000 -0.000 -0.095]
INFO  [mc_indi_tiltrotor] YWdbg nu2=0.016 ach2=0.009 r=-0.02 wsp2=-0.02 ddelta=[0.0098 0.0106 0.0005]
INFO  [mc_indi_tiltrotor] T0dbg1 G0=[-0.355 0.238 -0.020 0.224 -0.975] nu_des=[0.00 -0.00 0.01 -2.35 0.68]
INFO  [mc_indi_tiltrotor] T0dbg2 Ws34=[0.1 20.0] Wu0=1.0 du0=-0.2300 dmin0=-17.8382 dmax0=27.1618
INFO  [mc_indi_tiltrotor] T2dbg1 G2=[-0.000 -0.550 0.060 0.001 -1.000] G5=[-1.022 -1.181 -0.001 17.029 0.021]
INFO  [mc_indi_tiltrotor] T2dbg2 Wu25=[1.0 1000000.0] du25=[-0.2207 -0.0012] dmax25=[27.9710 0.0009] nu_yaw=0.013
INFO  [mc_indi_tiltrotor] WRdbg0 Wu0=1 lo0=-17.84 du0=-0.2300 pin0=0.014 a0=[-0.005 -0.002 -0.000 -0.000 -0.237]
INFO  [mc_indi_tiltrotor] WRdbg1 Wu1=1 lo1=-18.00 du1=-0.2304 pin1=0.004 a1=[0.005 -0.002 -0.000 -0.000 -0.238]
INFO  [mc_indi_tiltrotor] T0dbg1 G0=[-0.354 0.234 -0.029 0.248 -0.969] nu_des=[0.00 -0.06 0.04 -2.60 0.11]
INFO  [mc_indi_tiltrotor] T0dbg2 Ws34=[0.1 20.0] Wu0=1.0 du0=-0.0289 dmin0=-15.9649 dmax0=29.0351
INFO  [mc_indi_tiltrotor] T2dbg1 G2=[-0.000 -0.550 0.060 0.001 -1.000] G5=[-0.887 -1.023 -0.001 14.780 0.022]
INFO  [mc_indi_tiltrotor] T2dbg2 Wu25=[1.0 8.9] du25=[0.0036 -0.0003] dmax25=[30.2197 0.0014] nu_yaw=0.040
INFO  [mc_indi_tiltrotor] WRdbg0 Wu0=1 lo0=-15.96 du0=-0.0289 pin0=0.000 a0=[-0.000 0.009 -0.002 -0.013 -0.022]
INFO  [mc_indi_tiltrotor] WRdbg1 Wu1=1 lo1=-15.95 du1=-0.0492 pin1=0.000 a1=[0.000 -0.008 -0.003 -0.010 -0.029]
INFO  [mc_indi_tiltrotor] YWdbg nu2=0.004 ach2=-0.013 r=-0.02 wsp2=0.03 ddelta=[-0.0120 -0.0120 -0.0009]
INFO  [mc_indi_tiltrotor] T0dbg1 G0=[-0.354 0.236 -0.025 0.239 -0.971] nu_des=[-0.01 0.15 -0.02 -2.38 0.07]
INFO  [mc_indi_tiltrotor] T0dbg2 Ws34=[0.1 20.0] Wu0=1.0 du0=0.0629 dmin0=-15.9133 dmax0=29.0867
INFO  [mc_indi_tiltrotor] T2dbg1 G2=[-0.000 -0.550 0.060 0.001 -1.000] G5=[-0.898 -1.036 -0.001 14.967 0.021]
INFO  [mc_indi_tiltrotor] T2dbg2 Wu25=[1.0 1000000.0] du25=[-0.1900 -0.0014] dmax25=[30.0329 0.0004] nu_yaw=-0.023
INFO  [mc_indi_tiltrotor] WRdbg0 Wu0=1 lo0=-15.91 du0=0.0629 pin0=-0.029 a0=[0.019 0.098 0.000 -0.000 -0.025]
INFO  [mc_indi_tiltrotor] WRdbg1 Wu1=1 lo1=-15.84 du1=0.0353 pin1=-0.020 a1=[-0.018 0.098 0.000 -0.000 -0.025]
INFO  [mc_indi_tiltrotor] T0dbg1 G0=[-0.355 0.240 -0.017 0.215 -0.977] nu_des=[0.00 0.14 -0.03 -1.73 0.01]
INFO  [mc_indi_tiltrotor] T0dbg2 Ws34=[0.1 20.0] Wu0=1.0 du0=0.0074 dmin0=-16.3780 dmax0=28.6220
INFO  [mc_indi_tiltrotor] T2dbg1 G2=[-0.000 -0.550 0.060 0.002 -1.000] G5=[-0.932 -1.074 -0.001 15.541 0.025]
INFO  [mc_indi_tiltrotor] T2dbg2 Wu25=[1.0 1000000.0] du25=[-0.1162 -0.0016] dmax25=[29.4594 0.0002] nu_yaw=-0.033
INFO  [mc_indi_tiltrotor] WRdbg0 Wu0=1 lo0=-16.38 du0=0.0074 pin0=-0.069 a0=[-0.003 0.085 0.000 -0.000 -0.005]
INFO  [mc_indi_tiltrotor] WRdbg1 Wu1=1 lo1=-16.42 du1=0.0396 pin1=-0.044 a1=[0.003 0.085 0.000 -0.000 -0.005]
INFO  [mc_indi_tiltrotor] YWdbg nu2=-0.026 ach2=-0.009 r=0.06 wsp2=-0.01 ddelta=[-0.0084 -0.0102 0.0002]
INFO  [mc_indi_tiltrotor] T0dbg1 G0=[-0.355 0.244 -0.009 0.194 -0.981] nu_des=[-0.00 0.19 -0.07 -1.00 0.11]
INFO  [mc_indi_tiltrotor] T0dbg2 Ws34=[0.1 20.0] Wu0=1.0 du0=0.0383 dmin0=-16.5957 dmax0=28.4043
INFO  [mc_indi_tiltrotor] T2dbg1 G2=[-0.000 -0.550 0.060 0.002 -1.000] G5=[-0.956 -1.098 -0.002 15.932 0.031]
INFO  [mc_indi_tiltrotor] T2dbg2 Wu25=[1.0 1000000.0] du25=[-0.2236 -0.0019] dmax25=[29.0679 -0.0002] nu_yaw=-0.068
INFO  [mc_indi_tiltrotor] WRdbg0 Wu0=1 lo0=-16.60 du0=0.0383 pin0=-0.045 a0=[0.005 0.115 0.000 -0.000 -0.038]
INFO  [mc_indi_tiltrotor] WRdbg1 Wu1=1 lo1=-16.76 du1=0.0484 pin1=-0.025 a1=[-0.005 0.116 0.000 -0.000 -0.038]
INFO  [mc_indi_tiltrotor] T0dbg1 G0=[-0.355 0.247 -0.001 0.172 -0.985] nu_des=[-0.01 -0.00 -0.04 -0.16 0.09]
INFO  [mc_indi_tiltrotor] T0dbg2 Ws34=[0.1 20.0] Wu0=1.0 du0=-0.0059 dmin0=-16.5478 dmax0=28.4522
INFO  [mc_indi_tiltrotor] T2dbg1 G2=[-0.000 -0.550 0.060 0.002 -1.000] G5=[-0.956 -1.097 -0.002 15.937 0.033]
INFO  [mc_indi_tiltrotor] T2dbg2 Wu25=[1.0 1000000.0] du25=[-0.0431 0.0005] dmax25=[29.0633 0.0041] nu_yaw=-0.038
INFO  [mc_indi_tiltrotor] WRdbg0 Wu0=1 lo0=-16.55 du0=-0.0059 pin0=0.014 a0=[0.012 -0.001 -0.000 -0.000 -0.032]
INFO  [mc_indi_tiltrotor] WRdbg1 Wu1=1 lo1=-16.81 du1=-0.0335 pin1=0.012 a1=[-0.012 -0.001 0.000 -0.000 -0.033]
INFO  [mc_indi_tiltrotor] YWdbg nu2=0.054 ach2=0.051 r=-0.01 wsp2=-0.09 ddelta=[-0.0050 0.0038 -0.0005]
INFO  [mc_indi_tiltrotor] T0dbg1 G0=[-0.355 0.246 -0.004 0.181 -0.984] nu_des=[-0.00 -0.10 0.00 -0.45 0.04]
INFO  [mc_indi_tiltrotor] T0dbg2 Ws34=[0.1 20.0] Wu0=1.0 du0=-0.0085 dmin0=-16.7780 dmax0=28.2220
INFO  [mc_indi_tiltrotor] T2dbg1 G2=[-0.000 -0.550 0.060 0.003 -1.000] G5=[-0.945 -1.075 -0.003 15.752 0.050]
INFO  [mc_indi_tiltrotor] T2dbg2 Wu25=[1.0 9.0] du25=[0.0475 0.0013] dmax25=[29.2480 0.0030] nu_yaw=0.003
INFO  [mc_indi_tiltrotor] WRdbg0 Wu0=1 lo0=-16.78 du0=-0.0085 pin0=0.066 a0=[0.000 -0.061 0.000 0.000 -0.014]
INFO  [mc_indi_tiltrotor] WRdbg1 Wu1=1 lo1=-17.00 du1=-0.0398 pin1=0.029 a1=[-0.000 -0.054 -0.000 -0.000 -0.014]
INFO  [mc_indi_tiltrotor] T0dbg1 G0=[-0.355 0.246 -0.004 0.181 -0.983] nu_des=[-0.01 0.23 -0.04 -0.60 0.18]
INFO  [mc_indi_tiltrotor] T0dbg2 Ws34=[0.1 20.0] Wu0=1.0 du0=0.0674 dmin0=-16.7378 dmax0=28.2622
INFO  [mc_indi_tiltrotor] T2dbg1 G2=[-0.000 -0.550 0.060 0.003 -1.000] G5=[-0.979 -1.116 -0.003 16.314 0.047]
INFO  [mc_indi_tiltrotor] T2dbg2 Wu25=[1.0 1000000.0] du25=[-0.3143 -0.0029] dmax25=[28.6858 -0.0012] nu_yaw=-0.041
INFO  [mc_indi_tiltrotor] WRdbg0 Wu0=1 lo0=-16.74 du0=0.0674 pin0=-0.029 a0=[0.012 0.144 -0.000 -0.000 -0.060]
INFO  [mc_indi_tiltrotor] WRdbg1 Wu1=1 lo1=-16.88 du1=0.0497 pin1=-0.024 a1=[-0.011 0.146 0.000 -0.000 -0.061]
INFO  [mc_indi_tiltrotor] YWdbg nu2=0.004 ach2=0.005 r=-0.06 wsp2=-0.02 ddelta=[-0.0103 -0.0088 -0.0011]
INFO  [mc_indi_tiltrotor] T0dbg1 G0=[-0.355 0.249 0.003 0.160 -0.987] nu_des=[0.00 -0.02 -0.04 0.08 -0.00]
INFO  [mc_indi_tiltrotor] T0dbg2 Ws34=[0.1 20.0] Wu0=1.0 du0=-0.0025 dmin0=-16.8616 dmax0=28.1384
INFO  [mc_indi_tiltrotor] T2dbg1 G2=[-0.000 -0.550 0.060 0.002 -1.000] G5=[-0.967 -1.108 -0.002 16.115 0.036]
INFO  [mc_indi_tiltrotor] T2dbg2 Wu25=[1.0 9.0] du25=[0.0095 -0.0001] dmax25=[28.8846 0.0018] nu_yaw=-0.044
INFO  [mc_indi_tiltrotor] WRdbg0 Wu0=1 lo0=-16.86 du0=-0.0025 pin0=-0.007 a0=[-0.003 -0.008 0.016 -0.000 0.000]
INFO  [mc_indi_tiltrotor] WRdbg1 Wu1=1 lo1=-16.99 du1=0.0087 pin1=-0.003 a1=[0.003 -0.007 0.016 0.000 0.000]
INFO  [mc_indi_tiltrotor] T0dbg1 G0=[-0.355 0.248 -0.000 0.169 -0.986] nu_des=[0.01 0.01 -0.00 -0.17 0.01]
INFO  [mc_indi_tiltrotor] T0dbg2 Ws34=[0.1 20.0] Wu0=1.0 du0=-0.0115 dmin0=-16.9499 dmax0=28.0501
INFO  [mc_indi_tiltrotor] T2dbg1 G2=[-0.000 -0.550 0.060 0.003 -1.000] G5=[-0.979 -1.117 -0.003 16.316 0.045]
INFO  [mc_indi_tiltrotor] T2dbg2 Wu25=[1.0 9.0] du25=[-0.0135 -0.0006] dmax25=[28.6842 0.0011] nu_yaw=-0.004
INFO  [mc_indi_tiltrotor] WRdbg0 Wu0=1 lo0=-16.95 du0=-0.0115 pin0=0.000 a0=[-0.006 -0.001 -0.000 -0.001 -0.003]
INFO  [mc_indi_tiltrotor] WRdbg1 Wu1=1 lo1=-17.22 du1=0.0075 pin1=0.000 a1=[0.008 0.004 0.001 -0.001 -0.004]
INFO  [mc_indi_tiltrotor] YWdbg nu2=-0.042 ach2=0.021 r=0.03 wsp2=-0.01 ddelta=[0.0120 0.0120 0.0043]
INFO  [mc_indi_tiltrotor] T0dbg1 G0=[-0.355 0.247 -0.001 0.172 -0.985] nu_des=[0.01 -0.05 0.01 -0.31 0.03]
INFO  [mc_indi_tiltrotor] T0dbg2 Ws34=[0.1 20.0] Wu0=1.0 du0=-0.0136 dmin0=-17.0675 dmax0=27.9325
INFO  [mc_indi_tiltrotor] T2dbg1 G2=[-0.000 -0.550 0.060 0.003 -1.000] G5=[-0.971 -1.104 -0.003 16.191 0.054]
INFO  [mc_indi_tiltrotor] T2dbg2 Wu25=[1.0 9.0] du25=[0.0175 0.0002] dmax25=[28.8091 0.0020] nu_yaw=0.015
INFO  [mc_indi_tiltrotor] WRdbg0 Wu0=1 lo0=-17.07 du0=-0.0136 pin0=0.000 a0=[-0.010 0.005 0.000 -0.002 -0.007]
INFO  [mc_indi_tiltrotor] WRdbg1 Wu1=1 lo1=-17.37 du1=-0.0117 pin1=0.000 a1=[0.013 -0.012 -0.003 -0.001 -0.009]
INFO  [mc_indi_tiltrotor] T0dbg1 G0=[-0.355 0.249 0.003 0.161 -0.987] nu_des=[-0.01 0.01 -0.06 0.01 0.05]
INFO  [mc_indi_tiltrotor] T0dbg2 Ws34=[0.1 20.0] Wu0=1.0 du0=0.0059 dmin0=-17.0981 dmax0=27.9019
INFO  [mc_indi_tiltrotor] T2dbg1 G2=[-0.000 -0.550 0.060 0.003 -1.000] G5=[-0.968 -1.104 -0.003 16.130 0.045]
INFO  [mc_indi_tiltrotor] T2dbg2 Wu25=[1.0 9.0] du25=[-0.0306 0.0000] dmax25=[28.8702 0.0020] nu_yaw=-0.056
INFO  [mc_indi_tiltrotor] WRdbg0 Wu0=1 lo0=-17.10 du0=0.0059 pin0=-0.001 a0=[0.018 0.007 -0.001 -0.000 -0.018]
INFO  [mc_indi_tiltrotor] WRdbg1 Wu1=1 lo1=-17.33 du1=-0.0170 pin1=0.009 a1=[-0.017 0.006 0.002 0.000 -0.018]
INFO  [mc_indi_tiltrotor] YWdbg nu2=-0.014 ach2=-0.014 r=0.01 wsp2=-0.03 ddelta=[0.0049 0.0025 -0.0003]
INFO  [mc_indi_tiltrotor] T0dbg1 G0=[-0.355 0.247 -0.002 0.175 -0.985] nu_des=[-0.01 0.01 -0.02 -0.34 0.01]
INFO  [mc_indi_tiltrotor] T0dbg2 Ws34=[0.1 20.0] Wu0=1.0 du0=-0.0002 dmin0=-17.1057 dmax0=27.8943
INFO  [mc_indi_tiltrotor] T2dbg1 G2=[-0.000 -0.550 0.060 0.004 -1.000] G5=[-0.977 -1.105 -0.004 16.287 0.064]
INFO  [mc_indi_tiltrotor] T2dbg2 Wu25=[1.0 9.0] du25=[-0.0077 -0.0001] dmax25=[28.7133 0.0017] nu_yaw=-0.017
INFO  [mc_indi_tiltrotor] WRdbg0 Wu0=1 lo0=-17.11 du0=-0.0002 pin0=0.000 a0=[0.006 -0.001 -0.000 -0.002 -0.002]
INFO  [mc_indi_tiltrotor] WRdbg1 Wu1=1 lo1=-17.24 du1=-0.0043 pin1=0.000 a1=[-0.007 0.003 0.003 -0.001 -0.002]
INFO  [mc_indi_tiltrotor] T0dbg1 G0=[-0.355 0.247 -0.001 0.171 -0.985] nu_des=[-0.00 -0.15 0.04 -0.24 0.13]
INFO  [mc_indi_tiltrotor] T0dbg2 Ws34=[0.1 20.0] Wu0=1.0 du0=-0.0750 dmin0=-17.1289 dmax0=27.8711
INFO  [mc_indi_tiltrotor] T2dbg1 G2=[-0.000 -0.550 0.060 0.004 -1.000] G5=[-0.971 -1.098 -0.004 16.189 0.064]
INFO  [mc_indi_tiltrotor] T2dbg2 Wu25=[1.0 9.0] du25=[0.0860 0.0025] dmax25=[28.8106 0.0043] nu_yaw=0.038
INFO  [mc_indi_tiltrotor] WRdbg0 Wu0=1 lo0=-17.13 du0=-0.0750 pin0=0.065 a0=[0.001 -0.097 0.001 0.000 -0.044]
INFO  [mc_indi_tiltrotor] WRdbg1 Wu1=1 lo1=-17.32 du1=-0.1058 pin1=0.027 a1=[-0.001 -0.086 -0.002 -0.000 -0.045]
INFO  [mc_indi_tiltrotor] YWdbg nu2=0.009 ach2=0.009 r=-0.03 wsp2=-0.04 ddelta=[-0.0042 -0.0026 -0.0004]
INFO  [mc_indi_tiltrotor] T0dbg1 G0=[-0.355 0.247 -0.000 0.170 -0.985] nu_des=[-0.00 0.25 -0.04 -0.21 0.15]
INFO  [mc_indi_tiltrotor] T0dbg2 Ws34=[0.1 20.0] Wu0=1.0 du0=0.0696 dmin0=-16.9185 dmax0=28.0815
INFO  [mc_indi_tiltrotor] T2dbg1 G2=[-0.000 -0.550 0.060 0.003 -1.000] G5=[-0.999 -1.136 -0.003 16.649 0.054]
INFO  [mc_indi_tiltrotor] T2dbg2 Wu25=[1.0 1000000.0] du25=[-0.3139 -0.0032] dmax25=[28.3511 -0.0015] nu_yaw=-0.036
INFO  [mc_indi_tiltrotor] WRdbg0 Wu0=1 lo0=-16.92 du0=0.0696 pin0=-0.040 a0=[0.005 0.154 -0.000 -0.000 -0.050]
INFO  [mc_indi_tiltrotor] WRdbg1 Wu1=1 lo1=-17.17 du1=0.0726 pin1=-0.028 a1=[-0.005 0.156 0.000 -0.000 -0.051]
INFO  [mc_indi_tiltrotor] T0dbg1 G0=[-0.355 0.248 0.001 0.167 -0.986] nu_des=[-0.00 0.02 -0.01 -0.09 -0.02]
INFO  [mc_indi_tiltrotor] T0dbg2 Ws34=[0.1 20.0] Wu0=1.0 du0=0.0044 dmin0=-17.0421 dmax0=27.9579
INFO  [mc_indi_tiltrotor] T2dbg1 G2=[-0.000 -0.550 0.060 0.002 -1.000] G5=[-0.979 -1.121 -0.002 16.309 0.037]
INFO  [mc_indi_tiltrotor] T2dbg2 Wu25=[1.0 9.0] du25=[-0.0020 -0.0003] dmax25=[28.6905 0.0017] nu_yaw=-0.008
INFO  [mc_indi_tiltrotor] WRdbg0 Wu0=1 lo0=-17.04 du0=0.0044 pin0=0.000 a0=[0.001 -0.002 -0.000 -0.001 0.006]
INFO  [mc_indi_tiltrotor] WRdbg1 Wu1=1 lo1=-17.39 du1=0.0115 pin1=0.000 a1=[-0.002 0.005 0.002 -0.000 0.007]
INFO  [mc_indi_tiltrotor] YWdbg nu2=-0.009 ach2=-0.009 r=-0.01 wsp2=-0.01 ddelta=[0.0014 -0.0004 0.0007]
INFO  [mc_indi_tiltrotor] T0dbg1 G0=[-0.355 0.248 0.000 0.168 -0.986] nu_des=[0.00 0.01 -0.01 -0.06 0.01]
INFO  [mc_indi_tiltrotor] T0dbg2 Ws34=[0.1 20.0] Wu0=1.0 du0=-0.0044 dmin0=-17.1501 dmax0=27.8499
INFO  [mc_indi_tiltrotor] T2dbg1 G2=[-0.000 -0.550 0.060 0.002 -1.000] G5=[-0.978 -1.119 -0.002 16.301 0.040]
INFO  [mc_indi_tiltrotor] T2dbg2 Wu25=[1.0 9.0] du25=[-0.0069 -0.0003] dmax25=[28.6990 0.0017] nu_yaw=-0.015
INFO  [mc_indi_tiltrotor] WRdbg0 Wu0=1 lo0=-17.15 du0=-0.0044 pin0=-0.009 a0=[-0.003 0.004 0.006 0.000 -0.002]
INFO  [mc_indi_tiltrotor] WRdbg1 Wu1=1 lo1=-17.38 du1=0.0052 pin1=-0.003 a1=[0.002 0.003 0.005 -0.000 -0.002]
INFO  [mc_indi_tiltrotor] T0dbg1 G0=[-0.355 0.247 -0.001 0.172 -0.985] nu_des=[-0.01 -0.94 0.03 -0.22 0.42]
INFO  [mc_indi_tiltrotor] T0dbg2 Ws34=[0.1 20.0] Wu0=1.0 du0=-0.6977 dmin0=-17.2165 dmax0=27.7835
INFO  [mc_indi_tiltrotor] T2dbg1 G2=[-0.000 -0.550 0.060 0.003 -1.000] G5=[-0.985 -1.120 -0.003 16.409 0.053]
INFO  [mc_indi_tiltrotor] T2dbg2 Wu25=[1.0 1000000.0] du25=[1.0038 0.0078] dmax25=[28.5911 0.0078] nu_yaw=0.030
INFO  [mc_indi_tiltrotor] WRdbg0 Wu0=1 lo0=-17.22 du0=-0.6977 pin0=0.004 a0=[0.020 -0.580 0.000 -0.000 -0.142]
INFO  [mc_indi_tiltrotor] WRdbg1 Wu1=1 lo1=-17.42 du1=-0.7386 pin1=0.012 a1=[-0.019 -0.587 -0.000 -0.000 -0.144]
INFO  [mc_indi_tiltrotor] YWdbg nu2=-0.038 ach2=-0.033 r=-0.04 wsp2=0.01 ddelta=[0.0006 -0.0014 -0.0042]
INFO  [mc_indi_tiltrotor] T0dbg1 G0=[-0.355 0.247 -0.002 0.175 -0.985] nu_des=[0.01 -0.06 0.06 -0.48 0.24]
INFO  [mc_indi_tiltrotor] T0dbg2 Ws34=[0.1 20.0] Wu0=1.0 du0=-0.1341 dmin0=-17.3681 dmax0=27.6319
INFO  [mc_indi_tiltrotor] T2dbg1 G2=[-0.000 -0.550 0.060 0.004 -1.000] G5=[-0.964 -1.088 -0.004 16.072 0.067]
INFO  [mc_indi_tiltrotor] T2dbg2 Wu25=[1.0 9.0] du25=[-0.0046 0.0002] dmax25=[28.9276 0.0010] nu_yaw=0.055
INFO  [mc_indi_tiltrotor] WRdbg0 Wu0=1 lo0=-17.37 du0=-0.1341 pin0=-0.003 a0=[-0.014 -0.036 0.001 0.000 -0.082]
INFO  [mc_indi_tiltrotor] WRdbg1 Wu1=1 lo1=-17.55 du1=-0.1051 pin1=-0.001 a1=[0.013 -0.032 -0.002 -0.000 -0.082]
INFO  [mc_indi_tiltrotor] T0dbg1 G0=[-0.355 0.247 -0.001 0.171 -0.985] nu_des=[-0.01 -0.20 0.02 -0.38 0.09]
INFO  [mc_indi_tiltrotor] T0dbg2 Ws34=[0.1 20.0] Wu0=1.0 du0=-0.1596 dmin0=-17.1772 dmax0=27.8228
INFO  [mc_indi_tiltrotor] T2dbg1 G2=[-0.000 -0.550 0.060 0.003 -1.000] G5=[-0.974 -1.114 -0.003 16.241 0.042]
INFO  [mc_indi_tiltrotor] T2dbg2 Wu25=[1.0 1000000.0] du25=[0.2276 0.0063] dmax25=[28.7587 0.0063] nu_yaw=0.023
INFO  [mc_indi_tiltrotor] WRdbg0 Wu0=1 lo0=-17.18 du0=-0.1596 pin0=-0.020 a0=[0.016 -0.125 0.000 -0.000 -0.030]
INFO  [mc_indi_tiltrotor] WRdbg1 Wu1=1 lo1=-17.39 du1=-0.1679 pin1=0.005 a1=[-0.016 -0.127 -0.000 -0.000 -0.030]
INFO  [mc_indi_tiltrotor] YWdbg nu2=-0.009 ach2=-0.009 r=0.02 wsp2=0.05 ddelta=[-0.0012 -0.0027 0.0002]
INFO  [mc_indi_tiltrotor] T0dbg1 G0=[-0.355 0.248 0.001 0.167 -0.986] nu_des=[0.01 0.03 0.03 -0.17 0.22]
INFO  [mc_indi_tiltrotor] T0dbg2 Ws34=[0.1 20.0] Wu0=1.0 du0=-0.0837 dmin0=-17.2344 dmax0=27.7656
INFO  [mc_indi_tiltrotor] T2dbg1 G2=[-0.000 -0.550 0.060 0.003 -1.000] G5=[-0.970 -1.106 -0.003 16.162 0.045]
INFO  [mc_indi_tiltrotor] T2dbg2 Wu25=[1.0 1000000.0] du25=[-0.0905 -0.0011] dmax25=[28.8376 -0.0011] nu_yaw=0.028
INFO  [mc_indi_tiltrotor] WRdbg0 Wu0=1 lo0=-17.23 du0=-0.0837 pin0=-0.021 a0=[-0.009 0.021 0.000 -0.000 -0.075]
INFO  [mc_indi_tiltrotor] WRdbg1 Wu1=1 lo1=-17.54 du1=-0.0642 pin1=-0.018 a1=[0.008 0.021 -0.000 -0.000 -0.076]
INFO  [mc_indi_tiltrotor] T0dbg1 G0=[-0.355 0.247 -0.001 0.171 -0.985] nu_des=[-0.00 0.18 0.01 -0.22 0.15]
INFO  [mc_indi_tiltrotor] T0dbg2 Ws34=[0.1 20.0] Wu0=1.0 du0=0.0492 dmin0=-16.9538 dmax0=28.0462
INFO  [mc_indi_tiltrotor] T2dbg1 G2=[-0.000 -0.550 0.060 0.003 -1.000] G5=[-0.995 -1.133 -0.003 16.583 0.050]
INFO  [mc_indi_tiltrotor] T2dbg2 Wu25=[1.0 1000000.0] du25=[-0.2516 -0.0030] dmax25=[28.4165 -0.0013] nu_yaw=0.008
INFO  [mc_indi_tiltrotor] WRdbg0 Wu0=1 lo0=-16.95 du0=0.0492 pin0=-0.017 a0=[0.005 0.112 0.000 -0.000 -0.051]
INFO  [mc_indi_tiltrotor] WRdbg1 Wu1=1 lo1=-17.22 du1=0.0386 pin1=-0.019 a1=[-0.005 0.114 -0.000 -0.000 -0.052]
INFO  [mc_indi_tiltrotor] YWdbg nu2=-0.018 ach2=-0.018 r=0.03 wsp2=-0.00 ddelta=[0.0022 -0.0008 0.0001]
INFO  [mc_indi_tiltrotor] T0dbg1 G0=[-0.355 0.247 -0.002 0.175 -0.985] nu_des=[-0.00 -0.12 0.03 -0.39 0.11]
INFO  [mc_indi_tiltrotor] T0dbg2 Ws34=[0.1 20.0] Wu0=1.0 du0=-0.0411 dmin0=-17.1327 dmax0=27.8673
INFO  [mc_indi_tiltrotor] T2dbg1 G2=[-0.000 -0.550 0.060 0.004 -1.000] G5=[-0.979 -1.106 -0.004 16.311 0.065]
INFO  [mc_indi_tiltrotor] T2dbg2 Wu25=[1.0 9.0] du25=[0.0514 0.0017] dmax25=[28.6885 0.0034] nu_yaw=0.029
INFO  [mc_indi_tiltrotor] WRdbg0 Wu0=1 lo0=-17.13 du0=-0.0411 pin0=0.066 a0=[0.005 -0.075 0.000 0.000 -0.037]
INFO  [mc_indi_tiltrotor] WRdbg1 Wu1=1 lo1=-17.30 du1=-0.0812 pin1=0.028 a1=[-0.005 -0.066 -0.001 -0.000 -0.037]
INFO  [mc_indi_tiltrotor] T0dbg1 G0=[-0.355 0.248 0.001 0.167 -0.986] nu_des=[0.00 0.11 -0.04 -0.17 0.06]
INFO  [mc_indi_tiltrotor] T0dbg2 Ws34=[0.1 20.0] Wu0=1.0 du0=-0.0091 dmin0=-17.0926 dmax0=27.9074
INFO  [mc_indi_tiltrotor] T2dbg1 G2=[-0.000 -0.550 0.060 0.003 -1.000] G5=[-0.978 -1.118 -0.003 16.301 0.043]
INFO  [mc_indi_tiltrotor] T2dbg2 Wu25=[1.0 9.0] du25=[-0.1015 -0.0013] dmax25=[28.6985 0.0001] nu_yaw=-0.040
INFO  [mc_indi_tiltrotor] WRdbg0 Wu0=1 lo0=-17.09 du0=-0.0091 pin0=-0.053 a0=[-0.001 0.067 -0.001 0.000 -0.022]
INFO  [mc_indi_tiltrotor] WRdbg1 Wu1=1 lo1=-17.31 du1=0.0160 pin1=-0.024 a1=[0.001 0.059 0.002 -0.000 -0.022]
INFO  [mc_indi_tiltrotor] YWdbg nu2=0.026 ach2=0.008 r=0.00 wsp2=-0.01 ddelta=[0.0120 0.0120 0.0018]
INFO  [mc_indi_tiltrotor] T0dbg1 G0=[-0.355 0.245 -0.006 0.184 -0.983] nu_des=[0.01 -0.12 0.01 -0.72 0.10]
INFO  [mc_indi_tiltrotor] T0dbg2 Ws34=[0.1 20.0] Wu0=1.0 du0=-0.0575 dmin0=-17.0160 dmax0=27.9840
INFO  [mc_indi_tiltrotor] T2dbg1 G2=[-0.000 -0.550 0.060 0.004 -1.000] G5=[-0.979 -1.104 -0.004 16.313 0.070]
INFO  [mc_indi_tiltrotor] T2dbg2 Wu25=[1.0 9.0] du25=[0.0614 0.0015] dmax25=[28.6866 0.0038] nu_yaw=0.009
INFO  [mc_indi_tiltrotor] WRdbg0 Wu0=1 lo0=-17.02 du0=-0.0575 pin0=0.067 a0=[-0.012 -0.079 0.000 0.000 -0.035]
INFO  [mc_indi_tiltrotor] WRdbg1 Wu1=1 lo1=-17.17 du1=-0.0642 pin1=0.031 a1=[0.011 -0.069 -0.000 -0.001 -0.035]
INFO  [mc_indi_tiltrotor] T0dbg1 G0=[-0.355 0.247 -0.002 0.173 -0.985] nu_des=[-0.00 -0.13 0.03 -0.37 -0.04]
INFO  [mc_indi_tiltrotor] T0dbg2 Ws34=[0.1 20.0] Wu0=1.0 du0=-0.1057 dmin0=-17.1047 dmax0=27.8953
INFO  [mc_indi_tiltrotor] T2dbg1 G2=[-0.000 -0.550 0.060 0.002 -1.000] G5=[-0.956 -1.097 -0.002 15.929 0.032]
INFO  [mc_indi_tiltrotor] T2dbg2 Wu25=[1.0 1000000.0] du25=[0.2073 0.0034] dmax25=[29.0709 0.0034] nu_yaw=0.028
INFO  [mc_indi_tiltrotor] WRdbg0 Wu0=1 lo0=-17.10 du0=-0.1057 pin0=-0.043 a0=[0.004 -0.082 0.000 -0.000 0.014]
INFO  [mc_indi_tiltrotor] WRdbg1 Wu1=1 lo1=-17.37 du1=-0.0876 pin1=-0.015 a1=[-0.004 -0.083 -0.000 -0.000 0.014]
INFO  [mc_indi_tiltrotor] YWdbg nu2=-0.023 ach2=-0.011 r=-0.00 wsp2=0.01 ddelta=[-0.0045 -0.0058 -0.0004]
INFO  [mc_indi_tiltrotor] T0dbg1 G0=[-0.355 0.247 -0.000 0.170 -0.986] nu_des=[-0.00 0.49 0.00 -0.17 0.23]
INFO  [mc_indi_tiltrotor] T0dbg2 Ws34=[0.1 20.0] Wu0=1.0 du0=0.2626 dmin0=-17.0397 dmax0=27.9603
INFO  [mc_indi_tiltrotor] T2dbg1 G2=[-0.000 -0.550 0.060 0.003 -1.000] G5=[-1.010 -1.151 -0.003 16.836 0.050]
INFO  [mc_indi_tiltrotor] T2dbg2 Wu25=[1.0 1000000.0] du25=[-0.7048 -0.0030] dmax25=[28.1635 0.0004] nu_yaw=0.000
INFO  [mc_indi_tiltrotor] WRdbg0 Wu0=1 lo0=-17.04 du0=0.2626 pin0=0.037 a0=[0.000 0.303 0.000 -0.000 -0.077]
INFO  [mc_indi_tiltrotor] WRdbg1 Wu1=1 lo1=-17.31 du1=0.2374 pin1=0.010 a1=[-0.000 0.306 -0.000 -0.000 -0.079]
INFO  [mc_indi_tiltrotor] T0dbg1 G0=[-0.355 0.246 -0.002 0.176 -0.984] nu_des=[0.00 -0.05 0.00 -0.42 0.03]
INFO  [mc_indi_tiltrotor] T0dbg2 Ws34=[0.1 20.0] Wu0=1.0 du0=-0.0080 dmin0=-17.1988 dmax0=27.8012
INFO  [mc_indi_tiltrotor] T2dbg1 G2=[-0.000 -0.550 0.060 0.003 -1.000] G5=[-0.981 -1.115 -0.003 16.343 0.053]
INFO  [mc_indi_tiltrotor] T2dbg2 Wu25=[1.0 9.0] du25=[0.0166 0.0003] dmax25=[28.6571 0.0020] nu_yaw=0.003
INFO  [mc_indi_tiltrotor] WRdbg0 Wu0=1 lo0=-17.20 du0=-0.0080 pin0=0.000 a0=[-0.003 0.005 0.000 -0.002 -0.008]
INFO  [mc_indi_tiltrotor] WRdbg1 Wu1=1 lo1=-17.43 du1=-0.0180 pin1=0.000 a1=[0.004 -0.010 -0.001 -0.001 -0.009]
INFO  [mc_indi_tiltrotor] YWdbg nu2=0.005 ach2=-0.031 r=-0.00 wsp2=-0.01 ddelta=[-0.0120 -0.0112 -0.0029]
INFO  [mc_indi_tiltrotor] T0dbg1 G0=[-0.355 0.248 0.001 0.165 -0.986] nu_des=[0.01 -0.03 -0.00 -0.09 0.02]
INFO  [mc_indi_tiltrotor] T0dbg2 Ws34=[0.1 20.0] Wu0=1.0 du0=-0.0112 dmin0=-17.2881 dmax0=27.7119
INFO  [mc_indi_tiltrotor] T2dbg1 G2=[-0.000 -0.550 0.060 0.003 -1.000] G5=[-0.980 -1.120 -0.003 16.334 0.043]
INFO  [mc_indi_tiltrotor] T2dbg2 Wu25=[1.0 9.0] du25=[0.0090 -0.0001] dmax25=[28.6660 0.0019] nu_yaw=-0.004
INFO  [mc_indi_tiltrotor] WRdbg0 Wu0=1 lo0=-17.29 du0=-0.0112 pin0=0.000 a0=[-0.008 0.002 -0.000 -0.001 -0.005]
INFO  [mc_indi_tiltrotor] WRdbg1 Wu1=1 lo1=-17.49 du1=-0.0008 pin1=0.000 a1=[0.011 -0.007 0.001 -0.000 -0.005]
INFO  [mc_indi_tiltrotor] T0dbg1 G0=[-0.355 0.246 -0.003 0.178 -0.984] nu_des=[0.00 0.02 -0.01 -0.55 0.00]
INFO  [mc_indi_tiltrotor] T0dbg2 Ws34=[0.1 20.0] Wu0=1.0 du0=-0.0069 dmin0=-17.2030 dmax0=27.7970
INFO  [mc_indi_tiltrotor] T2dbg1 G2=[-0.000 -0.550 0.060 0.003 -1.000] G5=[-0.985 -1.119 -0.003 16.424 0.056]
INFO  [mc_indi_tiltrotor] T2dbg2 Wu25=[1.0 9.0] du25=[-0.0109 -0.0005] dmax25=[28.5761 0.0012] nu_yaw=-0.006
INFO  [mc_indi_tiltrotor] WRdbg0 Wu0=1 lo0=-17.20 du0=-0.0069 pin0=0.000 a0=[-0.001 -0.002 -0.000 -0.003 -0.001]
INFO  [mc_indi_tiltrotor] WRdbg1 Wu1=1 lo1=-17.37 du1=0.0033 pin1=0.000 a1=[0.001 0.005 0.001 -0.002 -0.001]
INFO  [mc_indi_tiltrotor] YWdbg nu2=-0.005 ach2=-0.006 r=-0.01 wsp2=-0.01 ddelta=[-0.0003 -0.0013 0.0003]
INFO  [mc_indi_tiltrotor] T0dbg1 G0=[-0.355 0.247 -0.002 0.175 -0.985] nu_des=[-0.00 -0.01 0.00 -0.41 0.02]
INFO  [mc_indi_tiltrotor] T0dbg2 Ws34=[0.1 20.0] Wu0=1.0 du0=-0.0047 dmin0=-17.1117 dmax0=27.8883
INFO  [mc_indi_tiltrotor] T2dbg1 G2=[-0.000 -0.550 0.060 0.003 -1.000] G5=[-0.980 -1.118 -0.003 16.331 0.045]
INFO  [mc_indi_tiltrotor] T2dbg2 Wu25=[1.0 9.0] du25=[0.0015 0.0000] dmax25=[28.6689 0.0018] nu_yaw=0.002
INFO  [mc_indi_tiltrotor] WRdbg0 Wu0=1 lo0=-17.11 du0=-0.0047 pin0=0.000 a0=[0.001 0.001 0.000 -0.002 -0.004]
INFO  [mc_indi_tiltrotor] WRdbg1 Wu1=1 lo1=-17.29 du1=-0.0101 pin1=0.000 a1=[-0.001 -0.002 -0.000 -0.001 -0.005]
INFO  [mc_indi_tiltrotor] T0dbg1 G0=[-0.355 0.248 0.000 0.168 -0.986] nu_des=[0.00 -0.01 0.00 -0.20 0.01]
INFO  [mc_indi_tiltrotor] T0dbg2 Ws34=[0.1 20.0] Wu0=1.0 du0=-0.0077 dmin0=-17.0921 dmax0=27.9079
INFO  [mc_indi_tiltrotor] T2dbg1 G2=[-0.000 -0.550 0.060 0.002 -1.000] G5=[-0.976 -1.120 -0.002 16.260 0.033]
INFO  [mc_indi_tiltrotor] T2dbg2 Wu25=[1.0 9.0] du25=[0.0044 -0.0001] dmax25=[28.7400 0.0019] nu_yaw=0.004
INFO  [mc_indi_tiltrotor] WRdbg0 Wu0=1 lo0=-17.09 du0=-0.0077 pin0=0.000 a0=[-0.005 0.001 0.000 -0.001 -0.003]
INFO  [mc_indi_tiltrotor] WRdbg1 Wu1=1 lo1=-17.36 du1=-0.0012 pin1=0.000 a1=[0.007 -0.003 -0.001 -0.001 -0.003]
INFO  [mc_indi_tiltrotor] YWdbg nu2=0.014 ach2=0.014 r=-0.01 wsp2=0.01 ddelta=[0.0002 0.0025 -0.0005]
INFO  [mc_indi_tiltrotor] T0dbg1 G0=[-0.355 0.248 0.002 0.164 -0.986] nu_des=[0.00 0.40 -0.06 -0.17 0.27]
INFO  [mc_indi_tiltrotor] T0dbg2 Ws34=[0.1 20.0] Wu0=1.0 du0=0.0941 dmin0=-17.0302 dmax0=27.9698
INFO  [mc_indi_tiltrotor] T2dbg1 G2=[-0.000 -0.550 0.060 0.002 -1.000] G5=[-0.985 -1.130 -0.002 16.410 0.034]
INFO  [mc_indi_tiltrotor] T2dbg2 Wu25=[1.0 1000000.0] du25=[-0.5189 -0.0021] dmax25=[28.5898 -0.0003] nu_yaw=-0.062
INFO  [mc_indi_tiltrotor] WRdbg0 Wu0=1 lo0=-17.03 du0=0.0941 pin0=-0.061 a0=[-0.002 0.247 -0.000 -0.000 -0.090]
INFO  [mc_indi_tiltrotor] WRdbg1 Wu1=1 lo1=-17.35 du1=0.1247 pin1=-0.036 a1=[0.002 0.250 0.000 -0.000 -0.091]
INFO  [mc_indi_tiltrotor] T0dbg1 G0=[-0.355 0.246 -0.003 0.176 -0.984] nu_des=[0.01 0.13 -0.02 -0.47 0.14]
INFO  [mc_indi_tiltrotor] T0dbg2 Ws34=[0.1 20.0] Wu0=1.0 du0=0.0270 dmin0=-17.1281 dmax0=27.8719
INFO  [mc_indi_tiltrotor] T2dbg1 G2=[-0.000 -0.550 0.060 0.003 -1.000] G5=[-0.974 -1.106 -0.003 16.235 0.055]
INFO  [mc_indi_tiltrotor] T2dbg2 Wu25=[1.0 1000000.0] du25=[-0.2045 -0.0034] dmax25=[28.7651 -0.0017] nu_yaw=-0.016
INFO  [mc_indi_tiltrotor] WRdbg0 Wu0=1 lo0=-17.13 du0=0.0270 pin0=0.004 a0=[-0.011 0.082 -0.000 -0.000 -0.048]
INFO  [mc_indi_tiltrotor] WRdbg1 Wu1=1 lo1=-17.32 du1=0.0404 pin1=-0.004 a1=[0.010 0.082 0.000 -0.000 -0.049]
INFO  [mc_indi_tiltrotor] YWdbg nu2=-0.024 ach2=-0.027 r=0.04 wsp2=-0.02 ddelta=[0.0051 0.0012 -0.0004]
INFO  [mc_indi_tiltrotor] T0dbg1 G0=[-0.355 0.245 -0.005 0.183 -0.983] nu_des=[0.00 0.33 0.00 -0.64 0.30]
INFO  [mc_indi_tiltrotor] T0dbg2 Ws34=[0.1 20.0] Wu0=1.0 du0=0.1120 dmin0=-17.0171 dmax0=27.9829
INFO  [mc_indi_tiltrotor] T2dbg1 G2=[-0.000 -0.550 0.060 0.004 -1.000] G5=[-0.966 -1.093 -0.004 16.107 0.062]
INFO  [mc_indi_tiltrotor] T2dbg2 Wu25=[1.0 1000000.0] du25=[-0.5051 -0.0039] dmax25=[28.8932 -0.0022] nu_yaw=0.000
INFO  [mc_indi_tiltrotor] WRdbg0 Wu0=1 lo0=-17.02 du0=0.1120 pin0=0.014 a0=[-0.004 0.203 -0.000 -0.000 -0.101]
INFO  [mc_indi_tiltrotor] WRdbg1 Wu1=1 lo1=-17.10 du1=0.1072 pin1=0.000 a1=[0.004 0.205 -0.000 -0.000 -0.103]
INFO  [mc_indi_tiltrotor] T0dbg1 G0=[-0.355 0.244 -0.009 0.193 -0.981] nu_des=[-0.02 -0.77 0.05 -0.94 0.25]
INFO  [mc_indi_tiltrotor] T0dbg2 Ws34=[0.1 20.0] Wu0=1.0 du0=-0.5666 dmin0=-16.8391 dmax0=28.1609
INFO  [mc_indi_tiltrotor] T2dbg1 G2=[-0.000 -0.550 0.060 0.003 -1.000] G5=[-0.959 -1.096 -0.002 15.980 0.041]
INFO  [mc_indi_tiltrotor] T2dbg2 Wu25=[1.0 1000000.0] du25=[0.8834 0.0066] dmax25=[29.0198 0.0066] nu_yaw=0.051
INFO  [mc_indi_tiltrotor] WRdbg0 Wu0=1 lo0=-16.84 du0=-0.5666 pin0=-0.021 a0=[0.023 -0.482 -0.000 -0.000 -0.086]
INFO  [mc_indi_tiltrotor] WRdbg1 Wu1=1 lo1=-17.03 du1=-0.5898 pin1=0.005 a1=[-0.022 -0.486 -0.000 -0.000 -0.087]
INFO  [mc_indi_tiltrotor] YWdbg nu2=0.034 ach2=0.053 r=-0.05 wsp2=-0.02 ddelta=[-0.0030 -0.0012 0.0071]
INFO  [mc_indi_tiltrotor] T0dbg1 G0=[-0.355 0.248 0.001 0.167 -0.986] nu_des=[-0.01 0.15 0.01 -0.16 0.02]
INFO  [mc_indi_tiltrotor] T0dbg2 Ws34=[0.1 20.0] Wu0=1.0 du0=0.0361 dmin0=-17.1216 dmax0=27.8784
INFO  [mc_indi_tiltrotor] T2dbg1 G2=[-0.000 -0.550 0.060 0.002 -1.000] G5=[-0.984 -1.131 -0.002 16.395 0.030]
INFO  [mc_indi_tiltrotor] T2dbg2 Wu25=[1.0 1000000.0] du25=[-0.1350 -0.0018] dmax25=[28.6046 -0.0001] nu_yaw=0.009
INFO  [mc_indi_tiltrotor] WRdbg0 Wu0=1 lo0=-17.12 du0=0.0361 pin0=-0.053 a0=[0.007 0.090 0.000 -0.000 -0.008]
INFO  [mc_indi_tiltrotor] WRdbg1 Wu1=1 lo1=-17.41 du1=0.0411 pin1=-0.035 a1=[-0.007 0.091 -0.000 -0.000 -0.008]
INFO  [mc_indi_tiltrotor] T0dbg1 G0=[-0.355 0.246 -0.004 0.179 -0.984] nu_des=[0.01 -0.03 0.00 -0.58 0.03]
INFO  [mc_indi_tiltrotor] T0dbg2 Ws34=[0.1 20.0] Wu0=1.0 du0=-0.0176 dmin0=-17.0311 dmax0=27.9689
INFO  [mc_indi_tiltrotor] T2dbg1 G2=[-0.000 -0.550 0.060 0.003 -1.000] G5=[-0.983 -1.119 -0.003 16.388 0.052]
INFO  [mc_indi_tiltrotor] T2dbg2 Wu25=[1.0 9.0] du25=[0.0039 -0.0004] dmax25=[28.6115 0.0015] nu_yaw=0.003
INFO  [mc_indi_tiltrotor] WRdbg0 Wu0=1 lo0=-17.03 du0=-0.0176 pin0=0.023 a0=[-0.014 -0.018 0.001 -0.000 -0.010]
INFO  [mc_indi_tiltrotor] WRdbg1 Wu1=1 lo1=-17.33 du1=-0.0022 pin1=0.011 a1=[0.013 -0.015 0.000 -0.001 -0.010]
INFO  [mc_indi_tiltrotor] YWdbg nu2=0.041 ach2=0.082 r=-0.01 wsp2=0.02 ddelta=[-0.0048 -0.0048 0.0047]
INFO  [mc_indi_tiltrotor] T0dbg1 G0=[-0.355 0.248 0.002 0.164 -0.987] nu_des=[-0.00 0.00 -0.01 -0.06 0.00]
INFO  [mc_indi_tiltrotor] T0dbg2 Ws34=[0.1 20.0] Wu0=1.0 du0=-0.0000 dmin0=-17.2892 dmax0=27.7108
INFO  [mc_indi_tiltrotor] T2dbg1 G2=[-0.000 -0.550 0.060 0.002 -1.000] G5=[-0.984 -1.127 -0.002 16.402 0.038]
INFO  [mc_indi_tiltrotor] T2dbg2 Wu25=[1.0 9.0] du25=[-0.0012 0.0000] dmax25=[28.5980 0.0019] nu_yaw=-0.011
INFO  [mc_indi_tiltrotor] WRdbg0 Wu0=1 lo0=-17.29 du0=-0.0000 pin0=0.000 a0=[0.002 -0.000 -0.000 -0.000 -0.001]
INFO  [mc_indi_tiltrotor] WRdbg1 Wu1=1 lo1=-17.49 du1=-0.0019 pin1=0.000 a1=[-0.003 0.000 0.002 -0.000 -0.002]
INFO  [mc_indi_tiltrotor] T0dbg1 G0=[-0.355 0.245 -0.006 0.185 -0.983] nu_des=[0.01 0.28 0.00 -0.75 0.13]
INFO  [mc_indi_tiltrotor] T0dbg2 Ws34=[0.1 20.0] Wu0=1.0 du0=0.1525 dmin0=-16.9671 dmax0=28.0329
INFO  [mc_indi_tiltrotor] T2dbg1 G2=[-0.000 -0.550 0.060 0.004 -1.000] G5=[-0.976 -1.104 -0.004 16.265 0.062]
INFO  [mc_indi_tiltrotor] T2dbg2 Wu25=[1.0 1000000.0] du25=[-0.4156 -0.0038] dmax25=[28.7352 -0.0009] nu_yaw=0.003
INFO  [mc_indi_tiltrotor] WRdbg0 Wu0=1 lo0=-16.97 du0=0.1525 pin0=0.035 a0=[-0.014 0.177 0.000 -0.000 -0.045]
INFO  [mc_indi_tiltrotor] WRdbg1 Wu1=1 lo1=-17.08 du1=0.1543 pin1=0.007 a1=[0.014 0.178 -0.000 -0.000 -0.045]
INFO  [mc_indi_tiltrotor] YWdbg nu2=0.026 ach2=0.026 r=-0.01 wsp2=0.01 ddelta=[-0.0075 -0.0030 -0.0007]
INFO  [mc_indi_tiltrotor] T0dbg1 G0=[-0.355 0.247 -0.001 0.171 -0.985] nu_des=[-0.02 -0.17 0.00 -0.35 0.15]
INFO  [mc_indi_tiltrotor] T0dbg2 Ws34=[0.1 20.0] Wu0=1.0 du0=-0.1334 dmin0=-17.0768 dmax0=27.9232
INFO  [mc_indi_tiltrotor] T2dbg1 G2=[-0.000 -0.550 0.060 0.002 -1.000] G5=[-0.982 -1.123 -0.002 16.359 0.041]
INFO  [mc_indi_tiltrotor] T2dbg2 Wu25=[1.0 1000000.0] du25=[0.1598 0.0035] dmax25=[28.6411 0.0071] nu_yaw=0.001
INFO  [mc_indi_tiltrotor] WRdbg0 Wu0=1 lo0=-17.08 du0=-0.1334 pin0=0.001 a0=[0.025 -0.108 0.000 -0.000 -0.051]
INFO  [mc_indi_tiltrotor] WRdbg1 Wu1=1 lo1=-17.28 du1=-0.1762 pin1=0.009 a1=[-0.024 -0.109 -0.000 -0.000 -0.052]
WARN  [mc_indi_tiltrotor] failsafe 1 (alt=1 xy=0 yaw_ref=1) -- degrading, NOT cutting
INFO  [mc_indi_tiltrotor] T0dbg1 G0=[-0.355 0.247 -0.002 0.174 -0.985] nu_des=[0.01 -0.03 -0.05 -3.21 0.14]
INFO  [mc_indi_tiltrotor] T0dbg2 Ws34=[0.1 20.0] Wu0=1.0 du0=-0.0369 dmin0=-16.8100 dmax0=28.1900
INFO  [mc_indi_tiltrotor] T2dbg1 G2=[-0.000 -0.550 0.060 0.004 -1.000] G5=[-1.007 -1.138 -0.004 16.776 0.066]
INFO  [mc_indi_tiltrotor] T2dbg2 Wu25=[1.0 9.0] du25=[-0.0431 -0.0012] dmax25=[28.2239 0.0006] nu_yaw=-0.050
INFO  [mc_indi_tiltrotor] WRdbg0 Wu0=1 lo0=-16.81 du0=-0.0369 pin0=0.050 a0=[-0.018 -0.022 -0.001 0.001 -0.048]
INFO  [mc_indi_tiltrotor] WRdbg1 Wu1=1 lo1=-17.07 du1=-0.0290 pin1=0.023 a1=[0.016 -0.019 0.002 -0.003 -0.048]
WARN  [failsafe] Failsafe activated	
INFO  [tone_alarm] battery warning (fast)
INFO  [mc_indi_tiltrotor] YWdbg nu2=-0.025 ach2=0.021 r=0.04 wsp2=-0.02 ddelta=[-0.0102 -0.0063 -0.0023]
INFO  [mc_indi_tiltrotor] T0dbg1 G0=[-0.355 0.249 0.003 0.162 -0.987] nu_des=[-0.00 0.01 -0.04 -2.80 -0.02]
INFO  [mc_indi_tiltrotor] T0dbg2 Ws34=[0.1 20.0] Wu0=1.0 du0=0.0131 dmin0=-17.1659 dmax0=27.8341
INFO  [mc_indi_tiltrotor] T2dbg1 G2=[-0.000 -0.550 0.060 0.000 -1.000] G5=[-0.978 -1.137 -0.000 16.306 0.007]
INFO  [mc_indi_tiltrotor] T2dbg2 Wu25=[1.0 1000000.0] du25=[0.0018 -0.0004] dmax25=[28.6936 0.0013] nu_yaw=-0.037
INFO  [mc_indi_tiltrotor] WRdbg0 Wu0=1 lo0=-17.17 du0=0.0131 pin0=-0.003 a0=[0.007 0.003 -0.000 -0.000 0.006]
INFO  [mc_indi_tiltrotor] WRdbg1 Wu1=1 lo1=-17.43 du1=0.0009 pin1=-0.002 a1=[-0.007 0.004 0.000 -0.000 0.006]
INFO  [mc_indi_tiltrotor] T0dbg1 G0=[-0.355 0.248 0.000 0.169 -0.986] nu_des=[-0.00 -0.01 -0.04 -2.91 0.01]
INFO  [mc_indi_tiltrotor] T0dbg2 Ws34=[0.1 20.0] Wu0=1.0 du0=0.0031 dmin0=-17.2346 dmax0=27.7654
INFO  [mc_indi_tiltrotor] T2dbg1 G2=[-0.000 -0.550 0.060 0.000 -1.000] G5=[-0.987 -1.152 -0.000 16.453 0.000]
INFO  [mc_indi_tiltrotor] T2dbg2 Wu25=[1.0 1000000.0] du25=[0.0007 -0.0000] dmax25=[28.5471 0.0018] nu_yaw=-0.038
INFO  [mc_indi_tiltrotor] WRdbg0 Wu0=1 lo0=-17.23 du0=0.0031 pin0=0.011 a0=[0.001 -0.007 -0.000 -0.000 -0.003]
INFO  [mc_indi_tiltrotor] WRdbg1 Wu1=1 lo1=-17.47 du1=0.0009 pin1=0.012 a1=[-0.001 -0.007 0.000 -0.000 -0.003]
INFO  [mc_indi_tiltrotor] YWdbg nu2=0.030 ach2=-0.074 r=0.01 wsp2=-0.06 ddelta=[0.0012 0.0012 -0.0009]
INFO  [mc_indi_tiltrotor] T0dbg1 G0=[-0.355 0.247 -0.001 0.171 -0.985] nu_des=[-0.00 -0.46 0.06 -3.07 0.14]
INFO  [mc_indi_tiltrotor] T0dbg2 Ws34=[0.1 20.0] Wu0=1.0 du0=-0.3442 dmin0=-17.3717 dmax0=27.6283
INFO  [mc_indi_tiltrotor] T2dbg1 G2=[-0.000 -0.550 0.060 0.002 -1.000] G5=[-0.940 -1.081 -0.002 15.664 0.028]
INFO  [mc_indi_tiltrotor] T2dbg2 Wu25=[1.0 1000000.0] du25=[0.5323 0.0036] dmax25=[29.3362 0.0036] nu_yaw=0.056
INFO  [mc_indi_tiltrotor] WRdbg0 Wu0=1 lo0=-17.37 du0=-0.3442 pin0=-0.017 a0=[0.006 -0.285 0.000 -0.000 -0.048]
INFO  [mc_indi_tiltrotor] WRdbg1 Wu1=1 lo1=-17.62 du1=-0.3545 pin1=-0.011 a1=[-0.006 -0.289 -0.000 -0.000 -0.049]
INFO  [mc_indi_tiltrotor] T0dbg1 G0=[-0.355 0.247 -0.000 0.170 -0.985] nu_des=[-0.00 0.24 0.10 -3.08 0.16]
INFO  [mc_indi_tiltrotor] T0dbg2 Ws34=[0.1 20.0] Wu0=1.0 du0=0.0520 dmin0=-17.3311 dmax0=27.6689
INFO  [mc_indi_tiltrotor] T2dbg1 G2=[-0.000 -0.550 0.060 0.002 -1.000] G5=[-0.947 -1.084 -0.002 15.790 0.039]
INFO  [mc_indi_tiltrotor] T2dbg2 Wu25=[1.0 1000000.0] du25=[-0.3056 -0.0025] dmax25=[29.2101 -0.0008] nu_yaw=0.098
INFO  [mc_indi_tiltrotor] WRdbg0 Wu0=1 lo0=-17.33 du0=0.0520 pin0=-0.045 a0=[0.000 0.150 0.000 -0.000 -0.053]
INFO  [mc_indi_tiltrotor] WRdbg1 Wu1=1 lo1=-17.62 du1=0.0615 pin1=-0.036 a1=[-0.000 0.152 -0.000 -0.000 -0.054]
INFO  [mc_indi_tiltrotor] YWdbg nu2=-0.001 ach2=-0.000 r=-0.05 wsp2=0.00 ddelta=[-0.0033 -0.0036 -0.0010]
INFO  [mc_indi_tiltrotor] T0dbg1 G0=[-0.355 0.249 0.003 0.160 -0.987] nu_des=[-0.01 0.01 -0.01 -2.73 0.01]
INFO  [mc_indi_tiltrotor] T0dbg2 Ws34=[0.1 20.0] Wu0=1.0 du0=-0.0012 dmin0=-16.9824 dmax0=28.0176
INFO  [mc_indi_tiltrotor] T2dbg1 G2=[-0.000 -0.550 0.060 0.000 -1.000] G5=[-0.990 -1.152 -0.000 16.501 0.005]
INFO  [mc_indi_tiltrotor] T2dbg2 Wu25=[1.0 1000000.0] du25=[-0.0035 -0.0003] dmax25=[28.4993 0.0015] nu_yaw=-0.006
INFO  [mc_indi_tiltrotor] WRdbg0 Wu0=1 lo0=-16.98 du0=-0.0012 pin0=-0.009 a0=[0.007 0.005 -0.000 -0.000 -0.004]
INFO  [mc_indi_tiltrotor] WRdbg1 Wu1=1 lo1=-17.25 du1=-0.0161 pin1=-0.010 a1=[-0.007 0.005 0.000 -0.000 -0.004]
INFO  [mc_indi_tiltrotor] T0dbg1 G0=[-0.355 0.249 0.002 0.163 -0.987] nu_des=[-0.01 -0.02 -0.03 -2.75 0.03]
INFO  [mc_indi_tiltrotor] T0dbg2 Ws34=[0.1 20.0] Wu0=1.0 du0=-0.0021 dmin0=-16.9145 dmax0=28.0855
INFO  [mc_indi_tiltrotor] T2dbg1 G2=[-0.000 -0.550 0.060 0.000 -1.000] G5=[-0.990 -1.155 -0.000 16.502 0.000]
INFO  [mc_indi_tiltrotor] T2dbg2 Wu25=[1.0 1000000.0] du25=[0.0039 -0.0000] dmax25=[28.4983 0.0018] nu_yaw=-0.029
INFO  [mc_indi_tiltrotor] WRdbg0 Wu0=1 lo0=-16.91 du0=-0.0021 pin0=0.006 a0=[0.013 -0.010 -0.000 -0.000 -0.011]
INFO  [mc_indi_tiltrotor] WRdbg1 Wu1=1 lo1=-17.19 du1=-0.0271 pin1=0.006 a1=[-0.012 -0.010 0.000 -0.000 -0.011]
INFO  [mc_indi_tiltrotor] YWdbg nu2=-0.036 ach2=-0.031 r=0.05 wsp2=0.00 ddelta=[0.0051 -0.0000 -0.0000]
INFO  [mc_indi_tiltrotor] T0dbg1 G0=[-0.355 0.247 -0.001 0.172 -0.985] nu_des=[-0.02 0.22 0.08 -3.02 0.21]
INFO  [mc_indi_tiltrotor] T0dbg2 Ws34=[0.1 20.0] Wu0=1.0 du0=0.0480 dmin0=-17.1136 dmax0=27.8864
INFO  [mc_indi_tiltrotor] T2dbg1 G2=[-0.000 -0.550 0.060 0.002 -1.000] G5=[-0.948 -1.092 -0.001 15.796 0.024]
INFO  [mc_indi_tiltrotor] T2dbg2 Wu25=[1.0 1000000.0] du25=[-0.3047 -0.0015] dmax25=[29.2042 0.0002] nu_yaw=0.079
INFO  [mc_indi_tiltrotor] WRdbg0 Wu0=1 lo0=-17.11 du0=0.0480 pin0=-0.040 a0=[0.023 0.137 0.000 -0.000 -0.072]
INFO  [mc_indi_tiltrotor] WRdbg1 Wu1=1 lo1=-17.42 du1=0.0100 pin1=-0.034 a1=[-0.022 0.139 -0.000 -0.000 -0.073]
INFO  [mc_indi_tiltrotor] T0dbg1 G0=[-0.355 0.248 0.001 0.165 -0.986] nu_des=[-0.00 0.02 -0.03 -2.86 0.02]
INFO  [mc_indi_tiltrotor] T0dbg2 Ws34=[0.1 20.0] Wu0=1.0 du0=-0.0096 dmin0=-16.6118 dmax0=28.3882
INFO  [mc_indi_tiltrotor] T2dbg1 G2=[-0.000 -0.550 0.060 0.002 -1.000] G5=[-0.971 -1.112 -0.002 16.178 0.038]
INFO  [mc_indi_tiltrotor] T2dbg2 Wu25=[1.0 9.0] du25=[-0.0135 -0.0012] dmax25=[28.8220 0.0008] nu_yaw=-0.029
INFO  [mc_indi_tiltrotor] WRdbg0 Wu0=1 lo0=-16.61 du0=-0.0096 pin0=-0.020 a0=[0.002 0.014 -0.000 0.001 -0.006]
INFO  [mc_indi_tiltrotor] WRdbg1 Wu1=1 lo1=-16.90 du1=-0.0039 pin1=-0.007 a1=[-0.002 0.012 0.001 -0.003 -0.006]
INFO  [mc_indi_tiltrotor] YWdbg nu2=-0.040 ach2=-0.031 r=0.02 wsp2=-0.03 ddelta=[0.0037 -0.0016 -0.0010]
INFO  [mc_indi_tiltrotor] T0dbg1 G0=[-0.355 0.248 0.001 0.167 -0.986] nu_des=[-0.00 0.10 -0.03 -2.88 0.02]
INFO  [mc_indi_tiltrotor] T0dbg2 Ws34=[0.1 20.0] Wu0=1.0 du0=0.0236 dmin0=-16.6590 dmax0=28.3410
INFO  [mc_indi_tiltrotor] T2dbg1 G2=[-0.000 -0.550 0.060 0.002 -1.000] G5=[-0.994 -1.146 -0.002 16.564 0.025]
INFO  [mc_indi_tiltrotor] T2dbg2 Wu25=[1.0 1000000.0] du25=[-0.0964 -0.0015] dmax25=[28.4358 0.0002] nu_yaw=-0.032
INFO  [mc_indi_tiltrotor] WRdbg0 Wu0=1 lo0=-16.66 du0=0.0236 pin0=-0.032 a0=[0.002 0.061 -0.000 -0.000 -0.007]
INFO  [mc_indi_tiltrotor] WRdbg1 Wu1=1 lo1=-16.90 du1=0.0280 pin1=-0.024 a1=[-0.002 0.061 0.000 -0.000 -0.007]
INFO  [mc_indi_tiltrotor] T0dbg1 G0=[-0.355 0.247 -0.000 0.169 -0.986] nu_des=[-0.00 -0.01 -0.03 -2.84 0.00]
INFO  [mc_indi_tiltrotor] T0dbg2 Ws34=[0.1 20.0] Wu0=1.0 du0=0.0051 dmin0=-16.7412 dmax0=28.2588
INFO  [mc_indi_tiltrotor] T2dbg1 G2=[-0.000 -0.550 0.060 0.000 -1.000] G5=[-0.995 -1.160 -0.000 16.582 0.001]
INFO  [mc_indi_tiltrotor] T2dbg2 Wu25=[1.0 1000000.0] du25=[0.0044 -0.0001] dmax25=[28.4178 0.0017] nu_yaw=-0.032
INFO  [mc_indi_tiltrotor] WRdbg0 Wu0=1 lo0=-16.74 du0=0.0051 pin0=0.011 a0=[0.001 -0.007 -0.000 -0.000 -0.000]
INFO  [mc_indi_tiltrotor] WRdbg1 Wu1=1 lo1=-16.99 du1=0.0031 pin1=0.012 a1=[-0.001 -0.007 0.000 -0.000 -0.000]
INFO  [mc_indi_tiltrotor] YWdbg nu2=0.078 ach2=0.031 r=-0.01 wsp2=-0.05 ddelta=[-0.0120 -0.0024 -0.0006]
INFO  [mc_indi_tiltrotor] T0dbg1 G0=[-0.355 0.247 -0.001 0.172 -0.985] nu_des=[0.00 0.55 -0.00 -2.92 0.19]
INFO  [mc_indi_tiltrotor] T0dbg2 Ws34=[0.1 20.0] Wu0=1.0 du0=0.3026 dmin0=-16.6043 dmax0=28.3957
INFO  [mc_indi_tiltrotor] T2dbg1 G2=[-0.000 -0.550 0.060 0.001 -1.000] G5=[-1.025 -1.184 -0.001 17.078 0.020]
INFO  [mc_indi_tiltrotor] T2dbg2 Wu25=[1.0 1000000.0] du25=[-0.7665 -0.0012] dmax25=[27.9224 0.0006] nu_yaw=-0.000
INFO  [mc_indi_tiltrotor] WRdbg0 Wu0=1 lo0=-16.60 du0=0.3026 pin0=0.035 a0=[-0.006 0.338 0.000 -0.000 -0.065]
INFO  [mc_indi_tiltrotor] WRdbg1 Wu1=1 lo1=-16.83 du1=0.2952 pin1=0.013 a1=[0.005 0.343 0.000 -0.000 -0.066]
INFO  [mc_indi_tiltrotor] T0dbg1 G0=[-0.355 0.247 -0.001 0.172 -0.985] nu_des=[0.01 -0.15 -0.01 -2.89 0.17]
INFO  [mc_indi_tiltrotor] T0dbg2 Ws34=[0.1 20.0] Wu0=1.0 du0=-0.1030 dmin0=-16.4911 dmax0=28.5089
INFO  [mc_indi_tiltrotor] T2dbg1 G2=[-0.000 -0.550 0.060 0.001 -1.000] G5=[-1.029 -1.192 -0.001 17.147 0.015]
INFO  [mc_indi_tiltrotor] T2dbg2 Wu25=[1.0 1000000.0] du25=[0.0750 0.0012] dmax25=[27.8531 0.0048] nu_yaw=-0.006
INFO  [mc_indi_tiltrotor] WRdbg0 Wu0=1 lo0=-16.49 du0=-0.1030 pin0=0.061 a0=[-0.012 -0.093 0.000 -0.000 -0.058]
INFO  [mc_indi_tiltrotor] WRdbg1 Wu1=1 lo1=-16.72 du1=-0.1111 pin1=0.031 a1=[0.012 -0.094 0.000 -0.000 -0.059]
INFO  [mc_indi_tiltrotor] YWdbg nu2=0.000 ach2=-0.149 r=-0.01 wsp2=-0.05 ddelta=[0.0030 -0.0047 -0.0019]
INFO  [mc_indi_tiltrotor] T0dbg1 G0=[-0.355 0.248 0.001 0.165 -0.986] nu_des=[-0.01 -0.01 -0.02 -2.79 0.02]
INFO  [mc_indi_tiltrotor] T0dbg2 Ws34=[0.1 20.0] Wu0=1.0 du0=-0.0061 dmin0=-16.4949 dmax0=28.5051
INFO  [mc_indi_tiltrotor] T2dbg1 G2=[-0.000 -0.550 0.060 0.001 -1.000] G5=[-1.000 -1.155 -0.001 16.670 0.022]
INFO  [mc_indi_tiltrotor] T2dbg2 Wu25=[1.0 9.0] du25=[0.0084 -0.0007] dmax25=[28.3304 0.0010] nu_yaw=-0.018
INFO  [mc_indi_tiltrotor] WRdbg0 Wu0=1 lo0=-16.49 du0=-0.0061 pin0=-0.011 a0=[0.011 -0.005 0.007 0.000 -0.008]
INFO  [mc_indi_tiltrotor] WRdbg1 Wu1=1 lo1=-16.75 du1=-0.0229 pin1=-0.004 a1=[-0.010 -0.005 0.007 -0.003 -0.008]
INFO  [mc_indi_tiltrotor] T0dbg1 G0=[-0.355 0.247 -0.000 0.170 -0.985] nu_des=[-0.01 -0.00 -0.03 -2.79 0.03]
INFO  [mc_indi_tiltrotor] T0dbg2 Ws34=[0.1 20.0] Wu0=1.0 du0=-0.0013 dmin0=-16.4256 dmax0=28.5744
INFO  [mc_indi_tiltrotor] T2dbg1 G2=[-0.000 -0.550 0.060 0.000 -1.000] G5=[-1.005 -1.172 -0.000 16.744 0.001]
INFO  [mc_indi_tiltrotor] T2dbg2 Wu25=[1.0 1000000.0] du25=[-0.0114 -0.0000] dmax25=[28.2561 0.0018] nu_yaw=-0.027
INFO  [mc_indi_tiltrotor] WRdbg0 Wu0=1 lo0=-16.43 du0=-0.0013 pin0=0.004 a0=[0.008 -0.001 0.000 -0.000 -0.011]
INFO  [mc_indi_tiltrotor] WRdbg1 Wu1=1 lo1=-16.69 du1=-0.0167 pin1=0.004 a1=[-0.008 -0.001 0.000 -0.000 -0.012]
INFO  [mc_indi_tiltrotor] YWdbg nu2=-0.005 ach2=0.009 r=0.01 wsp2=-0.03 ddelta=[0.0120 0.0120 0.0017]
INFO  [mc_indi_tiltrotor] T0dbg1 G0=[-0.355 0.248 0.000 0.168 -0.986] nu_des=[-0.00 0.00 -0.01 -2.77 0.00]
INFO  [mc_indi_tiltrotor] T0dbg2 Ws34=[0.1 20.0] Wu0=1.0 du0=0.0016 dmin0=-16.2854 dmax0=28.7146
INFO  [mc_indi_tiltrotor] T2dbg1 G2=[-0.000 -0.550 0.060 0.001 -1.000] G5=[-1.000 -1.162 -0.001 16.663 0.009]
INFO  [mc_indi_tiltrotor] T2dbg2 Wu25=[1.0 1000000.0] du25=[0.0048 -0.0005] dmax25=[28.3366 0.0013] nu_yaw=-0.015
INFO  [mc_indi_tiltrotor] WRdbg0 Wu0=1 lo0=-16.29 du0=0.0016 pin0=-0.006 a0=[0.007 0.000 -0.000 -0.000 -0.000]
INFO  [mc_indi_tiltrotor] WRdbg1 Wu1=1 lo1=-16.56 du1=-0.0098 pin1=-0.003 a1=[-0.007 0.000 0.000 -0.000 -0.000]
INFO  [mc_indi_tiltrotor] T0dbg1 G0=[-0.355 0.248 0.001 0.166 -0.986] nu_des=[-0.01 -0.02 -0.01 -2.72 -0.01]
INFO  [mc_indi_tiltrotor] T0dbg2 Ws34=[0.1 20.0] Wu0=1.0 du0=0.0028 dmin0=-16.4044 dmax0=28.5956
INFO  [mc_indi_tiltrotor] T2dbg1 G2=[-0.000 -0.550 0.060 0.000 -1.000] G5=[-1.018 -1.188 -0.000 16.972 0.000]
INFO  [mc_indi_tiltrotor] T2dbg2 Wu25=[1.0 1000000.0] du25=[0.0228 -0.0000] dmax25=[28.0277 0.0018] nu_yaw=-0.010
INFO  [mc_indi_tiltrotor] WRdbg0 Wu0=1 lo0=-16.40 du0=0.0028 pin0=0.001 a0=[0.008 -0.010 -0.000 -0.000 0.004]
INFO  [mc_indi_tiltrotor] WRdbg1 Wu1=1 lo1=-16.68 du1=-0.0121 pin1=0.001 a1=[-0.007 -0.010 0.000 -0.000 0.004]
INFO  [mc_indi_tiltrotor] YWdbg nu2=-0.011 ach2=-0.008 r=-0.00 wsp2=-0.02 ddelta=[0.0015 -0.0000 -0.0000]
INFO  [mc_indi_tiltrotor] T0dbg1 G0=[-0.355 0.248 -0.000 0.169 -0.986] nu_des=[-0.01 -0.01 -0.02 -2.79 0.03]
INFO  [mc_indi_tiltrotor] T0dbg2 Ws34=[0.1 20.0] Wu0=1.0 du0=-0.0014 dmin0=-16.4973 dmax0=28.5027
INFO  [mc_indi_tiltrotor] T2dbg1 G2=[-0.000 -0.550 0.060 0.000 -1.000] G5=[-1.037 -1.210 -0.000 17.281 0.000]
INFO  [mc_indi_tiltrotor] T2dbg2 Wu25=[1.0 1000000.0] du25=[-0.0002 -0.0000] dmax25=[27.7188 0.0018] nu_yaw=-0.023
INFO  [mc_indi_tiltrotor] WRdbg0 Wu0=1 lo0=-16.50 du0=-0.0014 pin0=0.008 a0=[0.008 -0.008 -0.000 -0.000 -0.009]
INFO  [mc_indi_tiltrotor] WRdbg1 Wu1=1 lo1=-16.76 du1=-0.0166 pin1=0.008 a1=[-0.007 -0.008 0.000 -0.000 -0.009]
INFO  [mc_indi_tiltrotor] T0dbg1 G0=[-0.355 0.247 -0.002 0.173 -0.985] nu_des=[0.00 0.01 -0.01 -2.85 -0.00]
INFO  [mc_indi_tiltrotor] T0dbg2 Ws34=[0.1 20.0] Wu0=1.0 du0=-0.0038 dmin0=-16.4531 dmax0=28.5469
INFO  [mc_indi_tiltrotor] T2dbg1 G2=[-0.000 -0.550 0.060 0.000 -1.000] G5=[-1.042 -1.215 -0.000 17.359 0.000]
INFO  [mc_indi_tiltrotor] T2dbg2 Wu25=[1.0 1000000.0] du25=[-0.0046 -0.0000] dmax25=[27.6410 0.0018] nu_yaw=-0.014
INFO  [mc_indi_tiltrotor] WRdbg0 Wu0=1 lo0=-16.45 du0=-0.0038 pin0=-0.005 a0=[-0.004 0.005 0.000 -0.000 0.001]
INFO  [mc_indi_tiltrotor] WRdbg1 Wu1=1 lo1=-16.71 du1=0.0047 pin1=-0.005 a1=[0.004 0.005 0.000 -0.000 0.001]
INFO  [mc_indi_tiltrotor] YWdbg nu2=-0.010 ach2=0.000 r=0.01 wsp2=-0.03 ddelta=[-0.0000 -0.0000 -0.0000]
INFO  [mc_indi_tiltrotor] T0dbg1 G0=[-0.355 0.247 -0.002 0.175 -0.985] nu_des=[0.00 -0.01 -0.02 -2.87 0.05]
INFO  [mc_indi_tiltrotor] T0dbg2 Ws34=[0.1 20.0] Wu0=1.0 du0=-0.0223 dmin0=-16.3763 dmax0=28.6237
INFO  [mc_indi_tiltrotor] T2dbg1 G2=[-0.000 -0.550 0.060 0.000 -1.000] G5=[-1.044 -1.219 -0.000 17.408 0.000]
INFO  [mc_indi_tiltrotor] T2dbg2 Wu25=[1.0 1000000.0] du25=[-0.0053 -0.0000] dmax25=[27.5917 0.0018] nu_yaw=-0.020
INFO  [mc_indi_tiltrotor] WRdbg0 Wu0=1 lo0=-16.38 du0=-0.0223 pin0=0.003 a0=[-0.001 -0.007 0.000 -0.000 -0.017]
INFO  [mc_indi_tiltrotor] WRdbg1 Wu1=1 lo1=-16.64 du1=-0.0208 pin1=0.003 a1=[0.001 -0.007 0.000 -0.000 -0.018]
INFO  [mc_indi_tiltrotor] T0dbg1 G0=[-0.355 0.247 -0.001 0.172 -0.985] nu_des=[0.00 -0.00 0.01 -2.88 0.00]
INFO  [mc_indi_tiltrotor] T0dbg2 Ws34=[0.1 20.0] Wu0=1.0 du0=-0.0186 dmin0=-16.2742 dmax0=28.7258
INFO  [mc_indi_tiltrotor] T2dbg1 G2=[-0.000 -0.550 0.060 0.001 -1.000] G5=[-1.046 -1.212 -0.001 17.430 0.014]
INFO  [mc_indi_tiltrotor] T2dbg2 Wu25=[1.0 1000000.0] du25=[0.0146 -0.0008] dmax25=[27.5704 0.0010] nu_yaw=0.011
INFO  [mc_indi_tiltrotor] WRdbg0 Wu0=1 lo0=-16.27 du0=-0.0186 pin0=0.001 a0=[-0.003 0.000 0.000 -0.017 -0.000]
INFO  [mc_indi_tiltrotor] WRdbg1 Wu1=1 lo1=-16.56 du1=-0.0086 pin1=-0.002 a1=[0.003 -0.000 -0.002 -0.007 -0.001]
INFO  [mc_indi_tiltrotor] YWdbg nu2=0.013 ach2=0.012 r=-0.03 wsp2=-0.02 ddelta=[-0.0036 -0.0018 -0.0004]
INFO  [mc_indi_tiltrotor] T0dbg1 G0=[-0.355 0.248 0.001 0.165 -0.986] nu_des=[-0.00 -0.00 -0.01 -2.66 0.00]
INFO  [mc_indi_tiltrotor] T0dbg2 Ws34=[0.1 20.0] Wu0=1.0 du0=0.0011 dmin0=-16.1356 dmax0=28.8644
INFO  [mc_indi_tiltrotor] T2dbg1 G2=[-0.000 -0.550 0.060 0.000 -1.000] G5=[-1.053 -1.228 -0.000 17.548 0.000]
INFO  [mc_indi_tiltrotor] T2dbg2 Wu25=[1.0 1000000.0] du25=[0.0026 -0.0000] dmax25=[27.4522 0.0018] nu_yaw=-0.012
INFO  [mc_indi_tiltrotor] WRdbg0 Wu0=1 lo0=-16.14 du0=0.0011 pin0=-0.003 a0=[0.005 -0.000 -0.000 -0.000 -0.001]
INFO  [mc_indi_tiltrotor] WRdbg1 Wu1=1 lo1=-16.43 du1=-0.0089 pin1=-0.003 a1=[-0.005 -0.000 0.000 -0.000 -0.001]
INFO  [mc_indi_tiltrotor] T0dbg1 G0=[-0.355 0.248 0.001 0.166 -0.986] nu_des=[-0.00 0.00 -0.03 -2.71 0.00]
INFO  [mc_indi_tiltrotor] T0dbg2 Ws34=[0.1 20.0] Wu0=1.0 du0=0.0007 dmin0=-16.1435 dmax0=28.8565
INFO  [mc_indi_tiltrotor] T2dbg1 G2=[-0.000 -0.550 0.060 0.001 -1.000] G5=[-1.058 -1.229 -0.001 17.633 0.009]
INFO  [mc_indi_tiltrotor] T2dbg2 Wu25=[1.0 1000000.0] du25=[0.0024 -0.0005] dmax25=[27.3669 0.0013] nu_yaw=-0.027
INFO  [mc_indi_tiltrotor] WRdbg0 Wu0=1 lo0=-16.14 du0=0.0007 pin0=-0.006 a0=[0.006 0.001 -0.000 -0.000 -0.001]
INFO  [mc_indi_tiltrotor] WRdbg1 Wu1=1 lo1=-16.40 du1=-0.0074 pin1=-0.002 a1=[-0.006 0.001 0.000 -0.000 -0.001]
INFO  [mc_indi_tiltrotor] YWdbg nu2=-0.008 ach2=-0.001 r=0.03 wsp2=-0.03 ddelta=[-0.0006 -0.0009 -0.0003]
INFO  [mc_indi_tiltrotor] T0dbg1 G0=[-0.355 0.248 0.000 0.168 -0.986] nu_des=[0.01 -0.00 -0.01 -2.70 0.01]
INFO  [mc_indi_tiltrotor] T0dbg2 Ws34=[0.1 20.0] Wu0=1.0 du0=-0.0112 dmin0=-16.0751 dmax0=28.9249
INFO  [mc_indi_tiltrotor] T2dbg1 G2=[-0.000 -0.550 0.060 0.000 -1.000] G5=[-1.064 -1.241 -0.000 17.737 0.000]
INFO  [mc_indi_tiltrotor] T2dbg2 Wu25=[1.0 1000000.0] du25=[0.0003 -0.0000] dmax25=[27.2630 0.0018] nu_yaw=-0.012
INFO  [mc_indi_tiltrotor] WRdbg0 Wu0=1 lo0=-16.08 du0=-0.0112 pin0=0.000 a0=[-0.009 -0.001 -0.000 -0.000 -0.002]
INFO  [mc_indi_tiltrotor] WRdbg1 Wu1=1 lo1=-16.33 du1=0.0057 pin1=0.000 a1=[0.008 -0.001 0.000 -0.000 -0.002]
INFO  [mc_indi_tiltrotor] T0dbg1 G0=[-0.355 0.248 0.001 0.166 -0.986] nu_des=[0.00 -0.00 -0.01 -2.67 -0.03]
INFO  [mc_indi_tiltrotor] T0dbg2 Ws34=[0.1 20.0] Wu0=1.0 du0=-0.0023 dmin0=-16.0526 dmax0=28.9474
INFO  [mc_indi_tiltrotor] T2dbg1 G2=[-0.000 -0.550 0.060 0.000 -1.000] G5=[-1.070 -1.249 -0.000 17.840 0.000]
INFO  [mc_indi_tiltrotor] T2dbg2 Wu25=[1.0 1000000.0] du25=[0.0134 -0.0000] dmax25=[27.1600 0.0018] nu_yaw=-0.007
INFO  [mc_indi_tiltrotor] WRdbg0 Wu0=1 lo0=-16.05 du0=-0.0023 pin0=-0.004 a0=[-0.007 -0.000 -0.000 -0.000 0.009]
INFO  [mc_indi_tiltrotor] WRdbg1 Wu1=1 lo1=-16.29 du1=0.0106 pin1=-0.005 a1=[0.006 -0.000 0.000 -0.000 0.009]
INFO  [mc_indi_tiltrotor] YWdbg nu2=-0.004 ach2=0.002 r=-0.01 wsp2=-0.03 ddelta=[0.0000 -0.0000 -0.0000]
INFO  [mc_indi_tiltrotor] T0dbg1 G0=[-0.355 0.248 0.000 0.168 -0.986] nu_des=[-0.01 -0.01 -0.02 -2.70 0.01]
INFO  [mc_indi_tiltrotor] T0dbg2 Ws34=[0.1 20.0] Wu0=1.0 du0=0.0081 dmin0=-16.0468 dmax0=28.9532
INFO  [mc_indi_tiltrotor] T2dbg1 G2=[-0.000 -0.550 0.060 0.000 -1.000] G5=[-1.080 -1.260 -0.000 18.002 0.000]
INFO  [mc_indi_tiltrotor] T2dbg2 Wu25=[1.0 1000000.0] du25=[0.0033 -0.0000] dmax25=[26.9983 0.0018] nu_yaw=-0.022
INFO  [mc_indi_tiltrotor] WRdbg0 Wu0=1 lo0=-16.05 du0=0.0081 pin0=0.007 a0=[0.008 -0.006 -0.000 -0.000 -0.002]
INFO  [mc_indi_tiltrotor] WRdbg1 Wu1=1 lo1=-16.32 du1=-0.0085 pin1=0.008 a1=[-0.008 -0.006 0.000 -0.000 -0.002]
INFO  [mc_indi_tiltrotor] T0dbg1 G0=[-0.355 0.247 -0.001 0.173 -0.985] nu_des=[-0.00 -0.01 -0.02 -2.76 0.03]
INFO  [mc_indi_tiltrotor] T0dbg2 Ws34=[0.1 20.0] Wu0=1.0 du0=-0.0073 dmin0=-15.9319 dmax0=29.0681
INFO  [mc_indi_tiltrotor] T2dbg1 G2=[-0.000 -0.550 0.060 0.000 -1.000] G5=[-1.077 -1.256 -0.000 17.947 0.000]
INFO  [mc_indi_tiltrotor] T2dbg2 Wu25=[1.0 1000000.0] du25=[-0.0081 -0.0000] dmax25=[27.0530 0.0018] nu_yaw=-0.021
INFO  [mc_indi_tiltrotor] WRdbg0 Wu0=1 lo0=-15.93 du0=-0.0073 pin0=0.005 a0=[0.002 -0.003 0.000 -0.000 -0.011]
INFO  [mc_indi_tiltrotor] WRdbg1 Wu1=1 lo1=-16.20 du1=-0.0109 pin1=0.005 a1=[-0.002 -0.003 0.000 -0.000 -0.011]
INFO  [mc_indi_tiltrotor] YWdbg nu2=-0.027 ach2=-0.003 r=0.01 wsp2=-0.03 ddelta=[0.0004 -0.0000 -0.0000]
INFO  [mc_indi_tiltrotor] T0dbg1 G0=[-0.355 0.247 -0.002 0.175 -0.985] nu_des=[-0.00 -0.01 -0.01 -2.79 0.01]
INFO  [mc_indi_tiltrotor] T0dbg2 Ws34=[0.1 20.0] Wu0=1.0 du0=-0.0062 dmin0=-15.8949 dmax0=29.1051
INFO  [mc_indi_tiltrotor] T2dbg1 G2=[-0.000 -0.550 0.060 0.000 -1.000] G5=[-1.075 -1.255 -0.000 17.922 0.000]
INFO  [mc_indi_tiltrotor] T2dbg2 Wu25=[1.0 1000000.0] du25=[0.0093 -0.0000] dmax25=[27.0777 0.0018] nu_yaw=-0.014
INFO  [mc_indi_tiltrotor] WRdbg0 Wu0=1 lo0=-15.89 du0=-0.0062 pin0=0.002 a0=[0.004 -0.008 0.000 -0.000 -0.004]
INFO  [mc_indi_tiltrotor] WRdbg1 Wu1=1 lo1=-16.17 du1=-0.0133 pin1=0.002 a1=[-0.003 -0.008 0.000 -0.000 -0.004]
INFO  [mc_indi_tiltrotor] failsafe CLEARED -- all estimates valid again
WARN  [mc_indi_tiltrotor] pos_hold REFUSED: v_fwd 5.8 (lim 3.0), v_lat -0.4 (lim 12.0), v_h 5.8
INFO  [mc_indi_tiltrotor] T0dbg1 G0=[-0.355 0.247 -0.001 0.170 -0.985] nu_des=[-0.00 -0.00 -0.01 -2.68 -0.02]
INFO  [mc_indi_tiltrotor] T0dbg2 Ws34=[0.1 20.0] Wu0=1.0 du0=0.0085 dmin0=-15.5481 dmax0=29.4519
INFO  [mc_indi_tiltrotor] T2dbg1 G2=[-0.000 -0.550 0.060 0.001 -1.000] G5=[-1.046 -1.214 -0.001 17.438 0.011]
INFO  [mc_indi_tiltrotor] T2dbg2 Wu25=[1.0 1000000.0] du25=[0.0140 -0.0006] dmax25=[27.5620 0.0011] nu_yaw=-0.014
INFO  [mc_indi_tiltrotor] WRdbg0 Wu0=1 lo0=-15.55 du0=0.0085 pin0=-0.005 a0=[0.004 -0.002 0.005 -0.001 0.008]
INFO  [mc_indi_tiltrotor] WRdbg1 Wu1=1 lo1=-15.82 du1=0.0027 pin1=-0.004 a1=[-0.004 -0.002 0.005 -0.001 0.008]
INFO  [mc_indi_tiltrotor] YWdbg nu2=-0.024 ach2=-0.005 r=-0.01 wsp2=-0.02 ddelta=[0.0004 -0.0008 -0.0004]
INFO  [mc_indi_tiltrotor] T0dbg1 G0=[-0.355 0.246 -0.003 0.176 -0.984] nu_des=[-0.00 -0.19 -0.02 -2.69 0.31]
INFO  [mc_indi_tiltrotor] T0dbg2 Ws34=[0.1 20.0] Wu0=1.0 du0=-0.1792 dmin0=-15.2574 dmax0=29.7426
INFO  [mc_indi_tiltrotor] T2dbg1 G2=[-0.000 -0.550 0.060 0.000 -1.000] G5=[-1.038 -1.210 -0.000 17.292 0.001]
INFO  [mc_indi_tiltrotor] T2dbg2 Wu25=[1.0 1000000.0] du25=[0.0895 0.0036] dmax25=[27.7080 0.0036] nu_yaw=-0.019
INFO  [mc_indi_tiltrotor] WRdbg0 Wu0=1 lo0=-15.26 du0=-0.1792 pin0=0.041 a0=[0.004 -0.117 0.000 -0.000 -0.107]
INFO  [mc_indi_tiltrotor] WRdbg1 Wu1=1 lo1=-15.51 du1=-0.1984 pin1=0.032 a1=[-0.003 -0.118 0.000 -0.000 -0.108]
INFO  [mc_indi_tiltrotor] T0dbg1 G0=[-0.355 0.248 0.000 0.168 -0.986] nu_des=[0.01 -0.00 0.01 -2.51 -0.04]
INFO  [mc_indi_tiltrotor] T0dbg2 Ws34=[0.1 20.0] Wu0=1.0 du0=-0.0024 dmin0=-14.8380 dmax0=30.1620
INFO  [mc_indi_tiltrotor] T2dbg1 G2=[-0.000 -0.550 0.060 0.000 -1.000] G5=[-0.998 -1.162 -0.000 16.641 0.005]
INFO  [mc_indi_tiltrotor] T2dbg2 Wu25=[1.0 1000000.0] du25=[0.0227 -0.0003] dmax25=[28.3594 0.0015] nu_yaw=0.006
INFO  [mc_indi_tiltrotor] WRdbg0 Wu0=1 lo0=-14.84 du0=-0.0024 pin0=-0.004 a0=[-0.009 -0.001 -0.002 -0.001 0.014]
INFO  [mc_indi_tiltrotor] WRdbg1 Wu1=1 lo1=-15.12 du1=0.0168 pin1=-0.002 a1=[0.008 -0.001 -0.002 -0.001 0.014]
INFO  [mc_indi_tiltrotor] YWdbg nu2=-0.004 ach2=0.006 r=-0.01 wsp2=-0.01 ddelta=[-0.0015 -0.0005 -0.0002]
INFO  [mc_indi_tiltrotor] T0dbg1 G0=[-0.355 0.248 -0.000 0.169 -0.986] nu_des=[0.01 0.00 -0.02 -2.49 0.05]
INFO  [mc_indi_tiltrotor] T0dbg2 Ws34=[0.1 20.0] Wu0=1.0 du0=-0.0220 dmin0=-14.7417 dmax0=30.2583
INFO  [mc_indi_tiltrotor] T2dbg1 G2=[-0.000 -0.550 0.060 0.000 -1.000] G5=[-1.001 -1.168 -0.000 16.682 0.000]
INFO  [mc_indi_tiltrotor] T2dbg2 Wu25=[1.0 1000000.0] du25=[-0.0212 -0.0000] dmax25=[28.3178 0.0018] nu_yaw=-0.020
INFO  [mc_indi_tiltrotor] WRdbg0 Wu0=1 lo0=-14.74 du0=-0.0220 pin0=0.004 a0=[-0.008 0.000 -0.000 -0.000 -0.019]
INFO  [mc_indi_tiltrotor] WRdbg1 Wu1=1 lo1=-15.01 du1=-0.0071 pin1=0.004 a1=[0.007 0.000 0.000 -0.000 -0.019]
INFO  [mc_indi_tiltrotor] T0dbg1 G0=[-0.355 0.247 -0.001 0.172 -0.985] nu_des=[-0.00 0.00 -0.02 -2.52 0.02]
INFO  [mc_indi_tiltrotor] T0dbg2 Ws34=[0.1 20.0] Wu0=1.0 du0=0.0011 dmin0=-14.6665 dmax0=30.3335
INFO  [mc_indi_tiltrotor] T2dbg1 G2=[-0.000 -0.550 0.060 0.000 -1.000] G5=[-0.994 -1.160 -0.000 16.571 0.000]
INFO  [mc_indi_tiltrotor] T2dbg2 Wu25=[1.0 1000000.0] du25=[-0.0088 -0.0000] dmax25=[28.4293 0.0018] nu_yaw=-0.016
INFO  [mc_indi_tiltrotor] WRdbg0 Wu0=1 lo0=-14.67 du0=0.0011 pin0=0.004 a0=[0.002 0.000 0.000 -0.000 -0.005]
INFO  [mc_indi_tiltrotor] WRdbg1 Wu1=1 lo1=-14.93 du1=-0.0033 pin1=0.004 a1=[-0.002 0.000 0.000 -0.000 -0.005]
INFO  [mc_indi_tiltrotor] YWdbg nu2=-0.012 ach2=0.014 r=0.00 wsp2=-0.03 ddelta=[-0.0027 -0.0000 -0.0000]
INFO  [mc_indi_tiltrotor] T0dbg1 G0=[-0.355 0.247 -0.001 0.172 -0.985] nu_des=[0.00 0.00 -0.01 -2.52 0.00]
INFO  [mc_indi_tiltrotor] T0dbg2 Ws34=[0.1 20.0] Wu0=1.0 du0=-0.0022 dmin0=-14.6432 dmax0=30.3568
INFO  [mc_indi_tiltrotor] T2dbg1 G2=[-0.000 -0.550 0.060 0.000 -1.000] G5=[-0.991 -1.156 -0.000 16.516 0.000]
INFO  [mc_indi_tiltrotor] T2dbg2 Wu25=[1.0 1000000.0] du25=[-0.0028 -0.0000] dmax25=[28.4836 0.0018] nu_yaw=-0.005
INFO  [mc_indi_tiltrotor] WRdbg0 Wu0=1 lo0=-14.64 du0=-0.0022 pin0=-0.002 a0=[-0.000 0.002 0.000 -0.000 -0.001]
INFO  [mc_indi_tiltrotor] WRdbg1 Wu1=1 lo1=-14.89 du1=-0.0017 pin1=-0.002 a1=[0.000 0.002 0.000 -0.000 -0.001]
INFO  [mc_indi_tiltrotor] T0dbg1 G0=[-0.355 0.247 -0.001 0.171 -0.985] nu_des=[-0.00 -0.00 -0.01 -2.50 -0.07]
INFO  [mc_indi_tiltrotor] T0dbg2 Ws34=[0.1 20.0] Wu0=1.0 du0=0.0208 dmin0=-14.5930 dmax0=30.4070
INFO  [mc_indi_tiltrotor] T2dbg1 G2=[-0.000 -0.550 0.060 0.000 -1.000] G5=[-0.990 -1.155 -0.000 16.502 0.000]
INFO  [mc_indi_tiltrotor] T2dbg2 Wu25=[1.0 1000000.0] du25=[0.0298 -0.0000] dmax25=[28.4980 0.0018] nu_yaw=-0.012
INFO  [mc_indi_tiltrotor] WRdbg0 Wu0=1 lo0=-14.59 du0=0.0208 pin0=-0.005 a0=[0.003 -0.001 0.000 -0.000 0.024]
INFO  [mc_indi_tiltrotor] WRdbg1 Wu1=1 lo1=-14.84 du1=0.0162 pin1=-0.005 a1=[-0.002 -0.001 0.000 -0.000 0.025]
INFO  [mc_indi_tiltrotor] YWdbg nu2=-0.013 ach2=-0.003 r=-0.01 wsp2=-0.03 ddelta=[0.0005 -0.0000 -0.0000]
INFO  [mc_indi_tiltrotor] T0dbg1 G0=[-0.355 0.247 -0.001 0.172 -0.985] nu_des=[0.00 -0.01 -0.02 -2.55 0.02]
INFO  [mc_indi_tiltrotor] T0dbg2 Ws34=[0.1 20.0] Wu0=1.0 du0=-0.0111 dmin0=-14.8133 dmax0=30.1867
INFO  [mc_indi_tiltrotor] T2dbg1 G2=[-0.000 -0.550 0.060 0.000 -1.000] G5=[-1.012 -1.180 -0.000 16.863 0.000]
INFO  [mc_indi_tiltrotor] T2dbg2 Wu25=[1.0 1000000.0] du25=[0.0055 -0.0000] dmax25=[28.1371 0.0018] nu_yaw=-0.016
INFO  [mc_indi_tiltrotor] WRdbg0 Wu0=1 lo0=-14.81 du0=-0.0111 pin0=0.002 a0=[-0.000 -0.006 0.000 -0.000 -0.006]
INFO  [mc_indi_tiltrotor] WRdbg1 Wu1=1 lo1=-15.09 du1=-0.0106 pin1=0.002 a1=[0.000 -0.007 0.000 -0.000 -0.006]
INFO  [mc_indi_tiltrotor] T0dbg1 G0=[-0.355 0.247 -0.002 0.174 -0.985] nu_des=[-0.00 0.00 -0.02 -2.56 0.01]
INFO  [mc_indi_tiltrotor] T0dbg2 Ws34=[0.1 20.0] Wu0=1.0 du0=-0.0040 dmin0=-14.6841 dmax0=30.3159
INFO  [mc_indi_tiltrotor] T2dbg1 G2=[-0.000 -0.550 0.060 0.000 -1.000] G5=[-1.004 -1.171 -0.000 16.730 0.000]
INFO  [mc_indi_tiltrotor] T2dbg2 Wu25=[1.0 1000000.0] du25=[-0.0040 -0.0000] dmax25=[28.2698 0.0018] nu_yaw=-0.019
INFO  [mc_indi_tiltrotor] WRdbg0 Wu0=1 lo0=-14.68 du0=-0.0040 pin0=-0.001 a0=[0.001 0.000 0.000 -0.000 -0.004]
INFO  [mc_indi_tiltrotor] WRdbg1 Wu1=1 lo1=-14.95 du1=-0.0058 pin1=-0.001 a1=[-0.001 0.000 0.000 -0.000 -0.004]
INFO  [mc_indi_tiltrotor] YWdbg nu2=-0.010 ach2=-0.009 r=0.00 wsp2=-0.03 ddelta=[0.0019 -0.0000 -0.0000]
INFO  [mc_indi_tiltrotor] T0dbg1 G0=[-0.355 0.247 -0.001 0.173 -0.985] nu_des=[0.00 0.01 -0.01 -2.52 0.01]
INFO  [mc_indi_tiltrotor] T0dbg2 Ws34=[0.1 20.0] Wu0=1.0 du0=-0.0108 dmin0=-14.6214 dmax0=30.3786
INFO  [mc_indi_tiltrotor] T2dbg1 G2=[-0.000 -0.550 0.060 0.000 -1.000] G5=[-1.000 -1.167 -0.000 16.673 0.000]
INFO  [mc_indi_tiltrotor] T2dbg2 Wu25=[1.0 1000000.0] du25=[-0.0079 -0.0000] dmax25=[28.3271 0.0018] nu_yaw=-0.010
INFO  [mc_indi_tiltrotor] WRdbg0 Wu0=1 lo0=-14.62 du0=-0.0108 pin0=-0.006 a0=[-0.006 0.005 0.000 -0.000 -0.003]
INFO  [mc_indi_tiltrotor] WRdbg1 Wu1=1 lo1=-14.87 du1=0.0018 pin1=-0.006 a1=[0.006 0.005 0.000 -0.000 -0.004]
INFO  [mc_indi_tiltrotor] T0dbg1 G0=[-0.355 0.247 -0.000 0.170 -0.985] nu_des=[-0.00 -0.00 -0.01 -2.48 0.00]
INFO  [mc_indi_tiltrotor] T0dbg2 Ws34=[0.1 20.0] Wu0=1.0 du0=0.0056 dmin0=-14.5891 dmax0=30.4109
INFO  [mc_indi_tiltrotor] T2dbg1 G2=[-0.000 -0.550 0.060 0.000 -1.000] G5=[-1.000 -1.167 -0.000 16.672 0.000]
INFO  [mc_indi_tiltrotor] T2dbg2 Wu25=[1.0 1000000.0] du25=[-0.0012 -0.0000] dmax25=[28.3279 0.0018] nu_yaw=-0.012
INFO  [mc_indi_tiltrotor] WRdbg0 Wu0=1 lo0=-14.59 du0=0.0056 pin0=0.003 a0=[0.005 -0.001 0.000 -0.000 -0.001]
INFO  [mc_indi_tiltrotor] WRdbg1 Wu1=1 lo1=-14.84 du1=-0.0041 pin1=0.003 a1=[-0.005 -0.001 0.000 -0.000 -0.001]
INFO  [mc_indi_tiltrotor] YWdbg nu2=-0.005 ach2=0.002 r=-0.01 wsp2=-0.02 ddelta=[-0.0002 -0.0000 -0.0000]
INFO  [mc_indi_tiltrotor] T0dbg1 G0=[-0.355 0.247 -0.000 0.169 -0.986] nu_des=[0.00 0.01 -0.01 -2.48 0.02]
INFO  [mc_indi_tiltrotor] T0dbg2 Ws34=[0.1 20.0] Wu0=1.0 du0=-0.0079 dmin0=-14.6149 dmax0=30.3851
INFO  [mc_indi_tiltrotor] T2dbg1 G2=[-0.000 -0.550 0.060 0.000 -1.000] G5=[-1.008 -1.176 -0.000 16.799 0.000]
INFO  [mc_indi_tiltrotor] T2dbg2 Wu25=[1.0 1000000.0] du25=[-0.0146 -0.0000] dmax25=[28.2011 0.0018] nu_yaw=-0.013
INFO  [mc_indi_tiltrotor] WRdbg0 Wu0=1 lo0=-14.61 du0=-0.0079 pin0=-0.005 a0=[-0.001 0.006 -0.000 -0.000 -0.008]
INFO  [mc_indi_tiltrotor] WRdbg1 Wu1=1 lo1=-14.91 du1=-0.0052 pin1=-0.005 a1=[0.001 0.006 0.000 -0.000 -0.008]
INFO  [mc_indi_tiltrotor] T0dbg1 G0=[-0.355 0.248 0.000 0.168 -0.986] nu_des=[0.00 -0.00 -0.00 -2.45 -0.03]
INFO  [mc_indi_tiltrotor] T0dbg2 Ws34=[0.1 20.0] Wu0=1.0 du0=0.0012 dmin0=-14.6245 dmax0=30.3755
INFO  [mc_indi_tiltrotor] T2dbg1 G2=[-0.000 -0.550 0.060 0.000 -1.000] G5=[-1.010 -1.179 -0.000 16.838 0.000]
INFO  [mc_indi_tiltrotor] T2dbg2 Wu25=[1.0 1000000.0] du25=[0.0148 -0.0000] dmax25=[28.1624 0.0018] nu_yaw=-0.004
INFO  [mc_indi_tiltrotor] WRdbg0 Wu0=1 lo0=-14.62 du0=0.0012 pin0=-0.000 a0=[-0.007 -0.003 0.001 -0.001 0.010]
INFO  [mc_indi_tiltrotor] WRdbg1 Wu1=1 lo1=-14.86 du1=0.0142 pin1=-0.000 a1=[0.006 -0.003 0.002 -0.001 0.010]
INFO  [mc_indi_tiltrotor] YWdbg nu2=0.001 ach2=0.005 r=-0.00 wsp2=-0.01 ddelta=[-0.0010 -0.0000 -0.0000]
INFO  [mc_indi_tiltrotor] T0dbg1 G0=[-0.355 0.248 0.001 0.166 -0.986] nu_des=[0.00 0.00 -0.01 -2.45 -0.01]
INFO  [mc_indi_tiltrotor] T0dbg2 Ws34=[0.1 20.0] Wu0=1.0 du0=0.0004 dmin0=-14.8206 dmax0=30.1794
INFO  [mc_indi_tiltrotor] T2dbg1 G2=[-0.000 -0.550 0.060 0.000 -1.000] G5=[-1.033 -1.205 -0.000 17.216 0.000]
INFO  [mc_indi_tiltrotor] T2dbg2 Wu25=[1.0 1000000.0] du25=[0.0015 -0.0000] dmax25=[27.7835 0.0018] nu_yaw=-0.010
INFO  [mc_indi_tiltrotor] WRdbg0 Wu0=1 lo0=-14.82 du0=0.0004 pin0=-0.001 a0=[-0.005 0.002 -0.000 -0.000 0.005]
INFO  [mc_indi_tiltrotor] WRdbg1 Wu1=1 lo1=-15.08 du1=0.0104 pin1=-0.001 a1=[0.005 0.002 0.000 -0.000 0.005]
INFO  [mc_indi_tiltrotor] T0dbg1 G0=[-0.355 0.248 0.002 0.165 -0.986] nu_des=[-0.01 0.01 -0.00 -2.47 -0.01]
INFO  [mc_indi_tiltrotor] T0dbg2 Ws34=[0.1 20.0] Wu0=1.0 du0=0.0188 dmin0=-14.9941 dmax0=30.0059
INFO  [mc_indi_tiltrotor] T2dbg1 G2=[-0.000 -0.550 0.060 0.000 -1.000] G5=[-1.055 -1.231 -0.000 17.590 0.000]
INFO  [mc_indi_tiltrotor] T2dbg2 Wu25=[1.0 1000000.0] du25=[-0.0060 -0.0000] dmax25=[27.4103 0.0018] nu_yaw=-0.003
INFO  [mc_indi_tiltrotor] WRdbg0 Wu0=1 lo0=-14.99 du0=0.0188 pin0=-0.005 a0=[0.016 0.006 -0.000 -0.000 0.002]
INFO  [mc_indi_tiltrotor] WRdbg1 Wu1=1 lo1=-15.26 du1=-0.0128 pin1=-0.005 a1=[-0.015 0.006 0.000 -0.000 0.002]
INFO  [mc_indi_tiltrotor] YWdbg nu2=-0.007 ach2=0.014 r=0.00 wsp2=-0.01 ddelta=[-0.0026 -0.0000 -0.0000]
INFO  [mc_indi_tiltrotor] T0dbg1 G0=[-0.355 0.248 0.002 0.163 -0.987] nu_des=[0.00 -0.00 -0.01 -2.45 0.01]
INFO  [mc_indi_tiltrotor] T0dbg2 Ws34=[0.1 20.0] Wu0=1.0 du0=-0.0103 dmin0=-15.0521 dmax0=29.9479
INFO  [mc_indi_tiltrotor] T2dbg1 G2=[-0.000 -0.550 0.060 0.000 -1.000] G5=[-1.068 -1.246 -0.000 17.799 0.000]
INFO  [mc_indi_tiltrotor] T2dbg2 Wu25=[1.0 1000000.0] du25=[0.0044 -0.0000] dmax25=[27.2010 0.0018] nu_yaw=-0.007
INFO  [mc_indi_tiltrotor] WRdbg0 Wu0=1 lo0=-15.05 du0=-0.0103 pin0=-0.003 a0=[-0.002 -0.002 -0.000 -0.000 -0.003]
INFO  [mc_indi_tiltrotor] WRdbg1 Wu1=1 lo1=-15.31 du1=-0.0065 pin1=-0.003 a1=[0.002 -0.002 0.000 -0.000 -0.003]
INFO  [mc_indi_tiltrotor] T0dbg1 G0=[-0.355 0.249 0.004 0.159 -0.987] nu_des=[0.00 -0.00 -0.05 -2.48 0.03]
INFO  [mc_indi_tiltrotor] T0dbg2 Ws34=[0.1 20.0] Wu0=1.0 du0=-0.0085 dmin0=-15.1399 dmax0=29.8601
INFO  [mc_indi_tiltrotor] T2dbg1 G2=[-0.000 -0.550 0.060 0.002 -1.000] G5=[-1.058 -1.211 -0.003 17.634 0.043]
INFO  [mc_indi_tiltrotor] T2dbg2 Wu25=[1.0 9.0] du25=[-0.0081 -0.0010] dmax25=[27.3663 0.0004] nu_yaw=-0.048
INFO  [mc_indi_tiltrotor] WRdbg0 Wu0=1 lo0=-15.14 du0=-0.0085 pin0=0.003 a0=[-0.000 -0.001 -0.001 0.001 -0.010]
INFO  [mc_indi_tiltrotor] WRdbg1 Wu1=1 lo1=-15.34 du1=-0.0048 pin1=0.006 a1=[0.000 -0.001 0.002 -0.003 -0.010]
INFO  [mc_indi_tiltrotor] YWdbg nu2=-0.041 ach2=-0.027 r=0.05 wsp2=-0.04 ddelta=[0.0032 -0.0018 -0.0010]
INFO  [mc_indi_tiltrotor] T0dbg1 G0=[-0.355 0.249 0.004 0.158 -0.988] nu_des=[0.01 0.00 -0.03 -2.39 0.03]
INFO  [mc_indi_tiltrotor] T0dbg2 Ws34=[0.1 20.0] Wu0=1.0 du0=-0.0186 dmin0=-14.9346 dmax0=30.0654
INFO  [mc_indi_tiltrotor] T2dbg1 G2=[-0.000 -0.550 0.060 0.001 -1.000] G5=[-1.038 -1.203 -0.001 17.306 0.016]
INFO  [mc_indi_tiltrotor] T2dbg2 Wu25=[1.0 1000000.0] du25=[-0.0108 -0.0009] dmax25=[27.6939 0.0009] nu_yaw=-0.029
INFO  [mc_indi_tiltrotor] WRdbg0 Wu0=1 lo0=-14.93 du0=-0.0186 pin0=-0.003 a0=[-0.007 0.003 -0.000 -0.000 -0.011]
INFO  [mc_indi_tiltrotor] WRdbg1 Wu1=1 lo1=-15.13 du1=-0.0027 pin1=-0.002 a1=[0.007 0.003 0.000 -0.000 -0.011]
INFO  [mc_indi_tiltrotor] T0dbg1 G0=[-0.355 0.249 0.003 0.160 -0.987] nu_des=[-0.01 -0.01 -0.02 -2.38 0.03]
INFO  [mc_indi_tiltrotor] T0dbg2 Ws34=[0.1 20.0] Wu0=1.0 du0=0.0002 dmin0=-14.8312 dmax0=30.1688
INFO  [mc_indi_tiltrotor] T2dbg1 G2=[-0.000 -0.550 0.060 0.000 -1.000] G5=[-1.025 -1.196 -0.000 17.088 0.001]
INFO  [mc_indi_tiltrotor] T2dbg2 Wu25=[1.0 1000000.0] du25=[-0.0066 -0.0000] dmax25=[27.9123 0.0018] nu_yaw=-0.025
INFO  [mc_indi_tiltrotor] WRdbg0 Wu0=1 lo0=-14.83 du0=0.0002 pin0=0.006 a0=[0.009 -0.004 -0.000 -0.000 -0.010]
INFO  [mc_indi_tiltrotor] WRdbg1 Wu1=1 lo1=-15.04 du1=-0.0175 pin1=0.006 a1=[-0.009 -0.005 0.000 -0.000 -0.011]
INFO  [mc_indi_tiltrotor] YWdbg nu2=-0.020 ach2=0.004 r=-0.01 wsp2=-0.06 ddelta=[-0.0008 -0.0001 -0.0000]
INFO  [mc_indi_tiltrotor] T0dbg1 G0=[-0.355 0.249 0.004 0.159 -0.987] nu_des=[-0.01 -0.00 -0.01 -2.40 0.02]
INFO  [mc_indi_tiltrotor] T0dbg2 Ws34=[0.1 20.0] Wu0=1.0 du0=-0.0079 dmin0=-14.7055 dmax0=30.2945
INFO  [mc_indi_tiltrotor] T2dbg1 G2=[-0.000 -0.550 0.060 0.001 -1.000] G5=[-1.008 -1.163 -0.001 16.798 0.023]
INFO  [mc_indi_tiltrotor] T2dbg2 Wu25=[1.0 9.0] du25=[0.0080 -0.0006] dmax25=[28.2021 0.0011] nu_yaw=-0.006
INFO  [mc_indi_tiltrotor] WRdbg0 Wu0=1 lo0=-14.71 du0=-0.0079 pin0=-0.009 a0=[0.008 -0.002 -0.000 0.001 -0.005]
INFO  [mc_indi_tiltrotor] WRdbg1 Wu1=1 lo1=-14.95 du1=-0.0193 pin1=-0.002 a1=[-0.008 -0.002 0.000 -0.002 -0.005]
INFO  [mc_indi_tiltrotor] T0dbg1 G0=[-0.355 0.249 0.003 0.161 -0.987] nu_des=[0.00 -0.32 -0.02 -2.45 0.44]
INFO  [mc_indi_tiltrotor] T0dbg2 Ws34=[0.1 20.0] Wu0=1.0 du0=-0.3263 dmin0=-14.7094 dmax0=30.2906
INFO  [mc_indi_tiltrotor] T2dbg1 G2=[-0.000 -0.550 0.060 0.002 -1.000] G5=[-1.059 -1.219 -0.002 17.654 0.030]
INFO  [mc_indi_tiltrotor] T2dbg2 Wu25=[1.0 1000000.0] du25=[0.2046 0.0091] dmax25=[27.3462 0.0120] nu_yaw=-0.023
INFO  [mc_indi_tiltrotor] WRdbg0 Wu0=1 lo0=-14.71 du0=-0.3263 pin0=0.026 a0=[-0.007 -0.195 -0.000 -0.000 -0.150]
INFO  [mc_indi_tiltrotor] WRdbg1 Wu1=1 lo1=-14.92 du1=-0.3195 pin1=0.024 a1=[0.007 -0.197 0.000 -0.000 -0.152]
INFO  [mc_indi_tiltrotor] YWdbg nu2=-0.053 ach2=0.016 r=-0.02 wsp2=-0.03 ddelta=[0.0060 0.0102 0.0055]
INFO  [mc_indi_tiltrotor] T0dbg1 G0=[-0.355 0.249 0.003 0.161 -0.987] nu_des=[-0.00 -0.00 -0.02 -2.38 -0.00]
INFO  [mc_indi_tiltrotor] T0dbg2 Ws34=[0.1 20.0] Wu0=1.0 du0=0.0043 dmin0=-14.8050 dmax0=30.1950
INFO  [mc_indi_tiltrotor] T2dbg1 G2=[-0.000 -0.550 0.060 0.000 -1.000] G5=[-1.018 -1.186 -0.000 16.975 0.004]
INFO  [mc_indi_tiltrotor] T2dbg2 Wu25=[1.0 1000000.0] du25=[0.0000 -0.0002] dmax25=[28.0251 0.0016] nu_yaw=-0.019
INFO  [mc_indi_tiltrotor] WRdbg0 Wu0=1 lo0=-14.80 du0=0.0043 pin0=0.001 a0=[0.003 -0.000 -0.000 -0.000 0.001]
INFO  [mc_indi_tiltrotor] WRdbg1 Wu1=1 lo1=-15.02 du1=-0.0011 pin1=0.001 a1=[-0.003 -0.000 0.000 -0.000 0.001]
INFO  [mc_indi_tiltrotor] T0dbg1 G0=[-0.355 0.249 0.003 0.161 -0.987] nu_des=[-0.01 -0.00 -0.01 -2.40 -0.02]
INFO  [mc_indi_tiltrotor] T0dbg2 Ws34=[0.1 20.0] Wu0=1.0 du0=0.0116 dmin0=-14.8783 dmax0=30.1217
INFO  [mc_indi_tiltrotor] T2dbg1 G2=[-0.000 -0.550 0.060 0.000 -1.000] G5=[-1.025 -1.195 -0.000 17.077 0.000]
INFO  [mc_indi_tiltrotor] T2dbg2 Wu25=[1.0 1000000.0] du25=[0.0108 -0.0000] dmax25=[27.9229 0.0018] nu_yaw=-0.009
INFO  [mc_indi_tiltrotor] WRdbg0 Wu0=1 lo0=-14.88 du0=0.0116 pin0=-0.006 a0=[0.012 -0.000 -0.000 -0.000 0.006]
INFO  [mc_indi_tiltrotor] WRdbg1 Wu1=1 lo1=-15.09 du1=-0.0115 pin1=-0.006 a1=[-0.011 -0.000 0.000 -0.000 0.006]
INFO  [mc_indi_tiltrotor] YWdbg nu2=-0.009 ach2=0.015 r=0.00 wsp2=-0.03 ddelta=[-0.0026 -0.0000 -0.0000]
INFO  [mc_indi_tiltrotor] T0dbg1 G0=[-0.355 0.249 0.003 0.159 -0.987] nu_des=[0.01 -0.01 -0.01 -2.38 -0.01]
INFO  [mc_indi_tiltrotor] T0dbg2 Ws34=[0.1 20.0] Wu0=1.0 du0=-0.0089 dmin0=-14.9162 dmax0=30.0838
INFO  [mc_indi_tiltrotor] T2dbg1 G2=[-0.000 -0.550 0.060 0.000 -1.000] G5=[-1.032 -1.204 -0.000 17.203 0.000]
INFO  [mc_indi_tiltrotor] T2dbg2 Wu25=[1.0 1000000.0] du25=[0.0119 -0.0000] dmax25=[27.7968 0.0018] nu_yaw=-0.005
INFO  [mc_indi_tiltrotor] WRdbg0 Wu0=1 lo0=-14.92 du0=-0.0089 pin0=-0.000 a0=[-0.009 -0.005 0.002 -0.001 0.003]
INFO  [mc_indi_tiltrotor] WRdbg1 Wu1=1 lo1=-15.14 du1=0.0081 pin1=-0.000 a1=[0.008 -0.005 0.002 -0.001 0.003]
INFO  [mc_indi_tiltrotor] YWdbg nu2=-0.010 ach2=-0.005 r=-0.01 wsp2=-0.02 ddelta=[0.0010 -0.0000 -0.0000]
INFO  [mc_indi_tiltrotor] T0dbg1 G0=[-0.355 0.249 0.004 0.158 -0.987] nu_des=[0.00 0.00 -0.01 -2.34 0.00]
INFO  [mc_indi_tiltrotor] T0dbg2 Ws34=[0.1 20.0] Wu0=1.0 du0=-0.0022 dmin0=-14.8367 dmax0=30.1633
INFO  [mc_indi_tiltrotor] T2dbg1 G2=[-0.000 -0.550 0.060 0.000 -1.000] G5=[-1.029 -1.200 -0.000 17.144 0.000]
INFO  [mc_indi_tiltrotor] T2dbg2 Wu25=[1.0 1000000.0] du25=[-0.0058 -0.0000] dmax25=[27.8558 0.0018] nu_yaw=-0.006
INFO  [mc_indi_tiltrotor] WRdbg0 Wu0=1 lo0=-14.84 du0=-0.0022 pin0=-0.000 a0=[-0.004 0.002 0.002 -0.001 -0.001]
INFO  [mc_indi_tiltrotor] WRdbg1 Wu1=1 lo1=-15.05 du1=0.0051 pin1=-0.000 a1=[0.003 0.002 0.002 -0.001 -0.001]
WARN  [health_and_arming_checks] Preflight Fail: Flight termination active
INFO  [commander] Disarmed by lockdown	
INFO  [tone_alarm] notify neutral
INFO  [logger] closed logfile, bytes written: 9076583
